###############################################################################
#
# IAR ELF Linker V7.50.2.10312/W32 for ARM                09/May/2017  22:27:17
# Copyright 2007-2015 IAR Systems AB.
#
#    Output file  =  
#        C:\Users\klasl\Desktop\freertos_dmp2\Flash Debug\Exe\RTOSDemo.out
#    Map file     =  
#        C:\Users\klasl\Desktop\freertos_dmp2\Flash Debug\List\RTOSDemo.map
#    Command line =  
#        "C:\Users\klasl\Desktop\freertos_dmp2\Flash Debug\Obj\altitude.o"
#        "C:\Users\klasl\Desktop\freertos_dmp2\Flash
#        Debug\Obj\application_hooks.o"
#        "C:\Users\klasl\Desktop\freertos_dmp2\Flash Debug\Obj\barometer.o"
#        "C:\Users\klasl\Desktop\freertos_dmp2\Flash Debug\Obj\data_builder.o"
#        "C:\Users\klasl\Desktop\freertos_dmp2\Flash Debug\Obj\eMPL_outputs.o"
#        "C:\Users\klasl\Desktop\freertos_dmp2\Flash Debug\Obj\esc.o"
#        "C:\Users\klasl\Desktop\freertos_dmp2\Flash Debug\Obj\event_groups.o"
#        "C:\Users\klasl\Desktop\freertos_dmp2\Flash Debug\Obj\filter.o"
#        "C:\Users\klasl\Desktop\freertos_dmp2\Flash Debug\Obj\freertos_time.o"
#        "C:\Users\klasl\Desktop\freertos_dmp2\Flash Debug\Obj\gpio.o"
#        "C:\Users\klasl\Desktop\freertos_dmp2\Flash Debug\Obj\hal_outputs.o"
#        "C:\Users\klasl\Desktop\freertos_dmp2\Flash Debug\Obj\hardware.o"
#        "C:\Users\klasl\Desktop\freertos_dmp2\Flash Debug\Obj\heap_2.o"
#        "C:\Users\klasl\Desktop\freertos_dmp2\Flash Debug\Obj\i2c.o"
#        "C:\Users\klasl\Desktop\freertos_dmp2\Flash Debug\Obj\i2c_1.o"
#        "C:\Users\klasl\Desktop\freertos_dmp2\Flash Debug\Obj\imu.o"
#        "C:\Users\klasl\Desktop\freertos_dmp2\Flash Debug\Obj\inv_mpu.o"
#        "C:\Users\klasl\Desktop\freertos_dmp2\Flash
#        Debug\Obj\inv_mpu_dmp_motion_driver.o"
#        "C:\Users\klasl\Desktop\freertos_dmp2\Flash Debug\Obj\joystick.o"
#        "C:\Users\klasl\Desktop\freertos_dmp2\Flash Debug\Obj\kalman.o"
#        "C:\Users\klasl\Desktop\freertos_dmp2\Flash Debug\Obj\laser.o"
#        C:\Users\klasl\Desktop\freertos_dmp2\invensense_dmp\mpl\libmpllib.a
#        "C:\Users\klasl\Desktop\freertos_dmp2\Flash Debug\Obj\lidar.o"
#        "C:\Users\klasl\Desktop\freertos_dmp2\Flash Debug\Obj\list.o"
#        "C:\Users\klasl\Desktop\freertos_dmp2\Flash Debug\Obj\main.o"
#        "C:\Users\klasl\Desktop\freertos_dmp2\Flash Debug\Obj\message_layer.o"
#        "C:\Users\klasl\Desktop\freertos_dmp2\Flash Debug\Obj\misc.o"
#        "C:\Users\klasl\Desktop\freertos_dmp2\Flash Debug\Obj\ml_math_func.o"
#        "C:\Users\klasl\Desktop\freertos_dmp2\Flash Debug\Obj\mlmath.o"
#        "C:\Users\klasl\Desktop\freertos_dmp2\Flash Debug\Obj\mpl.o"
#        "C:\Users\klasl\Desktop\freertos_dmp2\Flash Debug\Obj\pid.o"
#        "C:\Users\klasl\Desktop\freertos_dmp2\Flash Debug\Obj\port.o"
#        "C:\Users\klasl\Desktop\freertos_dmp2\Flash Debug\Obj\portasm.o"
#        "C:\Users\klasl\Desktop\freertos_dmp2\Flash Debug\Obj\printf2.o"
#        "C:\Users\klasl\Desktop\freertos_dmp2\Flash Debug\Obj\pwm.o"
#        "C:\Users\klasl\Desktop\freertos_dmp2\Flash Debug\Obj\queue.o"
#        "C:\Users\klasl\Desktop\freertos_dmp2\Flash Debug\Obj\reg_test.o"
#        "C:\Users\klasl\Desktop\freertos_dmp2\Flash Debug\Obj\RegTest.o"
#        "C:\Users\klasl\Desktop\freertos_dmp2\Flash
#        Debug\Obj\results_holder.o"
#        "C:\Users\klasl\Desktop\freertos_dmp2\Flash Debug\Obj\start_manager.o"
#        "C:\Users\klasl\Desktop\freertos_dmp2\Flash
#        Debug\Obj\startup_stm32f4xx.o"
#        "C:\Users\klasl\Desktop\freertos_dmp2\Flash Debug\Obj\stm32f4xx_adc.o"
#        "C:\Users\klasl\Desktop\freertos_dmp2\Flash Debug\Obj\stm32f4xx_can.o"
#        "C:\Users\klasl\Desktop\freertos_dmp2\Flash Debug\Obj\stm32f4xx_crc.o"
#        "C:\Users\klasl\Desktop\freertos_dmp2\Flash
#        Debug\Obj\stm32f4xx_cryp.o"
#        "C:\Users\klasl\Desktop\freertos_dmp2\Flash
#        Debug\Obj\stm32f4xx_cryp_aes.o"
#        "C:\Users\klasl\Desktop\freertos_dmp2\Flash
#        Debug\Obj\stm32f4xx_cryp_des.o"
#        "C:\Users\klasl\Desktop\freertos_dmp2\Flash
#        Debug\Obj\stm32f4xx_cryp_tdes.o"
#        "C:\Users\klasl\Desktop\freertos_dmp2\Flash Debug\Obj\stm32f4xx_dac.o"
#        "C:\Users\klasl\Desktop\freertos_dmp2\Flash
#        Debug\Obj\stm32f4xx_dbgmcu.o"
#        "C:\Users\klasl\Desktop\freertos_dmp2\Flash
#        Debug\Obj\stm32f4xx_dcmi.o"
#        "C:\Users\klasl\Desktop\freertos_dmp2\Flash Debug\Obj\stm32f4xx_dma.o"
#        "C:\Users\klasl\Desktop\freertos_dmp2\Flash
#        Debug\Obj\stm32f4xx_exti.o"
#        "C:\Users\klasl\Desktop\freertos_dmp2\Flash
#        Debug\Obj\stm32f4xx_flash.o"
#        "C:\Users\klasl\Desktop\freertos_dmp2\Flash
#        Debug\Obj\stm32f4xx_fsmc.o"
#        "C:\Users\klasl\Desktop\freertos_dmp2\Flash
#        Debug\Obj\stm32f4xx_gpio.o"
#        "C:\Users\klasl\Desktop\freertos_dmp2\Flash
#        Debug\Obj\stm32f4xx_hash.o"
#        "C:\Users\klasl\Desktop\freertos_dmp2\Flash
#        Debug\Obj\stm32f4xx_hash_md5.o"
#        "C:\Users\klasl\Desktop\freertos_dmp2\Flash
#        Debug\Obj\stm32f4xx_hash_sha1.o"
#        "C:\Users\klasl\Desktop\freertos_dmp2\Flash Debug\Obj\stm32f4xx_i2c.o"
#        "C:\Users\klasl\Desktop\freertos_dmp2\Flash Debug\Obj\stm32f4xx_it.o"
#        "C:\Users\klasl\Desktop\freertos_dmp2\Flash
#        Debug\Obj\stm32f4xx_iwdg.o"
#        "C:\Users\klasl\Desktop\freertos_dmp2\Flash Debug\Obj\stm32f4xx_pwr.o"
#        "C:\Users\klasl\Desktop\freertos_dmp2\Flash Debug\Obj\stm32f4xx_rcc.o"
#        "C:\Users\klasl\Desktop\freertos_dmp2\Flash Debug\Obj\stm32f4xx_rng.o"
#        "C:\Users\klasl\Desktop\freertos_dmp2\Flash Debug\Obj\stm32f4xx_rtc.o"
#        "C:\Users\klasl\Desktop\freertos_dmp2\Flash
#        Debug\Obj\stm32f4xx_sdio.o"
#        "C:\Users\klasl\Desktop\freertos_dmp2\Flash Debug\Obj\stm32f4xx_spi.o"
#        "C:\Users\klasl\Desktop\freertos_dmp2\Flash
#        Debug\Obj\stm32f4xx_syscfg.o"
#        "C:\Users\klasl\Desktop\freertos_dmp2\Flash Debug\Obj\stm32f4xx_tim.o"
#        "C:\Users\klasl\Desktop\freertos_dmp2\Flash
#        Debug\Obj\stm32f4xx_usart.o"
#        "C:\Users\klasl\Desktop\freertos_dmp2\Flash
#        Debug\Obj\stm32f4xx_wwdg.o"
#        "C:\Users\klasl\Desktop\freertos_dmp2\Flash
#        Debug\Obj\storage_manager.o"
#        "C:\Users\klasl\Desktop\freertos_dmp2\Flash
#        Debug\Obj\system_stm32f4xx.o"
#        "C:\Users\klasl\Desktop\freertos_dmp2\Flash Debug\Obj\tasks.o"
#        "C:\Users\klasl\Desktop\freertos_dmp2\Flash Debug\Obj\timers.o"
#        "C:\Users\klasl\Desktop\freertos_dmp2\Flash Debug\Obj\tiny_ekf.o"
#        "C:\Users\klasl\Desktop\freertos_dmp2\Flash Debug\Obj\uart.o"
#        "C:\Users\klasl\Desktop\freertos_dmp2\Flash Debug\Obj\ultrasonic.o"
#        "C:\Users\klasl\Desktop\freertos_dmp2\Flash Debug\Obj\vl53l0x.o"
#        "C:\Users\klasl\Desktop\freertos_dmp2\Flash Debug\Obj\vl53l0x_api.o"
#        "C:\Users\klasl\Desktop\freertos_dmp2\Flash
#        Debug\Obj\vl53l0x_api_calibration.o"
#        "C:\Users\klasl\Desktop\freertos_dmp2\Flash
#        Debug\Obj\vl53l0x_api_core.o"
#        "C:\Users\klasl\Desktop\freertos_dmp2\Flash
#        Debug\Obj\vl53l0x_api_ranging.o"
#        "C:\Users\klasl\Desktop\freertos_dmp2\Flash
#        Debug\Obj\vl53l0x_api_strings.o"
#        "C:\Users\klasl\Desktop\freertos_dmp2\Flash
#        Debug\Obj\vl53l0x_i2c_comms.o"
#        "C:\Users\klasl\Desktop\freertos_dmp2\Flash
#        Debug\Obj\vl53l0x_platform.o" --redirect _Printf=_PrintfLarge
#        --redirect _Scanf=_ScanfSmall -o
#        "C:\Users\klasl\Desktop\freertos_dmp2\Flash Debug\Exe\RTOSDemo.out"
#        --map "C:\Users\klasl\Desktop\freertos_dmp2\Flash
#        Debug\List\RTOSDemo.map" --config "C:\Program Files (x86)\IAR
#        Systems\Embedded Workbench 7.3_2\arm\config\linker\ST\stm32f407xG.icf"
#        --semihosting --entry __iar_program_start --redirect
#        __iar_sh_stdout=__iar_sh_stdout_swo --vfe
#
###############################################################################

*******************************************************************************
*** MESSAGES
***

Warning[Lt049]: Potential floating point parameter passing conflict. The first
          module below references the second and they have been built with
          different settings.
          AAPCS, VFP variant: C:\Users\klasl\Desktop\freertos_dmp2\Flash
                    Debug\Obj\imu.o
          AAPCS, base variant: quaternion_supervisor.o(libmpllib.a)
Warning[Lt049]: Potential floating point parameter passing conflict. The first
          module below references the second and they have been built with
          different settings.
          AAPCS, VFP variant: C:\Users\klasl\Desktop\freertos_dmp2\Flash
                    Debug\Obj\imu.o
          AAPCS, base variant: fusion_9axis.o(libmpllib.a)
Warning[Lt049]: Potential floating point parameter passing conflict. The first
          module below references the second and they have been built with
          different settings.
          AAPCS, VFP variant: C:\Users\klasl\Desktop\freertos_dmp2\Flash
                    Debug\Obj\imu.o
          AAPCS, base variant: fast_no_motion.o(libmpllib.a)
Warning[Lt049]: Potential floating point parameter passing conflict. The first
          module below references the second and they have been built with
          different settings.
          AAPCS, VFP variant: C:\Users\klasl\Desktop\freertos_dmp2\Flash
                    Debug\Obj\imu.o
          AAPCS, base variant: gyro_tc.o(libmpllib.a)
Warning[Lt049]: Potential floating point parameter passing conflict. The first
          module below references the second and they have been built with
          different settings.
          AAPCS, base variant: fusion_9axis.o(libmpllib.a)
          AAPCS, VFP variant: C:\Users\klasl\Desktop\freertos_dmp2\Flash
                    Debug\Obj\ml_math_func.o
Warning[Lt049]: Potential floating point parameter passing conflict. The first
          module below references the second and they have been built with
          different settings.
          AAPCS, base variant: fusion_9axis.o(libmpllib.a)
          AAPCS, VFP variant: C:\Users\klasl\Desktop\freertos_dmp2\Flash
                    Debug\Obj\results_holder.o
Warning[Lt049]: Potential floating point parameter passing conflict. The first
          module below references the second and they have been built with
          different settings.
          AAPCS, base variant: fast_no_motion.o(libmpllib.a)
          AAPCS, VFP variant: C:\Users\klasl\Desktop\freertos_dmp2\Flash
                    Debug\Obj\ml_math_func.o
Warning[Lt049]: Potential floating point parameter passing conflict. The first
          module below references the second and they have been built with
          different settings.
          AAPCS, base variant: fast_no_motion.o(libmpllib.a)
          AAPCS, VFP variant: C:\Users\klasl\Desktop\freertos_dmp2\Flash
                    Debug\Obj\results_holder.o
Warning[Lt049]: Potential floating point parameter passing conflict. The first
          module below references the second and they have been built with
          different settings.
          AAPCS, base variant: gyro_tc.o(libmpllib.a)
          AAPCS, VFP variant: C:\Users\klasl\Desktop\freertos_dmp2\Flash
                    Debug\Obj\results_holder.o
Warning[Lt049]: Potential floating point parameter passing conflict. The first
          module below references the second and they have been built with
          different settings.
          AAPCS, base variant: quaternion_supervisor.o(libmpllib.a)
          AAPCS, VFP variant: C:\Users\klasl\Desktop\freertos_dmp2\Flash
                    Debug\Obj\ml_math_func.o
Warning[Lt049]: Potential floating point parameter passing conflict. The first
          module below references the second and they have been built with
          different settings.
          AAPCS, base variant: quaternion_supervisor.o(libmpllib.a)
          AAPCS, VFP variant: C:\Users\klasl\Desktop\freertos_dmp2\Flash
                    Debug\Obj\results_holder.o
Warning[Lt049]: Potential floating point parameter passing conflict. The first
          module below references the second and they have been built with
          different settings.
          AAPCS, base variant: quaternion_supervisor.o(libmpllib.a)
          AAPCS, VFP variant: C:\Users\klasl\Desktop\freertos_dmp2\Flash
                    Debug\Obj\imu.o


*******************************************************************************
*** RUNTIME MODEL ATTRIBUTES
***

CppFlavor                     = *
__Heap_Handler                = DLMalloc
__SystemLibrary               = DLib
__dlib_dynamic_initialization = normal


*******************************************************************************
*** PLACEMENT SUMMARY
***

"A1":  place at 0x08000000 { ro section .intvec };
"P1":  place in [from 0x08000000 to 0x080fffff] { ro };
"P2":  place in [from 0x20000000 to 0x2001ffff] { rw, block CSTACK, block HEAP };

  Section             Kind        Address     Size  Object
  -------             ----        -------     ----  ------
"A1":                                        0x188
  .intvec             ro code  0x08000000    0x188  startup_stm32f4xx.o [1]
                             - 0x08000188    0x188

"P1":                                      0x14765
  .text               ro code  0x08000188   0x14f0  dlmalloc.o [3]
  .text               ro code  0x08001678      0x6  abort.o [3]
  .text               ro code  0x0800167e     0x76  lz77_init_single.o [6]
  .text               ro code  0x080016f4     0x2c  xgetmemchunk.o [3]
  .text               ro code  0x08001720     0x14  exit.o [7]
  .text               ro code  0x08001734   0x13f8  vl53l0x_api_core.o [1]
  .text               ro code  0x08002b2c     0x22  freertos_time.o [1]
  .text               ro code  0x08002b4e     0x1a  xsnprout.o [3]
  .text               ro code  0x08002b68   0x113a  vl53l0x_api.o [1]
  .text               ro code  0x08003ca2      0xa  xsprout.o [3]
  .text               ro code  0x08003cac    0x166  vl53l0x_platform.o [1]
  .rodata             const    0x08003e12      0x2  heap_2.o [1]
  .text               ro code  0x08003e14     0x44  strcpy_unaligned.o [6]
  .text               ro code  0x08003e58      0x8  abs.o [3]
  .text               ro code  0x08003e60    0xbb4  tasks.o [1]
  .text               ro code  0x08004a14    0x194  vl53l0x_api_strings.o [1]
  .text               ro code  0x08004ba8    0x92a  vl53l0x_api_calibration.o [1]
  .rodata             const    0x080054d2      0x2  inv_mpu_dmp_motion_driver.o [1]
  .text               ro code  0x080054d4     0x76  ABImemcpy_unaligned.o [6]
  .text               ro code  0x0800554a     0xc6  vl53l0x_i2c_comms.o [1]
  .text               ro code  0x08005610    0x134  heap_2.o [1]
  .text               ro code  0x08005744     0x66  ABImemset.o [6]
  .text               ro code  0x080057aa     0x98  list.o [1]
  .text               ro code  0x08005844    0x214  port.o [1]
  .text               ro code  0x08005a58    0x3f0  timers.o [1]
  .text               ro code  0x08005e48     0x24  application_hooks.o [1]
  .text               ro code  0x08005e6c    0x944  i2c_1.o [1]
  CODE                ro code  0x080067b0     0xa8  portasm.o [1]
  .text               ro code  0x08006858    0x6f6  queue.o [1]
  .text               ro code  0x08006f50    0x188  stm32f4xx_rcc.o [1]
  .text               ro code  0x080070d8     0xf4  stm32f4xx_gpio.o [1]
  .text               ro code  0x080071cc    0x242  stm32f4xx_i2c.o [1]
  .text               ro code  0x08007410    0x744  i2c.o [1]
  .text               ro code  0x08007b54   0x1040  inv_mpu.o [1]
  .text               ro code  0x08008b94    0x104  printf2.o [1]
  .text               ro code  0x08008c98     0x62  memcmp_unaligned.o [6]
  .text               ro code  0x08008cfc    0x13a  stm32f4xx_usart.o [1]
  .text               ro code  0x08008e38     0x3c  vsnprint.o [3]
  .text               ro code  0x08008e74     0x2c  vsprintf.o [3]
  .text               ro code  0x08008ea0    0xf9a  xprintflarge.o [3]
  .text               ro code  0x08009e3a     0x20  xmbtowc.o [3]
  .text               ro code  0x08009e5c     0x16  strchr.o [6]
  .text               ro code  0x08009e74     0x36  strlen.o [6]
  .text               ro code  0x08009eac     0x58  memchr.o [6]
  .text               ro code  0x08009f04      0xa  xmbcurmax.o [3]
  .text               ro code  0x08009f0e     0x1a  xwctomb.o [3]
  .text               ro code  0x08009f28    0x132  I64DivMod.o [6]
  .text               ro code  0x0800a05c    0x1a2  DblMul.o [5]
  .text               ro code  0x0800a1fe     0x42  xdnorm.o [5]
  .text               ro code  0x0800a240     0x2e  DblCmpLe.o [5]
  .text               ro code  0x0800a270    0x256  DblDiv.o [5]
  .text               ro code  0x0800a4c8     0x58  DblToI32.o [5]
  .text               ro code  0x0800a520     0x30  I32ToDbl.o [5]
  .text               ro code  0x0800a550    0x180  DblSub.o [5]
  .text               ro code  0x0800a6d0     0x6c  localeconv.o [3]
  .text               ro code  0x0800a73c      0xe  div.o [3]
  .text               ro code  0x0800a74c     0x14  setlocale.o [3]
  .text               ro code  0x0800a760     0x60  xencoding_sb.o [3]
  .text               ro code  0x0800a7c0      0x2  I64DivZer.o [6]
  .text               ro code  0x0800a7c4     0xe8  DblAdd.o [5]
  .text               ro code  0x0800a8ac      0x2  xtls.o [3]
  .rodata             const    0x0800a8b0    0xbf8  inv_mpu_dmp_motion_driver.o [1]
  .text               ro code  0x0800b4a8    0xa48  inv_mpu_dmp_motion_driver.o [1]
  .text               ro code  0x0800bef0    0xa48  quaternion_supervisor.o [4]
  .text               ro code  0x0800c938      0xe  S32ToFlt.o [5]
  .text               ro code  0x0800c946     0x12  FltMul.o [5]
  .text               ro code  0x0800c958     0x12  FltAdd.o [5]
  .text               ro code  0x0800c96c     0x2c  sqrtf.o [5]
  .text               ro code  0x0800c998     0x4e  FltToDbl.o [5]
  .text               ro code  0x0800c9e8     0x2e  DblCmpGe.o [5]
  .text               ro code  0x0800ca16     0x12  FltDiv.o [5]
  .text               ro code  0x0800ca28    0x6d2  ml_math_func.o [1]
  .text               ro code  0x0800d0fc     0x24  FltCmpLe.o [5]
  .text               ro code  0x0800d120      0xe  FltToS32.o [5]
  .text               ro code  0x0800d12e      0xc  memcpy.o [3]
  .text               ro code  0x0800d13a     0x12  FltSub.o [5]
  .text               ro code  0x0800d14c     0x24  FltCmpGe.o [5]
  .text               ro code  0x0800d170    0x7f4  data_builder.o [1]
  .text               ro code  0x0800d964     0x12  cosf.o [5]
  .text               ro code  0x0800d976     0x12  sinf.o [5]
  .text               ro code  0x0800d988    0x288  results_holder.o [1]
  .text               ro code  0x0800dc10     0x14  memset.o [3]
  .text               ro code  0x0800dc24     0x68  start_manager.o [1]
  .text               ro code  0x0800dc8c      0xc  iarEdom.o [6]
  .text               ro code  0x0800dc98     0x6a  atan2f.o [5]
  .text               ro code  0x0800dd04     0xa4  storage_manager.o [1]
  .text               ro code  0x0800dda8     0x20  message_layer.o [1]
  .text               ro code  0x0800ddc8    0x16c  xfsin.o [5]
  .text               ro code  0x0800df34      0xc  errno.o [3]
  .text               ro code  0x0800df40     0xa4  xatanf.o [5]
  .text               ro code  0x0800dfe4     0xec  xfquad.o [5]
  .text               ro code  0x0800e0d0     0x4e  xfdint.o [5]
  .text               ro code  0x0800e120     0xe6  fmodf.o [5]
  .text               ro code  0x0800e208    0xa44  fast_no_motion.o [4]
  .text               ro code  0x0800ec4c     0x62  I64ToFlt.o [5]
  .text               ro code  0x0800ecb0     0x76  FltToS64.o [5]
  .text               ro code  0x0800ed28     0x22  S64Shr.o [6]
  .text               ro code  0x0800ed4c     0x22  I64Shl.o [6]
  .text               ro code  0x0800ed70    0x8c0  pow.o [5]
  .text               ro code  0x0800f630     0x7a  xdint.o [5]
  .text               ro code  0x0800f6ac     0x20  DblCmpEq.o [5]
  .text               ro code  0x0800f6cc     0xb0  xlog.o [5]
  .text               ro code  0x0800f77c    0x2c6  xexp.o [5]
  .text               ro code  0x0800fa42     0x40  xdtest.o [5]
  .text               ro code  0x0800fa84    0x114  xdscale.o [5]
  .text               ro code  0x0800fb98    0x69c  fusion_9axis.o [4]
  .text               ro code  0x08010234      0xc  memmove.o [6]
  .text               ro code  0x08010240     0x1c  FltCmpEq.o [5]
  .text               ro code  0x0801025c     0x90  DblToFlt.o [5]
  .text               ro code  0x080102ec      0xc  mag_disturb.o [4]
  .text               ro code  0x080102f8     0x78  ABImemmove_unaligned.o [6]
  .text               ro code  0x08010370    0x55c  altitude.o [1]
  .text               ro code  0x080108cc     0x12  sin.o [5]
  .text               ro code  0x080108e0    0x100  sqrt.o [5]
  .text               ro code  0x080109e0     0x90  laser.o [1]
  .text               ro code  0x08010a70     0x24  filter.o [1]
  .text               ro code  0x08010a94    0x3a0  imu.o [1]
  .text               ro code  0x08010e34    0x450  xsin.o [5]
  .text               ro code  0x08011284    0x1b0  vl53l0x.o [1]
  .text               ro code  0x08011434    0x440  eMPL_outputs.o [1]
  .text               ro code  0x08011874     0x90  mpl.o [1]
  .text               ro code  0x08011904    0x474  gyro_tc.o [4]
  .text               ro code  0x08011d78    0x168  xquad.o [5]
  .text               ro code  0x08011ee0      0x6  ABImemclr4.o [6]
  .text               ro code  0x08011ee8    0x1a8  fmod.o [5]
  .text               ro code  0x08012090     0x32  ABImemset48.o [6]
  .text               ro code  0x080120c4    0x508  stm32f4xx_tim.o [1]
  .text               ro code  0x080125cc    0x4b0  pwm.o [1]
  .text               ro code  0x08012a7c     0x80  misc.o [1]
  .text               ro code  0x08012afc    0x474  stm32f4xx_it.o [1]
  .text               ro code  0x08012f70     0xa0  stm32f4xx_exti.o [1]
  CODE                ro code  0x08013010    0x3d4  RegTest.o [1]
  .text               ro code  0x080133e4    0x370  main.o [1]
  .text               ro code  0x08013754    0x28c  joystick.o [1]
  .text               ro code  0x080139e0    0x11c  esc.o [1]
  .text               ro code  0x08013afc     0xac  pid.o [1]
  .text               ro code  0x08013ba8     0xb0  hardware.o [1]
  .text               ro code  0x08013c58    0x1fc  system_stm32f4xx.o [1]
  .text               ro code  0x08013e54      0xc  stm32f4xx_pwr.o [1]
  .text               ro code  0x08013e60     0x80  gpio.o [1]
  .text               ro code  0x08013ee0     0x54  stm32f4xx_syscfg.o [1]
  .rodata             const    0x08013f34     0x44  mpl.o [1]
  .rodata             const    0x08013f78     0x40  vl53l0x_api.o [1]
  .text               ro code  0x08013fb8     0x40  zero_init3.o [6]
  .rodata             const    0x08013ff8     0x30  altitude.o [1]
  .rodata             const    0x08014028     0x28  inv_mpu.o [1]
  .text               ro code  0x08014050     0x28  data_init.o [6]
  .text               ro code  0x08014078     0x22  fpinit_M.o [5]
  .iar.init_table     const    0x0801409c     0x20  - Linker created -
  .rodata             const    0x080140bc     0x20  altitude.o [1]
  .rodata             const    0x080140dc     0x20  imu.o [1]
  .rodata             const    0x080140fc     0x20  inv_mpu.o [1]
  .rodata             const    0x0801411c     0x1c  imu.o [1]
  .rodata             const    0x08014138     0x1c  imu.o [1]
  .text               ro code  0x08014154     0x1a  cmain.o [6]
  .text               ro code  0x0801416e      0x4  low_level_init.o [3]
  .text               ro code  0x08014172      0x4  exit.o [3]
  .text               ro code  0x08014178      0xa  cexit.o [6]
  .rodata             const    0x08014184     0x18  main.o [1]
  .rodata             const    0x0801419c     0x18  vl53l0x.o [1]
  .rodata             const    0x080141b4     0x18  vl53l0x.o [1]
  .rodata             const    0x080141cc     0x18  vl53l0x_api_strings.o [1]
  .rodata             const    0x080141e4     0x14  imu.o [1]
  .rodata             const    0x080141f8     0x14  imu.o [1]
  .rodata             const    0x0801420c     0x10  altitude.o [1]
  .rodata             const    0x0801421c     0x10  hardware.o [1]
  .rodata             const    0x0801422c     0x10  imu.o [1]
  .rodata             const    0x0801423c     0x10  main.o [1]
  .rodata             const    0x0801424c     0x10  main.o [1]
  .rodata             const    0x0801425c     0x10  mpl.o [1]
  .rodata             const    0x0801426c     0x10  mpl.o [1]
  .rodata             const    0x0801427c     0x10  pwm.o [1]
  .rodata             const    0x0801428c     0x10  pwm.o [1]
  .rodata             const    0x0801429c     0x10  vl53l0x.o [1]
  .rodata             const    0x080142ac     0x10  vl53l0x_api_strings.o [1]
  .rodata             const    0x080142bc     0x10  vl53l0x_api_strings.o [1]
  .text               ro code  0x080142cc     0x10  startup_stm32f4xx.o [1]
  .rodata             const    0x080142dc      0xc  esc.o [1]
  .rodata             const    0x080142e8      0xc  imu.o [1]
  .rodata             const    0x080142f4      0xc  imu.o [1]
  .rodata             const    0x08014300      0xc  inv_mpu.o [1]
  .rodata             const    0x0801430c      0xc  inv_mpu_dmp_motion_driver.o [1]
  .rodata             const    0x08014318      0xc  inv_mpu_dmp_motion_driver.o [1]
  .rodata             const    0x08014324      0xc  inv_mpu_dmp_motion_driver.o [1]
  .rodata             const    0x08014330      0xc  main.o [1]
  .rodata             const    0x0801433c      0xc  main.o [1]
  .rodata             const    0x08014348      0xc  vl53l0x_api_strings.o [1]
  .rodata             const    0x08014354      0xc  vl53l0x_api_strings.o [1]
  .rodata             const    0x08014360      0xc  vl53l0x_api_strings.o [1]
  .rodata             const    0x0801436c      0xc  vl53l0x_api_strings.o [1]
  .rodata             const    0x08014378      0xc  vl53l0x_api_strings.o [1]
  .rodata             const    0x08014384      0xc  vl53l0x_api_strings.o [1]
  .rodata             const    0x08014390      0xc  vl53l0x_api_strings.o [1]
  .rodata             const    0x0801439c      0xc  vl53l0x_api_strings.o [1]
  .text               ro code  0x080143a8      0xc  cstartup_M.o [6]
  .rodata             const    0x080143b4      0x8  tasks.o [1]
  .rodata             const    0x080143bc      0x8  timers.o [1]
  .rodata             const    0x080143c4      0x8  timers.o [1]
  .rodata             const    0x080143cc      0x8  vl53l0x_api_strings.o [1]
  .rodata             const    0x080143d4      0x4  inv_mpu_dmp_motion_driver.o [1]
  .rodata             const    0x080143d8      0x4  inv_mpu_dmp_motion_driver.o [1]
  .rodata             const    0x080143dc      0x4  inv_mpu_dmp_motion_driver.o [1]
  .rodata             const    0x080143e0      0x4  inv_mpu_dmp_motion_driver.o [1]
  .rodata             const    0x080143e4      0x4  port.o [1]
  .text               ro code  0x080143e8      0x4  startup_stm32f4xx.o [1]
  .text               ro code  0x080143ec      0x4  startup_stm32f4xx.o [1]
  .text               ro code  0x080143f0      0x4  startup_stm32f4xx.o [1]
  .text               ro code  0x080143f4      0x4  startup_stm32f4xx.o [1]
  .text               ro code  0x080143f8      0x4  startup_stm32f4xx.o [1]
  .text               ro code  0x080143fc      0x4  startup_stm32f4xx.o [1]
  .text               ro code  0x08014400      0x4  startup_stm32f4xx.o [1]
  .text               ro code  0x08014404      0x4  startup_stm32f4xx.o [1]
  .text               ro code  0x08014408      0x4  startup_stm32f4xx.o [1]
  .text               ro code  0x0801440c      0x4  startup_stm32f4xx.o [1]
  .text               ro code  0x08014410      0x4  startup_stm32f4xx.o [1]
  .text               ro code  0x08014414      0x4  startup_stm32f4xx.o [1]
  .text               ro code  0x08014418      0x4  startup_stm32f4xx.o [1]
  .text               ro code  0x0801441c      0x4  startup_stm32f4xx.o [1]
  .text               ro code  0x08014420      0x4  startup_stm32f4xx.o [1]
  .text               ro code  0x08014424      0x4  startup_stm32f4xx.o [1]
  .text               ro code  0x08014428      0x4  startup_stm32f4xx.o [1]
  .text               ro code  0x0801442c      0x4  startup_stm32f4xx.o [1]
  .text               ro code  0x08014430      0x4  startup_stm32f4xx.o [1]
  .text               ro code  0x08014434      0x4  startup_stm32f4xx.o [1]
  .text               ro code  0x08014438      0x4  startup_stm32f4xx.o [1]
  .text               ro code  0x0801443c      0x4  startup_stm32f4xx.o [1]
  .text               ro code  0x08014440      0x4  startup_stm32f4xx.o [1]
  .text               ro code  0x08014444      0x4  startup_stm32f4xx.o [1]
  .text               ro code  0x08014448      0x4  startup_stm32f4xx.o [1]
  .text               ro code  0x0801444c      0x4  startup_stm32f4xx.o [1]
  .text               ro code  0x08014450      0x4  startup_stm32f4xx.o [1]
  .text               ro code  0x08014454      0x4  startup_stm32f4xx.o [1]
  .text               ro code  0x08014458      0x4  startup_stm32f4xx.o [1]
  .text               ro code  0x0801445c      0x4  startup_stm32f4xx.o [1]
  .text               ro code  0x08014460      0x4  startup_stm32f4xx.o [1]
  .text               ro code  0x08014464      0x4  startup_stm32f4xx.o [1]
  .text               ro code  0x08014468      0x4  startup_stm32f4xx.o [1]
  .text               ro code  0x0801446c      0x4  startup_stm32f4xx.o [1]
  .text               ro code  0x08014470      0x4  startup_stm32f4xx.o [1]
  .text               ro code  0x08014474      0x4  startup_stm32f4xx.o [1]
  .text               ro code  0x08014478      0x4  startup_stm32f4xx.o [1]
  .text               ro code  0x0801447c      0x4  startup_stm32f4xx.o [1]
  .text               ro code  0x08014480      0x4  startup_stm32f4xx.o [1]
  .text               ro code  0x08014484      0x4  startup_stm32f4xx.o [1]
  .text               ro code  0x08014488      0x4  startup_stm32f4xx.o [1]
  .text               ro code  0x0801448c      0x4  startup_stm32f4xx.o [1]
  .text               ro code  0x08014490      0x4  startup_stm32f4xx.o [1]
  .text               ro code  0x08014494      0x4  startup_stm32f4xx.o [1]
  .text               ro code  0x08014498      0x4  startup_stm32f4xx.o [1]
  .text               ro code  0x0801449c      0x4  startup_stm32f4xx.o [1]
  .text               ro code  0x080144a0      0x4  startup_stm32f4xx.o [1]
  .text               ro code  0x080144a4      0x4  startup_stm32f4xx.o [1]
  .text               ro code  0x080144a8      0x4  startup_stm32f4xx.o [1]
  .text               ro code  0x080144ac      0x4  startup_stm32f4xx.o [1]
  .text               ro code  0x080144b0      0x4  startup_stm32f4xx.o [1]
  .text               ro code  0x080144b4      0x4  startup_stm32f4xx.o [1]
  .text               ro code  0x080144b8      0x4  startup_stm32f4xx.o [1]
  .text               ro code  0x080144bc      0x4  startup_stm32f4xx.o [1]
  .text               ro code  0x080144c0      0x4  startup_stm32f4xx.o [1]
  .text               ro code  0x080144c4      0x4  startup_stm32f4xx.o [1]
  .text               ro code  0x080144c8      0x4  startup_stm32f4xx.o [1]
  .text               ro code  0x080144cc      0x4  startup_stm32f4xx.o [1]
  .text               ro code  0x080144d0      0x4  startup_stm32f4xx.o [1]
  .text               ro code  0x080144d4      0x4  startup_stm32f4xx.o [1]
  .text               ro code  0x080144d8      0x4  startup_stm32f4xx.o [1]
  .text               ro code  0x080144dc      0x4  startup_stm32f4xx.o [1]
  .text               ro code  0x080144e0      0x4  startup_stm32f4xx.o [1]
  .text               ro code  0x080144e4      0x4  startup_stm32f4xx.o [1]
  .text               ro code  0x080144e8      0x4  startup_stm32f4xx.o [1]
  .text               ro code  0x080144ec      0x4  startup_stm32f4xx.o [1]
  .text               ro code  0x080144f0      0x4  startup_stm32f4xx.o [1]
  .text               ro code  0x080144f4      0x4  startup_stm32f4xx.o [1]
  .text               ro code  0x080144f8      0x4  startup_stm32f4xx.o [1]
  .text               ro code  0x080144fc      0x4  startup_stm32f4xx.o [1]
  .text               ro code  0x08014500      0x4  startup_stm32f4xx.o [1]
  .text               ro code  0x08014504      0x4  startup_stm32f4xx.o [1]
  .text               ro code  0x08014508      0x4  startup_stm32f4xx.o [1]
  .text               ro code  0x0801450c      0x4  startup_stm32f4xx.o [1]
  .text               ro code  0x08014510      0x4  startup_stm32f4xx.o [1]
  .text               ro code  0x08014514      0x4  startup_stm32f4xx.o [1]
  .text               ro code  0x08014518      0x4  startup_stm32f4xx.o [1]
  .text               ro code  0x0801451c      0x4  startup_stm32f4xx.o [1]
  .text               ro code  0x08014520      0x4  startup_stm32f4xx.o [1]
  .text               ro code  0x08014524      0x4  startup_stm32f4xx.o [1]
  .text               ro code  0x08014528      0x4  startup_stm32f4xx.o [1]
  .text               ro code  0x0801452c      0x4  startup_stm32f4xx.o [1]
  .text               ro code  0x08014530      0x4  startup_stm32f4xx.o [1]
  .text               ro code  0x08014534      0x4  startup_stm32f4xx.o [1]
  .text               ro code  0x08014538      0x4  startup_stm32f4xx.o [1]
  .text               ro code  0x0801453c      0x4  startup_stm32f4xx.o [1]
  .text               ro code  0x08014540      0x4  startup_stm32f4xx.o [1]
  .text               ro code  0x08014544      0x4  startup_stm32f4xx.o [1]
  .text               ro code  0x08014548      0x4  startup_stm32f4xx.o [1]
  .text               ro code  0x0801454c      0x4  startup_stm32f4xx.o [1]
  .text               ro code  0x08014550      0x4  startup_stm32f4xx.o [1]
  .rodata             const    0x08014554      0x0  zero_init3.o [6]
  .rodata             const    0x08014554      0x0  lz77_init_single.o [6]
  Initializer bytes   const    0x08014554    0x399  <for P2-1>
                             - 0x080148ed  0x14765

"P2", part 1 of 3:                           0x6de
  P2-1                         0x20000000    0x6de  <Init block>
    .data             inited   0x20000000     0x28  altitude.o [1]
    .data             inited   0x20000028     0x14  altitude.o [1]
    .data             inited   0x2000003c      0xc  altitude.o [1]
    .data             inited   0x20000048      0x4  heap_2.o [1]
    .data             inited   0x2000004c      0x4  imu.o [1]
    .data             inited   0x20000050      0xc  imu.o [1]
    .data             inited   0x2000005c     0x2c  inv_mpu.o [1]
    .data             inited   0x20000088     0x18  main.o [1]
    .data             inited   0x200000a0     0x18  main.o [1]
    .data             inited   0x200000b8     0x18  main.o [1]
    .data             inited   0x200000d0     0x18  main.o [1]
    .data             inited   0x200000e8     0x24  main.o [1]
    .data             inited   0x2000010c     0x24  main.o [1]
    .data             inited   0x20000130     0x24  main.o [1]
    .data             inited   0x20000154     0x24  main.o [1]
    .data             inited   0x20000178     0x4c  main.o [1]
    .data             inited   0x200001c4     0x4c  main.o [1]
    .data             inited   0x20000210     0x4c  main.o [1]
    .data             inited   0x2000025c     0x4c  main.o [1]
    .data             inited   0x200002a8     0x4c  main.o [1]
    .data             inited   0x200002f4      0x4  port.o [1]
    .data             inited   0x200002f8     0x10  stm32f4xx_rcc.o [1]
    .data             inited   0x20000308      0x4  system_stm32f4xx.o [1]
    .data             inited   0x2000030c     0x10  system_stm32f4xx.o [1]
    .data             inited   0x2000031c      0x4  vl53l0x.o [1]
    .data             inited   0x20000320     0xf4  vl53l0x_api.o [1]
    .data             inited   0x20000414    0x1b8  vl53l0x_api.o [1]
    .data             inited   0x200005cc     0x10  vl53l0x_api_calibration.o [1]
    __DLIB_PERTHREAD  inited   0x200005dc      0x4  errno.o [3]
    __DLIB_PERTHREAD  inited   0x200005e0     0x88  localeconv.o [3]
    __DLIB_PERTHREAD  inited   0x20000668     0x74  setlocale.o [3]
    .data             inited   0x200006dc      0x2  i2c.o [1]
                             - 0x200006de    0x6de

"P2", part 2 of 3:                          0x4000
  CSTACK                       0x200006e0   0x2000  <Block>
    CSTACK            uninit   0x200006e0   0x2000  <Block tail>
  HEAP                         0x200026e0   0x2000  <Block>
    HEAP              uninit   0x200026e0   0x2000  <Block tail>
                             - 0x200046e0   0x4000

"P2", part 3 of 3:                         0x13f38
  .bss                zero     0x200046e0  0x12c00  heap_2.o [1]
  .bss                zero     0x200172e0    0x260  fast_no_motion.o [4]
  .bss                zero     0x20017540    0x1d8  dlmalloc.o [3]
  .bss                zero     0x20017718    0x1c4  gyro_tc.o [4]
  .bss                zero     0x200178dc    0x198  data_builder.o [1]
  .bss                zero     0x20017a74    0x198  storage_manager.o [1]
  .bss                zero     0x20017c0c    0x160  vl53l0x.o [1]
  .bss                zero     0x20017d6c    0x140  data_builder.o [1]
  .bss                zero     0x20017eac    0x138  fusion_9axis.o [4]
  .bss                zero     0x20017fe4     0xb8  mag_disturb.o [4]
  .bss                zero     0x2001809c     0x88  results_holder.o [1]
  .bss                zero     0x20018124     0x6c  quaternion_supervisor.o [4]
  .bss                zero     0x20018190     0x64  tasks.o [1]
  .bss                zero     0x200181f4     0x64  vl53l0x.o [1]
  .bss                zero     0x20018258     0x54  start_manager.o [1]
  .bss                zero     0x200182ac     0x40  queue.o [1]
  .bss                zero     0x200182ec     0x24  imu.o [1]
  .bss                zero     0x20018310     0x40  fast_no_motion.o [4]
  .bss                zero     0x20018350     0x30  altitude.o [1]
  .bss                zero     0x20018380     0x30  imu.o [1]
  .bss                zero     0x200183b0     0x30  main.o [1]
  .bss                zero     0x200183e0     0x28  altitude.o [1]
  .bss                zero     0x20018408     0x28  eMPL_outputs.o [1]
  .bss                zero     0x20018430     0x28  main.o [1]
  .bss                zero     0x20018458     0x1c  laser.o [1]
  .bss                zero     0x20018474     0x18  dlmalloc.o [3]
  .bss                zero     0x2001848c     0x14  tasks.o [1]
  .bss                zero     0x200184a0     0x14  tasks.o [1]
  .bss                zero     0x200184b4     0x14  tasks.o [1]
  .bss                zero     0x200184c8     0x14  tasks.o [1]
  .bss                zero     0x200184dc     0x14  tasks.o [1]
  .bss                zero     0x200184f0     0x14  timers.o [1]
  .bss                zero     0x20018504     0x14  timers.o [1]
  .bss                zero     0x20018518     0x10  inv_mpu_dmp_motion_driver.o [1]
  .bss                zero     0x20018528     0x10  pwm.o [1]
  .bss                zero     0x20018538      0x8  heap_2.o [1]
  .bss                zero     0x20018540      0x8  heap_2.o [1]
  .bss                zero     0x20018548      0x4  altitude.o [1]
  .bss                zero     0x2001854c      0x4  heap_2.o [1]
  .bss                zero     0x20018550      0x4  imu.o [1]
  .bss                zero     0x20018554      0x4  imu.o [1]
  .bss                zero     0x20018558      0x4  imu.o [1]
  .bss                zero     0x2001855c      0x4  imu.o [1]
  .bss                zero     0x20018560      0x4  imu.o [1]
  .bss                zero     0x20018564      0x4  main.o [1]
  .bss                zero     0x20018568      0x4  main.o [1]
  .bss                zero     0x2001856c      0x4  message_layer.o [1]
  .bss                zero     0x20018570      0x4  port.o [1]
  .bss                zero     0x20018574      0x4  reg_test.o [1]
  .bss                zero     0x20018578      0x4  reg_test.o [1]
  .bss                zero     0x2001857c      0x4  stm32f4xx_it.o [1]
  .bss                zero     0x20018580      0x4  stm32f4xx_it.o [1]
  .bss                zero     0x20018584      0x4  stm32f4xx_it.o [1]
  .bss                zero     0x20018588      0x4  stm32f4xx_it.o [1]
  .bss                zero     0x2001858c      0x4  stm32f4xx_it.o [1]
  .bss                zero     0x20018590      0x4  stm32f4xx_it.o [1]
  .bss                zero     0x20018594      0x4  stm32f4xx_it.o [1]
  .bss                zero     0x20018598      0x4  stm32f4xx_it.o [1]
  .bss                zero     0x2001859c      0x4  stm32f4xx_it.o [1]
  .bss                zero     0x200185a0      0x4  stm32f4xx_it.o [1]
  .bss                zero     0x200185a4      0x4  stm32f4xx_it.o [1]
  .bss                zero     0x200185a8      0x4  stm32f4xx_it.o [1]
  .bss                zero     0x200185ac      0x4  stm32f4xx_it.o [1]
  .bss                zero     0x200185b0      0x4  stm32f4xx_it.o [1]
  .bss                zero     0x200185b4      0x4  stm32f4xx_it.o [1]
  .bss                zero     0x200185b8      0x4  stm32f4xx_it.o [1]
  .bss                zero     0x200185bc      0x4  tasks.o [1]
  .bss                zero     0x200185c0      0x4  tasks.o [1]
  .bss                zero     0x200185c4      0x4  tasks.o [1]
  .bss                zero     0x200185c8      0x4  tasks.o [1]
  .bss                zero     0x200185cc      0x4  tasks.o [1]
  .bss                zero     0x200185d0      0x4  tasks.o [1]
  .bss                zero     0x200185d4      0x4  tasks.o [1]
  .bss                zero     0x200185d8      0x4  tasks.o [1]
  .bss                zero     0x200185dc      0x4  tasks.o [1]
  .bss                zero     0x200185e0      0x4  tasks.o [1]
  .bss                zero     0x200185e4      0x4  tasks.o [1]
  .bss                zero     0x200185e8      0x4  tasks.o [1]
  .bss                zero     0x200185ec      0x4  tasks.o [1]
  .bss                zero     0x200185f0      0x4  tasks.o [1]
  .bss                zero     0x200185f4      0x4  tasks.o [1]
  .bss                zero     0x200185f8      0x4  timers.o [1]
  .bss                zero     0x200185fc      0x4  timers.o [1]
  .bss                zero     0x20018600      0x4  timers.o [1]
  .bss                zero     0x20018604      0x4  timers.o [1]
  .bss                zero     0x20018608      0x4  timers.o [1]
  .bss                zero     0x2001860c      0x4  xgetmemchunk.o [3]
  .bss                zero     0x20018610      0x2  stm32f4xx_it.o [1]
  .bss                zero     0x20018612      0x2  stm32f4xx_it.o [1]
  .bss                zero     0x20018614      0x1  port.o [1]
  .bss                zero     0x20018615      0x1  vl53l0x.o [1]
                             - 0x20018616  0x13f36


*******************************************************************************
*** INIT TABLE
***

          Address     Size
          -------     ----
Zero (__iar_zero_init3)
    1 destination range, total size 0x13f36:
          0x200046e0  0x13f36

Copy/lz77 (__iar_lz77_init_single3)
    1 source range, total size 0x399 (52% of destination):
          0x08014554    0x399
    1 destination range, total size 0x6de:
          0x20000000    0x6de



*******************************************************************************
*** MODULE SUMMARY
***

    Module                       ro code  ro data  rw data
    ------                       -------  -------  -------
C:\Users\klasl\Desktop\freertos_dmp2\Flash Debug\Obj: [1]
    RegTest.o                        980
    altitude.o                     1 372      133      164
    application_hooks.o               36
    data_builder.o                 2 036               728
    eMPL_outputs.o                 1 088                40
    esc.o                            284       12
    filter.o                          36
    freertos_time.o                   34
    gpio.o                           128
    hardware.o                       176       16
    heap_2.o                         308        4   76 824
    i2c.o                          1 860        2        2
    i2c_1.o                        2 372
    imu.o                            928      177      120
    inv_mpu.o                      4 160      107       44
    inv_mpu_dmp_motion_driver.o    2 632    3 118       16
    joystick.o                       652
    laser.o                          144                28
    list.o                           152
    main.o                           880      405      716
    message_layer.o                   32                 4
    misc.o                           128
    ml_math_func.o                 1 746
    mpl.o                            144      100
    pid.o                            172
    port.o                           532        6        9
    portasm.o                        168
    printf2.o                        260
    pwm.o                          1 200       32       16
    queue.o                        1 782                64
    reg_test.o                                           8
    results_holder.o                 648               136
    start_manager.o                  104                84
    startup_stm32f4xx.o              772
    stm32f4xx_exti.o                 160
    stm32f4xx_gpio.o                 244
    stm32f4xx_i2c.o                  578
    stm32f4xx_it.o                 1 140                68
    stm32f4xx_pwr.o                   12
    stm32f4xx_rcc.o                  392        8       16
    stm32f4xx_syscfg.o                84
    stm32f4xx_tim.o                1 288
    stm32f4xx_usart.o                314
    storage_manager.o                164               408
    system_stm32f4xx.o               508       11       20
    tasks.o                        2 996        8      260
    timers.o                       1 008       16       60
    vl53l0x.o                        432       66      457
    vl53l0x_api.o                  4 410      422      684
    vl53l0x_api_calibration.o      2 346        8       16
    vl53l0x_api_core.o             5 112
    vl53l0x_api_strings.o            404      160
    vl53l0x_i2c_comms.o              198
    vl53l0x_platform.o               358
    ------------------------------------------------------
    Total:                        50 094    4 811   80 992

command line: [2]
    ------------------------------------------------------
    Total:

dl7M_tlf.a: [3]
    abort.o                            6
    abs.o                              8
    div.o                             14
    dlmalloc.o                     5 360               496
    errno.o                           12        2        4
    exit.o                             4
    localeconv.o                     108       72      136
    low_level_init.o                   4
    memcpy.o                          12
    memset.o                          20
    setlocale.o                       20       60      116
    vsnprint.o                        60
    vsprintf.o                        44
    xencoding_sb.o                    96
    xgetmemchunk.o                    44                 4
    xmbcurmax.o                       10
    xmbtowc.o                         32
    xprintflarge.o                 3 994
    xsnprout.o                        26
    xsprout.o                         10
    xtls.o                             2
    xwctomb.o                         26
    ------------------------------------------------------
    Total:                         9 912      134      756

libmpllib.a: [4]
    fast_no_motion.o               2 628               672
    fusion_9axis.o                 1 692               312
    gyro_tc.o                      1 140               452
    mag_disturb.o                     12               184
    quaternion_supervisor.o        2 632               108
    ------------------------------------------------------
    Total:                         8 104             1 728

m7M_tls.a: [5]
    DblAdd.o                         232
    DblCmpEq.o                        32
    DblCmpGe.o                        46
    DblCmpLe.o                        46
    DblDiv.o                         598
    DblMul.o                         418
    DblSub.o                         384
    DblToFlt.o                       144
    DblToI32.o                        88
    FltAdd.o                          18
    FltCmpEq.o                        28
    FltCmpGe.o                        36
    FltCmpLe.o                        36
    FltDiv.o                          18
    FltMul.o                          18
    FltSub.o                          18
    FltToDbl.o                        78
    FltToS32.o                        14
    FltToS64.o                       118
    I32ToDbl.o                        48
    I64ToFlt.o                        98
    S32ToFlt.o                        14
    atan2f.o                         106
    cosf.o                            18
    fmod.o                           424
    fmodf.o                          230
    fpinit_M.o                        34
    pow.o                          2 240
    sin.o                             18
    sinf.o                            18
    sqrt.o                           256
    sqrtf.o                           44
    xatanf.o                         164
    xdint.o                          122
    xdnorm.o                          66
    xdscale.o                        276
    xdtest.o                          64
    xexp.o                           710
    xfdint.o                          78
    xfquad.o                         236
    xfsin.o                          364
    xlog.o                           176
    xquad.o                          360
    xsin.o                         1 104
    ------------------------------------------------------
    Total:                         9 638

rt7M_tl.a: [6]
    ABImemclr4.o                       6
    ABImemcpy_unaligned.o            118
    ABImemmove_unaligned.o           120
    ABImemset.o                      102
    ABImemset48.o                     50
    I64DivMod.o                      306
    I64DivZer.o                        2
    I64Shl.o                          34
    S64Shr.o                          34
    cexit.o                           10
    cmain.o                           26
    cstartup_M.o                      12
    data_init.o                       40
    iarEdom.o                         12
    lz77_init_single.o               118
    memchr.o                          88
    memcmp_unaligned.o                98
    memmove.o                         12
    strchr.o                          22
    strcpy_unaligned.o                68
    strlen.o                          54
    zero_init3.o                      64
    ------------------------------------------------------
    Total:                         1 396

shb_l.a: [7]
    exit.o                            20
    ------------------------------------------------------
    Total:                            20

    Gaps                              58        6
    Linker created                             32   16 384
----------------------------------------------------------
    Grand Total:                  79 222    4 983   99 860


*******************************************************************************
*** ENTRY LIST
***

Entry                      Address     Size  Type      Object
-----                      -------     ----  ----      ------
.iar.init_table$$Base   0x0801409c            --   Gb  - Linker created -
.iar.init_table$$Limit  0x080140bc            --   Gb  - Linker created -
?main                   0x08014155           Code  Gb  cmain.o [6]
AHBPrescTable           0x2000030c     0x10  Data  Gb  system_stm32f4xx.o [1]
APBAHBPrescTable        0x200002f8     0x10  Data  Lc  stm32f4xx_rcc.o [1]
BusFault_Handler        0x08012bab      0x2  Code  Gb  stm32f4xx_it.o [1]
CSTACK$$Base            0x200006e0            --   Gb  - Linker created -
CSTACK$$Limit           0x200026e0            --   Gb  - Linker created -
DebugMon_Handler        0x08012baf      0x2  Code  Gb  stm32f4xx_it.o [1]
DefaultTuningSettings   0x20000320     0xf4  Data  Gb  vl53l0x_api.o [1]
DeviceInfo              0x200181f4     0x64  Data  Gb  vl53l0x.o [1]
DutyCycle               0x20018612      0x2  Data  Gb  stm32f4xx_it.o [1]
EXTI4_IRQHandler        0x08012c1b      0xe  Code  Gb  stm32f4xx_it.o [1]
EXTI_ClearITPendingBit  0x08012ff7      0x6  Code  Gb  stm32f4xx_exti.o [1]
EXTI_Init               0x08012f71     0x86  Code  Gb  stm32f4xx_exti.o [1]
Frequency               0x2001857c      0x4  Data  Gb  stm32f4xx_it.o [1]
GPIO_Init               0x080070d9     0xa4  Code  Gb  stm32f4xx_gpio.o [1]
GPIO_PinAFConfig        0x0800717d     0x50  Code  Gb  stm32f4xx_gpio.o [1]
Get_I2C_Retry           0x08007b23      0x6  Code  Gb  i2c.o [1]
HEAP$$Base              0x200026e0            --   Gb  - Linker created -
HEAP$$Limit             0x200046e0            --   Gb  - Linker created -
HardFault_Handler       0x08012ba7      0x2  Code  Gb  stm32f4xx_it.o [1]
I2C1x_TIMEOUT_UserCallback
                        0x08005f19     0x6e  Code  Lc  i2c_1.o [1]
I2C_AcknowledgeConfig   0x08007367     0x1c  Code  Gb  stm32f4xx_i2c.o [1]
I2C_ClearFlag           0x08007403      0xc  Code  Gb  stm32f4xx_i2c.o [1]
I2C_Cmd                 0x080072fd     0x1c  Code  Gb  stm32f4xx_i2c.o [1]
I2C_DeInit              0x080071cd     0x56  Code  Gb  stm32f4xx_i2c.o [1]
I2C_GenerateSTART       0x08007319     0x1c  Code  Gb  stm32f4xx_i2c.o [1]
I2C_GenerateSTOP        0x08007335     0x1c  Code  Gb  stm32f4xx_i2c.o [1]
I2C_GetFlagStatus       0x080073c1     0x42  Code  Gb  stm32f4xx_i2c.o [1]
I2C_Init                0x08007223     0xc0  Code  Gb  stm32f4xx_i2c.o [1]
I2C_ReadRegister        0x080073a9     0x18  Code  Gb  stm32f4xx_i2c.o [1]
I2C_ReceiveData         0x080073a3      0x6  Code  Gb  stm32f4xx_i2c.o [1]
I2C_Send7bitAddress     0x08007351     0x16  Code  Gb  stm32f4xx_i2c.o [1]
I2C_SendData            0x0800739d      0x6  Code  Gb  stm32f4xx_i2c.o [1]
I2C_SoftwareResetCmd    0x08007383     0x1a  Code  Gb  stm32f4xx_i2c.o [1]
I2Cx_TIMEOUT_UserCallback
                        0x080074c1     0x6e  Code  Lc  i2c.o [1]
IC2Value                0x20018610      0x2  Data  Gb  stm32f4xx_it.o [1]
InterruptThresholdSettings
                        0x20000414    0x1b8  Data  Gb  vl53l0x_api.o [1]
LoadInt                 0x080094e3     0x6e  Code  Lc  xprintflarge.o [3]
MemManage_Handler       0x08012ba9      0x2  Code  Gb  stm32f4xx_it.o [1]
MyDevice                0x20017c0c    0x160  Data  Gb  vl53l0x.o [1]
NMI_Handler             0x08012ba5      0x2  Code  Gb  stm32f4xx_it.o [1]
NVIC_Init               0x08012a87     0x60  Code  Gb  misc.o [1]
NVIC_PriorityGroupConfig
                        0x08012a7d      0xa  Code  Gb  misc.o [1]
PWR_BackupAccessCmd     0x08013e55      0x8  Code  Gb  stm32f4xx_pwr.o [1]
PendSV_Handler          0x080067b1           Code  Gb  portasm.o [1]
RCC_AHB1PeriphClockCmd  0x08007031     0x20  Code  Gb  stm32f4xx_rcc.o [1]
RCC_APB1PeriphClockCmd  0x08007051     0x20  Code  Gb  stm32f4xx_rcc.o [1]
RCC_APB1PeriphResetCmd  0x08007091     0x20  Code  Gb  stm32f4xx_rcc.o [1]
RCC_APB2PeriphClockCmd  0x08007071     0x20  Code  Gb  stm32f4xx_rcc.o [1]
RCC_BackupResetCmd      0x08007029      0x8  Code  Gb  stm32f4xx_rcc.o [1]
RCC_Clocks              0x20018528     0x10  Data  Gb  pwm.o [1]
RCC_GetClocksFreq       0x08006f51     0xd8  Code  Gb  stm32f4xx_rcc.o [1]
RETRY_IN_MLSEC          0x200006dc      0x2  Data  Lc  i2c.o [1]
Region$$Table$$Base     0x0801409c            --   Gb  - Linker created -
Region$$Table$$Limit    0x080140bc            --   Gb  - Linker created -
ST_Sensors_I2C1_ReadRegister
                        0x08006347    0x444  Code  Gb  i2c_1.o [1]
ST_Sensors_I2C1_WriteReg
                        0x080061f5    0x152  Code  Gb  i2c_1.o [1]
ST_Sensors_I2C1_WriteRegister
                        0x08006087    0x16e  Code  Gb  i2c_1.o [1]
ST_Sensors_I2C_ReadRegister
                        0x0800774d    0x3d6  Code  Gb  i2c.o [1]
ST_Sensors_I2C_WriteRegister
                        0x080075df    0x16e  Code  Gb  i2c.o [1]
SVC_Handler             0x08006809           Code  Gb  portasm.o [1]
SYSCFG_EXTILineConfig   0x08013ee1     0x4e  Code  Gb  stm32f4xx_syscfg.o [1]
Sensors_I2C1_ReadRegister
                        0x0800602f     0x58  Code  Gb  i2c_1.o [1]
Sensors_I2C1_WriteReg   0x08005f87     0x50  Code  Gb  i2c_1.o [1]
Sensors_I2C1_WriteRegister
                        0x08005fd7     0x58  Code  Gb  i2c_1.o [1]
Sensors_I2C_ReadRegister
                        0x08007587     0x58  Code  Gb  i2c.o [1]
Sensors_I2C_WriteRegister
                        0x0800752f     0x58  Code  Gb  i2c.o [1]
SetSysClock             0x08013d45     0xce  Code  Lc  system_stm32f4xx.o [1]
Status                  0x20018615      0x1  Data  Gb  vl53l0x.o [1]
SysTick_Handler         0x0800599b     0x28  Code  Gb  port.o [1]
SystemCoreClock         0x20000308      0x4  Data  Gb  system_stm32f4xx.o [1]
SystemCoreClockUpdate   0x08013cab     0x9a  Code  Gb  system_stm32f4xx.o [1]
SystemInit              0x08013c59     0x52  Code  Gb  system_stm32f4xx.o [1]
TI1_Config              0x080124ed     0x34  Code  Lc  stm32f4xx_tim.o [1]
TI2_Config              0x08012521     0x3a  Code  Lc  stm32f4xx_tim.o [1]
TI3_Config              0x0801255b     0x38  Code  Lc  stm32f4xx_tim.o [1]
TI4_Config              0x08012593     0x3a  Code  Lc  stm32f4xx_tim.o [1]
TIM1_BRK_TIM9_IRQHandler
                        0x08012e7d     0x8e  Code  Gb  stm32f4xx_it.o [1]
TIM2_IRQHandler         0x08012c2d     0x96  Code  Gb  stm32f4xx_it.o [1]
TIM3_IRQHandler         0x08012cc5     0x8e  Code  Gb  stm32f4xx_it.o [1]
TIM4_IRQHandler         0x08012bb1     0x6a  Code  Gb  stm32f4xx_it.o [1]
TIM5_IRQHandler         0x08012d55     0x8e  Code  Gb  stm32f4xx_it.o [1]
TIM8_BRK_TIM12_IRQHandler
                        0x08012de9     0x8e  Code  Gb  stm32f4xx_it.o [1]
TIM_ARRPreloadConfig    0x0801212d     0x1c  Code  Gb  stm32f4xx_tim.o [1]
TIM_ClearITPendingBit   0x080124b1      0x8  Code  Gb  stm32f4xx_tim.o [1]
TIM_Cmd                 0x08012149     0x1c  Code  Gb  stm32f4xx_tim.o [1]
TIM_GetCapture1         0x0801241d      0x4  Code  Gb  stm32f4xx_tim.o [1]
TIM_GetCapture2         0x08012421      0x4  Code  Gb  stm32f4xx_tim.o [1]
TIM_GetITStatus         0x08012489     0x28  Code  Gb  stm32f4xx_tim.o [1]
TIM_ICInit              0x080123ad     0x70  Code  Gb  stm32f4xx_tim.o [1]
TIM_ITConfig            0x08012471     0x18  Code  Gb  stm32f4xx_tim.o [1]
TIM_OC1Init             0x08012165     0x78  Code  Gb  stm32f4xx_tim.o [1]
TIM_OC1PreloadConfig    0x08012369     0x10  Code  Gb  stm32f4xx_tim.o [1]
TIM_OC2Init             0x080121dd     0x86  Code  Gb  stm32f4xx_tim.o [1]
TIM_OC2PreloadConfig    0x08012379     0x12  Code  Gb  stm32f4xx_tim.o [1]
TIM_OC3Init             0x08012263     0x84  Code  Gb  stm32f4xx_tim.o [1]
TIM_OC3PreloadConfig    0x0801238b     0x10  Code  Gb  stm32f4xx_tim.o [1]
TIM_OC4Init             0x080122e7     0x62  Code  Gb  stm32f4xx_tim.o [1]
TIM_OC4PreloadConfig    0x0801239b     0x12  Code  Gb  stm32f4xx_tim.o [1]
TIM_SelectInputTrigger  0x080124b9     0x10  Code  Gb  stm32f4xx_tim.o [1]
TIM_SelectMasterSlaveMode
                        0x080124db     0x12  Code  Gb  stm32f4xx_tim.o [1]
TIM_SelectSlaveMode     0x080124c9     0x12  Code  Gb  stm32f4xx_tim.o [1]
TIM_SetIC1Prescaler     0x08012425     0x12  Code  Gb  stm32f4xx_tim.o [1]
TIM_SetIC2Prescaler     0x08012437     0x14  Code  Gb  stm32f4xx_tim.o [1]
TIM_SetIC3Prescaler     0x0801244b     0x12  Code  Gb  stm32f4xx_tim.o [1]
TIM_SetIC4Prescaler     0x0801245d     0x14  Code  Gb  stm32f4xx_tim.o [1]
TIM_TimeBaseInit        0x080120c5     0x68  Code  Gb  stm32f4xx_tim.o [1]
USART_Cmd               0x08008dc1     0x1c  Code  Gb  stm32f4xx_usart.o [1]
USART_ITConfig          0x08008de5     0x52  Code  Gb  stm32f4xx_usart.o [1]
USART_Init              0x08008cfd     0xb6  Code  Gb  stm32f4xx_usart.o [1]
USART_SendData          0x08008ddd      0x8  Code  Gb  stm32f4xx_usart.o [1]
USART_putc              0x08008c29     0x18  Code  Gb  printf2.o [1]
USART_puts              0x08008c49     0x18  Code  Gb  printf2.o [1]
UsageFault_Handler      0x08012bad      0x2  Code  Gb  stm32f4xx_it.o [1]
VL53L0X_CheckAndLoadInterruptSettings
                        0x080036b1     0x8a  Code  Gb  vl53l0x_api.o [1]
VL53L0X_ClearInterruptMask
                        0x08003c0d     0x56  Code  Gb  vl53l0x_api.o [1]
VL53L0X_DataInit        0x08002b9b    0x1f2  Code  Gb  vl53l0x_api.o [1]
VL53L0X_GetDeviceInfo   0x08002b69     0x10  Code  Gb  vl53l0x_api.o [1]
VL53L0X_GetDeviceMode   0x08003093      0xc  Code  Gb  vl53l0x_api.o [1]
VL53L0X_GetDeviceParameters
                        0x08002fa9     0xc2  Code  Gb  vl53l0x_api.o [1]
VL53L0X_GetFractionEnable
                        0x0800309f     0x24  Code  Gb  vl53l0x_api.o [1]
VL53L0X_GetInterMeasurementPeriodMilliSeconds
                        0x080032f3     0x46  Code  Gb  vl53l0x_api.o [1]
VL53L0X_GetInterruptMaskStatus
                        0x08003c63     0x30  Code  Gb  vl53l0x_api.o [1]
VL53L0X_GetInterruptThresholds
                        0x08003bcb     0x42  Code  Gb  vl53l0x_api.o [1]
VL53L0X_GetLimitCheckCurrent
                        0x08003583     0x92  Code  Gb  vl53l0x_api.o [1]
VL53L0X_GetLimitCheckEnable
                        0x08003439     0x22  Code  Gb  vl53l0x_api.o [1]
VL53L0X_GetLimitCheckValue
                        0x080034d3     0xb0  Code  Gb  vl53l0x_api.o [1]
VL53L0X_GetMeasurementDataReady
                        0x0800384f     0x52  Code  Gb  vl53l0x_api.o [1]
VL53L0X_GetMeasurementTimingBudgetMicroSeconds
                        0x080030d3     0x10  Code  Gb  vl53l0x_api.o [1]
VL53L0X_GetOffsetCalibrationDataMicroMeter
                        0x08002b8b     0x10  Code  Gb  vl53l0x_api.o [1]
VL53L0X_GetRangeStatusString
                        0x08002b79     0x12  Code  Gb  vl53l0x_api.o [1]
VL53L0X_GetRangingMeasurementData
                        0x080038a1    0x174  Code  Gb  vl53l0x_api.o [1]
VL53L0X_GetSequenceStepEnables
                        0x08003225     0x80  Code  Gb  vl53l0x_api.o [1]
VL53L0X_GetSequenceStepTimeout
                        0x080032a5     0x4e  Code  Gb  vl53l0x_api.o [1]
VL53L0X_GetVcselPulsePeriod
                        0x080030e3     0x12  Code  Gb  vl53l0x_api.o [1]
VL53L0X_GetWrapAroundCheckEnable
                        0x08003615     0x42  Code  Gb  vl53l0x_api.o [1]
VL53L0X_GetXTalkCompensationEnable
                        0x08003339      0xc  Code  Gb  vl53l0x_api.o [1]
VL53L0X_GetXTalkCompensationRateMegaCps
                        0x08003345     0x3c  Code  Gb  vl53l0x_api.o [1]
VL53L0X_PerformRefCalibration
                        0x0800369f     0x12  Code  Gb  vl53l0x_api.o [1]
VL53L0X_PerformRefSpadManagement
                        0x08003c93     0x10  Code  Gb  vl53l0x_api.o [1]
VL53L0X_PerformSingleMeasurement
                        0x08003657     0x48  Code  Gb  vl53l0x_api.o [1]
VL53L0X_PerformSingleRangingMeasurement
                        0x08003a15     0x3c  Code  Gb  vl53l0x_api.o [1]
VL53L0X_PollingDelay    0x08003df5     0x1e  Code  Gb  vl53l0x_platform.o [1]
VL53L0X_RdByte          0x08003d99     0x1e  Code  Gb  vl53l0x_platform.o [1]
VL53L0X_RdDWord         0x08003dd5     0x1e  Code  Gb  vl53l0x_platform.o [1]
VL53L0X_RdWord          0x08003db7     0x1e  Code  Gb  vl53l0x_platform.o [1]
VL53L0X_ReadMulti       0x08003cd7     0x26  Code  Gb  vl53l0x_platform.o [1]
VL53L0X_SetDeviceMode   0x0800306b     0x28  Code  Gb  vl53l0x_api.o [1]
VL53L0X_SetGpioConfig   0x08003a51    0x17a  Code  Gb  vl53l0x_api.o [1]
VL53L0X_SetLimitCheckEnable
                        0x08003381     0xb8  Code  Gb  vl53l0x_api.o [1]
VL53L0X_SetLimitCheckValue
                        0x0800345b     0x78  Code  Gb  vl53l0x_api.o [1]
VL53L0X_SetMeasurementTimingBudgetMicroSeconds
                        0x080030c3     0x10  Code  Gb  vl53l0x_api.o [1]
VL53L0X_SetSequenceStepEnable
                        0x080030f5     0xe2  Code  Gb  vl53l0x_api.o [1]
VL53L0X_StartMeasurement
                        0x08003745    0x10a  Code  Gb  vl53l0x_api.o [1]
VL53L0X_StaticInit      0x08002d8d    0x20e  Code  Gb  vl53l0x_api.o [1]
VL53L0X_UpdateByte      0x08003d3d     0x5c  Code  Gb  vl53l0x_platform.o [1]
VL53L0X_WrByte          0x08003cfd     0x20  Code  Gb  vl53l0x_platform.o [1]
VL53L0X_WrWord          0x08003d1d     0x20  Code  Gb  vl53l0x_platform.o [1]
VL53L0X_WriteMulti      0x08003cad     0x2a  Code  Gb  vl53l0x_platform.o [1]
VL53L0X_calc_dmax       0x080024dd    0x122  Code  Gb  vl53l0x_api_core.o [1]
VL53L0X_calc_macro_period_ps
                        0x08001de1     0x12  Code  Gb  vl53l0x_api_core.o [1]
VL53L0X_calc_sigma_estimate
                        0x080025ff    0x278  Code  Gb  vl53l0x_api_core.o [1]
VL53L0X_calc_timeout_mclks
                        0x08001e31     0x2e  Code  Gb  vl53l0x_api_core.o [1]
VL53L0X_calc_timeout_us
                        0x08001e5f     0x30  Code  Gb  vl53l0x_api_core.o [1]
VL53L0X_check_part_used
                        0x08004a15     0x4c  Code  Gb  vl53l0x_api_strings.o [1]
VL53L0X_decode_timeout  0x08001e1d     0x14  Code  Gb  vl53l0x_api_core.o [1]
VL53L0X_decode_vcsel_period
                        0x0800176f      0xc  Code  Gb  vl53l0x_api_core.o [1]
VL53L0X_device_read_strobe
                        0x080017a7     0x58  Code  Gb  vl53l0x_api_core.o [1]
VL53L0X_encode_timeout  0x08001df3     0x2a  Code  Gb  vl53l0x_api_core.o [1]
VL53L0X_getSingleRangingMeasurement
                        0x080113cb     0x30  Code  Gb  vl53l0x.o [1]
VL53L0X_get_device_info
                        0x08004a61     0xb6  Code  Gb  vl53l0x_api_strings.o [1]
VL53L0X_get_info_from_device
                        0x080017ff    0x5e2  Code  Gb  vl53l0x_api_core.o [1]
VL53L0X_get_measurement_timing_budget_micro_seconds
                        0x080022ad    0x106  Code  Gb  vl53l0x_api_core.o [1]
VL53L0X_get_offset_calibration_data_micro_meter
                        0x08004ba9     0x58  Code  Gb  vl53l0x_api_calibration.o [1]
VL53L0X_get_pal_range_status
                        0x08002885    0x2a8  Code  Gb  vl53l0x_api_core.o [1]
VL53L0X_get_range_status_string
                        0x08004b17     0x5c  Code  Gb  vl53l0x_api_strings.o [1]
VL53L0X_get_total_signal_rate
                        0x080024b5     0x28  Code  Gb  vl53l0x_api_core.o [1]
VL53L0X_get_total_xtalk_rate
                        0x0800247d     0x38  Code  Gb  vl53l0x_api_core.o [1]
VL53L0X_get_vcsel_pulse_period
                        0x08002131     0x44  Code  Gb  vl53l0x_api_core.o [1]
VL53L0X_init            0x08011285    0x146  Code  Gb  vl53l0x.o [1]
VL53L0X_isqrt           0x0800177b     0x2c  Code  Gb  vl53l0x_api_core.o [1]
VL53L0X_load_tuning_settings
                        0x080023b3     0xca  Code  Gb  vl53l0x_api_core.o [1]
VL53L0X_measurement_poll_for_completion
                        0x08001735     0x3a  Code  Gb  vl53l0x_api_core.o [1]
VL53L0X_perform_phase_calibration
                        0x080053e9     0x9a  Code  Gb  vl53l0x_api_calibration.o [1]
VL53L0X_perform_ref_calibration
                        0x08005483     0x50  Code  Gb  vl53l0x_api_calibration.o [1]
VL53L0X_perform_ref_spad_management
                        0x08004e03    0x34a  Code  Gb  vl53l0x_api_calibration.o [1]
VL53L0X_perform_single_ref_calibration
                        0x08005223     0x48  Code  Gb  vl53l0x_api_calibration.o [1]
VL53L0X_perform_vhv_calibration
                        0x0800534b     0x9e  Code  Gb  vl53l0x_api_calibration.o [1]
VL53L0X_printRangeStatus
                        0x08011419     0x12  Code  Gb  vl53l0x.o [1]
VL53L0X_read_byte       0x08005591     0x12  Code  Gb  vl53l0x_i2c_comms.o [1]
VL53L0X_read_dword      0x080055dd     0x34  Code  Gb  vl53l0x_i2c_comms.o [1]
VL53L0X_read_multi      0x080055a3     0x16  Code  Gb  vl53l0x_i2c_comms.o [1]
VL53L0X_read_word       0x080055b9     0x24  Code  Gb  vl53l0x_i2c_comms.o [1]
VL53L0X_ref_calibration_io
                        0x0800526b     0xe0  Code  Gb  vl53l0x_api_calibration.o [1]
VL53L0X_set_measurement_timing_budget_micro_seconds
                        0x08002175    0x138  Code  Gb  vl53l0x_api_core.o [1]
VL53L0X_set_reference_spads
                        0x0800514d     0xd6  Code  Gb  vl53l0x_api_calibration.o [1]
VL53L0X_write_byte      0x0800554b     0x10  Code  Gb  vl53l0x_i2c_comms.o [1]
VL53L0X_write_multi     0x0800555b     0x16  Code  Gb  vl53l0x_i2c_comms.o [1]
VL53L0X_write_word      0x08005571     0x20  Code  Gb  vl53l0x_i2c_comms.o [1]
_EncodingSb_Mbtowc      0x0800a77b     0x30  Code  Gb  xencoding_sb.o [3]
_EncodingSb_Wctomb      0x0800a761     0x1a  Code  Gb  xencoding_sb.o [3]
_GenldLarge             0x08009bbb    0x236  Code  Lc  xprintflarge.o [3]
_IsdstStr               0x2000066c      0x4  Data  Gb  setlocale.o [3]
_LdtobLarge             0x080099ad    0x208  Code  Lc  xprintflarge.o [3]
_LitobLarge             0x0800985d    0x106  Code  Lc  xprintflarge.o [3]
_LocaleEncoding         0x0800a74d      0xe  Code  Gb  setlocale.o [3]
_LocaleReturnString     0x2000068c     0x50  Data  Lc  setlocale.o [3]
_Locale_Profile         0x20000670     0x1c  Data  Gb  setlocale.o [3]
_Locale_aeabi_lconv     0x20000630     0x38  Data  Gb  localeconv.o [3]
_Locale_lconv           0x200005e0     0x50  Data  Gb  localeconv.o [3]
_Mbtowc                 0x08009e3b     0x20  Code  Gb  xmbtowc.o [3]
_PrintfLarge            0x08008ea1    0x62c  Code  Gb  xprintflarge.o [3]
_PutcharsLarge          0x08009df1     0x2e  Code  Lc  xprintflarge.o [3]
_PutstrLarge            0x08009551    0x306  Code  Lc  xprintflarge.o [3]
_SNProut                0x08002b4f     0x1a  Code  Gb  xsnprout.o [3]
_SProut                 0x08003ca3      0xa  Code  Gb  xsprout.o [3]
_TzoneStr               0x20000668      0x4  Data  Gb  setlocale.o [3]
_Wctomb                 0x08009f0f     0x1a  Code  Gb  xwctomb.o [3]
__aeabi_cdcmpeq         0x0800f6ad           Code  Gb  DblCmpEq.o [5]
__aeabi_cdcmple         0x0800a241           Code  Gb  DblCmpLe.o [5]
__aeabi_cdrcmple        0x0800c9e9           Code  Gb  DblCmpGe.o [5]
__aeabi_cfcmpeq         0x08010241           Code  Gb  FltCmpEq.o [5]
__aeabi_cfcmple         0x0800d0fd           Code  Gb  FltCmpLe.o [5]
__aeabi_cfrcmple        0x0800d14d           Code  Gb  FltCmpGe.o [5]
__aeabi_d2f             0x0801025d           Code  Gb  DblToFlt.o [5]
__aeabi_d2iz            0x0800a4c9           Code  Gb  DblToI32.o [5]
__aeabi_d2uiz           0x0800a4f5           Code  Gb  DblToI32.o [5]
__aeabi_dadd            0x0800a7c5           Code  Gb  DblAdd.o [5]
__aeabi_ddiv            0x0800a271           Code  Gb  DblDiv.o [5]
__aeabi_dmul            0x0800a05d           Code  Gb  DblMul.o [5]
__aeabi_dsub            0x0800a551           Code  Gb  DblSub.o [5]
__aeabi_errno_addr      0x0800df35      0x6  Code  Gb  errno.o [3]
__aeabi_f2d             0x0800c999           Code  Gb  FltToDbl.o [5]
__aeabi_f2iz            0x0800d121      0xe  Code  Gb  FltToS32.o [5]
__aeabi_f2lz            0x0800ecb1           Code  Gb  FltToS64.o [5]
__aeabi_fadd            0x0800c959     0x12  Code  Gb  FltAdd.o [5]
__aeabi_fdiv            0x0800ca17     0x12  Code  Gb  FltDiv.o [5]
__aeabi_fmul            0x0800c947     0x12  Code  Gb  FltMul.o [5]
__aeabi_fsub            0x0800d13b     0x12  Code  Gb  FltSub.o [5]
__aeabi_i2d             0x0800a521           Code  Gb  I32ToDbl.o [5]
__aeabi_i2f             0x0800c939      0xe  Code  Gb  S32ToFlt.o [5]
__aeabi_l2f             0x0800ec4d           Code  Gb  I64ToFlt.o [5]
__aeabi_lasr            0x0800ed29           Code  Gb  S64Shr.o [6]
__aeabi_ldiv0           0x0800a7c1           Code  Gb  I64DivZer.o [6]
__aeabi_ldivmod         0x08009f29           Code  Gb  I64DivMod.o [6]
__aeabi_llsl            0x0800ed4d           Code  Gb  I64Shl.o [6]
__aeabi_memclr4         0x08011ee1           Code  Gb  ABImemclr4.o [6]
__aeabi_memset          0x08005745           Code  Gb  ABImemset.o [6]
__aeabi_ui2d            0x0800a535           Code  Gb  I32ToDbl.o [5]
__aeabi_ul2f            0x0800ec69           Code  Gb  I64ToFlt.o [5]
__aeabi_uldivmod        0x08009f6d           Code  Gb  I64DivMod.o [6]
__cmain                 0x08014155           Code  Gb  cmain.o [6]
__data_GetMemChunk      0x080016f5     0x2c  Code  Gb  xgetmemchunk.o [3]
__exit                  0x08001721     0x14  Code  Gb  exit.o [7]
__iar_Dint              0x0800f631     0x7a  Code  Gb  xdint.o [5]
__iar_Dnorm             0x0800a1ff     0x42  Code  Gb  xdnorm.o [5]
__iar_Dscale            0x0800fa85    0x114  Code  Gb  xdscale.o [5]
__iar_Dtest             0x0800fa43     0x30  Code  Gb  xdtest.o [5]
__iar_Errno             0x200005dc      0x4  Data  Gb  errno.o [3]
__iar_Exp               0x0800f77d    0x2be  Code  Gb  xexp.o [5]
__iar_FDint             0x0800e0d1     0x4e  Code  Gb  xfdint.o [5]
__iar_FQuad             0x0800dfe5     0xc2  Code  Gb  xfquad.o [5]
__iar_FSin              0x0800ddc9    0x12a  Code  Gb  xfsin.o [5]
__iar_Locale_lconv_init
                        0x0800a6d1     0x3a  Code  Gb  localeconv.o [3]
__iar_Logpoly           0x0800f6cd     0x76  Code  Gb  xlog.o [5]
__iar_Mbcurmax          0x08009f05      0xa  Code  Gb  xmbcurmax.o [3]
__iar_Memchr            0x08009ead           Code  Gb  memchr.o [6]
__iar_Memset            0x08005745           Code  Gb  ABImemset.o [6]
__iar_Memset4_word      0x08012091           Code  Gb  ABImemset48.o [6]
__iar_Memset8_word      0x08012091           Code  Gb  ABImemset48.o [6]
__iar_Memset_word       0x0800574d           Code  Gb  ABImemset.o [6]
__iar_Quad              0x08011d79    0x12c  Code  Gb  xquad.o [5]
__iar_Sin               0x08010e35    0x3b2  Code  Gb  xsin.o [5]
__iar_Strchr            0x08009e5d           Code  Gb  strchr.o [6]
__iar_d2uiz             0x0800a501           Code  Gb  DblToI32.o [5]
__iar_dadd              0x0800a7d9           Code  Gb  DblAdd.o [5]
__iar_data_init3        0x08014051     0x28  Code  Gb  data_init.o [6]
__iar_dlfree            0x0800115f    0x510  Code  Gb  dlmalloc.o [3]
__iar_dlib_perthread_access
                        0x0800a8ad      0x2  Code  Gb  xtls.o [3]
__iar_dlmalloc          0x08000ea9    0x2aa  Code  Gb  dlmalloc.o [3]
__iar_dsub              0x0800a565           Code  Gb  DblSub.o [5]
__iar_dsubStart         0x0800a577           Code  Gb  DblSub.o [5]
__iar_edom              0x0800dc8d           Code  Gb  iarEdom.o [6]
__iar_fmod              0x08011ee9           Code  Gb  fmod.o [5]
__iar_fmodl             0x08011ee9           Code  Gb  fmod.o [5]
__iar_init_vfp          0x08014079           Code  Gb  fpinit_M.o [5]
__iar_lz77_init_single3
                        0x0800167f     0x76  Code  Gb  lz77_init_single.o [6]
__iar_program_start     0x080143a9           Code  Gb  cstartup_M.o [6]
__iar_softfp_cosf       0x0800d965     0x12  Code  Gb  cosf.o [5]
__iar_softfp_sinf       0x0800d977     0x12  Code  Gb  sinf.o [5]
__iar_softfp_sqrtf      0x0800c96d           Code  Gb  sqrtf.o [5]
__iar_sqrt              0x080108f1           Code  Gb  sqrt.o [5]
__iar_ui2d              0x0800a539           Code  Gb  I32ToDbl.o [5]
__iar_ul2f              0x0800ec75           Code  Gb  I64ToFlt.o [5]
__iar_unaligned___aeabi_memcpy
                        0x080054d5           Code  Gb  ABImemcpy_unaligned.o [6]
__iar_unaligned___aeabi_memcpy4
                        0x080054f5           Code  Gb  ABImemcpy_unaligned.o [6]
__iar_unaligned___aeabi_memcpy8
                        0x080054f5           Code  Gb  ABImemcpy_unaligned.o [6]
__iar_unaligned___aeabi_memmove
                        0x080102f9           Code  Gb  ABImemmove_unaligned.o [6]
__iar_unaligned___aeabi_memmove4
                        0x080102f9           Code  Gb  ABImemmove_unaligned.o [6]
__iar_unaligned___aeabi_memmove8
                        0x080102f9           Code  Gb  ABImemmove_unaligned.o [6]
__iar_unaligned_memcmp  0x08008c99           Code  Gb  memcmp_unaligned.o [6]
__iar_unaligned_strcpy  0x08003e15           Code  Gb  strcpy_unaligned.o [6]
__iar_vfp_fmodf         0x0800e121           Code  Gb  fmodf.o [5]
__iar_vfp_pow           0x0800f1f3     0x18  Code  Gb  pow.o [5]
__iar_vfp_sin           0x080108cd     0x12  Code  Gb  sin.o [5]
__iar_vfp_sqrt          0x080108e1           Code  Gb  sqrt.o [5]
__iar_vfp_sqrtl         0x080108e1           Code  Gb  sqrt.o [5]
__iar_xatanf            0x0800df41           Code  Gb  xatanf.o [5]
__iar_zero_init3        0x08013fb9     0x40  Code  Gb  zero_init3.o [6]
__low_level_init        0x0801416f      0x4  Code  Gb  low_level_init.o [3]
__print_result_location
                        0x08011875      0x2  Code  Lc  mpl.o [1]
__print_result_location
                        0x0800e209      0x2  Code  Lc  fast_no_motion.o [4]
__vector_table          0x08000000           Data  Gb  startup_stm32f4xx.o [1]
_call_main              0x08014161           Code  Gb  cmain.o [6]
_exit                   0x08014179           Code  Gb  cexit.o [6]
_gm_                    0x20017540    0x1d8  Data  Lc  dlmalloc.o [3]
_main                   0x0801416b           Code  Gb  cmain.o [6]
abort                   0x08001679      0x6  Code  Gb  abort.o [3]
abs                     0x08003e59      0x8  Code  Gb  abs.o [3]
accel_fusion            0x0800bef1    0x1f2  Code  Lc  quaternion_supervisor.o [4]
altitude                0x200183e0     0x28  Data  Lc  altitude.o [1]
altitude                0x20018430     0x28  Data  Lc  main.o [1]
altitude_queue          0x20018548      0x4  Data  Gb  altitude.o [1]
altitude_remove_angle_contribution
                        0x08010371    0x100  Code  Lc  altitude.o [1]
altitude_task           0x08010471    0x422  Code  Gb  altitude.o [1]
armed                   0x080133e5     0x2a  Code  Gb  main.o [1]
atan2f                  0x0800dc99           Code  Gb  atan2f.o [5]
barometer               0x20000000     0x28  Data  Gb  altitude.o [1]
decode_gesture          0x0800bc4b     0x58  Code  Lc  inv_mpu_dmp_motion_driver.o [1]
delay_ms                0x08002b2d      0xe  Code  Gb  freertos_time.o [1]
div                     0x0800a73d      0xe  Code  Gb  div.o [3]
dmp                     0x20018518     0x10  Data  Lc  inv_mpu_dmp_motion_driver.o [1]
dmp_enable_6x_lp_quat   0x0800bc09     0x42  Code  Gb  inv_mpu_dmp_motion_driver.o [1]
dmp_enable_feature      0x0800b955    0x230  Code  Gb  inv_mpu_dmp_motion_driver.o [1]
dmp_enable_gyro_cal     0x0800bb85     0x42  Code  Gb  inv_mpu_dmp_motion_driver.o [1]
dmp_enable_lp_quat      0x0800bbc7     0x42  Code  Gb  inv_mpu_dmp_motion_driver.o [1]
dmp_load_motion_driver_firmware
                        0x0800b4a9     0x18  Code  Gb  inv_mpu_dmp_motion_driver.o [1]
dmp_memory              0x0800a8b0    0xbf8  Data  Lc  inv_mpu_dmp_motion_driver.o [1]
dmp_read_fifo           0x0800bca9    0x220  Code  Gb  inv_mpu_dmp_motion_driver.o [1]
dmp_set_fifo_rate       0x0800b613     0x70  Code  Gb  inv_mpu_dmp_motion_driver.o [1]
dmp_set_orientation     0x0800b4c1    0x152  Code  Gb  inv_mpu_dmp_motion_driver.o [1]
dmp_set_shake_reject_thresh
[...]
inv_record_min_moment_in_motion_accel
                        0x0800e761     0x30  Code  Gb  fast_no_motion.o [4]
inv_record_min_moment_in_motion_gyro
                        0x0800e731     0x30  Code  Gb  fast_no_motion.o [4]
inv_register_data_cb    0x0800d5d1     0xea  Code  Gb  data_builder.o [1]
inv_register_load_store
                        0x0800dd1d     0x86  Code  Gb  storage_manager.o [1]
inv_register_mpl_start_notification
                        0x0800dc37     0x26  Code  Gb  start_manager.o [1]
inv_reset_compass_soft_iron_matrix
                        0x0800d8e1     0x50  Code  Gb  data_builder.o [1]
inv_reset_min_max_gyro_accel_statistics
                        0x0800e671     0x3a  Code  Gb  fast_no_motion.o [4]
inv_reset_packet        0x0800e6ab     0x26  Code  Lc  fast_no_motion.o [4]
inv_row_2_scale         0x0800d015     0x4e  Code  Lc  ml_math_func.o [1]
inv_sensor_data_preprocess
                        0x0800e835     0x8a  Code  Gb  fast_no_motion.o [4]
inv_set_accel_orientation_and_scale
                        0x0800d321     0x10  Code  Gb  data_builder.o [1]
inv_set_accel_sample_rate
                        0x0800d255     0x32  Code  Gb  data_builder.o [1]
inv_set_compass_bias_found
                        0x0800dbaf      0x6  Code  Gb  results_holder.o [1]
inv_set_compass_correction
                        0x0800d9b3     0x2a  Code  Gb  results_holder.o [1]
inv_set_contiguous      0x0800d749    0x106  Code  Lc  data_builder.o [1]
inv_set_default_number_of_samples
                        0x0800eae9     0x30  Code  Gb  fast_no_motion.o [4]
inv_set_gyro_bias       0x0800d39b     0x82  Code  Gb  data_builder.o [1]
inv_set_gyro_orientation_and_scale
                        0x0800d217     0x10  Code  Gb  data_builder.o [1]
inv_set_gyro_sample_rate
                        0x0800d227     0x2e  Code  Gb  data_builder.o [1]
inv_set_message         0x0800dda9     0x1c  Code  Gb  message_layer.o [1]
inv_set_motion_state    0x0800d9ef     0x56  Code  Gb  results_holder.o [1]
inv_start_9x_sensor_fusion
                        0x080101cf      0xc  Code  Gb  fusion_9axis.o [4]
inv_start_cb            0x20018258     0x54  Data  Lc  start_manager.o [1]
inv_start_eMPL_outputs  0x08011823     0x10  Code  Lc  eMPL_outputs.o [1]
inv_start_fast_nomot    0x0800eb6b     0x36  Code  Gb  fast_no_motion.o [4]
inv_start_gyro_tc       0x08011d1d      0xa  Code  Gb  gyro_tc.o [4]
inv_start_mpl           0x080118d5     0x22  Code  Gb  mpl.o [1]
inv_start_quaternion    0x0800c8a9     0x26  Code  Gb  quaternion_supervisor.o [4]
inv_start_results_holder
                        0x0800db41     0x12  Code  Gb  results_holder.o [1]
inv_store_gaming_quaternion
                        0x0800d989     0x2a  Code  Gb  results_holder.o [1]
is_aperture             0x08004c6b     0x16  Code  Gb  vl53l0x_api_calibration.o [1]
isr_read_duty           0x08012b51     0x54  Code  Gb  stm32f4xx_it.o [1]
isr_read_freq           0x08012afd     0x54  Code  Gb  stm32f4xx_it.o [1]
joystick_accuracy       0x080137ef     0x38  Code  Lc  joystick.o [1]
joystick_filter         0x08013755     0x9a  Code  Lc  joystick.o [1]
joystick_pitch          0x200001c4     0x4c  Data  Gb  main.o [1]
joystick_read_setpoint  0x08013829     0xca  Code  Gb  joystick.o [1]
joystick_read_thrust    0x080138f5     0x86  Code  Gb  joystick.o [1]
joystick_read_toggle    0x0801397d     0x5a  Code  Gb  joystick.o [1]
joystick_roll           0x20000178     0x4c  Data  Gb  main.o [1]
joystick_thrust         0x2000025c     0x4c  Data  Gb  main.o [1]
joystick_toggle         0x200002a8     0x4c  Data  Gb  main.o [1]
joystick_yaw            0x20000210     0x4c  Data  Gb  main.o [1]
laser                   0x20000028     0x14  Data  Gb  altitude.o [1]
laser_init              0x080109e1      0x8  Code  Gb  laser.o [1]
laser_read              0x080109e9     0x3c  Code  Gb  laser.o [1]
laser_read_average      0x08010a25     0x3e  Code  Gb  laser.o [1]
lidar                   0x2000003c      0xc  Data  Gb  altitude.o [1]
lnbias                  0x0800f210    0x420  Data  Lc  pow.o [5]
localeconv              0x0800a70b     0x16  Code  Gb  localeconv.o [3]
mag_disturb             0x20017fe4     0xb8  Data  Gb  mag_disturb.o [4]
main                    0x0801367b     0x64  Code  Gb  main.o [1]
main_task               0x08013411    0x23a  Code  Lc  main.o [1]
memchr                  0x08009ead           Code  Gb  memchr.o [6]
memcpy                  0x0800d12f      0xc  Code  Gb  memcpy.o [3]
memmove                 0x08010235      0xc  Code  Gb  memmove.o [6]
memset                  0x0800dc11     0x14  Code  Gb  memset.o [3]
mh                      0x2001856c      0x4  Data  Lc  message_layer.o [1]
mparams                 0x20018474     0x18  Data  Lc  dlmalloc.o [3]
mpl_key                 0x2000004c      0x4  Data  Gb  imu.o [1]
mpu_configure_fifo      0x08008481     0x7e  Code  Gb  inv_mpu.o [1]
mpu_get_accel_fsr       0x0800822d     0x46  Code  Gb  inv_mpu.o [1]
mpu_get_gyro_fsr        0x08008161     0x3c  Code  Gb  inv_mpu.o [1]
mpu_get_sample_rate     0x080083ad     0x1e  Code  Gb  inv_mpu.o [1]
mpu_get_temperature     0x08007e99     0x98  Code  Gb  inv_mpu.o [1]
mpu_init                0x08007c0d    0x17a  Code  Gb  inv_mpu.o [1]
mpu_load_firmware       0x08008a13     0xe8  Code  Gb  inv_mpu.o [1]
mpu_lp_accel_mode       0x08007d87     0xfe  Code  Gb  inv_mpu.o [1]
mpu_read_fifo_stream    0x080085ed     0xe4  Code  Gb  inv_mpu.o [1]
mpu_read_mem            0x0800898b     0x88  Code  Gb  inv_mpu.o [1]
mpu_reset_fifo          0x08007f35    0x22c  Code  Gb  inv_mpu.o [1]
mpu_set_accel_fsr       0x08008273     0x94  Code  Gb  inv_mpu.o [1]
mpu_set_bypass          0x080086d1    0x196  Code  Gb  inv_mpu.o [1]
mpu_set_dmp_state       0x08008afb     0x94  Code  Gb  inv_mpu.o [1]
mpu_set_gyro_fsr        0x0800819d     0x90  Code  Gb  inv_mpu.o [1]
mpu_set_int_latched     0x08008867     0x88  Code  Gb  inv_mpu.o [1]
mpu_set_lpf             0x0800830d     0xa0  Code  Gb  inv_mpu.o [1]
mpu_set_sample_rate     0x080083cb     0xb0  Code  Gb  inv_mpu.o [1]
mpu_set_sensors         0x080084ff     0xe8  Code  Gb  inv_mpu.o [1]
mpu_write_mem           0x080088f9     0x92  Code  Gb  inv_mpu.o [1]
pMyDevice               0x2000031c      0x4  Data  Gb  vl53l0x.o [1]
pcInterruptPriorityRegisters
                        0x080143e4      0x4  Data  Lc  port.o [1]
perform_ref_signal_measurement
                        0x08004d83     0x80  Code  Gb  vl53l0x_api_calibration.o [1]
pid_altitude            0x20000154     0x24  Data  Gb  main.o [1]
pid_calc                0x08013afd     0xac  Code  Gb  pid.o [1]
pid_pitch               0x2000010c     0x24  Data  Gb  main.o [1]
pid_roll                0x200000e8     0x24  Data  Gb  main.o [1]
pid_yaw                 0x20000130     0x24  Data  Gb  main.o [1]
prepend_alloc           0x08000209    0x36c  Code  Lc  dlmalloc.o [3]
printf2                 0x08008c61     0x38  Code  Gb  printf2.o [1]
printf2_init            0x08008b95     0x94  Code  Gb  printf2.o [1]
prvAddCurrentTaskToDelayedList
                        0x08004955     0x80  Code  Lc  tasks.o [1]
prvAddNewTaskToReadyList
                        0x08003f87     0xc0  Code  Lc  tasks.o [1]
prvCheckForValidListAndQueue
                        0x08005dd3     0x4c  Code  Lc  timers.o [1]
prvCheckTasksWaitingTermination
                        0x080046cd     0x64  Code  Lc  tasks.o [1]
prvCopyDataFromQueue    0x08006e05     0x2a  Code  Lc  queue.o [1]
prvCopyDataToQueue      0x08006d83     0x82  Code  Lc  queue.o [1]
prvDeleteTCB            0x0800475d     0x12  Code  Lc  tasks.o [1]
prvGetNextExpireTime    0x08005bf1     0x28  Code  Lc  timers.o [1]
prvHeapInit             0x08005701     0x26  Code  Lc  heap_2.o [1]
prvIdleTask             0x08004641     0x28  Code  Lc  tasks.o [1]
prvInitialiseNewQueue   0x08006935     0x22  Code  Lc  queue.o [1]
prvInitialiseNewTask    0x08003ed7     0xb0  Code  Lc  tasks.o [1]
prvInitialiseTaskLists  0x0800466d     0x54  Code  Lc  tasks.o [1]
prvInsertTimerInActiveList
                        0x08005c41     0x3e  Code  Lc  timers.o [1]
prvIsQueueEmpty         0x08006e9d     0x1c  Code  Lc  queue.o [1]
prvIsQueueFull          0x08006eb9     0x1e  Code  Lc  queue.o [1]
prvProcessExpiredTimer  0x08005b0f     0x5a  Code  Lc  timers.o [1]
prvProcessReceivedCommands
                        0x08005c7f     0xd6  Code  Lc  timers.o [1]
prvProcessTimerOrBlockTask
                        0x08005b81     0x70  Code  Lc  timers.o [1]
prvResetNextTaskUnblockTime
                        0x0800476f     0x28  Code  Lc  tasks.o [1]
prvSampleTimeNow        0x08005c19     0x28  Code  Lc  timers.o [1]
prvSwitchTimerLists     0x08005d55     0x7e  Code  Lc  timers.o [1]
prvTaskCheckFreeStackSpace
                        0x08004731     0x16  Code  Lc  tasks.o [1]
prvTaskExitError        0x0800586d     0x2a  Code  Lc  port.o [1]
prvTimerTask            0x08005b6d     0x14  Code  Lc  timers.o [1]
prvUnlockQueue          0x08006e2f     0x6e  Code  Lc  queue.o [1]
pvPortMalloc            0x08005611     0xb6  Code  Gb  heap_2.o [1]
pvTaskIncrementMutexHeldCount
                        0x08004915     0x1e  Code  Gb  tasks.o [1]
pwm_buzzer_init         0x08012797     0xf0  Code  Gb  pwm.o [1]
pwm_buzzer_set          0x0801278f      0x8  Code  Gb  pwm.o [1]
pwm_get_prescaler       0x080129f1     0x36  Code  Gb  pwm.o [1]
pwm_gpio_init           0x080128bd     0x5c  Code  Lc  pwm.o [1]
pwm_input_init          0x080125cd    0x1b2  Code  Gb  pwm.o [1]
pwm_output_compare_init
                        0x0801297f     0x6e  Code  Lc  pwm.o [1]
pwm_output_init         0x0801277f     0x10  Code  Gb  pwm.o [1]
pwm_set_duty_cycle      0x08012887     0x36  Code  Gb  pwm.o [1]
pwm_timebase_init       0x08012919     0x66  Code  Lc  pwm.o [1]
pxCurrentTCB            0x200185bc      0x4  Data  Gb  tasks.o [1]
pxCurrentTimerList      0x200185f8      0x4  Data  Lc  timers.o [1]
pxDelayedTaskList       0x200185c0      0x4  Data  Lc  tasks.o [1]
pxOverflowDelayedTaskList
                        0x200185c4      0x4  Data  Lc  tasks.o [1]
pxOverflowTimerList     0x200185fc      0x4  Data  Lc  timers.o [1]
pxPortInitialiseStack   0x08005845     0x28  Code  Gb  port.o [1]
pxReadyTasksLists       0x20018190     0x64  Data  Lc  tasks.o [1]
rangingTest             0x0801142b      0xa  Code  Gb  vl53l0x.o [1]
read_from_mpl_float     0x08010aa9     0xca  Code  Lc  imu.o [1]
refArrayQuadrants       0x200005cc     0x10  Data  Gb  vl53l0x_api_calibration.o [1]
reg                     0x080140fc     0x20  Data  Gb  inv_mpu.o [1]
rh                      0x2001809c     0x88  Data  Lc  results_holder.o [1]
s9axis                  0x20017eac    0x138  Data  Gb  fusion_9axis.o [4]
sStartAddress           0x080054d2      0x2  Data  Lc  inv_mpu_dmp_motion_driver.o [1]
scale                   0x08009963     0x46  Code  Lc  xprintflarge.o [3]
segment_holding         0x08000189     0x1a  Code  Lc  dlmalloc.o [3]
sensors                 0x200178dc    0x198  Data  Lc  data_builder.o [1]
sequence_step_enabled   0x080031d7     0x4e  Code  Gb  vl53l0x_api.o [1]
set_int_enable          0x08007b55     0xb8  Code  Lc  inv_mpu.o [1]
set_ref_spad_map        0x08004cb5     0x10  Code  Gb  vl53l0x_api_calibration.o [1]
set_sensor_orientation_and_scale
                        0x0800d211      0x6  Code  Gb  data_builder.o [1]
set_sequence_step_timeout
                        0x08001fdd    0x154  Code  Gb  vl53l0x_api_core.o [1]
sqrt                    0x080108f1           Code  Gb  sqrt.o [5]
sqrtf                   0x0800c97d           Code  Gb  sqrtf.o [5]
sqrtl                   0x080108f1           Code  Gb  sqrt.o [5]
st                      0x2000005c     0x2c  Data  Lc  inv_mpu.o [1]
stack_size_main         0x20018564      0x4  Data  Gb  main.o [1]
strchr                  0x08009e5d           Code  Gb  strchr.o [6]
strlen                  0x08009e75           Code  Gb  strlen.o [6]
sys_alloc               0x08000575    0x386  Code  Lc  dlmalloc.o [3]
telemetry_task          0x08013655     0x26  Code  Lc  main.o [1]
test                    0x08014028     0x28  Data  Gb  inv_mpu.o [1]
tim12_duty              0x200185a4      0x4  Data  Gb  stm32f4xx_it.o [1]
tim12_freq              0x200185b8      0x4  Data  Gb  stm32f4xx_it.o [1]
tim12_val               0x20018590      0x4  Data  Gb  stm32f4xx_it.o [1]
tim2_duty               0x20018594      0x4  Data  Gb  stm32f4xx_it.o [1]
tim2_freq               0x200185a8      0x4  Data  Gb  stm32f4xx_it.o [1]
tim2_val                0x20018580      0x4  Data  Gb  stm32f4xx_it.o [1]
tim3_duty               0x20018598      0x4  Data  Gb  stm32f4xx_it.o [1]
tim3_freq               0x200185ac      0x4  Data  Gb  stm32f4xx_it.o [1]
tim3_val                0x20018584      0x4  Data  Gb  stm32f4xx_it.o [1]
tim5_duty               0x2001859c      0x4  Data  Gb  stm32f4xx_it.o [1]
tim5_freq               0x200185b0      0x4  Data  Gb  stm32f4xx_it.o [1]
tim5_val                0x20018588      0x4  Data  Gb  stm32f4xx_it.o [1]
tim9_duty               0x200185a0      0x4  Data  Gb  stm32f4xx_it.o [1]
tim9_freq               0x200185b4      0x4  Data  Gb  stm32f4xx_it.o [1]
tim9_val                0x2001858c      0x4  Data  Gb  stm32f4xx_it.o [1]
tmalloc_large           0x08000909    0x390  Code  Lc  dlmalloc.o [3]
tmalloc_small           0x08000c99    0x210  Code  Lc  dlmalloc.o [3]
toggle                  0x20018568      0x4  Data  Lc  main.o [1]
ts2                     0x20018560      0x4  Data  Gb  imu.o [1]
ucHeap                  0x200046e0  0x12c00  Data  Lc  heap_2.o [1]
ucMaxSysCallPriority    0x20018614      0x1  Data  Lc  port.o [1]
ulMaxPRIGROUPValue      0x20018570      0x4  Data  Lc  port.o [1]
ulRegTest1LoopCounter   0x20018574      0x4  Data  Gb  reg_test.o [1]
ulRegTest2LoopCounter   0x20018578      0x4  Data  Gb  reg_test.o [1]
ulRegTestCheckFlopRegistersContainParameterValue
                        0x0801334f           Code  Gb  RegTest.o [1]
uxCriticalNesting       0x200002f4      0x4  Data  Lc  port.o [1]
uxCurrentNumberOfTasks  0x200185cc      0x4  Data  Lc  tasks.o [1]
uxDeletedTasksWaitingCleanUp
                        0x200185c8      0x4  Data  Lc  tasks.o [1]
uxListRemove            0x0800581d     0x26  Code  Gb  list.o [1]
uxPendedTicks           0x200185dc      0x4  Data  Lc  tasks.o [1]
uxSchedulerSuspended    0x200185f4      0x4  Data  Lc  tasks.o [1]
uxTaskGetStackHighWaterMark
                        0x08004747     0x16  Code  Gb  tasks.o [1]
uxTaskNumber            0x200185e8      0x4  Data  Lc  tasks.o [1]
uxTopReadyPriority      0x200185d4      0x4  Data  Lc  tasks.o [1]
vApplicationIdleHook    0x08005e5b      0x2  Code  Gb  application_hooks.o [1]
vApplicationMallocFailedHook
                        0x08005e4b     0x10  Code  Gb  application_hooks.o [1]
vApplicationStackOverflowHook
                        0x08005e5d     0x10  Code  Gb  application_hooks.o [1]
vApplicationTickHook    0x08005e49      0x2  Code  Gb  application_hooks.o [1]
vListInitialise         0x080057ab     0x1e  Code  Gb  list.o [1]
vListInitialiseItem     0x080057c9      0x6  Code  Gb  list.o [1]
vListInsert             0x080057e7     0x36  Code  Gb  list.o [1]
vListInsertEnd          0x080057cf     0x18  Code  Gb  list.o [1]
vPortEnableVFP          0x0800683d           Code  Gb  portasm.o [1]
vPortEnterCritical      0x0800592f     0x3a  Code  Gb  port.o [1]
vPortExitCritical       0x08005969     0x32  Code  Gb  port.o [1]
vPortFree               0x080056c7     0x3a  Code  Gb  heap_2.o [1]
vPortSetupTimerInterrupt
                        0x080059c3     0x1a  Code  Wk  port.o [1]
vPortStartFirstTask     0x08006825           Code  Gb  portasm.o [1]
vPortValidateInterruptPriority
                        0x080059dd     0x4a  Code  Gb  port.o [1]
vQueueAddToRegistry     0x08006ed7     0x24  Code  Gb  queue.o [1]
vQueueWaitForMessageRestricted
                        0x08006f05     0x4a  Code  Gb  queue.o [1]
vRegTest1Task           0x08013011           Code  Gb  RegTest.o [1]
vRegTest2Task           0x0801319b           Code  Gb  RegTest.o [1]
vRegTestClearFlopRegistersToParameterValue
                        0x0801332d           Code  Gb  RegTest.o [1]
vTaskDelay              0x080040e9     0x4c  Code  Gb  tasks.o [1]
vTaskDelayUntil         0x08004047     0xa2  Code  Gb  tasks.o [1]
vTaskMissedYield        0x08004631      0xa  Code  Gb  tasks.o [1]
vTaskPlaceOnEventList   0x0800447f     0x2e  Code  Gb  tasks.o [1]
vTaskPlaceOnEventListRestricted
                        0x080044ad     0x38  Code  Gb  tasks.o [1]
vTaskPriorityInherit    0x080047b7     0xaa  Code  Gb  tasks.o [1]
vTaskSetTimeOutState    0x08004583     0x26  Code  Gb  tasks.o [1]
vTaskStartScheduler     0x08004135     0x6e  Code  Gb  tasks.o [1]
vTaskSuspendAll         0x080041a3     0x10  Code  Gb  tasks.o [1]
vTaskSwitchContext      0x080043df     0xa0  Code  Gb  tasks.o [1]
vl53l0x_measurement     0x20018458     0x1c  Data  Gb  laser.o [1]
vsnprintf               0x08008e39     0x3c  Code  Gb  vsnprint.o [3]
vsprintf                0x08008e75     0x2c  Code  Gb  vsprintf.o [3]
xActiveTimerList1       0x200184f0     0x14  Data  Lc  timers.o [1]
xActiveTimerList2       0x20018504     0x14  Data  Lc  timers.o [1]
xDelayedTaskList1       0x2001848c     0x14  Data  Lc  tasks.o [1]
xDelayedTaskList2       0x200184a0     0x14  Data  Lc  tasks.o [1]
xEnd                    0x20018540      0x8  Data  Lc  heap_2.o [1]
xFreeBytesRemaining     0x20000048      0x4  Data  Lc  heap_2.o [1]
xIdleTaskHandle         0x200185f0      0x4  Data  Lc  tasks.o [1]
xNextTaskUnblockTime    0x200185ec      0x4  Data  Lc  tasks.o [1]
xNumOfOverflows         0x200185e4      0x4  Data  Lc  tasks.o [1]
xPendingReadyList       0x200184b4     0x14  Data  Lc  tasks.o [1]
xPortStartScheduler     0x08005897     0x98  Code  Gb  port.o [1]
xQueueGenericCreate     0x080068eb     0x4a  Code  Gb  queue.o [1]
xQueueGenericReceive    0x08006bc5    0x1be  Code  Gb  queue.o [1]
xQueueGenericReset      0x08006859     0x92  Code  Gb  queue.o [1]
xQueueGenericSend       0x08006957    0x196  Code  Gb  queue.o [1]
xQueueGenericSendFromISR
                        0x08006aed     0xd8  Code  Gb  queue.o [1]
xQueueRegistry          0x200182ac     0x40  Data  Gb  queue.o [1]
xSchedulerRunning       0x200185d8      0x4  Data  Lc  tasks.o [1]
xStart                  0x20018538      0x8  Data  Lc  heap_2.o [1]
xSuspendedTaskList      0x200184dc     0x14  Data  Lc  tasks.o [1]
xTaskCheckForTimeOut    0x080045b1     0x80  Code  Gb  tasks.o [1]
xTaskCreate             0x08003e61     0x76  Code  Gb  tasks.o [1]
xTaskGetSchedulerState  0x08004797     0x20  Code  Gb  tasks.o [1]
xTaskGetTickCount       0x080042ad      0x8  Code  Gb  tasks.o [1]
xTaskIncrementTick      0x080042b5    0x12a  Code  Gb  tasks.o [1]
xTaskPriorityDisinherit
                        0x08004861     0xb4  Code  Gb  tasks.o [1]
xTaskRemoveFromEventList
                        0x08004501     0x82  Code  Gb  tasks.o [1]
xTaskResumeAll          0x080041b3     0xfa  Code  Gb  tasks.o [1]
xTasksWaitingTermination
                        0x200184c8     0x14  Data  Lc  tasks.o [1]
xTickCount              0x200185d0      0x4  Data  Lc  tasks.o [1]
xTimerCreateTimerTask   0x08005a59     0x48  Code  Gb  timers.o [1]
xTimerGenericCommand    0x08005aa1     0x6e  Code  Gb  timers.o [1]
xTimerQueue             0x20018600      0x4  Data  Lc  timers.o [1]
xTimerTaskHandle        0x20018604      0x4  Data  Lc  timers.o [1]
xYieldPending           0x200185e0      0x4  Data  Lc  tasks.o [1]


[1] = C:\Users\klasl\Desktop\freertos_dmp2\Flash Debug\Obj
[2] = command line
[3] = dl7M_tlf.a
[4] = libmpllib.a
[5] = m7M_tls.a
[6] = rt7M_tl.a
[7] = shb_l.a

  79 222 bytes of readonly  code memory
   4 983 bytes of readonly  data memory
  99 860 bytes of readwrite data memory

Errors: none
Warnings: 12
