###############################################################################
#
# IAR ELF Linker V7.50.2.10312/W32 for ARM                28/Apr/2017  00:49:05
# Copyright 2007-2015 IAR Systems AB.
#
#    Output file  =  
#        C:\Users\klasl\Desktop\freertos_dmp2\Flash Debug\Exe\RTOSDemo.out
#    Map file     =  
#        C:\Users\klasl\Desktop\freertos_dmp2\Flash Debug\List\RTOSDemo.map
#    Command line =  
#        "C:\Users\klasl\Desktop\freertos_dmp2\Flash Debug\Obj\altitude.o"
#        "C:\Users\klasl\Desktop\freertos_dmp2\Flash
#        Debug\Obj\application_hooks.o"
#        "C:\Users\klasl\Desktop\freertos_dmp2\Flash Debug\Obj\barometer.o"
#        "C:\Users\klasl\Desktop\freertos_dmp2\Flash Debug\Obj\data_builder.o"
#        "C:\Users\klasl\Desktop\freertos_dmp2\Flash Debug\Obj\eMPL_outputs.o"
#        "C:\Users\klasl\Desktop\freertos_dmp2\Flash Debug\Obj\esc.o"
#        "C:\Users\klasl\Desktop\freertos_dmp2\Flash Debug\Obj\event_groups.o"
#        "C:\Users\klasl\Desktop\freertos_dmp2\Flash Debug\Obj\filter.o"
#        "C:\Users\klasl\Desktop\freertos_dmp2\Flash Debug\Obj\freertos_time.o"
#        "C:\Users\klasl\Desktop\freertos_dmp2\Flash Debug\Obj\gpio.o"
#        "C:\Users\klasl\Desktop\freertos_dmp2\Flash Debug\Obj\hal_outputs.o"
#        "C:\Users\klasl\Desktop\freertos_dmp2\Flash Debug\Obj\hardware.o"
#        "C:\Users\klasl\Desktop\freertos_dmp2\Flash Debug\Obj\heap_2.o"
#        "C:\Users\klasl\Desktop\freertos_dmp2\Flash Debug\Obj\i2c.o"
#        "C:\Users\klasl\Desktop\freertos_dmp2\Flash Debug\Obj\i2c_1.o"
#        "C:\Users\klasl\Desktop\freertos_dmp2\Flash Debug\Obj\imu.o"
#        "C:\Users\klasl\Desktop\freertos_dmp2\Flash Debug\Obj\inv_mpu.o"
#        "C:\Users\klasl\Desktop\freertos_dmp2\Flash
#        Debug\Obj\inv_mpu_dmp_motion_driver.o"
#        "C:\Users\klasl\Desktop\freertos_dmp2\Flash Debug\Obj\joystick.o"
#        "C:\Users\klasl\Desktop\freertos_dmp2\Flash Debug\Obj\kalman.o"
#        "C:\Users\klasl\Desktop\freertos_dmp2\Flash Debug\Obj\laser.o"
#        C:\Users\klasl\Desktop\freertos_dmp2\invensense_dmp\mpl\libmpllib.a
#        "C:\Users\klasl\Desktop\freertos_dmp2\Flash Debug\Obj\lidar.o"
#        "C:\Users\klasl\Desktop\freertos_dmp2\Flash Debug\Obj\list.o"
#        "C:\Users\klasl\Desktop\freertos_dmp2\Flash Debug\Obj\main.o"
#        "C:\Users\klasl\Desktop\freertos_dmp2\Flash Debug\Obj\message_layer.o"
#        "C:\Users\klasl\Desktop\freertos_dmp2\Flash Debug\Obj\misc.o"
#        "C:\Users\klasl\Desktop\freertos_dmp2\Flash Debug\Obj\ml_math_func.o"
#        "C:\Users\klasl\Desktop\freertos_dmp2\Flash Debug\Obj\mlmath.o"
#        "C:\Users\klasl\Desktop\freertos_dmp2\Flash Debug\Obj\mpl.o"
#        "C:\Users\klasl\Desktop\freertos_dmp2\Flash Debug\Obj\pid.o"
#        "C:\Users\klasl\Desktop\freertos_dmp2\Flash Debug\Obj\port.o"
#        "C:\Users\klasl\Desktop\freertos_dmp2\Flash Debug\Obj\portasm.o"
#        "C:\Users\klasl\Desktop\freertos_dmp2\Flash Debug\Obj\printf2.o"
#        "C:\Users\klasl\Desktop\freertos_dmp2\Flash Debug\Obj\pwm.o"
#        "C:\Users\klasl\Desktop\freertos_dmp2\Flash Debug\Obj\queue.o"
#        "C:\Users\klasl\Desktop\freertos_dmp2\Flash Debug\Obj\reg_test.o"
#        "C:\Users\klasl\Desktop\freertos_dmp2\Flash Debug\Obj\RegTest.o"
#        "C:\Users\klasl\Desktop\freertos_dmp2\Flash
#        Debug\Obj\results_holder.o"
#        "C:\Users\klasl\Desktop\freertos_dmp2\Flash Debug\Obj\start_manager.o"
#        "C:\Users\klasl\Desktop\freertos_dmp2\Flash
#        Debug\Obj\startup_stm32f4xx.o"
#        "C:\Users\klasl\Desktop\freertos_dmp2\Flash Debug\Obj\stm32f4xx_adc.o"
#        "C:\Users\klasl\Desktop\freertos_dmp2\Flash Debug\Obj\stm32f4xx_can.o"
#        "C:\Users\klasl\Desktop\freertos_dmp2\Flash Debug\Obj\stm32f4xx_crc.o"
#        "C:\Users\klasl\Desktop\freertos_dmp2\Flash
#        Debug\Obj\stm32f4xx_cryp.o"
#        "C:\Users\klasl\Desktop\freertos_dmp2\Flash
#        Debug\Obj\stm32f4xx_cryp_aes.o"
#        "C:\Users\klasl\Desktop\freertos_dmp2\Flash
#        Debug\Obj\stm32f4xx_cryp_des.o"
#        "C:\Users\klasl\Desktop\freertos_dmp2\Flash
#        Debug\Obj\stm32f4xx_cryp_tdes.o"
#        "C:\Users\klasl\Desktop\freertos_dmp2\Flash Debug\Obj\stm32f4xx_dac.o"
#        "C:\Users\klasl\Desktop\freertos_dmp2\Flash
#        Debug\Obj\stm32f4xx_dbgmcu.o"
#        "C:\Users\klasl\Desktop\freertos_dmp2\Flash
#        Debug\Obj\stm32f4xx_dcmi.o"
#        "C:\Users\klasl\Desktop\freertos_dmp2\Flash Debug\Obj\stm32f4xx_dma.o"
#        "C:\Users\klasl\Desktop\freertos_dmp2\Flash
#        Debug\Obj\stm32f4xx_exti.o"
#        "C:\Users\klasl\Desktop\freertos_dmp2\Flash
#        Debug\Obj\stm32f4xx_flash.o"
#        "C:\Users\klasl\Desktop\freertos_dmp2\Flash
#        Debug\Obj\stm32f4xx_fsmc.o"
#        "C:\Users\klasl\Desktop\freertos_dmp2\Flash
#        Debug\Obj\stm32f4xx_gpio.o"
#        "C:\Users\klasl\Desktop\freertos_dmp2\Flash
#        Debug\Obj\stm32f4xx_hash.o"
#        "C:\Users\klasl\Desktop\freertos_dmp2\Flash
#        Debug\Obj\stm32f4xx_hash_md5.o"
#        "C:\Users\klasl\Desktop\freertos_dmp2\Flash
#        Debug\Obj\stm32f4xx_hash_sha1.o"
#        "C:\Users\klasl\Desktop\freertos_dmp2\Flash Debug\Obj\stm32f4xx_i2c.o"
#        "C:\Users\klasl\Desktop\freertos_dmp2\Flash Debug\Obj\stm32f4xx_it.o"
#        "C:\Users\klasl\Desktop\freertos_dmp2\Flash
#        Debug\Obj\stm32f4xx_iwdg.o"
#        "C:\Users\klasl\Desktop\freertos_dmp2\Flash Debug\Obj\stm32f4xx_pwr.o"
#        "C:\Users\klasl\Desktop\freertos_dmp2\Flash Debug\Obj\stm32f4xx_rcc.o"
#        "C:\Users\klasl\Desktop\freertos_dmp2\Flash Debug\Obj\stm32f4xx_rng.o"
#        "C:\Users\klasl\Desktop\freertos_dmp2\Flash Debug\Obj\stm32f4xx_rtc.o"
#        "C:\Users\klasl\Desktop\freertos_dmp2\Flash
#        Debug\Obj\stm32f4xx_sdio.o"
#        "C:\Users\klasl\Desktop\freertos_dmp2\Flash Debug\Obj\stm32f4xx_spi.o"
#        "C:\Users\klasl\Desktop\freertos_dmp2\Flash
#        Debug\Obj\stm32f4xx_syscfg.o"
#        "C:\Users\klasl\Desktop\freertos_dmp2\Flash Debug\Obj\stm32f4xx_tim.o"
#        "C:\Users\klasl\Desktop\freertos_dmp2\Flash
#        Debug\Obj\stm32f4xx_usart.o"
#        "C:\Users\klasl\Desktop\freertos_dmp2\Flash
#        Debug\Obj\stm32f4xx_wwdg.o"
#        "C:\Users\klasl\Desktop\freertos_dmp2\Flash
#        Debug\Obj\storage_manager.o"
#        "C:\Users\klasl\Desktop\freertos_dmp2\Flash
#        Debug\Obj\system_stm32f4xx.o"
#        "C:\Users\klasl\Desktop\freertos_dmp2\Flash Debug\Obj\tasks.o"
#        "C:\Users\klasl\Desktop\freertos_dmp2\Flash Debug\Obj\timers.o"
#        "C:\Users\klasl\Desktop\freertos_dmp2\Flash Debug\Obj\tiny_ekf.o"
#        "C:\Users\klasl\Desktop\freertos_dmp2\Flash Debug\Obj\uart.o"
#        "C:\Users\klasl\Desktop\freertos_dmp2\Flash Debug\Obj\ultrasonic.o"
#        "C:\Users\klasl\Desktop\freertos_dmp2\Flash Debug\Obj\vl53l0x.o"
#        "C:\Users\klasl\Desktop\freertos_dmp2\Flash Debug\Obj\vl53l0x_api.o"
#        "C:\Users\klasl\Desktop\freertos_dmp2\Flash
#        Debug\Obj\vl53l0x_api_calibration.o"
#        "C:\Users\klasl\Desktop\freertos_dmp2\Flash
#        Debug\Obj\vl53l0x_api_core.o"
#        "C:\Users\klasl\Desktop\freertos_dmp2\Flash
#        Debug\Obj\vl53l0x_api_ranging.o"
#        "C:\Users\klasl\Desktop\freertos_dmp2\Flash
#        Debug\Obj\vl53l0x_api_strings.o"
#        "C:\Users\klasl\Desktop\freertos_dmp2\Flash
#        Debug\Obj\vl53l0x_i2c_comms.o"
#        "C:\Users\klasl\Desktop\freertos_dmp2\Flash
#        Debug\Obj\vl53l0x_platform.o" --redirect _Printf=_PrintfLarge
#        --redirect _Scanf=_ScanfSmall -o
#        "C:\Users\klasl\Desktop\freertos_dmp2\Flash Debug\Exe\RTOSDemo.out"
#        --map "C:\Users\klasl\Desktop\freertos_dmp2\Flash
#        Debug\List\RTOSDemo.map" --config "C:\Program Files (x86)\IAR
#        Systems\Embedded Workbench 7.3_2\arm\config\linker\ST\stm32f407xG.icf"
#        --semihosting --entry __iar_program_start --redirect
#        __iar_sh_stdout=__iar_sh_stdout_swo --vfe
#
###############################################################################

*******************************************************************************
*** MESSAGES
***

Warning[Lt049]: Potential floating point parameter passing conflict. The first
          module below references the second and they have been built with
          different settings.
          AAPCS, VFP variant: C:\Users\klasl\Desktop\freertos_dmp2\Flash
                    Debug\Obj\imu.o
          AAPCS, base variant: quaternion_supervisor.o(libmpllib.a)
Warning[Lt049]: Potential floating point parameter passing conflict. The first
          module below references the second and they have been built with
          different settings.
          AAPCS, VFP variant: C:\Users\klasl\Desktop\freertos_dmp2\Flash
                    Debug\Obj\imu.o
          AAPCS, base variant: fusion_9axis.o(libmpllib.a)
Warning[Lt049]: Potential floating point parameter passing conflict. The first
          module below references the second and they have been built with
          different settings.
          AAPCS, VFP variant: C:\Users\klasl\Desktop\freertos_dmp2\Flash
                    Debug\Obj\imu.o
          AAPCS, base variant: fast_no_motion.o(libmpllib.a)
Warning[Lt049]: Potential floating point parameter passing conflict. The first
          module below references the second and they have been built with
          different settings.
          AAPCS, VFP variant: C:\Users\klasl\Desktop\freertos_dmp2\Flash
                    Debug\Obj\imu.o
          AAPCS, base variant: gyro_tc.o(libmpllib.a)
Warning[Lt049]: Potential floating point parameter passing conflict. The first
          module below references the second and they have been built with
          different settings.
          AAPCS, base variant: fusion_9axis.o(libmpllib.a)
          AAPCS, VFP variant: C:\Users\klasl\Desktop\freertos_dmp2\Flash
                    Debug\Obj\ml_math_func.o
Warning[Lt049]: Potential floating point parameter passing conflict. The first
          module below references the second and they have been built with
          different settings.
          AAPCS, base variant: fusion_9axis.o(libmpllib.a)
          AAPCS, VFP variant: C:\Users\klasl\Desktop\freertos_dmp2\Flash
                    Debug\Obj\results_holder.o
Warning[Lt049]: Potential floating point parameter passing conflict. The first
          module below references the second and they have been built with
          different settings.
          AAPCS, base variant: fast_no_motion.o(libmpllib.a)
          AAPCS, VFP variant: C:\Users\klasl\Desktop\freertos_dmp2\Flash
                    Debug\Obj\ml_math_func.o
Warning[Lt049]: Potential floating point parameter passing conflict. The first
          module below references the second and they have been built with
          different settings.
          AAPCS, base variant: fast_no_motion.o(libmpllib.a)
          AAPCS, VFP variant: C:\Users\klasl\Desktop\freertos_dmp2\Flash
                    Debug\Obj\results_holder.o
Warning[Lt049]: Potential floating point parameter passing conflict. The first
          module below references the second and they have been built with
          different settings.
          AAPCS, base variant: gyro_tc.o(libmpllib.a)
          AAPCS, VFP variant: C:\Users\klasl\Desktop\freertos_dmp2\Flash
                    Debug\Obj\results_holder.o
Warning[Lt049]: Potential floating point parameter passing conflict. The first
          module below references the second and they have been built with
          different settings.
          AAPCS, base variant: quaternion_supervisor.o(libmpllib.a)
          AAPCS, VFP variant: C:\Users\klasl\Desktop\freertos_dmp2\Flash
                    Debug\Obj\ml_math_func.o
Warning[Lt049]: Potential floating point parameter passing conflict. The first
          module below references the second and they have been built with
          different settings.
          AAPCS, base variant: quaternion_supervisor.o(libmpllib.a)
          AAPCS, VFP variant: C:\Users\klasl\Desktop\freertos_dmp2\Flash
                    Debug\Obj\results_holder.o
Warning[Lt049]: Potential floating point parameter passing conflict. The first
          module below references the second and they have been built with
          different settings.
          AAPCS, base variant: quaternion_supervisor.o(libmpllib.a)
          AAPCS, VFP variant: C:\Users\klasl\Desktop\freertos_dmp2\Flash
                    Debug\Obj\imu.o


*******************************************************************************
*** RUNTIME MODEL ATTRIBUTES
***

CppFlavor                     = *
__Heap_Handler                = DLMalloc
__SystemLibrary               = DLib
__dlib_dynamic_initialization = normal


*******************************************************************************
*** PLACEMENT SUMMARY
***

"A1":  place at 0x08000000 { ro section .intvec };
"P1":  place in [from 0x08000000 to 0x080fffff] { ro };
"P2":  place in [from 0x20000000 to 0x2001ffff] { rw, block CSTACK, block HEAP };

  Section             Kind        Address     Size  Object
  -------             ----        -------     ----  ------
"A1":                                        0x188
  .intvec             ro code  0x08000000    0x188  startup_stm32f4xx.o [1]
                             - 0x08000188    0x188

"P1":                                      0x14615
  .text               ro code  0x08000188   0x14f0  dlmalloc.o [3]
  .text               ro code  0x08001678      0x6  abort.o [3]
  .text               ro code  0x0800167e     0x76  lz77_init_single.o [6]
  .text               ro code  0x080016f4     0x2c  xgetmemchunk.o [3]
  .text               ro code  0x08001720     0x14  exit.o [7]
  .text               ro code  0x08001734   0x13f8  vl53l0x_api_core.o [1]
  .text               ro code  0x08002b2c     0x22  freertos_time.o [1]
  .text               ro code  0x08002b4e     0x1a  xsnprout.o [3]
  .text               ro code  0x08002b68   0x113a  vl53l0x_api.o [1]
  .text               ro code  0x08003ca2      0xa  xsprout.o [3]
  .text               ro code  0x08003cac    0x166  vl53l0x_platform.o [1]
  .rodata             const    0x08003e12      0x2  heap_2.o [1]
  .text               ro code  0x08003e14     0x44  strcpy_unaligned.o [6]
  .text               ro code  0x08003e58      0x8  abs.o [3]
  .text               ro code  0x08003e60    0xbb4  tasks.o [1]
  .text               ro code  0x08004a14    0x194  vl53l0x_api_strings.o [1]
  .text               ro code  0x08004ba8    0x92a  vl53l0x_api_calibration.o [1]
  .rodata             const    0x080054d2      0x2  inv_mpu_dmp_motion_driver.o [1]
  .text               ro code  0x080054d4     0x76  ABImemcpy_unaligned.o [6]
  .text               ro code  0x0800554a     0xc6  vl53l0x_i2c_comms.o [1]
  .text               ro code  0x08005610    0x134  heap_2.o [1]
  .text               ro code  0x08005744     0x66  ABImemset.o [6]
  .text               ro code  0x080057aa     0x98  list.o [1]
  .text               ro code  0x08005844    0x214  port.o [1]
  .text               ro code  0x08005a58    0x3f0  timers.o [1]
  .text               ro code  0x08005e48     0x24  application_hooks.o [1]
  .text               ro code  0x08005e6c    0xa34  i2c_1.o [1]
  CODE                ro code  0x080068a0     0xa8  portasm.o [1]
  .text               ro code  0x08006948    0x6f6  queue.o [1]
  .text               ro code  0x08007040    0x188  stm32f4xx_rcc.o [1]
  .text               ro code  0x080071c8     0xf4  stm32f4xx_gpio.o [1]
  .text               ro code  0x080072bc    0x242  stm32f4xx_i2c.o [1]
  .text               ro code  0x08007500    0x744  i2c.o [1]
  .text               ro code  0x08007c44   0x1040  inv_mpu.o [1]
  .text               ro code  0x08008c84    0x104  printf2.o [1]
  .text               ro code  0x08008d88     0x62  memcmp_unaligned.o [6]
  .text               ro code  0x08008dec    0x13a  stm32f4xx_usart.o [1]
  .text               ro code  0x08008f28     0x3c  vsnprint.o [3]
  .text               ro code  0x08008f64     0x2c  vsprintf.o [3]
  .text               ro code  0x08008f90    0xf9a  xprintflarge.o [3]
  .text               ro code  0x08009f2a     0x20  xmbtowc.o [3]
  .text               ro code  0x08009f4c     0x16  strchr.o [6]
  .text               ro code  0x08009f64     0x36  strlen.o [6]
  .text               ro code  0x08009f9c     0x58  memchr.o [6]
  .text               ro code  0x08009ff4      0xa  xmbcurmax.o [3]
  .text               ro code  0x08009ffe     0x1a  xwctomb.o [3]
  .text               ro code  0x0800a018    0x132  I64DivMod.o [6]
  .text               ro code  0x0800a14c    0x1a2  DblMul.o [5]
  .text               ro code  0x0800a2ee     0x42  xdnorm.o [5]
  .text               ro code  0x0800a330     0x2e  DblCmpLe.o [5]
  .text               ro code  0x0800a360    0x256  DblDiv.o [5]
  .text               ro code  0x0800a5b8     0x58  DblToI32.o [5]
  .text               ro code  0x0800a610     0x30  I32ToDbl.o [5]
  .text               ro code  0x0800a640    0x180  DblSub.o [5]
  .text               ro code  0x0800a7c0     0x6c  localeconv.o [3]
  .text               ro code  0x0800a82c      0xe  div.o [3]
  .text               ro code  0x0800a83c     0x14  setlocale.o [3]
  .text               ro code  0x0800a850     0x60  xencoding_sb.o [3]
  .text               ro code  0x0800a8b0      0x2  I64DivZer.o [6]
  .text               ro code  0x0800a8b4     0xe8  DblAdd.o [5]
  .text               ro code  0x0800a99c      0x2  xtls.o [3]
  .rodata             const    0x0800a9a0    0xbf8  inv_mpu_dmp_motion_driver.o [1]
  .text               ro code  0x0800b598    0xa48  inv_mpu_dmp_motion_driver.o [1]
  .text               ro code  0x0800bfe0    0xa48  quaternion_supervisor.o [4]
  .text               ro code  0x0800ca28      0xe  S32ToFlt.o [5]
  .text               ro code  0x0800ca36     0x12  FltMul.o [5]
  .text               ro code  0x0800ca48     0x12  FltAdd.o [5]
  .text               ro code  0x0800ca5c     0x2c  sqrtf.o [5]
  .text               ro code  0x0800ca88     0x4e  FltToDbl.o [5]
  .text               ro code  0x0800cad8     0x2e  DblCmpGe.o [5]
  .text               ro code  0x0800cb06     0x12  FltDiv.o [5]
  .text               ro code  0x0800cb18    0x6d2  ml_math_func.o [1]
  .text               ro code  0x0800d1ec     0x24  FltCmpLe.o [5]
  .text               ro code  0x0800d210      0xe  FltToS32.o [5]
  .text               ro code  0x0800d21e      0xc  memcpy.o [3]
  .text               ro code  0x0800d22a     0x12  FltSub.o [5]
  .text               ro code  0x0800d23c     0x24  FltCmpGe.o [5]
  .text               ro code  0x0800d260    0x7f4  data_builder.o [1]
  .text               ro code  0x0800da54     0x12  cosf.o [5]
  .text               ro code  0x0800da66     0x12  sinf.o [5]
  .text               ro code  0x0800da78    0x288  results_holder.o [1]
  .text               ro code  0x0800dd00     0x14  memset.o [3]
  .text               ro code  0x0800dd14     0x68  start_manager.o [1]
  .text               ro code  0x0800dd7c      0xc  iarEdom.o [6]
  .text               ro code  0x0800dd88     0x6a  atan2f.o [5]
  .text               ro code  0x0800ddf4     0xa4  storage_manager.o [1]
  .text               ro code  0x0800de98     0x20  message_layer.o [1]
  .text               ro code  0x0800deb8    0x16c  xfsin.o [5]
  .text               ro code  0x0800e024      0xc  errno.o [3]
  .text               ro code  0x0800e030     0xa4  xatanf.o [5]
  .text               ro code  0x0800e0d4     0xec  xfquad.o [5]
  .text               ro code  0x0800e1c0     0x4e  xfdint.o [5]
  .text               ro code  0x0800e210     0xe6  fmodf.o [5]
  .text               ro code  0x0800e2f8    0xa44  fast_no_motion.o [4]
  .text               ro code  0x0800ed3c     0x62  I64ToFlt.o [5]
  .text               ro code  0x0800eda0     0x76  FltToS64.o [5]
  .text               ro code  0x0800ee18     0x22  S64Shr.o [6]
  .text               ro code  0x0800ee3c     0x22  I64Shl.o [6]
  .text               ro code  0x0800ee60    0x8c0  pow.o [5]
  .text               ro code  0x0800f720     0x7a  xdint.o [5]
  .text               ro code  0x0800f79c     0x20  DblCmpEq.o [5]
  .text               ro code  0x0800f7bc     0xb0  xlog.o [5]
  .text               ro code  0x0800f86c    0x2c6  xexp.o [5]
  .text               ro code  0x0800fb32     0x40  xdtest.o [5]
  .text               ro code  0x0800fb74    0x114  xdscale.o [5]
  .text               ro code  0x0800fc88    0x69c  fusion_9axis.o [4]
  .text               ro code  0x08010324      0xc  memmove.o [6]
  .text               ro code  0x08010330     0x1c  FltCmpEq.o [5]
  .text               ro code  0x0801034c     0x90  DblToFlt.o [5]
  .text               ro code  0x080103dc      0xc  mag_disturb.o [4]
  .text               ro code  0x080103e8     0x78  ABImemmove_unaligned.o [6]
  .text               ro code  0x08010460    0x508  stm32f4xx_tim.o [1]
  .text               ro code  0x08010968    0x474  stm32f4xx_it.o [1]
  .text               ro code  0x08010ddc    0x3a0  imu.o [1]
  .text               ro code  0x0801117c     0xa0  stm32f4xx_exti.o [1]
  .text               ro code  0x0801121c    0x440  eMPL_outputs.o [1]
  .text               ro code  0x0801165c     0x90  mpl.o [1]
  .text               ro code  0x080116ec    0x474  gyro_tc.o [4]
  .text               ro code  0x08011b60      0x6  ABImemclr4.o [6]
  .text               ro code  0x08011b68     0x32  ABImemset48.o [6]
  .text               ro code  0x08011b9c    0x450  xsin.o [5]
  .text               ro code  0x08011fec    0x168  xquad.o [5]
  .text               ro code  0x08012154    0x1a8  fmod.o [5]
  CODE                ro code  0x080122fc    0x3d4  RegTest.o [1]
  .text               ro code  0x080126d0    0x3a4  altitude.o [1]
  .text               ro code  0x08012a74     0x12  sin.o [5]
  .text               ro code  0x08012a88    0x100  sqrt.o [5]
  .text               ro code  0x08012b88    0x114  barometer.o [1]
  .text               ro code  0x08012c9c     0x90  laser.o [1]
  .text               ro code  0x08012d2c      0xc  lidar.o [1]
  .text               ro code  0x08012d38     0x16  filter.o [1]
  .text               ro code  0x08012d50    0x1b0  vl53l0x.o [1]
  .text               ro code  0x08012f00    0x3a0  pwm.o [1]
  .text               ro code  0x080132a0     0x80  misc.o [1]
  .text               ro code  0x08013320    0x354  main.o [1]
  .text               ro code  0x08013674    0x1e4  joystick.o [1]
  .text               ro code  0x08013858    0x11c  esc.o [1]
  .text               ro code  0x08013974     0xac  pid.o [1]
  .text               ro code  0x08013a20     0xac  hardware.o [1]
  .text               ro code  0x08013acc    0x1fc  system_stm32f4xx.o [1]
  .text               ro code  0x08013cc8      0xc  stm32f4xx_pwr.o [1]
  .text               ro code  0x08013cd4     0x80  gpio.o [1]
  .text               ro code  0x08013d54     0x54  stm32f4xx_syscfg.o [1]
  .rodata             const    0x08013da8     0x44  mpl.o [1]
  .rodata             const    0x08013dec     0x40  vl53l0x_api.o [1]
  .text               ro code  0x08013e2c     0x40  zero_init3.o [6]
  .rodata             const    0x08013e6c     0x28  inv_mpu.o [1]
  .text               ro code  0x08013e94     0x28  data_init.o [6]
  .rodata             const    0x08013ebc     0x24  altitude.o [1]
  .text               ro code  0x08013ee0     0x22  fpinit_M.o [5]
  .iar.init_table     const    0x08013f04     0x20  - Linker created -
  .rodata             const    0x08013f24     0x20  altitude.o [1]
  .rodata             const    0x08013f44     0x20  imu.o [1]
  .rodata             const    0x08013f64     0x20  inv_mpu.o [1]
  .rodata             const    0x08013f84     0x1c  barometer.o [1]
  .rodata             const    0x08013fa0     0x1c  imu.o [1]
  .rodata             const    0x08013fbc     0x1c  imu.o [1]
  .text               ro code  0x08013fd8     0x1a  cmain.o [6]
  .text               ro code  0x08013ff2      0x4  low_level_init.o [3]
  .text               ro code  0x08013ff6      0x4  exit.o [3]
  .text               ro code  0x08013ffc      0xa  cexit.o [6]
  .rodata             const    0x08014008     0x18  barometer.o [1]
  .rodata             const    0x08014020     0x18  main.o [1]
  .rodata             const    0x08014038     0x18  vl53l0x.o [1]
  .rodata             const    0x08014050     0x18  vl53l0x.o [1]
  .rodata             const    0x08014068     0x18  vl53l0x_api_strings.o [1]
  .rodata             const    0x08014080     0x14  imu.o [1]
  .rodata             const    0x08014094     0x14  imu.o [1]
  .rodata             const    0x080140a8     0x10  altitude.o [1]
  .rodata             const    0x080140b8     0x10  barometer.o [1]
  .rodata             const    0x080140c8     0x10  hardware.o [1]
  .rodata             const    0x080140d8     0x10  imu.o [1]
  .rodata             const    0x080140e8     0x10  main.o [1]
  .rodata             const    0x080140f8     0x10  main.o [1]
  .rodata             const    0x08014108     0x10  mpl.o [1]
  .rodata             const    0x08014118     0x10  mpl.o [1]
  .rodata             const    0x08014128     0x10  pwm.o [1]
  .rodata             const    0x08014138     0x10  pwm.o [1]
  .rodata             const    0x08014148     0x10  vl53l0x.o [1]
  .rodata             const    0x08014158     0x10  vl53l0x_api_strings.o [1]
  .rodata             const    0x08014168     0x10  vl53l0x_api_strings.o [1]
  .text               ro code  0x08014178     0x10  startup_stm32f4xx.o [1]
  .rodata             const    0x08014188      0xc  esc.o [1]
  .rodata             const    0x08014194      0xc  imu.o [1]
  .rodata             const    0x080141a0      0xc  imu.o [1]
  .rodata             const    0x080141ac      0xc  inv_mpu.o [1]
  .rodata             const    0x080141b8      0xc  inv_mpu_dmp_motion_driver.o [1]
  .rodata             const    0x080141c4      0xc  inv_mpu_dmp_motion_driver.o [1]
  .rodata             const    0x080141d0      0xc  inv_mpu_dmp_motion_driver.o [1]
  .rodata             const    0x080141dc      0xc  main.o [1]
  .rodata             const    0x080141e8      0xc  main.o [1]
  .rodata             const    0x080141f4      0xc  vl53l0x_api_strings.o [1]
  .rodata             const    0x08014200      0xc  vl53l0x_api_strings.o [1]
  .rodata             const    0x0801420c      0xc  vl53l0x_api_strings.o [1]
  .rodata             const    0x08014218      0xc  vl53l0x_api_strings.o [1]
  .rodata             const    0x08014224      0xc  vl53l0x_api_strings.o [1]
  .rodata             const    0x08014230      0xc  vl53l0x_api_strings.o [1]
  .rodata             const    0x0801423c      0xc  vl53l0x_api_strings.o [1]
  .rodata             const    0x08014248      0xc  vl53l0x_api_strings.o [1]
  .text               ro code  0x08014254      0xc  cstartup_M.o [6]
  .rodata             const    0x08014260      0x8  main.o [1]
  .rodata             const    0x08014268      0x8  main.o [1]
  .rodata             const    0x08014270      0x8  tasks.o [1]
  .rodata             const    0x08014278      0x8  timers.o [1]
  .rodata             const    0x08014280      0x8  timers.o [1]
  .rodata             const    0x08014288      0x8  vl53l0x_api_strings.o [1]
  .rodata             const    0x08014290      0x4  inv_mpu_dmp_motion_driver.o [1]
  .rodata             const    0x08014294      0x4  inv_mpu_dmp_motion_driver.o [1]
  .rodata             const    0x08014298      0x4  inv_mpu_dmp_motion_driver.o [1]
  .rodata             const    0x0801429c      0x4  inv_mpu_dmp_motion_driver.o [1]
  .rodata             const    0x080142a0      0x4  port.o [1]
  .text               ro code  0x080142a4      0x4  startup_stm32f4xx.o [1]
  .text               ro code  0x080142a8      0x4  startup_stm32f4xx.o [1]
  .text               ro code  0x080142ac      0x4  startup_stm32f4xx.o [1]
  .text               ro code  0x080142b0      0x4  startup_stm32f4xx.o [1]
  .text               ro code  0x080142b4      0x4  startup_stm32f4xx.o [1]
  .text               ro code  0x080142b8      0x4  startup_stm32f4xx.o [1]
  .text               ro code  0x080142bc      0x4  startup_stm32f4xx.o [1]
  .text               ro code  0x080142c0      0x4  startup_stm32f4xx.o [1]
  .text               ro code  0x080142c4      0x4  startup_stm32f4xx.o [1]
  .text               ro code  0x080142c8      0x4  startup_stm32f4xx.o [1]
  .text               ro code  0x080142cc      0x4  startup_stm32f4xx.o [1]
  .text               ro code  0x080142d0      0x4  startup_stm32f4xx.o [1]
  .text               ro code  0x080142d4      0x4  startup_stm32f4xx.o [1]
  .text               ro code  0x080142d8      0x4  startup_stm32f4xx.o [1]
  .text               ro code  0x080142dc      0x4  startup_stm32f4xx.o [1]
  .text               ro code  0x080142e0      0x4  startup_stm32f4xx.o [1]
  .text               ro code  0x080142e4      0x4  startup_stm32f4xx.o [1]
  .text               ro code  0x080142e8      0x4  startup_stm32f4xx.o [1]
  .text               ro code  0x080142ec      0x4  startup_stm32f4xx.o [1]
  .text               ro code  0x080142f0      0x4  startup_stm32f4xx.o [1]
  .text               ro code  0x080142f4      0x4  startup_stm32f4xx.o [1]
  .text               ro code  0x080142f8      0x4  startup_stm32f4xx.o [1]
  .text               ro code  0x080142fc      0x4  startup_stm32f4xx.o [1]
  .text               ro code  0x08014300      0x4  startup_stm32f4xx.o [1]
  .text               ro code  0x08014304      0x4  startup_stm32f4xx.o [1]
  .text               ro code  0x08014308      0x4  startup_stm32f4xx.o [1]
  .text               ro code  0x0801430c      0x4  startup_stm32f4xx.o [1]
  .text               ro code  0x08014310      0x4  startup_stm32f4xx.o [1]
  .text               ro code  0x08014314      0x4  startup_stm32f4xx.o [1]
  .text               ro code  0x08014318      0x4  startup_stm32f4xx.o [1]
  .text               ro code  0x0801431c      0x4  startup_stm32f4xx.o [1]
  .text               ro code  0x08014320      0x4  startup_stm32f4xx.o [1]
  .text               ro code  0x08014324      0x4  startup_stm32f4xx.o [1]
  .text               ro code  0x08014328      0x4  startup_stm32f4xx.o [1]
  .text               ro code  0x0801432c      0x4  startup_stm32f4xx.o [1]
  .text               ro code  0x08014330      0x4  startup_stm32f4xx.o [1]
  .text               ro code  0x08014334      0x4  startup_stm32f4xx.o [1]
  .text               ro code  0x08014338      0x4  startup_stm32f4xx.o [1]
  .text               ro code  0x0801433c      0x4  startup_stm32f4xx.o [1]
  .text               ro code  0x08014340      0x4  startup_stm32f4xx.o [1]
  .text               ro code  0x08014344      0x4  startup_stm32f4xx.o [1]
  .text               ro code  0x08014348      0x4  startup_stm32f4xx.o [1]
  .text               ro code  0x0801434c      0x4  startup_stm32f4xx.o [1]
  .text               ro code  0x08014350      0x4  startup_stm32f4xx.o [1]
  .text               ro code  0x08014354      0x4  startup_stm32f4xx.o [1]
  .text               ro code  0x08014358      0x4  startup_stm32f4xx.o [1]
  .text               ro code  0x0801435c      0x4  startup_stm32f4xx.o [1]
  .text               ro code  0x08014360      0x4  startup_stm32f4xx.o [1]
  .text               ro code  0x08014364      0x4  startup_stm32f4xx.o [1]
  .text               ro code  0x08014368      0x4  startup_stm32f4xx.o [1]
  .text               ro code  0x0801436c      0x4  startup_stm32f4xx.o [1]
  .text               ro code  0x08014370      0x4  startup_stm32f4xx.o [1]
  .text               ro code  0x08014374      0x4  startup_stm32f4xx.o [1]
  .text               ro code  0x08014378      0x4  startup_stm32f4xx.o [1]
  .text               ro code  0x0801437c      0x4  startup_stm32f4xx.o [1]
  .text               ro code  0x08014380      0x4  startup_stm32f4xx.o [1]
  .text               ro code  0x08014384      0x4  startup_stm32f4xx.o [1]
  .text               ro code  0x08014388      0x4  startup_stm32f4xx.o [1]
  .text               ro code  0x0801438c      0x4  startup_stm32f4xx.o [1]
  .text               ro code  0x08014390      0x4  startup_stm32f4xx.o [1]
  .text               ro code  0x08014394      0x4  startup_stm32f4xx.o [1]
  .text               ro code  0x08014398      0x4  startup_stm32f4xx.o [1]
  .text               ro code  0x0801439c      0x4  startup_stm32f4xx.o [1]
  .text               ro code  0x080143a0      0x4  startup_stm32f4xx.o [1]
  .text               ro code  0x080143a4      0x4  startup_stm32f4xx.o [1]
  .text               ro code  0x080143a8      0x4  startup_stm32f4xx.o [1]
  .text               ro code  0x080143ac      0x4  startup_stm32f4xx.o [1]
  .text               ro code  0x080143b0      0x4  startup_stm32f4xx.o [1]
  .text               ro code  0x080143b4      0x4  startup_stm32f4xx.o [1]
  .text               ro code  0x080143b8      0x4  startup_stm32f4xx.o [1]
  .text               ro code  0x080143bc      0x4  startup_stm32f4xx.o [1]
  .text               ro code  0x080143c0      0x4  startup_stm32f4xx.o [1]
  .text               ro code  0x080143c4      0x4  startup_stm32f4xx.o [1]
  .text               ro code  0x080143c8      0x4  startup_stm32f4xx.o [1]
  .text               ro code  0x080143cc      0x4  startup_stm32f4xx.o [1]
  .text               ro code  0x080143d0      0x4  startup_stm32f4xx.o [1]
  .text               ro code  0x080143d4      0x4  startup_stm32f4xx.o [1]
  .text               ro code  0x080143d8      0x4  startup_stm32f4xx.o [1]
  .text               ro code  0x080143dc      0x4  startup_stm32f4xx.o [1]
  .text               ro code  0x080143e0      0x4  startup_stm32f4xx.o [1]
  .text               ro code  0x080143e4      0x4  startup_stm32f4xx.o [1]
  .text               ro code  0x080143e8      0x4  startup_stm32f4xx.o [1]
  .text               ro code  0x080143ec      0x4  startup_stm32f4xx.o [1]
  .text               ro code  0x080143f0      0x4  startup_stm32f4xx.o [1]
  .text               ro code  0x080143f4      0x4  startup_stm32f4xx.o [1]
  .text               ro code  0x080143f8      0x4  startup_stm32f4xx.o [1]
  .text               ro code  0x080143fc      0x4  startup_stm32f4xx.o [1]
  .text               ro code  0x08014400      0x4  startup_stm32f4xx.o [1]
  .text               ro code  0x08014404      0x4  startup_stm32f4xx.o [1]
  .text               ro code  0x08014408      0x4  startup_stm32f4xx.o [1]
  .text               ro code  0x0801440c      0x4  startup_stm32f4xx.o [1]
  .rodata             const    0x08014410      0x0  zero_init3.o [6]
  .rodata             const    0x08014410      0x0  lz77_init_single.o [6]
  Initializer bytes   const    0x08014410    0x38d  <for P2-1>
                             - 0x0801479d  0x14615

"P2", part 1 of 3:                           0x6b6
  P2-1                         0x20000000    0x6b6  <Init block>
    .data             inited   0x20000000     0x14  altitude.o [1]
    .data             inited   0x20000014      0xc  altitude.o [1]
    .data             inited   0x20000020      0x4  heap_2.o [1]
    .data             inited   0x20000024      0x4  imu.o [1]
    .data             inited   0x20000028      0xc  imu.o [1]
    .data             inited   0x20000034     0x2c  inv_mpu.o [1]
    .data             inited   0x20000060     0x18  main.o [1]
    .data             inited   0x20000078     0x18  main.o [1]
    .data             inited   0x20000090     0x18  main.o [1]
    .data             inited   0x200000a8     0x18  main.o [1]
    .data             inited   0x200000c0     0x24  main.o [1]
    .data             inited   0x200000e4     0x24  main.o [1]
    .data             inited   0x20000108     0x24  main.o [1]
    .data             inited   0x2000012c     0x24  main.o [1]
    .data             inited   0x20000150     0x4c  main.o [1]
    .data             inited   0x2000019c     0x4c  main.o [1]
    .data             inited   0x200001e8     0x4c  main.o [1]
    .data             inited   0x20000234     0x4c  main.o [1]
    .data             inited   0x20000280     0x4c  main.o [1]
    .data             inited   0x200002cc      0x4  port.o [1]
    .data             inited   0x200002d0     0x10  stm32f4xx_rcc.o [1]
    .data             inited   0x200002e0      0x4  system_stm32f4xx.o [1]
    .data             inited   0x200002e4     0x10  system_stm32f4xx.o [1]
    .data             inited   0x200002f4      0x4  vl53l0x.o [1]
    .data             inited   0x200002f8     0xf4  vl53l0x_api.o [1]
    .data             inited   0x200003ec    0x1b8  vl53l0x_api.o [1]
    .data             inited   0x200005a4     0x10  vl53l0x_api_calibration.o [1]
    __DLIB_PERTHREAD  inited   0x200005b4      0x4  errno.o [3]
    __DLIB_PERTHREAD  inited   0x200005b8     0x88  localeconv.o [3]
    __DLIB_PERTHREAD  inited   0x20000640     0x74  setlocale.o [3]
    .data             inited   0x200006b4      0x2  i2c.o [1]
                             - 0x200006b6    0x6b6

"P2", part 2 of 3:                          0x4000
  CSTACK                       0x200006b8   0x2000  <Block>
    CSTACK            uninit   0x200006b8   0x2000  <Block tail>
  HEAP                         0x200026b8   0x2000  <Block>
    HEAP              uninit   0x200026b8   0x2000  <Block tail>
                             - 0x200046b8   0x4000

"P2", part 3 of 3:                         0x13f4c
  .bss                zero     0x200046b8  0x12c00  heap_2.o [1]
  .bss                zero     0x200172b8    0x260  fast_no_motion.o [4]
  .bss                zero     0x20017518    0x1d8  dlmalloc.o [3]
  .bss                zero     0x200176f0    0x1c4  gyro_tc.o [4]
  .bss                zero     0x200178b4    0x198  data_builder.o [1]
  .bss                zero     0x20017a4c    0x198  storage_manager.o [1]
  .bss                zero     0x20017be4    0x160  vl53l0x.o [1]
  .bss                zero     0x20017d44    0x140  data_builder.o [1]
  .bss                zero     0x20017e84    0x138  fusion_9axis.o [4]
  .bss                zero     0x20017fbc     0xb8  mag_disturb.o [4]
  .bss                zero     0x20018074     0x88  results_holder.o [1]
  .bss                zero     0x200180fc     0x6c  quaternion_supervisor.o [4]
  .bss                zero     0x20018168     0x64  tasks.o [1]
  .bss                zero     0x200181cc     0x64  vl53l0x.o [1]
  .bss                zero     0x20018230     0x54  start_manager.o [1]
  .bss                zero     0x20018284     0x40  queue.o [1]
  .bss                zero     0x200182c4     0x24  imu.o [1]
  .bss                zero     0x200182e8     0x40  fast_no_motion.o [4]
  .bss                zero     0x20018328     0x30  altitude.o [1]
  .bss                zero     0x20018358     0x30  imu.o [1]
  .bss                zero     0x20018388     0x30  main.o [1]
  .bss                zero     0x200183b8     0x28  eMPL_outputs.o [1]
  .bss                zero     0x200183e0     0x1c  altitude.o [1]
  .bss                zero     0x200183fc     0x1c  altitude.o [1]
  .bss                zero     0x20018418     0x1c  laser.o [1]
  .bss                zero     0x20018434     0x1c  main.o [1]
  .bss                zero     0x20018450     0x18  dlmalloc.o [3]
  .bss                zero     0x20018468     0x14  tasks.o [1]
  .bss                zero     0x2001847c     0x14  tasks.o [1]
  .bss                zero     0x20018490     0x14  tasks.o [1]
  .bss                zero     0x200184a4     0x14  tasks.o [1]
  .bss                zero     0x200184b8     0x14  tasks.o [1]
  .bss                zero     0x200184cc     0x14  timers.o [1]
  .bss                zero     0x200184e0     0x14  timers.o [1]
  .bss                zero     0x200184f4     0x10  barometer.o [1]
  .bss                zero     0x20018504     0x10  inv_mpu_dmp_motion_driver.o [1]
  .bss                zero     0x20018514     0x10  pwm.o [1]
  .bss                zero     0x20018524      0x8  heap_2.o [1]
  .bss                zero     0x2001852c      0x8  heap_2.o [1]
  .bss                zero     0x20018534      0x4  altitude.o [1]
  .bss                zero     0x20018538      0x4  heap_2.o [1]
  .bss                zero     0x2001853c      0x4  imu.o [1]
  .bss                zero     0x20018540      0x4  imu.o [1]
  .bss                zero     0x20018544      0x4  imu.o [1]
  .bss                zero     0x20018548      0x4  imu.o [1]
  .bss                zero     0x2001854c      0x4  imu.o [1]
  .bss                zero     0x20018550      0x4  main.o [1]
  .bss                zero     0x20018554      0x4  main.o [1]
  .bss                zero     0x20018558      0x4  message_layer.o [1]
  .bss                zero     0x2001855c      0x4  port.o [1]
  .bss                zero     0x20018560      0x4  reg_test.o [1]
  .bss                zero     0x20018564      0x4  reg_test.o [1]
  .bss                zero     0x20018568      0x4  stm32f4xx_it.o [1]
  .bss                zero     0x2001856c      0x4  stm32f4xx_it.o [1]
  .bss                zero     0x20018570      0x4  stm32f4xx_it.o [1]
  .bss                zero     0x20018574      0x4  stm32f4xx_it.o [1]
  .bss                zero     0x20018578      0x4  stm32f4xx_it.o [1]
  .bss                zero     0x2001857c      0x4  stm32f4xx_it.o [1]
  .bss                zero     0x20018580      0x4  stm32f4xx_it.o [1]
  .bss                zero     0x20018584      0x4  stm32f4xx_it.o [1]
  .bss                zero     0x20018588      0x4  stm32f4xx_it.o [1]
  .bss                zero     0x2001858c      0x4  stm32f4xx_it.o [1]
  .bss                zero     0x20018590      0x4  stm32f4xx_it.o [1]
  .bss                zero     0x20018594      0x4  stm32f4xx_it.o [1]
  .bss                zero     0x20018598      0x4  stm32f4xx_it.o [1]
  .bss                zero     0x2001859c      0x4  stm32f4xx_it.o [1]
  .bss                zero     0x200185a0      0x4  stm32f4xx_it.o [1]
  .bss                zero     0x200185a4      0x4  stm32f4xx_it.o [1]
  .bss                zero     0x200185a8      0x4  tasks.o [1]
  .bss                zero     0x200185ac      0x4  tasks.o [1]
  .bss                zero     0x200185b0      0x4  tasks.o [1]
  .bss                zero     0x200185b4      0x4  tasks.o [1]
  .bss                zero     0x200185b8      0x4  tasks.o [1]
  .bss                zero     0x200185bc      0x4  tasks.o [1]
  .bss                zero     0x200185c0      0x4  tasks.o [1]
  .bss                zero     0x200185c4      0x4  tasks.o [1]
  .bss                zero     0x200185c8      0x4  tasks.o [1]
  .bss                zero     0x200185cc      0x4  tasks.o [1]
  .bss                zero     0x200185d0      0x4  tasks.o [1]
  .bss                zero     0x200185d4      0x4  tasks.o [1]
  .bss                zero     0x200185d8      0x4  tasks.o [1]
  .bss                zero     0x200185dc      0x4  tasks.o [1]
  .bss                zero     0x200185e0      0x4  tasks.o [1]
  .bss                zero     0x200185e4      0x4  timers.o [1]
  .bss                zero     0x200185e8      0x4  timers.o [1]
  .bss                zero     0x200185ec      0x4  timers.o [1]
  .bss                zero     0x200185f0      0x4  timers.o [1]
  .bss                zero     0x200185f4      0x4  timers.o [1]
  .bss                zero     0x200185f8      0x4  xgetmemchunk.o [3]
  .bss                zero     0x200185fc      0x2  stm32f4xx_it.o [1]
  .bss                zero     0x200185fe      0x2  stm32f4xx_it.o [1]
  .bss                zero     0x20018600      0x1  port.o [1]
  .bss                zero     0x20018601      0x1  vl53l0x.o [1]
                             - 0x20018602  0x13f4a


*******************************************************************************
*** INIT TABLE
***

          Address     Size
          -------     ----
Zero (__iar_zero_init3)
    1 destination range, total size 0x13f4a:
          0x200046b8  0x13f4a

Copy/lz77 (__iar_lz77_init_single3)
    1 source range, total size 0x38d (52% of destination):
          0x08014410    0x38d
    1 destination range, total size 0x6b6:
          0x20000000    0x6b6



*******************************************************************************
*** MODULE SUMMARY
***

    Module                       ro code  ro data  rw data
    ------                       -------  -------  -------
C:\Users\klasl\Desktop\freertos_dmp2\Flash Debug\Obj: [1]
    RegTest.o                        980
    altitude.o                       932      100      140
    application_hooks.o               36
    barometer.o                      276       68       16
    data_builder.o                 2 036               728
    eMPL_outputs.o                 1 088                40
    esc.o                            284       12
    filter.o                          22
    freertos_time.o                   34
    gpio.o                           128
    hardware.o                       172       16
    heap_2.o                         308        5   76 824
    i2c.o                          1 860        2        2
    i2c_1.o                        2 612
    imu.o                            928      176      120
    inv_mpu.o                      4 160      107       44
    inv_mpu_dmp_motion_driver.o    2 632    3 118       16
    joystick.o                       484
    laser.o                          144                28
    lidar.o                           12
    list.o                           152
    main.o                           852      424      704
    message_layer.o                   32                 4
    misc.o                           128
    ml_math_func.o                 1 746
    mpl.o                            144      100
    pid.o                            172
    port.o                           532        6        9
    portasm.o                        168
    printf2.o                        260
    pwm.o                            928       32       16
    queue.o                        1 782                64
    reg_test.o                                           8
    results_holder.o                 648               136
    start_manager.o                  104                84
    startup_stm32f4xx.o              772
    stm32f4xx_exti.o                 160
    stm32f4xx_gpio.o                 244
    stm32f4xx_i2c.o                  578
    stm32f4xx_it.o                 1 140                68
    stm32f4xx_pwr.o                   12
    stm32f4xx_rcc.o                  392        9       16
    stm32f4xx_syscfg.o                84
    stm32f4xx_tim.o                1 288
    stm32f4xx_usart.o                314
    storage_manager.o                164               408
    system_stm32f4xx.o               508       11       20
    tasks.o                        2 996        8      260
    timers.o                       1 008       16       60
    vl53l0x.o                        432       66      457
    vl53l0x_api.o                  4 410      426      684
    vl53l0x_api_calibration.o      2 346        8       16
    vl53l0x_api_core.o             5 112
    vl53l0x_api_strings.o            404      160
    vl53l0x_i2c_comms.o              198
    vl53l0x_platform.o               358
    ------------------------------------------------------
    Total:                        49 696    4 870   80 972

command line: [2]
    ------------------------------------------------------
    Total:

dl7M_tlf.a: [3]
    abort.o                            6
    abs.o                              8
    div.o                             14
    dlmalloc.o                     5 360               496
    errno.o                           12        2        4
    exit.o                             4
    localeconv.o                     108       72      136
    low_level_init.o                   4
    memcpy.o                          12
    memset.o                          20
    setlocale.o                       20       61      116
    vsnprint.o                        60
    vsprintf.o                        44
    xencoding_sb.o                    96
    xgetmemchunk.o                    44                 4
    xmbcurmax.o                       10
    xmbtowc.o                         32
    xprintflarge.o                 3 994
    xsnprout.o                        26
    xsprout.o                         10
    xtls.o                             2
    xwctomb.o                         26
    ------------------------------------------------------
    Total:                         9 912      135      756

libmpllib.a: [4]
    fast_no_motion.o               2 628               672
    fusion_9axis.o                 1 692               312
    gyro_tc.o                      1 140               452
    mag_disturb.o                     12               184
    quaternion_supervisor.o        2 632               108
    ------------------------------------------------------
    Total:                         8 104             1 728

m7M_tls.a: [5]
    DblAdd.o                         232
    DblCmpEq.o                        32
    DblCmpGe.o                        46
    DblCmpLe.o                        46
    DblDiv.o                         598
    DblMul.o                         418
    DblSub.o                         384
    DblToFlt.o                       144
    DblToI32.o                        88
    FltAdd.o                          18
    FltCmpEq.o                        28
    FltCmpGe.o                        36
    FltCmpLe.o                        36
    FltDiv.o                          18
    FltMul.o                          18
    FltSub.o                          18
    FltToDbl.o                        78
    FltToS32.o                        14
    FltToS64.o                       118
    I32ToDbl.o                        48
    I64ToFlt.o                        98
    S32ToFlt.o                        14
    atan2f.o                         106
    cosf.o                            18
    fmod.o                           424
    fmodf.o                          230
    fpinit_M.o                        34
    pow.o                          2 240
    sin.o                             18
    sinf.o                            18
    sqrt.o                           256
    sqrtf.o                           44
    xatanf.o                         164
    xdint.o                          122
    xdnorm.o                          66
    xdscale.o                        276
    xdtest.o                          64
    xexp.o                           710
    xfdint.o                          78
    xfquad.o                         236
    xfsin.o                          364
    xlog.o                           176
    xquad.o                          360
    xsin.o                         1 104
    ------------------------------------------------------
    Total:                         9 638

rt7M_tl.a: [6]
    ABImemclr4.o                       6
    ABImemcpy_unaligned.o            118
    ABImemmove_unaligned.o           120
    ABImemset.o                      102
    ABImemset48.o                     50
    I64DivMod.o                      306
    I64DivZer.o                        2
    I64Shl.o                          34
    S64Shr.o                          34
    cexit.o                           10
    cmain.o                           26
    cstartup_M.o                      12
    data_init.o                       40
    iarEdom.o                         12
    lz77_init_single.o               118
    memchr.o                          88
    memcmp_unaligned.o                98
    memmove.o                         12
    strchr.o                          22
    strcpy_unaligned.o                68
    strlen.o                          54
    zero_init3.o                      64
    ------------------------------------------------------
    Total:                         1 396

shb_l.a: [7]
    exit.o                            20
    ------------------------------------------------------
    Total:                            20

    Gaps                              60        6
    Linker created                             32   16 384
----------------------------------------------------------
    Grand Total:                  78 826    5 043   99 840


*******************************************************************************
*** ENTRY LIST
***

Entry                      Address     Size  Type      Object
-----                      -------     ----  ----      ------
.iar.init_table$$Base   0x08013f04            --   Gb  - Linker created -
.iar.init_table$$Limit  0x08013f24            --   Gb  - Linker created -
?main                   0x08013fd9           Code  Gb  cmain.o [6]
AHBPrescTable           0x200002e4     0x10  Data  Gb  system_stm32f4xx.o [1]
APBAHBPrescTable        0x200002d0     0x10  Data  Lc  stm32f4xx_rcc.o [1]
BusFault_Handler        0x08010a17      0x2  Code  Gb  stm32f4xx_it.o [1]
CSTACK$$Base            0x200006b8            --   Gb  - Linker created -
CSTACK$$Limit           0x200026b8            --   Gb  - Linker created -
DebugMon_Handler        0x08010a1b      0x2  Code  Gb  stm32f4xx_it.o [1]
DefaultTuningSettings   0x200002f8     0xf4  Data  Gb  vl53l0x_api.o [1]
DeviceInfo              0x200181cc     0x64  Data  Gb  vl53l0x.o [1]
DutyCycle               0x200185fe      0x2  Data  Gb  stm32f4xx_it.o [1]
EXTI4_IRQHandler        0x08010a87      0xe  Code  Gb  stm32f4xx_it.o [1]
EXTI_ClearITPendingBit  0x08011203      0x6  Code  Gb  stm32f4xx_exti.o [1]
EXTI_Init               0x0801117d     0x86  Code  Gb  stm32f4xx_exti.o [1]
Frequency               0x20018568      0x4  Data  Gb  stm32f4xx_it.o [1]
GPIO_Init               0x080071c9     0xa4  Code  Gb  stm32f4xx_gpio.o [1]
GPIO_PinAFConfig        0x0800726d     0x50  Code  Gb  stm32f4xx_gpio.o [1]
Get_I2C_Retry           0x08007c13      0x6  Code  Gb  i2c.o [1]
HEAP$$Base              0x200026b8            --   Gb  - Linker created -
HEAP$$Limit             0x200046b8            --   Gb  - Linker created -
HardFault_Handler       0x08010a13      0x2  Code  Gb  stm32f4xx_it.o [1]
I2C1x_TIMEOUT_UserCallback
                        0x08005f19     0x6e  Code  Lc  i2c_1.o [1]
I2C_AcknowledgeConfig   0x08007457     0x1c  Code  Gb  stm32f4xx_i2c.o [1]
I2C_ClearFlag           0x080074f3      0xc  Code  Gb  stm32f4xx_i2c.o [1]
I2C_Cmd                 0x080073ed     0x1c  Code  Gb  stm32f4xx_i2c.o [1]
I2C_DeInit              0x080072bd     0x56  Code  Gb  stm32f4xx_i2c.o [1]
I2C_GenerateSTART       0x08007409     0x1c  Code  Gb  stm32f4xx_i2c.o [1]
I2C_GenerateSTOP        0x08007425     0x1c  Code  Gb  stm32f4xx_i2c.o [1]
I2C_GetFlagStatus       0x080074b1     0x42  Code  Gb  stm32f4xx_i2c.o [1]
I2C_Init                0x08007313     0xc0  Code  Gb  stm32f4xx_i2c.o [1]
I2C_ReadRegister        0x08007499     0x18  Code  Gb  stm32f4xx_i2c.o [1]
I2C_ReceiveData         0x08007493      0x6  Code  Gb  stm32f4xx_i2c.o [1]
I2C_Send7bitAddress     0x08007441     0x16  Code  Gb  stm32f4xx_i2c.o [1]
I2C_SendData            0x0800748d      0x6  Code  Gb  stm32f4xx_i2c.o [1]
I2C_SoftwareResetCmd    0x08007473     0x1a  Code  Gb  stm32f4xx_i2c.o [1]
I2Cx_TIMEOUT_UserCallback
                        0x080075b1     0x6e  Code  Lc  i2c.o [1]
IC2Value                0x200185fc      0x2  Data  Gb  stm32f4xx_it.o [1]
InterruptThresholdSettings
                        0x200003ec    0x1b8  Data  Gb  vl53l0x_api.o [1]
LoadInt                 0x080095d3     0x6e  Code  Lc  xprintflarge.o [3]
MemManage_Handler       0x08010a15      0x2  Code  Gb  stm32f4xx_it.o [1]
MyDevice                0x20017be4    0x160  Data  Gb  vl53l0x.o [1]
NMI_Handler             0x08010a11      0x2  Code  Gb  stm32f4xx_it.o [1]
NVIC_Init               0x080132ab     0x60  Code  Gb  misc.o [1]
NVIC_PriorityGroupConfig
                        0x080132a1      0xa  Code  Gb  misc.o [1]
PWR_BackupAccessCmd     0x08013cc9      0x8  Code  Gb  stm32f4xx_pwr.o [1]
PendSV_Handler          0x080068a1           Code  Gb  portasm.o [1]
RCC_AHB1PeriphClockCmd  0x08007121     0x20  Code  Gb  stm32f4xx_rcc.o [1]
RCC_APB1PeriphClockCmd  0x08007141     0x20  Code  Gb  stm32f4xx_rcc.o [1]
RCC_APB1PeriphResetCmd  0x08007181     0x20  Code  Gb  stm32f4xx_rcc.o [1]
RCC_APB2PeriphClockCmd  0x08007161     0x20  Code  Gb  stm32f4xx_rcc.o [1]
RCC_BackupResetCmd      0x08007119      0x8  Code  Gb  stm32f4xx_rcc.o [1]
RCC_Clocks              0x20018514     0x10  Data  Gb  pwm.o [1]
RCC_GetClocksFreq       0x08007041     0xd8  Code  Gb  stm32f4xx_rcc.o [1]
RETRY_IN_MLSEC          0x200006b4      0x2  Data  Lc  i2c.o [1]
Region$$Table$$Base     0x08013f04            --   Gb  - Linker created -
Region$$Table$$Limit    0x08013f24            --   Gb  - Linker created -
ST_Sensors_I2C1_ReadRegister
                        0x080064a5    0x3d6  Code  Gb  i2c_1.o [1]
ST_Sensors_I2C1_Write   0x08006387    0x11e  Code  Gb  i2c_1.o [1]
ST_Sensors_I2C1_WriteReg
                        0x08006235    0x152  Code  Gb  i2c_1.o [1]
ST_Sensors_I2C1_WriteRegister
                        0x080060c7    0x16e  Code  Gb  i2c_1.o [1]
ST_Sensors_I2C_ReadRegister
                        0x0800783d    0x3d6  Code  Gb  i2c.o [1]
ST_Sensors_I2C_WriteRegister
                        0x080076cf    0x16e  Code  Gb  i2c.o [1]
SVC_Handler             0x080068f9           Code  Gb  portasm.o [1]
SYSCFG_EXTILineConfig   0x08013d55     0x4e  Code  Gb  stm32f4xx_syscfg.o [1]
Sensors_I2C1_ReadRegister
                        0x0800606f     0x58  Code  Gb  i2c_1.o [1]
Sensors_I2C1_Write      0x08005f87     0x40  Code  Gb  i2c_1.o [1]
Sensors_I2C1_WriteReg   0x08005fc7     0x50  Code  Gb  i2c_1.o [1]
Sensors_I2C1_WriteRegister
                        0x08006017     0x58  Code  Gb  i2c_1.o [1]
Sensors_I2C_ReadRegister
                        0x08007677     0x58  Code  Gb  i2c.o [1]
Sensors_I2C_WriteRegister
                        0x0800761f     0x58  Code  Gb  i2c.o [1]
SetSysClock             0x08013bb9     0xce  Code  Lc  system_stm32f4xx.o [1]
Status                  0x20018601      0x1  Data  Gb  vl53l0x.o [1]
SysTick_Handler         0x0800599b     0x28  Code  Gb  port.o [1]
SystemCoreClock         0x200002e0      0x4  Data  Gb  system_stm32f4xx.o [1]
SystemCoreClockUpdate   0x08013b1f     0x9a  Code  Gb  system_stm32f4xx.o [1]
SystemInit              0x08013acd     0x52  Code  Gb  system_stm32f4xx.o [1]
TI1_Config              0x08010889     0x34  Code  Lc  stm32f4xx_tim.o [1]
TI2_Config              0x080108bd     0x3a  Code  Lc  stm32f4xx_tim.o [1]
TI3_Config              0x080108f7     0x38  Code  Lc  stm32f4xx_tim.o [1]
TI4_Config              0x0801092f     0x3a  Code  Lc  stm32f4xx_tim.o [1]
TIM1_BRK_TIM9_IRQHandler
                        0x08010ce9     0x8e  Code  Gb  stm32f4xx_it.o [1]
TIM2_IRQHandler         0x08010a99     0x96  Code  Gb  stm32f4xx_it.o [1]
TIM3_IRQHandler         0x08010b31     0x8e  Code  Gb  stm32f4xx_it.o [1]
TIM4_IRQHandler         0x08010a1d     0x6a  Code  Gb  stm32f4xx_it.o [1]
TIM5_IRQHandler         0x08010bc1     0x8e  Code  Gb  stm32f4xx_it.o [1]
TIM8_BRK_TIM12_IRQHandler
                        0x08010c55     0x8e  Code  Gb  stm32f4xx_it.o [1]
TIM_ARRPreloadConfig    0x080104c9     0x1c  Code  Gb  stm32f4xx_tim.o [1]
TIM_ClearITPendingBit   0x0801084d      0x8  Code  Gb  stm32f4xx_tim.o [1]
TIM_Cmd                 0x080104e5     0x1c  Code  Gb  stm32f4xx_tim.o [1]
TIM_GetCapture1         0x080107b9      0x4  Code  Gb  stm32f4xx_tim.o [1]
TIM_GetCapture2         0x080107bd      0x4  Code  Gb  stm32f4xx_tim.o [1]
TIM_GetITStatus         0x08010825     0x28  Code  Gb  stm32f4xx_tim.o [1]
TIM_ICInit              0x08010749     0x70  Code  Gb  stm32f4xx_tim.o [1]
TIM_ITConfig            0x0801080d     0x18  Code  Gb  stm32f4xx_tim.o [1]
TIM_OC1Init             0x08010501     0x78  Code  Gb  stm32f4xx_tim.o [1]
TIM_OC1PreloadConfig    0x08010705     0x10  Code  Gb  stm32f4xx_tim.o [1]
TIM_OC2Init             0x08010579     0x86  Code  Gb  stm32f4xx_tim.o [1]
TIM_OC2PreloadConfig    0x08010715     0x12  Code  Gb  stm32f4xx_tim.o [1]
TIM_OC3Init             0x080105ff     0x84  Code  Gb  stm32f4xx_tim.o [1]
TIM_OC3PreloadConfig    0x08010727     0x10  Code  Gb  stm32f4xx_tim.o [1]
TIM_OC4Init             0x08010683     0x62  Code  Gb  stm32f4xx_tim.o [1]
TIM_OC4PreloadConfig    0x08010737     0x12  Code  Gb  stm32f4xx_tim.o [1]
TIM_SelectInputTrigger  0x08010855     0x10  Code  Gb  stm32f4xx_tim.o [1]
TIM_SelectMasterSlaveMode
                        0x08010877     0x12  Code  Gb  stm32f4xx_tim.o [1]
TIM_SelectSlaveMode     0x08010865     0x12  Code  Gb  stm32f4xx_tim.o [1]
TIM_SetIC1Prescaler     0x080107c1     0x12  Code  Gb  stm32f4xx_tim.o [1]
TIM_SetIC2Prescaler     0x080107d3     0x14  Code  Gb  stm32f4xx_tim.o [1]
TIM_SetIC3Prescaler     0x080107e7     0x12  Code  Gb  stm32f4xx_tim.o [1]
TIM_SetIC4Prescaler     0x080107f9     0x14  Code  Gb  stm32f4xx_tim.o [1]
TIM_TimeBaseInit        0x08010461     0x68  Code  Gb  stm32f4xx_tim.o [1]
USART_Cmd               0x08008eb1     0x1c  Code  Gb  stm32f4xx_usart.o [1]
USART_ITConfig          0x08008ed5     0x52  Code  Gb  stm32f4xx_usart.o [1]
USART_Init              0x08008ded     0xb6  Code  Gb  stm32f4xx_usart.o [1]
USART_SendData          0x08008ecd      0x8  Code  Gb  stm32f4xx_usart.o [1]
USART_putc              0x08008d19     0x18  Code  Gb  printf2.o [1]
USART_puts              0x08008d39     0x18  Code  Gb  printf2.o [1]
UsageFault_Handler      0x08010a19      0x2  Code  Gb  stm32f4xx_it.o [1]
VL53L0X_CheckAndLoadInterruptSettings
                        0x080036b1     0x8a  Code  Gb  vl53l0x_api.o [1]
VL53L0X_ClearInterruptMask
                        0x08003c0d     0x56  Code  Gb  vl53l0x_api.o [1]
VL53L0X_DataInit        0x08002b9b    0x1f2  Code  Gb  vl53l0x_api.o [1]
VL53L0X_GetDeviceInfo   0x08002b69     0x10  Code  Gb  vl53l0x_api.o [1]
VL53L0X_GetDeviceMode   0x08003093      0xc  Code  Gb  vl53l0x_api.o [1]
VL53L0X_GetDeviceParameters
                        0x08002fa9     0xc2  Code  Gb  vl53l0x_api.o [1]
VL53L0X_GetFractionEnable
                        0x0800309f     0x24  Code  Gb  vl53l0x_api.o [1]
VL53L0X_GetInterMeasurementPeriodMilliSeconds
                        0x080032f3     0x46  Code  Gb  vl53l0x_api.o [1]
VL53L0X_GetInterruptMaskStatus
                        0x08003c63     0x30  Code  Gb  vl53l0x_api.o [1]
VL53L0X_GetInterruptThresholds
                        0x08003bcb     0x42  Code  Gb  vl53l0x_api.o [1]
VL53L0X_GetLimitCheckCurrent
                        0x08003583     0x92  Code  Gb  vl53l0x_api.o [1]
VL53L0X_GetLimitCheckEnable
                        0x08003439     0x22  Code  Gb  vl53l0x_api.o [1]
VL53L0X_GetLimitCheckValue
                        0x080034d3     0xb0  Code  Gb  vl53l0x_api.o [1]
VL53L0X_GetMeasurementDataReady
                        0x0800384f     0x52  Code  Gb  vl53l0x_api.o [1]
VL53L0X_GetMeasurementTimingBudgetMicroSeconds
                        0x080030d3     0x10  Code  Gb  vl53l0x_api.o [1]
VL53L0X_GetOffsetCalibrationDataMicroMeter
                        0x08002b8b     0x10  Code  Gb  vl53l0x_api.o [1]
VL53L0X_GetRangeStatusString
                        0x08002b79     0x12  Code  Gb  vl53l0x_api.o [1]
VL53L0X_GetRangingMeasurementData
                        0x080038a1    0x174  Code  Gb  vl53l0x_api.o [1]
VL53L0X_GetSequenceStepEnables
                        0x08003225     0x80  Code  Gb  vl53l0x_api.o [1]
VL53L0X_GetSequenceStepTimeout
                        0x080032a5     0x4e  Code  Gb  vl53l0x_api.o [1]
VL53L0X_GetVcselPulsePeriod
                        0x080030e3     0x12  Code  Gb  vl53l0x_api.o [1]
VL53L0X_GetWrapAroundCheckEnable
                        0x08003615     0x42  Code  Gb  vl53l0x_api.o [1]
VL53L0X_GetXTalkCompensationEnable
                        0x08003339      0xc  Code  Gb  vl53l0x_api.o [1]
VL53L0X_GetXTalkCompensationRateMegaCps
                        0x08003345     0x3c  Code  Gb  vl53l0x_api.o [1]
VL53L0X_PerformRefCalibration
                        0x0800369f     0x12  Code  Gb  vl53l0x_api.o [1]
VL53L0X_PerformRefSpadManagement
                        0x08003c93     0x10  Code  Gb  vl53l0x_api.o [1]
VL53L0X_PerformSingleMeasurement
                        0x08003657     0x48  Code  Gb  vl53l0x_api.o [1]
VL53L0X_PerformSingleRangingMeasurement
                        0x08003a15     0x3c  Code  Gb  vl53l0x_api.o [1]
VL53L0X_PollingDelay    0x08003df5     0x1e  Code  Gb  vl53l0x_platform.o [1]
VL53L0X_RdByte          0x08003d99     0x1e  Code  Gb  vl53l0x_platform.o [1]
VL53L0X_RdDWord         0x08003dd5     0x1e  Code  Gb  vl53l0x_platform.o [1]
VL53L0X_RdWord          0x08003db7     0x1e  Code  Gb  vl53l0x_platform.o [1]
VL53L0X_ReadMulti       0x08003cd7     0x26  Code  Gb  vl53l0x_platform.o [1]
VL53L0X_SetDeviceMode   0x0800306b     0x28  Code  Gb  vl53l0x_api.o [1]
VL53L0X_SetGpioConfig   0x08003a51    0x17a  Code  Gb  vl53l0x_api.o [1]
VL53L0X_SetLimitCheckEnable
                        0x08003381     0xb8  Code  Gb  vl53l0x_api.o [1]
VL53L0X_SetLimitCheckValue
                        0x0800345b     0x78  Code  Gb  vl53l0x_api.o [1]
VL53L0X_SetMeasurementTimingBudgetMicroSeconds
                        0x080030c3     0x10  Code  Gb  vl53l0x_api.o [1]
VL53L0X_SetSequenceStepEnable
                        0x080030f5     0xe2  Code  Gb  vl53l0x_api.o [1]
VL53L0X_StartMeasurement
                        0x08003745    0x10a  Code  Gb  vl53l0x_api.o [1]
VL53L0X_StaticInit      0x08002d8d    0x20e  Code  Gb  vl53l0x_api.o [1]
VL53L0X_UpdateByte      0x08003d3d     0x5c  Code  Gb  vl53l0x_platform.o [1]
VL53L0X_WrByte          0x08003cfd     0x20  Code  Gb  vl53l0x_platform.o [1]
VL53L0X_WrWord          0x08003d1d     0x20  Code  Gb  vl53l0x_platform.o [1]
VL53L0X_WriteMulti      0x08003cad     0x2a  Code  Gb  vl53l0x_platform.o [1]
VL53L0X_calc_dmax       0x080024dd    0x122  Code  Gb  vl53l0x_api_core.o [1]
VL53L0X_calc_macro_period_ps
                        0x08001de1     0x12  Code  Gb  vl53l0x_api_core.o [1]
VL53L0X_calc_sigma_estimate
                        0x080025ff    0x278  Code  Gb  vl53l0x_api_core.o [1]
VL53L0X_calc_timeout_mclks
                        0x08001e31     0x2e  Code  Gb  vl53l0x_api_core.o [1]
VL53L0X_calc_timeout_us
                        0x08001e5f     0x30  Code  Gb  vl53l0x_api_core.o [1]
VL53L0X_check_part_used
                        0x08004a15     0x4c  Code  Gb  vl53l0x_api_strings.o [1]
VL53L0X_decode_timeout  0x08001e1d     0x14  Code  Gb  vl53l0x_api_core.o [1]
VL53L0X_decode_vcsel_period
                        0x0800176f      0xc  Code  Gb  vl53l0x_api_core.o [1]
VL53L0X_device_read_strobe
                        0x080017a7     0x58  Code  Gb  vl53l0x_api_core.o [1]
VL53L0X_encode_timeout  0x08001df3     0x2a  Code  Gb  vl53l0x_api_core.o [1]
VL53L0X_getSingleRangingMeasurement
                        0x08012e97     0x30  Code  Gb  vl53l0x.o [1]
VL53L0X_get_device_info
                        0x08004a61     0xb6  Code  Gb  vl53l0x_api_strings.o [1]
VL53L0X_get_info_from_device
                        0x080017ff    0x5e2  Code  Gb  vl53l0x_api_core.o [1]
VL53L0X_get_measurement_timing_budget_micro_seconds
                        0x080022ad    0x106  Code  Gb  vl53l0x_api_core.o [1]
VL53L0X_get_offset_calibration_data_micro_meter
                        0x08004ba9     0x58  Code  Gb  vl53l0x_api_calibration.o [1]
VL53L0X_get_pal_range_status
                        0x08002885    0x2a8  Code  Gb  vl53l0x_api_core.o [1]
VL53L0X_get_range_status_string
                        0x08004b17     0x5c  Code  Gb  vl53l0x_api_strings.o [1]
VL53L0X_get_total_signal_rate
                        0x080024b5     0x28  Code  Gb  vl53l0x_api_core.o [1]
VL53L0X_get_total_xtalk_rate
                        0x0800247d     0x38  Code  Gb  vl53l0x_api_core.o [1]
VL53L0X_get_vcsel_pulse_period
                        0x08002131     0x44  Code  Gb  vl53l0x_api_core.o [1]
VL53L0X_init            0x08012d51    0x146  Code  Gb  vl53l0x.o [1]
VL53L0X_isqrt           0x0800177b     0x2c  Code  Gb  vl53l0x_api_core.o [1]
VL53L0X_load_tuning_settings
                        0x080023b3     0xca  Code  Gb  vl53l0x_api_core.o [1]
VL53L0X_measurement_poll_for_completion
                        0x08001735     0x3a  Code  Gb  vl53l0x_api_core.o [1]
VL53L0X_perform_phase_calibration
                        0x080053e9     0x9a  Code  Gb  vl53l0x_api_calibration.o [1]
VL53L0X_perform_ref_calibration
                        0x08005483     0x50  Code  Gb  vl53l0x_api_calibration.o [1]
VL53L0X_perform_ref_spad_management
                        0x08004e03    0x34a  Code  Gb  vl53l0x_api_calibration.o [1]
VL53L0X_perform_single_ref_calibration
                        0x08005223     0x48  Code  Gb  vl53l0x_api_calibration.o [1]
VL53L0X_perform_vhv_calibration
                        0x0800534b     0x9e  Code  Gb  vl53l0x_api_calibration.o [1]
VL53L0X_printRangeStatus
                        0x08012ee5     0x12  Code  Gb  vl53l0x.o [1]
VL53L0X_read_byte       0x08005591     0x12  Code  Gb  vl53l0x_i2c_comms.o [1]
VL53L0X_read_dword      0x080055dd     0x34  Code  Gb  vl53l0x_i2c_comms.o [1]
VL53L0X_read_multi      0x080055a3     0x16  Code  Gb  vl53l0x_i2c_comms.o [1]
VL53L0X_read_word       0x080055b9     0x24  Code  Gb  vl53l0x_i2c_comms.o [1]
VL53L0X_ref_calibration_io
                        0x0800526b     0xe0  Code  Gb  vl53l0x_api_calibration.o [1]
VL53L0X_set_measurement_timing_budget_micro_seconds
                        0x08002175    0x138  Code  Gb  vl53l0x_api_core.o [1]
VL53L0X_set_reference_spads
                        0x0800514d     0xd6  Code  Gb  vl53l0x_api_calibration.o [1]
VL53L0X_write_byte      0x0800554b     0x10  Code  Gb  vl53l0x_i2c_comms.o [1]
VL53L0X_write_multi     0x0800555b     0x16  Code  Gb  vl53l0x_i2c_comms.o [1]
VL53L0X_write_word      0x08005571     0x20  Code  Gb  vl53l0x_i2c_comms.o [1]
_EncodingSb_Mbtowc      0x0800a86b     0x30  Code  Gb  xencoding_sb.o [3]
_EncodingSb_Wctomb      0x0800a851     0x1a  Code  Gb  xencoding_sb.o [3]
_GenldLarge             0x08009cab    0x236  Code  Lc  xprintflarge.o [3]
_IsdstStr               0x20000644      0x4  Data  Gb  setlocale.o [3]
_LdtobLarge             0x08009a9d    0x208  Code  Lc  xprintflarge.o [3]
_LitobLarge             0x0800994d    0x106  Code  Lc  xprintflarge.o [3]
_LocaleEncoding         0x0800a83d      0xe  Code  Gb  setlocale.o [3]
_LocaleReturnString     0x20000664     0x50  Data  Lc  setlocale.o [3]
_Locale_Profile         0x20000648     0x1c  Data  Gb  setlocale.o [3]
_Locale_aeabi_lconv     0x20000608     0x38  Data  Gb  localeconv.o [3]
_Locale_lconv           0x200005b8     0x50  Data  Gb  localeconv.o [3]
_Mbtowc                 0x08009f2b     0x20  Code  Gb  xmbtowc.o [3]
_PrintfLarge            0x08008f91    0x62c  Code  Gb  xprintflarge.o [3]
_PutcharsLarge          0x08009ee1     0x2e  Code  Lc  xprintflarge.o [3]
_PutstrLarge            0x08009641    0x306  Code  Lc  xprintflarge.o [3]
_SNProut                0x08002b4f     0x1a  Code  Gb  xsnprout.o [3]
_SProut                 0x08003ca3      0xa  Code  Gb  xsprout.o [3]
_TzoneStr               0x20000640      0x4  Data  Gb  setlocale.o [3]
_Wctomb                 0x08009fff     0x1a  Code  Gb  xwctomb.o [3]
__aeabi_cdcmpeq         0x0800f79d           Code  Gb  DblCmpEq.o [5]
__aeabi_cdcmple         0x0800a331           Code  Gb  DblCmpLe.o [5]
__aeabi_cdrcmple        0x0800cad9           Code  Gb  DblCmpGe.o [5]
__aeabi_cfcmpeq         0x08010331           Code  Gb  FltCmpEq.o [5]
__aeabi_cfcmple         0x0800d1ed           Code  Gb  FltCmpLe.o [5]
__aeabi_cfrcmple        0x0800d23d           Code  Gb  FltCmpGe.o [5]
__aeabi_d2f             0x0801034d           Code  Gb  DblToFlt.o [5]
__aeabi_d2iz            0x0800a5b9           Code  Gb  DblToI32.o [5]
__aeabi_d2uiz           0x0800a5e5           Code  Gb  DblToI32.o [5]
__aeabi_dadd            0x0800a8b5           Code  Gb  DblAdd.o [5]
__aeabi_ddiv            0x0800a361           Code  Gb  DblDiv.o [5]
__aeabi_dmul            0x0800a14d           Code  Gb  DblMul.o [5]
__aeabi_dsub            0x0800a641           Code  Gb  DblSub.o [5]
__aeabi_errno_addr      0x0800e025      0x6  Code  Gb  errno.o [3]
__aeabi_f2d             0x0800ca89           Code  Gb  FltToDbl.o [5]
__aeabi_f2iz            0x0800d211      0xe  Code  Gb  FltToS32.o [5]
__aeabi_f2lz            0x0800eda1           Code  Gb  FltToS64.o [5]
__aeabi_fadd            0x0800ca49     0x12  Code  Gb  FltAdd.o [5]
__aeabi_fdiv            0x0800cb07     0x12  Code  Gb  FltDiv.o [5]
__aeabi_fmul            0x0800ca37     0x12  Code  Gb  FltMul.o [5]
__aeabi_fsub            0x0800d22b     0x12  Code  Gb  FltSub.o [5]
__aeabi_i2d             0x0800a611           Code  Gb  I32ToDbl.o [5]
__aeabi_i2f             0x0800ca29      0xe  Code  Gb  S32ToFlt.o [5]
__aeabi_l2f             0x0800ed3d           Code  Gb  I64ToFlt.o [5]
__aeabi_lasr            0x0800ee19           Code  Gb  S64Shr.o [6]
__aeabi_ldiv0           0x0800a8b1           Code  Gb  I64DivZer.o [6]
__aeabi_ldivmod         0x0800a019           Code  Gb  I64DivMod.o [6]
__aeabi_llsl            0x0800ee3d           Code  Gb  I64Shl.o [6]
__aeabi_memclr4         0x08011b61           Code  Gb  ABImemclr4.o [6]
__aeabi_memset          0x08005745           Code  Gb  ABImemset.o [6]
__aeabi_ui2d            0x0800a625           Code  Gb  I32ToDbl.o [5]
__aeabi_ul2f            0x0800ed59           Code  Gb  I64ToFlt.o [5]
__aeabi_uldivmod        0x0800a05d           Code  Gb  I64DivMod.o [6]
__cmain                 0x08013fd9           Code  Gb  cmain.o [6]
__data_GetMemChunk      0x080016f5     0x2c  Code  Gb  xgetmemchunk.o [3]
__exit                  0x08001721     0x14  Code  Gb  exit.o [7]
__iar_Dint              0x0800f721     0x7a  Code  Gb  xdint.o [5]
__iar_Dnorm             0x0800a2ef     0x42  Code  Gb  xdnorm.o [5]
__iar_Dscale            0x0800fb75    0x114  Code  Gb  xdscale.o [5]
__iar_Dtest             0x0800fb33     0x30  Code  Gb  xdtest.o [5]
__iar_Errno             0x200005b4      0x4  Data  Gb  errno.o [3]
__iar_Exp               0x0800f86d    0x2be  Code  Gb  xexp.o [5]
__iar_FDint             0x0800e1c1     0x4e  Code  Gb  xfdint.o [5]
__iar_FQuad             0x0800e0d5     0xc2  Code  Gb  xfquad.o [5]
__iar_FSin              0x0800deb9    0x12a  Code  Gb  xfsin.o [5]
__iar_Locale_lconv_init
                        0x0800a7c1     0x3a  Code  Gb  localeconv.o [3]
__iar_Logpoly           0x0800f7bd     0x76  Code  Gb  xlog.o [5]
__iar_Mbcurmax          0x08009ff5      0xa  Code  Gb  xmbcurmax.o [3]
__iar_Memchr            0x08009f9d           Code  Gb  memchr.o [6]
__iar_Memset            0x08005745           Code  Gb  ABImemset.o [6]
__iar_Memset4_word      0x08011b69           Code  Gb  ABImemset48.o [6]
__iar_Memset8_word      0x08011b69           Code  Gb  ABImemset48.o [6]
__iar_Memset_word       0x0800574d           Code  Gb  ABImemset.o [6]
__iar_Quad              0x08011fed    0x12c  Code  Gb  xquad.o [5]
__iar_Sin               0x08011b9d    0x3b2  Code  Gb  xsin.o [5]
__iar_Strchr            0x08009f4d           Code  Gb  strchr.o [6]
__iar_d2uiz             0x0800a5f1           Code  Gb  DblToI32.o [5]
__iar_dadd              0x0800a8c9           Code  Gb  DblAdd.o [5]
__iar_data_init3        0x08013e95     0x28  Code  Gb  data_init.o [6]
__iar_dlfree            0x0800115f    0x510  Code  Gb  dlmalloc.o [3]
__iar_dlib_perthread_access
                        0x0800a99d      0x2  Code  Gb  xtls.o [3]
__iar_dlmalloc          0x08000ea9    0x2aa  Code  Gb  dlmalloc.o [3]
__iar_dsub              0x0800a655           Code  Gb  DblSub.o [5]
__iar_dsubStart         0x0800a667           Code  Gb  DblSub.o [5]
__iar_edom              0x0800dd7d           Code  Gb  iarEdom.o [6]
__iar_fmod              0x08012155           Code  Gb  fmod.o [5]
__iar_fmodl             0x08012155           Code  Gb  fmod.o [5]
__iar_init_vfp          0x08013ee1           Code  Gb  fpinit_M.o [5]
__iar_lz77_init_single3
                        0x0800167f     0x76  Code  Gb  lz77_init_single.o [6]
__iar_program_start     0x08014255           Code  Gb  cstartup_M.o [6]
__iar_softfp_cosf       0x0800da55     0x12  Code  Gb  cosf.o [5]
__iar_softfp_sinf       0x0800da67     0x12  Code  Gb  sinf.o [5]
__iar_softfp_sqrtf      0x0800ca5d           Code  Gb  sqrtf.o [5]
__iar_sqrt              0x08012a99           Code  Gb  sqrt.o [5]
__iar_ui2d              0x0800a629           Code  Gb  I32ToDbl.o [5]
__iar_ul2f              0x0800ed65           Code  Gb  I64ToFlt.o [5]
__iar_unaligned___aeabi_memcpy
                        0x080054d5           Code  Gb  ABImemcpy_unaligned.o [6]
__iar_unaligned___aeabi_memcpy4
                        0x080054f5           Code  Gb  ABImemcpy_unaligned.o [6]
__iar_unaligned___aeabi_memcpy8
                        0x080054f5           Code  Gb  ABImemcpy_unaligned.o [6]
__iar_unaligned___aeabi_memmove
                        0x080103e9           Code  Gb  ABImemmove_unaligned.o [6]
__iar_unaligned___aeabi_memmove4
                        0x080103e9           Code  Gb  ABImemmove_unaligned.o [6]
__iar_unaligned___aeabi_memmove8
                        0x080103e9           Code  Gb  ABImemmove_unaligned.o [6]
__iar_unaligned_memcmp  0x08008d89           Code  Gb  memcmp_unaligned.o [6]
__iar_unaligned_strcpy  0x08003e15           Code  Gb  strcpy_unaligned.o [6]
__iar_vfp_fmodf         0x0800e211           Code  Gb  fmodf.o [5]
__iar_vfp_pow           0x0800f2e3     0x18  Code  Gb  pow.o [5]
__iar_vfp_sin           0x08012a75     0x12  Code  Gb  sin.o [5]
__iar_vfp_sqrt          0x08012a89           Code  Gb  sqrt.o [5]
__iar_vfp_sqrtl         0x08012a89           Code  Gb  sqrt.o [5]
__iar_xatanf            0x0800e031           Code  Gb  xatanf.o [5]
__iar_zero_init3        0x08013e2d     0x40  Code  Gb  zero_init3.o [6]
__low_level_init        0x08013ff3      0x4  Code  Gb  low_level_init.o [3]
__print_result_location
                        0x0801165d      0x2  Code  Lc  mpl.o [1]
__print_result_location
                        0x0800e2f9      0x2  Code  Lc  fast_no_motion.o [4]
__vector_table          0x08000000           Data  Gb  startup_stm32f4xx.o [1]
_call_main              0x08013fe5           Code  Gb  cmain.o [6]
_exit                   0x08013ffd           Code  Gb  cexit.o [6]
_gm_                    0x20017518    0x1d8  Data  Lc  dlmalloc.o [3]
_main                   0x08013fef           Code  Gb  cmain.o [6]
abort                   0x08001679      0x6  Code  Gb  abort.o [3]
abs                     0x08003e59      0x8  Code  Gb  abs.o [3]
accel_fusion            0x0800bfe1    0x1f2  Code  Lc  quaternion_supervisor.o [4]
altitude                0x200183e0     0x1c  Data  Lc  altitude.o [1]
altitude                0x20018434     0x1c  Data  Lc  main.o [1]
altitude_queue          0x20018534      0x4  Data  Gb  altitude.o [1]
altitude_remove_angle_contribution
                        0x080126d1     0xfa  Code  Lc  altitude.o [1]
altitude_task           0x080127cb    0x272  Code  Gb  altitude.o [1]
armed                   0x08013321     0x2a  Code  Gb  main.o [1]
atan2f                  0x0800dd89           Code  Gb  atan2f.o [5]
barometer               0x200183fc     0x1c  Data  Gb  altitude.o [1]
barometer_init          0x08012b89     0x38  Code  Gb  barometer.o [1]
barometer_read_prom     0x08012bd7     0x3a  Code  Lc  barometer.o [1]
barometer_reset         0x08012bc1     0x16  Code  Lc  barometer.o [1]
barometer_validate_crc  0x08012c11     0x7a  Code  Lc  barometer.o [1]
decode_gesture          0x0800bd3b     0x58  Code  Lc  inv_mpu_dmp_motion_driver.o [1]
[...]
inv_record_min_moment_in_motion_accel
                        0x0800e851     0x30  Code  Gb  fast_no_motion.o [4]
inv_record_min_moment_in_motion_gyro
                        0x0800e821     0x30  Code  Gb  fast_no_motion.o [4]
inv_register_data_cb    0x0800d6c1     0xea  Code  Gb  data_builder.o [1]
inv_register_load_store
                        0x0800de0d     0x86  Code  Gb  storage_manager.o [1]
inv_register_mpl_start_notification
                        0x0800dd27     0x26  Code  Gb  start_manager.o [1]
inv_reset_compass_soft_iron_matrix
                        0x0800d9d1     0x50  Code  Gb  data_builder.o [1]
inv_reset_min_max_gyro_accel_statistics
                        0x0800e761     0x3a  Code  Gb  fast_no_motion.o [4]
inv_reset_packet        0x0800e79b     0x26  Code  Lc  fast_no_motion.o [4]
inv_row_2_scale         0x0800d105     0x4e  Code  Lc  ml_math_func.o [1]
inv_sensor_data_preprocess
                        0x0800e925     0x8a  Code  Gb  fast_no_motion.o [4]
inv_set_accel_orientation_and_scale
                        0x0800d411     0x10  Code  Gb  data_builder.o [1]
inv_set_accel_sample_rate
                        0x0800d345     0x32  Code  Gb  data_builder.o [1]
inv_set_compass_bias_found
                        0x0800dc9f      0x6  Code  Gb  results_holder.o [1]
inv_set_compass_correction
                        0x0800daa3     0x2a  Code  Gb  results_holder.o [1]
inv_set_contiguous      0x0800d839    0x106  Code  Lc  data_builder.o [1]
inv_set_default_number_of_samples
                        0x0800ebd9     0x30  Code  Gb  fast_no_motion.o [4]
inv_set_gyro_bias       0x0800d48b     0x82  Code  Gb  data_builder.o [1]
inv_set_gyro_orientation_and_scale
                        0x0800d307     0x10  Code  Gb  data_builder.o [1]
inv_set_gyro_sample_rate
                        0x0800d317     0x2e  Code  Gb  data_builder.o [1]
inv_set_message         0x0800de99     0x1c  Code  Gb  message_layer.o [1]
inv_set_motion_state    0x0800dadf     0x56  Code  Gb  results_holder.o [1]
inv_start_9x_sensor_fusion
                        0x080102bf      0xc  Code  Gb  fusion_9axis.o [4]
inv_start_cb            0x20018230     0x54  Data  Lc  start_manager.o [1]
inv_start_eMPL_outputs  0x0801160b     0x10  Code  Lc  eMPL_outputs.o [1]
inv_start_fast_nomot    0x0800ec5b     0x36  Code  Gb  fast_no_motion.o [4]
inv_start_gyro_tc       0x08011b05      0xa  Code  Gb  gyro_tc.o [4]
inv_start_mpl           0x080116bd     0x22  Code  Gb  mpl.o [1]
inv_start_quaternion    0x0800c999     0x26  Code  Gb  quaternion_supervisor.o [4]
inv_start_results_holder
                        0x0800dc31     0x12  Code  Gb  results_holder.o [1]
inv_store_gaming_quaternion
                        0x0800da79     0x2a  Code  Gb  results_holder.o [1]
is_aperture             0x08004c6b     0x16  Code  Gb  vl53l0x_api_calibration.o [1]
isr_read_duty           0x080109bd     0x54  Code  Gb  stm32f4xx_it.o [1]
isr_read_freq           0x08010969     0x54  Code  Gb  stm32f4xx_it.o [1]
joystick_accuracy       0x0801370f     0x38  Code  Lc  joystick.o [1]
joystick_filter         0x08013675     0x9a  Code  Lc  joystick.o [1]
joystick_pitch          0x2000019c     0x4c  Data  Gb  main.o [1]
joystick_read_setpoint  0x08013747     0x24  Code  Gb  joystick.o [1]
joystick_read_thrust    0x0801376d     0x86  Code  Gb  joystick.o [1]
joystick_read_toggle    0x080137f5     0x5a  Code  Gb  joystick.o [1]
joystick_roll           0x20000150     0x4c  Data  Gb  main.o [1]
joystick_thrust         0x20000234     0x4c  Data  Gb  main.o [1]
joystick_toggle         0x20000280     0x4c  Data  Gb  main.o [1]
joystick_yaw            0x200001e8     0x4c  Data  Gb  main.o [1]
laser                   0x20000000     0x14  Data  Gb  altitude.o [1]
laser_init              0x08012c9d      0x8  Code  Gb  laser.o [1]
laser_read              0x08012ca5     0x3c  Code  Gb  laser.o [1]
laser_read_average      0x08012ce1     0x3e  Code  Gb  laser.o [1]
lidar                   0x20000014      0xc  Data  Gb  altitude.o [1]
lidar_read              0x08012d2d      0x6  Code  Gb  lidar.o [1]
lnbias                  0x0800f300    0x420  Data  Lc  pow.o [5]
localeconv              0x0800a7fb     0x16  Code  Gb  localeconv.o [3]
mag_disturb             0x20017fbc     0xb8  Data  Gb  mag_disturb.o [4]
main                    0x0801358b     0x64  Code  Gb  main.o [1]
main_task               0x0801334d    0x20e  Code  Lc  main.o [1]
memchr                  0x08009f9d           Code  Gb  memchr.o [6]
memcpy                  0x0800d21f      0xc  Code  Gb  memcpy.o [3]
memmove                 0x08010325      0xc  Code  Gb  memmove.o [6]
memset                  0x0800dd01     0x14  Code  Gb  memset.o [3]
mh                      0x20018558      0x4  Data  Lc  message_layer.o [1]
mparams                 0x20018450     0x18  Data  Lc  dlmalloc.o [3]
mpl_key                 0x20000024      0x4  Data  Gb  imu.o [1]
mpu_configure_fifo      0x08008571     0x7e  Code  Gb  inv_mpu.o [1]
mpu_get_accel_fsr       0x0800831d     0x46  Code  Gb  inv_mpu.o [1]
mpu_get_gyro_fsr        0x08008251     0x3c  Code  Gb  inv_mpu.o [1]
mpu_get_sample_rate     0x0800849d     0x1e  Code  Gb  inv_mpu.o [1]
mpu_get_temperature     0x08007f89     0x98  Code  Gb  inv_mpu.o [1]
mpu_init                0x08007cfd    0x17a  Code  Gb  inv_mpu.o [1]
mpu_load_firmware       0x08008b03     0xe8  Code  Gb  inv_mpu.o [1]
mpu_lp_accel_mode       0x08007e77     0xfe  Code  Gb  inv_mpu.o [1]
mpu_read_fifo_stream    0x080086dd     0xe4  Code  Gb  inv_mpu.o [1]
mpu_read_mem            0x08008a7b     0x88  Code  Gb  inv_mpu.o [1]
mpu_reset_fifo          0x08008025    0x22c  Code  Gb  inv_mpu.o [1]
mpu_set_accel_fsr       0x08008363     0x94  Code  Gb  inv_mpu.o [1]
mpu_set_bypass          0x080087c1    0x196  Code  Gb  inv_mpu.o [1]
mpu_set_dmp_state       0x08008beb     0x94  Code  Gb  inv_mpu.o [1]
mpu_set_gyro_fsr        0x0800828d     0x90  Code  Gb  inv_mpu.o [1]
mpu_set_int_latched     0x08008957     0x88  Code  Gb  inv_mpu.o [1]
mpu_set_lpf             0x080083fd     0xa0  Code  Gb  inv_mpu.o [1]
mpu_set_sample_rate     0x080084bb     0xb0  Code  Gb  inv_mpu.o [1]
mpu_set_sensors         0x080085ef     0xe8  Code  Gb  inv_mpu.o [1]
mpu_write_mem           0x080089e9     0x92  Code  Gb  inv_mpu.o [1]
pMyDevice               0x200002f4      0x4  Data  Gb  vl53l0x.o [1]
pcInterruptPriorityRegisters
                        0x080142a0      0x4  Data  Lc  port.o [1]
perform_ref_signal_measurement
                        0x08004d83     0x80  Code  Gb  vl53l0x_api_calibration.o [1]
pid_altitude            0x2000012c     0x24  Data  Gb  main.o [1]
pid_calc                0x08013975     0xac  Code  Gb  pid.o [1]
pid_pitch               0x200000e4     0x24  Data  Gb  main.o [1]
pid_roll                0x200000c0     0x24  Data  Gb  main.o [1]
pid_yaw                 0x20000108     0x24  Data  Gb  main.o [1]
prepend_alloc           0x08000209    0x36c  Code  Lc  dlmalloc.o [3]
printf2                 0x08008d51     0x38  Code  Gb  printf2.o [1]
printf2_init            0x08008c85     0x94  Code  Gb  printf2.o [1]
prom_coefficient        0x200184f4     0x10  Data  Gb  barometer.o [1]
prvAddCurrentTaskToDelayedList
                        0x08004955     0x80  Code  Lc  tasks.o [1]
prvAddNewTaskToReadyList
                        0x08003f87     0xc0  Code  Lc  tasks.o [1]
prvCheckForValidListAndQueue
                        0x08005dd3     0x4c  Code  Lc  timers.o [1]
prvCheckTasksWaitingTermination
                        0x080046cd     0x64  Code  Lc  tasks.o [1]
prvCopyDataFromQueue    0x08006ef5     0x2a  Code  Lc  queue.o [1]
prvCopyDataToQueue      0x08006e73     0x82  Code  Lc  queue.o [1]
prvDeleteTCB            0x0800475d     0x12  Code  Lc  tasks.o [1]
prvGetNextExpireTime    0x08005bf1     0x28  Code  Lc  timers.o [1]
prvHeapInit             0x08005701     0x26  Code  Lc  heap_2.o [1]
prvIdleTask             0x08004641     0x28  Code  Lc  tasks.o [1]
prvInitialiseNewQueue   0x08006a25     0x22  Code  Lc  queue.o [1]
prvInitialiseNewTask    0x08003ed7     0xb0  Code  Lc  tasks.o [1]
prvInitialiseTaskLists  0x0800466d     0x54  Code  Lc  tasks.o [1]
prvInsertTimerInActiveList
                        0x08005c41     0x3e  Code  Lc  timers.o [1]
prvIsQueueEmpty         0x08006f8d     0x1c  Code  Lc  queue.o [1]
prvIsQueueFull          0x08006fa9     0x1e  Code  Lc  queue.o [1]
prvProcessExpiredTimer  0x08005b0f     0x5a  Code  Lc  timers.o [1]
prvProcessReceivedCommands
                        0x08005c7f     0xd6  Code  Lc  timers.o [1]
prvProcessTimerOrBlockTask
                        0x08005b81     0x70  Code  Lc  timers.o [1]
prvResetNextTaskUnblockTime
                        0x0800476f     0x28  Code  Lc  tasks.o [1]
prvSampleTimeNow        0x08005c19     0x28  Code  Lc  timers.o [1]
prvSwitchTimerLists     0x08005d55     0x7e  Code  Lc  timers.o [1]
prvTaskCheckFreeStackSpace
                        0x08004731     0x16  Code  Lc  tasks.o [1]
prvTaskExitError        0x0800586d     0x2a  Code  Lc  port.o [1]
prvTimerTask            0x08005b6d     0x14  Code  Lc  timers.o [1]
prvUnlockQueue          0x08006f1f     0x6e  Code  Lc  queue.o [1]
pvPortMalloc            0x08005611     0xb6  Code  Gb  heap_2.o [1]
pvTaskIncrementMutexHeldCount
                        0x08004915     0x1e  Code  Gb  tasks.o [1]
pwm_get_prescaler       0x08013221     0x36  Code  Gb  pwm.o [1]
pwm_gpio_init           0x080130ef     0x5c  Code  Lc  pwm.o [1]
pwm_input_init          0x08012f01    0x1a8  Code  Gb  pwm.o [1]
pwm_output_compare_init
                        0x080131b1     0x6e  Code  Lc  pwm.o [1]
pwm_output_init         0x080130a9     0x10  Code  Gb  pwm.o [1]
pwm_set_duty_cycle      0x080130b9     0x36  Code  Gb  pwm.o [1]
pwm_timebase_init       0x0801314b     0x66  Code  Lc  pwm.o [1]
pxCurrentTCB            0x200185a8      0x4  Data  Gb  tasks.o [1]
pxCurrentTimerList      0x200185e4      0x4  Data  Lc  timers.o [1]
pxDelayedTaskList       0x200185ac      0x4  Data  Lc  tasks.o [1]
pxOverflowDelayedTaskList
                        0x200185b0      0x4  Data  Lc  tasks.o [1]
pxOverflowTimerList     0x200185e8      0x4  Data  Lc  timers.o [1]
pxPortInitialiseStack   0x08005845     0x28  Code  Gb  port.o [1]
pxReadyTasksLists       0x20018168     0x64  Data  Lc  tasks.o [1]
rangingTest             0x08012ef7      0xa  Code  Gb  vl53l0x.o [1]
read_from_mpl_float     0x08010df1     0xca  Code  Lc  imu.o [1]
refArrayQuadrants       0x200005a4     0x10  Data  Gb  vl53l0x_api_calibration.o [1]
reg                     0x08013f64     0x20  Data  Gb  inv_mpu.o [1]
rh                      0x20018074     0x88  Data  Lc  results_holder.o [1]
s9axis                  0x20017e84    0x138  Data  Gb  fusion_9axis.o [4]
sStartAddress           0x080054d2      0x2  Data  Lc  inv_mpu_dmp_motion_driver.o [1]
scale                   0x08009a53     0x46  Code  Lc  xprintflarge.o [3]
segment_holding         0x08000189     0x1a  Code  Lc  dlmalloc.o [3]
sensors                 0x200178b4    0x198  Data  Lc  data_builder.o [1]
sequence_step_enabled   0x080031d7     0x4e  Code  Gb  vl53l0x_api.o [1]
set_int_enable          0x08007c45     0xb8  Code  Lc  inv_mpu.o [1]
set_ref_spad_map        0x08004cb5     0x10  Code  Gb  vl53l0x_api_calibration.o [1]
set_sensor_orientation_and_scale
                        0x0800d301      0x6  Code  Gb  data_builder.o [1]
set_sequence_step_timeout
                        0x08001fdd    0x154  Code  Gb  vl53l0x_api_core.o [1]
sqrt                    0x08012a99           Code  Gb  sqrt.o [5]
sqrtf                   0x0800ca6d           Code  Gb  sqrtf.o [5]
sqrtl                   0x08012a99           Code  Gb  sqrt.o [5]
st                      0x20000034     0x2c  Data  Lc  inv_mpu.o [1]
stack_size_main         0x20018550      0x4  Data  Gb  main.o [1]
strchr                  0x08009f4d           Code  Gb  strchr.o [6]
strlen                  0x08009f65           Code  Gb  strlen.o [6]
sys_alloc               0x08000575    0x386  Code  Lc  dlmalloc.o [3]
telemetry_task          0x08013565     0x26  Code  Lc  main.o [1]
test                    0x08013e6c     0x28  Data  Gb  inv_mpu.o [1]
tim12_duty              0x20018590      0x4  Data  Gb  stm32f4xx_it.o [1]
tim12_freq              0x200185a4      0x4  Data  Gb  stm32f4xx_it.o [1]
tim12_val               0x2001857c      0x4  Data  Gb  stm32f4xx_it.o [1]
tim2_duty               0x20018580      0x4  Data  Gb  stm32f4xx_it.o [1]
tim2_freq               0x20018594      0x4  Data  Gb  stm32f4xx_it.o [1]
tim2_val                0x2001856c      0x4  Data  Gb  stm32f4xx_it.o [1]
tim3_duty               0x20018584      0x4  Data  Gb  stm32f4xx_it.o [1]
tim3_freq               0x20018598      0x4  Data  Gb  stm32f4xx_it.o [1]
tim3_val                0x20018570      0x4  Data  Gb  stm32f4xx_it.o [1]
tim5_duty               0x20018588      0x4  Data  Gb  stm32f4xx_it.o [1]
tim5_freq               0x2001859c      0x4  Data  Gb  stm32f4xx_it.o [1]
tim5_val                0x20018574      0x4  Data  Gb  stm32f4xx_it.o [1]
tim9_duty               0x2001858c      0x4  Data  Gb  stm32f4xx_it.o [1]
tim9_freq               0x200185a0      0x4  Data  Gb  stm32f4xx_it.o [1]
tim9_val                0x20018578      0x4  Data  Gb  stm32f4xx_it.o [1]
tmalloc_large           0x08000909    0x390  Code  Lc  dlmalloc.o [3]
tmalloc_small           0x08000c99    0x210  Code  Lc  dlmalloc.o [3]
toggle                  0x20018554      0x4  Data  Lc  main.o [1]
ts2                     0x2001854c      0x4  Data  Gb  imu.o [1]
ucHeap                  0x200046b8  0x12c00  Data  Lc  heap_2.o [1]
ucMaxSysCallPriority    0x20018600      0x1  Data  Lc  port.o [1]
ulMaxPRIGROUPValue      0x2001855c      0x4  Data  Lc  port.o [1]
ulRegTest1LoopCounter   0x20018560      0x4  Data  Gb  reg_test.o [1]
ulRegTest2LoopCounter   0x20018564      0x4  Data  Gb  reg_test.o [1]
ulRegTestCheckFlopRegistersContainParameterValue
                        0x0801263b           Code  Gb  RegTest.o [1]
uxCriticalNesting       0x200002cc      0x4  Data  Lc  port.o [1]
uxCurrentNumberOfTasks  0x200185b8      0x4  Data  Lc  tasks.o [1]
uxDeletedTasksWaitingCleanUp
                        0x200185b4      0x4  Data  Lc  tasks.o [1]
uxListRemove            0x0800581d     0x26  Code  Gb  list.o [1]
uxPendedTicks           0x200185c8      0x4  Data  Lc  tasks.o [1]
uxSchedulerSuspended    0x200185e0      0x4  Data  Lc  tasks.o [1]
uxTaskGetStackHighWaterMark
                        0x08004747     0x16  Code  Gb  tasks.o [1]
uxTaskNumber            0x200185d4      0x4  Data  Lc  tasks.o [1]
uxTopReadyPriority      0x200185c0      0x4  Data  Lc  tasks.o [1]
vApplicationIdleHook    0x08005e5b      0x2  Code  Gb  application_hooks.o [1]
vApplicationMallocFailedHook
                        0x08005e4b     0x10  Code  Gb  application_hooks.o [1]
vApplicationStackOverflowHook
                        0x08005e5d     0x10  Code  Gb  application_hooks.o [1]
vApplicationTickHook    0x08005e49      0x2  Code  Gb  application_hooks.o [1]
vListInitialise         0x080057ab     0x1e  Code  Gb  list.o [1]
vListInitialiseItem     0x080057c9      0x6  Code  Gb  list.o [1]
vListInsert             0x080057e7     0x36  Code  Gb  list.o [1]
vListInsertEnd          0x080057cf     0x18  Code  Gb  list.o [1]
vPortEnableVFP          0x0800692d           Code  Gb  portasm.o [1]
vPortEnterCritical      0x0800592f     0x3a  Code  Gb  port.o [1]
vPortExitCritical       0x08005969     0x32  Code  Gb  port.o [1]
vPortFree               0x080056c7     0x3a  Code  Gb  heap_2.o [1]
vPortSetupTimerInterrupt
                        0x080059c3     0x1a  Code  Wk  port.o [1]
vPortStartFirstTask     0x08006915           Code  Gb  portasm.o [1]
vPortValidateInterruptPriority
                        0x080059dd     0x4a  Code  Gb  port.o [1]
vQueueAddToRegistry     0x08006fc7     0x24  Code  Gb  queue.o [1]
vQueueWaitForMessageRestricted
                        0x08006ff5     0x4a  Code  Gb  queue.o [1]
vRegTest1Task           0x080122fd           Code  Gb  RegTest.o [1]
vRegTest2Task           0x08012487           Code  Gb  RegTest.o [1]
vRegTestClearFlopRegistersToParameterValue
                        0x08012619           Code  Gb  RegTest.o [1]
vTaskDelay              0x080040e9     0x4c  Code  Gb  tasks.o [1]
vTaskDelayUntil         0x08004047     0xa2  Code  Gb  tasks.o [1]
vTaskMissedYield        0x08004631      0xa  Code  Gb  tasks.o [1]
vTaskPlaceOnEventList   0x0800447f     0x2e  Code  Gb  tasks.o [1]
vTaskPlaceOnEventListRestricted
                        0x080044ad     0x38  Code  Gb  tasks.o [1]
vTaskPriorityInherit    0x080047b7     0xaa  Code  Gb  tasks.o [1]
vTaskSetTimeOutState    0x08004583     0x26  Code  Gb  tasks.o [1]
vTaskStartScheduler     0x08004135     0x6e  Code  Gb  tasks.o [1]
vTaskSuspendAll         0x080041a3     0x10  Code  Gb  tasks.o [1]
vTaskSwitchContext      0x080043df     0xa0  Code  Gb  tasks.o [1]
vl53l0x_measurement     0x20018418     0x1c  Data  Gb  laser.o [1]
vsnprintf               0x08008f29     0x3c  Code  Gb  vsnprint.o [3]
vsprintf                0x08008f65     0x2c  Code  Gb  vsprintf.o [3]
xActiveTimerList1       0x200184cc     0x14  Data  Lc  timers.o [1]
xActiveTimerList2       0x200184e0     0x14  Data  Lc  timers.o [1]
xDelayedTaskList1       0x20018468     0x14  Data  Lc  tasks.o [1]
xDelayedTaskList2       0x2001847c     0x14  Data  Lc  tasks.o [1]
xEnd                    0x2001852c      0x8  Data  Lc  heap_2.o [1]
xFreeBytesRemaining     0x20000020      0x4  Data  Lc  heap_2.o [1]
xIdleTaskHandle         0x200185dc      0x4  Data  Lc  tasks.o [1]
xNextTaskUnblockTime    0x200185d8      0x4  Data  Lc  tasks.o [1]
xNumOfOverflows         0x200185d0      0x4  Data  Lc  tasks.o [1]
xPendingReadyList       0x20018490     0x14  Data  Lc  tasks.o [1]
xPortStartScheduler     0x08005897     0x98  Code  Gb  port.o [1]
xQueueGenericCreate     0x080069db     0x4a  Code  Gb  queue.o [1]
xQueueGenericReceive    0x08006cb5    0x1be  Code  Gb  queue.o [1]
xQueueGenericReset      0x08006949     0x92  Code  Gb  queue.o [1]
xQueueGenericSend       0x08006a47    0x196  Code  Gb  queue.o [1]
xQueueGenericSendFromISR
                        0x08006bdd     0xd8  Code  Gb  queue.o [1]
xQueueRegistry          0x20018284     0x40  Data  Gb  queue.o [1]
xSchedulerRunning       0x200185c4      0x4  Data  Lc  tasks.o [1]
xStart                  0x20018524      0x8  Data  Lc  heap_2.o [1]
xSuspendedTaskList      0x200184b8     0x14  Data  Lc  tasks.o [1]
xTaskCheckForTimeOut    0x080045b1     0x80  Code  Gb  tasks.o [1]
xTaskCreate             0x08003e61     0x76  Code  Gb  tasks.o [1]
xTaskGetSchedulerState  0x08004797     0x20  Code  Gb  tasks.o [1]
xTaskGetTickCount       0x080042ad      0x8  Code  Gb  tasks.o [1]
xTaskIncrementTick      0x080042b5    0x12a  Code  Gb  tasks.o [1]
xTaskPriorityDisinherit
                        0x08004861     0xb4  Code  Gb  tasks.o [1]
xTaskRemoveFromEventList
                        0x08004501     0x82  Code  Gb  tasks.o [1]
xTaskResumeAll          0x080041b3     0xfa  Code  Gb  tasks.o [1]
xTasksWaitingTermination
                        0x200184a4     0x14  Data  Lc  tasks.o [1]
xTickCount              0x200185bc      0x4  Data  Lc  tasks.o [1]
xTimerCreateTimerTask   0x08005a59     0x48  Code  Gb  timers.o [1]
xTimerGenericCommand    0x08005aa1     0x6e  Code  Gb  timers.o [1]
xTimerQueue             0x200185ec      0x4  Data  Lc  timers.o [1]
xTimerTaskHandle        0x200185f0      0x4  Data  Lc  timers.o [1]
xYieldPending           0x200185cc      0x4  Data  Lc  tasks.o [1]


[1] = C:\Users\klasl\Desktop\freertos_dmp2\Flash Debug\Obj
[2] = command line
[3] = dl7M_tlf.a
[4] = libmpllib.a
[5] = m7M_tls.a
[6] = rt7M_tl.a
[7] = shb_l.a

  78 826 bytes of readonly  code memory
   5 043 bytes of readonly  data memory
  99 840 bytes of readwrite data memory

Errors: none
Warnings: 12
