###############################################################################
#
# IAR ELF Linker V7.50.2.10312/W32 for ARM                31/May/2017  18:53:43
# Copyright 2007-2015 IAR Systems AB.
#
#    Output file  =  
#        C:\Users\klasl\Desktop\freertos_dmp2\Flash Debug\Exe\RTOSDemo.out
#    Map file     =  
#        C:\Users\klasl\Desktop\freertos_dmp2\Flash Debug\List\RTOSDemo.map
#    Command line =  
#        "C:\Users\klasl\Desktop\freertos_dmp2\Flash Debug\Obj\altitude.o"
#        "C:\Users\klasl\Desktop\freertos_dmp2\Flash
#        Debug\Obj\application_hooks.o"
#        "C:\Users\klasl\Desktop\freertos_dmp2\Flash Debug\Obj\arm.o"
#        "C:\Users\klasl\Desktop\freertos_dmp2\Flash Debug\Obj\barometer.o"
#        "C:\Users\klasl\Desktop\freertos_dmp2\Flash Debug\Obj\buzzer.o"
#        "C:\Users\klasl\Desktop\freertos_dmp2\Flash Debug\Obj\data_builder.o"
#        "C:\Users\klasl\Desktop\freertos_dmp2\Flash Debug\Obj\eMPL_outputs.o"
#        "C:\Users\klasl\Desktop\freertos_dmp2\Flash Debug\Obj\esc.o"
#        "C:\Users\klasl\Desktop\freertos_dmp2\Flash Debug\Obj\event_groups.o"
#        "C:\Users\klasl\Desktop\freertos_dmp2\Flash Debug\Obj\filter.o"
#        "C:\Users\klasl\Desktop\freertos_dmp2\Flash Debug\Obj\freertos_time.o"
#        "C:\Users\klasl\Desktop\freertos_dmp2\Flash Debug\Obj\gpio.o"
#        "C:\Users\klasl\Desktop\freertos_dmp2\Flash Debug\Obj\hal_outputs.o"
#        "C:\Users\klasl\Desktop\freertos_dmp2\Flash Debug\Obj\hardware.o"
#        "C:\Users\klasl\Desktop\freertos_dmp2\Flash Debug\Obj\heap_2.o"
#        "C:\Users\klasl\Desktop\freertos_dmp2\Flash Debug\Obj\i2c.o"
#        "C:\Users\klasl\Desktop\freertos_dmp2\Flash Debug\Obj\i2c_1.o"
#        "C:\Users\klasl\Desktop\freertos_dmp2\Flash Debug\Obj\imu.o"
#        "C:\Users\klasl\Desktop\freertos_dmp2\Flash Debug\Obj\inv_mpu.o"
#        "C:\Users\klasl\Desktop\freertos_dmp2\Flash
#        Debug\Obj\inv_mpu_dmp_motion_driver.o"
#        "C:\Users\klasl\Desktop\freertos_dmp2\Flash Debug\Obj\joystick.o"
#        "C:\Users\klasl\Desktop\freertos_dmp2\Flash Debug\Obj\kalman.o"
#        "C:\Users\klasl\Desktop\freertos_dmp2\Flash Debug\Obj\laser.o"
#        C:\Users\klasl\Desktop\freertos_dmp2\invensense_dmp\mpl\libmpllib.a
#        "C:\Users\klasl\Desktop\freertos_dmp2\Flash Debug\Obj\lidar.o"
#        "C:\Users\klasl\Desktop\freertos_dmp2\Flash Debug\Obj\list.o"
#        "C:\Users\klasl\Desktop\freertos_dmp2\Flash Debug\Obj\main.o"
#        "C:\Users\klasl\Desktop\freertos_dmp2\Flash Debug\Obj\message_layer.o"
#        "C:\Users\klasl\Desktop\freertos_dmp2\Flash Debug\Obj\misc.o"
#        "C:\Users\klasl\Desktop\freertos_dmp2\Flash Debug\Obj\ml_math_func.o"
#        "C:\Users\klasl\Desktop\freertos_dmp2\Flash Debug\Obj\mlmath.o"
#        "C:\Users\klasl\Desktop\freertos_dmp2\Flash Debug\Obj\mpl.o"
#        "C:\Users\klasl\Desktop\freertos_dmp2\Flash Debug\Obj\pid.o"
#        "C:\Users\klasl\Desktop\freertos_dmp2\Flash Debug\Obj\port.o"
#        "C:\Users\klasl\Desktop\freertos_dmp2\Flash Debug\Obj\portasm.o"
#        "C:\Users\klasl\Desktop\freertos_dmp2\Flash Debug\Obj\pwm.o"
#        "C:\Users\klasl\Desktop\freertos_dmp2\Flash Debug\Obj\queue.o"
#        "C:\Users\klasl\Desktop\freertos_dmp2\Flash Debug\Obj\reg_test.o"
#        "C:\Users\klasl\Desktop\freertos_dmp2\Flash Debug\Obj\RegTest.o"
#        "C:\Users\klasl\Desktop\freertos_dmp2\Flash
#        Debug\Obj\results_holder.o"
#        "C:\Users\klasl\Desktop\freertos_dmp2\Flash Debug\Obj\start_manager.o"
#        "C:\Users\klasl\Desktop\freertos_dmp2\Flash
#        Debug\Obj\startup_stm32f4xx.o"
#        "C:\Users\klasl\Desktop\freertos_dmp2\Flash Debug\Obj\stm32f4xx_adc.o"
#        "C:\Users\klasl\Desktop\freertos_dmp2\Flash Debug\Obj\stm32f4xx_can.o"
#        "C:\Users\klasl\Desktop\freertos_dmp2\Flash Debug\Obj\stm32f4xx_crc.o"
#        "C:\Users\klasl\Desktop\freertos_dmp2\Flash
#        Debug\Obj\stm32f4xx_cryp.o"
#        "C:\Users\klasl\Desktop\freertos_dmp2\Flash
#        Debug\Obj\stm32f4xx_cryp_aes.o"
#        "C:\Users\klasl\Desktop\freertos_dmp2\Flash
#        Debug\Obj\stm32f4xx_cryp_des.o"
#        "C:\Users\klasl\Desktop\freertos_dmp2\Flash
#        Debug\Obj\stm32f4xx_cryp_tdes.o"
#        "C:\Users\klasl\Desktop\freertos_dmp2\Flash Debug\Obj\stm32f4xx_dac.o"
#        "C:\Users\klasl\Desktop\freertos_dmp2\Flash
#        Debug\Obj\stm32f4xx_dbgmcu.o"
#        "C:\Users\klasl\Desktop\freertos_dmp2\Flash
#        Debug\Obj\stm32f4xx_dcmi.o"
#        "C:\Users\klasl\Desktop\freertos_dmp2\Flash Debug\Obj\stm32f4xx_dma.o"
#        "C:\Users\klasl\Desktop\freertos_dmp2\Flash
#        Debug\Obj\stm32f4xx_exti.o"
#        "C:\Users\klasl\Desktop\freertos_dmp2\Flash
#        Debug\Obj\stm32f4xx_flash.o"
#        "C:\Users\klasl\Desktop\freertos_dmp2\Flash
#        Debug\Obj\stm32f4xx_fsmc.o"
#        "C:\Users\klasl\Desktop\freertos_dmp2\Flash
#        Debug\Obj\stm32f4xx_gpio.o"
#        "C:\Users\klasl\Desktop\freertos_dmp2\Flash
#        Debug\Obj\stm32f4xx_hash.o"
#        "C:\Users\klasl\Desktop\freertos_dmp2\Flash
#        Debug\Obj\stm32f4xx_hash_md5.o"
#        "C:\Users\klasl\Desktop\freertos_dmp2\Flash
#        Debug\Obj\stm32f4xx_hash_sha1.o"
#        "C:\Users\klasl\Desktop\freertos_dmp2\Flash Debug\Obj\stm32f4xx_i2c.o"
#        "C:\Users\klasl\Desktop\freertos_dmp2\Flash Debug\Obj\stm32f4xx_it.o"
#        "C:\Users\klasl\Desktop\freertos_dmp2\Flash
#        Debug\Obj\stm32f4xx_iwdg.o"
#        "C:\Users\klasl\Desktop\freertos_dmp2\Flash Debug\Obj\stm32f4xx_pwr.o"
#        "C:\Users\klasl\Desktop\freertos_dmp2\Flash Debug\Obj\stm32f4xx_rcc.o"
#        "C:\Users\klasl\Desktop\freertos_dmp2\Flash Debug\Obj\stm32f4xx_rng.o"
#        "C:\Users\klasl\Desktop\freertos_dmp2\Flash Debug\Obj\stm32f4xx_rtc.o"
#        "C:\Users\klasl\Desktop\freertos_dmp2\Flash
#        Debug\Obj\stm32f4xx_sdio.o"
#        "C:\Users\klasl\Desktop\freertos_dmp2\Flash Debug\Obj\stm32f4xx_spi.o"
#        "C:\Users\klasl\Desktop\freertos_dmp2\Flash
#        Debug\Obj\stm32f4xx_syscfg.o"
#        "C:\Users\klasl\Desktop\freertos_dmp2\Flash Debug\Obj\stm32f4xx_tim.o"
#        "C:\Users\klasl\Desktop\freertos_dmp2\Flash
#        Debug\Obj\stm32f4xx_usart.o"
#        "C:\Users\klasl\Desktop\freertos_dmp2\Flash
#        Debug\Obj\stm32f4xx_wwdg.o"
#        "C:\Users\klasl\Desktop\freertos_dmp2\Flash
#        Debug\Obj\storage_manager.o"
#        "C:\Users\klasl\Desktop\freertos_dmp2\Flash
#        Debug\Obj\system_stm32f4xx.o"
#        "C:\Users\klasl\Desktop\freertos_dmp2\Flash Debug\Obj\tasks.o"
#        "C:\Users\klasl\Desktop\freertos_dmp2\Flash Debug\Obj\timers.o"
#        "C:\Users\klasl\Desktop\freertos_dmp2\Flash Debug\Obj\tiny_ekf.o"
#        "C:\Users\klasl\Desktop\freertos_dmp2\Flash Debug\Obj\uart.o"
#        "C:\Users\klasl\Desktop\freertos_dmp2\Flash Debug\Obj\ultrasonic.o"
#        "C:\Users\klasl\Desktop\freertos_dmp2\Flash Debug\Obj\vl53l0x.o"
#        "C:\Users\klasl\Desktop\freertos_dmp2\Flash Debug\Obj\vl53l0x_api.o"
#        "C:\Users\klasl\Desktop\freertos_dmp2\Flash
#        Debug\Obj\vl53l0x_api_calibration.o"
#        "C:\Users\klasl\Desktop\freertos_dmp2\Flash
#        Debug\Obj\vl53l0x_api_core.o"
#        "C:\Users\klasl\Desktop\freertos_dmp2\Flash
#        Debug\Obj\vl53l0x_api_ranging.o"
#        "C:\Users\klasl\Desktop\freertos_dmp2\Flash
#        Debug\Obj\vl53l0x_api_strings.o"
#        "C:\Users\klasl\Desktop\freertos_dmp2\Flash
#        Debug\Obj\vl53l0x_i2c_comms.o"
#        "C:\Users\klasl\Desktop\freertos_dmp2\Flash
#        Debug\Obj\vl53l0x_platform.o" --redirect _Printf=_PrintfLarge
#        --redirect _Scanf=_ScanfSmall -o
#        "C:\Users\klasl\Desktop\freertos_dmp2\Flash Debug\Exe\RTOSDemo.out"
#        --map "C:\Users\klasl\Desktop\freertos_dmp2\Flash
#        Debug\List\RTOSDemo.map" --config "C:\Program Files (x86)\IAR
#        Systems\Embedded Workbench 7.3_2\arm\config\linker\ST\stm32f407xG.icf"
#        --semihosting --entry __iar_program_start --redirect
#        __iar_sh_stdout=__iar_sh_stdout_swo --vfe
#
###############################################################################

*******************************************************************************
*** MESSAGES
***

Warning[Lt049]: Potential floating point parameter passing conflict. The first
          module below references the second and they have been built with
          different settings.
          AAPCS, VFP variant: C:\Users\klasl\Desktop\freertos_dmp2\Flash
                    Debug\Obj\imu.o
          AAPCS, base variant: quaternion_supervisor.o(libmpllib.a)
Warning[Lt049]: Potential floating point parameter passing conflict. The first
          module below references the second and they have been built with
          different settings.
          AAPCS, VFP variant: C:\Users\klasl\Desktop\freertos_dmp2\Flash
                    Debug\Obj\imu.o
          AAPCS, base variant: fusion_9axis.o(libmpllib.a)
Warning[Lt049]: Potential floating point parameter passing conflict. The first
          module below references the second and they have been built with
          different settings.
          AAPCS, VFP variant: C:\Users\klasl\Desktop\freertos_dmp2\Flash
                    Debug\Obj\imu.o
          AAPCS, base variant: fast_no_motion.o(libmpllib.a)
Warning[Lt049]: Potential floating point parameter passing conflict. The first
          module below references the second and they have been built with
          different settings.
          AAPCS, VFP variant: C:\Users\klasl\Desktop\freertos_dmp2\Flash
                    Debug\Obj\imu.o
          AAPCS, base variant: gyro_tc.o(libmpllib.a)
Warning[Lt049]: Potential floating point parameter passing conflict. The first
          module below references the second and they have been built with
          different settings.
          AAPCS, base variant: fusion_9axis.o(libmpllib.a)
          AAPCS, VFP variant: C:\Users\klasl\Desktop\freertos_dmp2\Flash
                    Debug\Obj\ml_math_func.o
Warning[Lt049]: Potential floating point parameter passing conflict. The first
          module below references the second and they have been built with
          different settings.
          AAPCS, base variant: fusion_9axis.o(libmpllib.a)
          AAPCS, VFP variant: C:\Users\klasl\Desktop\freertos_dmp2\Flash
                    Debug\Obj\results_holder.o
Warning[Lt049]: Potential floating point parameter passing conflict. The first
          module below references the second and they have been built with
          different settings.
          AAPCS, base variant: fast_no_motion.o(libmpllib.a)
          AAPCS, VFP variant: C:\Users\klasl\Desktop\freertos_dmp2\Flash
                    Debug\Obj\ml_math_func.o
Warning[Lt049]: Potential floating point parameter passing conflict. The first
          module below references the second and they have been built with
          different settings.
          AAPCS, base variant: fast_no_motion.o(libmpllib.a)
          AAPCS, VFP variant: C:\Users\klasl\Desktop\freertos_dmp2\Flash
                    Debug\Obj\results_holder.o
Warning[Lt049]: Potential floating point parameter passing conflict. The first
          module below references the second and they have been built with
          different settings.
          AAPCS, base variant: gyro_tc.o(libmpllib.a)
          AAPCS, VFP variant: C:\Users\klasl\Desktop\freertos_dmp2\Flash
                    Debug\Obj\results_holder.o
Warning[Lt049]: Potential floating point parameter passing conflict. The first
          module below references the second and they have been built with
          different settings.
          AAPCS, base variant: quaternion_supervisor.o(libmpllib.a)
          AAPCS, VFP variant: C:\Users\klasl\Desktop\freertos_dmp2\Flash
                    Debug\Obj\ml_math_func.o
Warning[Lt049]: Potential floating point parameter passing conflict. The first
          module below references the second and they have been built with
          different settings.
          AAPCS, base variant: quaternion_supervisor.o(libmpllib.a)
          AAPCS, VFP variant: C:\Users\klasl\Desktop\freertos_dmp2\Flash
                    Debug\Obj\results_holder.o
Warning[Lt049]: Potential floating point parameter passing conflict. The first
          module below references the second and they have been built with
          different settings.
          AAPCS, base variant: quaternion_supervisor.o(libmpllib.a)
          AAPCS, VFP variant: C:\Users\klasl\Desktop\freertos_dmp2\Flash
                    Debug\Obj\imu.o


*******************************************************************************
*** RUNTIME MODEL ATTRIBUTES
***

CppFlavor                     = *
__Heap_Handler                = DLMalloc
__SystemLibrary               = DLib
__dlib_dynamic_initialization = normal


*******************************************************************************
*** PLACEMENT SUMMARY
***

"A1":  place at 0x08000000 { ro section .intvec };
"P1":  place in [from 0x08000000 to 0x080fffff] { ro };
"P2":  place in [from 0x20000000 to 0x2001ffff] { rw, block CSTACK, block HEAP };

  Section             Kind        Address     Size  Object
  -------             ----        -------     ----  ------
"A1":                                        0x188
  .intvec             ro code  0x08000000    0x188  startup_stm32f4xx.o [1]
                             - 0x08000188    0x188

"P1":                                       0xf527
  .text               ro code  0x08000188   0x14f0  dlmalloc.o [3]
  .text               ro code  0x08001678      0x6  abort.o [3]
  .text               ro code  0x0800167e     0x76  lz77_init_single.o [6]
  .text               ro code  0x080016f4     0x2c  xgetmemchunk.o [3]
  .text               ro code  0x08001720     0x14  exit.o [7]
  .text               ro code  0x08001734   0x1010  inv_mpu.o [1]
  .text               ro code  0x08002744    0x744  i2c.o [1]
  .text               ro code  0x08002e88     0x22  freertos_time.o [1]
  .text               ro code  0x08002eaa     0x1a  xsnprout.o [3]
  .text               ro code  0x08002ec4     0x66  ABImemset.o [6]
  .text               ro code  0x08002f2a      0xa  xsprout.o [3]
  .text               ro code  0x08002f34     0x62  memcmp_unaligned.o [6]
  .rodata             const    0x08002f96      0x2  heap_2.o [1]
  .text               ro code  0x08002f98    0x188  stm32f4xx_rcc.o [1]
  .text               ro code  0x08003120     0xf4  stm32f4xx_gpio.o [1]
  .text               ro code  0x08003214    0x242  stm32f4xx_i2c.o [1]
  .rodata             const    0x08003456      0x2  inv_mpu_dmp_motion_driver.o [1]
  .text               ro code  0x08003458    0xb10  tasks.o [1]
  .text               ro code  0x08003f68    0x134  heap_2.o [1]
  .text               ro code  0x0800409c     0x98  list.o [1]
  .text               ro code  0x08004134    0x214  port.o [1]
  .text               ro code  0x08004348    0x3f0  timers.o [1]
  .text               ro code  0x08004738     0x24  application_hooks.o [1]
  CODE                ro code  0x0800475c     0xa8  portasm.o [1]
  .text               ro code  0x08004804    0x6f6  queue.o [1]
  .text               ro code  0x08004efc     0x76  ABImemcpy_unaligned.o [6]
  .text               ro code  0x08004f74    0xf9a  xprintflarge.o [3]
  .text               ro code  0x08005f0e     0x20  xmbtowc.o [3]
  .text               ro code  0x08005f30     0x16  strchr.o [6]
  .text               ro code  0x08005f48     0x36  strlen.o [6]
  .text               ro code  0x08005f80     0x58  memchr.o [6]
  .text               ro code  0x08005fd8      0xa  xmbcurmax.o [3]
  .text               ro code  0x08005fe2     0x1a  xwctomb.o [3]
  .text               ro code  0x08005ffc    0x132  I64DivMod.o [6]
  .text               ro code  0x08006130    0x1a2  DblMul.o [5]
  .text               ro code  0x080062d2     0x42  xdnorm.o [5]
  .text               ro code  0x08006314     0x2e  DblCmpLe.o [5]
  .text               ro code  0x08006344    0x256  DblDiv.o [5]
  .text               ro code  0x0800659c     0x58  DblToI32.o [5]
  .text               ro code  0x080065f4     0x30  I32ToDbl.o [5]
  .text               ro code  0x08006624    0x180  DblSub.o [5]
  .text               ro code  0x080067a4     0x6c  localeconv.o [3]
  .text               ro code  0x08006810      0xe  div.o [3]
  .text               ro code  0x08006820     0x14  setlocale.o [3]
  .text               ro code  0x08006834     0x60  xencoding_sb.o [3]
  .text               ro code  0x08006894      0x2  I64DivZer.o [6]
  .text               ro code  0x08006898     0xe8  DblAdd.o [5]
  .text               ro code  0x08006980      0x2  xtls.o [3]
  .rodata             const    0x08006984    0xbf8  inv_mpu_dmp_motion_driver.o [1]
  .text               ro code  0x0800757c    0xa48  inv_mpu_dmp_motion_driver.o [1]
  .text               ro code  0x08007fc4    0xa48  quaternion_supervisor.o [4]
  .text               ro code  0x08008a0c      0xe  S32ToFlt.o [5]
  .text               ro code  0x08008a1a     0x12  FltMul.o [5]
  .text               ro code  0x08008a2c     0x12  FltAdd.o [5]
  .text               ro code  0x08008a40     0x2c  sqrtf.o [5]
  .text               ro code  0x08008a6c     0x4e  FltToDbl.o [5]
  .text               ro code  0x08008abc     0x2e  DblCmpGe.o [5]
  .text               ro code  0x08008aea     0x12  FltDiv.o [5]
  .text               ro code  0x08008afc    0x6d2  ml_math_func.o [1]
  .text               ro code  0x080091d0     0x24  FltCmpLe.o [5]
  .text               ro code  0x080091f4      0xe  FltToS32.o [5]
  .text               ro code  0x08009202      0xc  memcpy.o [3]
  .text               ro code  0x0800920e     0x12  FltSub.o [5]
  .text               ro code  0x08009220     0x24  FltCmpGe.o [5]
  .text               ro code  0x08009244    0x7f4  data_builder.o [1]
  .text               ro code  0x08009a38     0x12  cosf.o [5]
  .text               ro code  0x08009a4a     0x12  sinf.o [5]
  .text               ro code  0x08009a5c    0x288  results_holder.o [1]
  .text               ro code  0x08009ce4     0x14  memset.o [3]
  .text               ro code  0x08009cf8     0x68  start_manager.o [1]
  .text               ro code  0x08009d60      0xc  iarEdom.o [6]
  .text               ro code  0x08009d6c     0x6a  atan2f.o [5]
  .text               ro code  0x08009dd8     0xa4  storage_manager.o [1]
  .text               ro code  0x08009e7c     0x20  message_layer.o [1]
  .text               ro code  0x08009e9c    0x16c  xfsin.o [5]
  .text               ro code  0x0800a008      0xc  errno.o [3]
  .text               ro code  0x0800a014     0xa4  xatanf.o [5]
  .text               ro code  0x0800a0b8     0xec  xfquad.o [5]
  .text               ro code  0x0800a1a4     0x4e  xfdint.o [5]
  .text               ro code  0x0800a1f4     0xe6  fmodf.o [5]
  .text               ro code  0x0800a2dc    0xa44  fast_no_motion.o [4]
  .text               ro code  0x0800ad20     0x62  I64ToFlt.o [5]
  .text               ro code  0x0800ad84     0x76  FltToS64.o [5]
  .text               ro code  0x0800adfc     0x22  S64Shr.o [6]
  .text               ro code  0x0800ae20     0x22  I64Shl.o [6]
  .text               ro code  0x0800ae42      0x8  abs.o [3]
  .rodata             const    0x0800ae4c     0x44  mpl.o [1]
  .text               ro code  0x0800ae90    0x8c0  pow.o [5]
  .text               ro code  0x0800b750     0x7a  xdint.o [5]
  .text               ro code  0x0800b7cc     0x20  DblCmpEq.o [5]
  .text               ro code  0x0800b7ec     0xb0  xlog.o [5]
  .text               ro code  0x0800b89c    0x2c6  xexp.o [5]
  .text               ro code  0x0800bb62     0x40  xdtest.o [5]
  .text               ro code  0x0800bba4    0x114  xdscale.o [5]
  .text               ro code  0x0800bcb8    0x69c  fusion_9axis.o [4]
  .text               ro code  0x0800c354      0xc  memmove.o [6]
  .text               ro code  0x0800c360     0x1c  FltCmpEq.o [5]
  .text               ro code  0x0800c37c     0x90  DblToFlt.o [5]
  .text               ro code  0x0800c40c      0xc  mag_disturb.o [4]
  .text               ro code  0x0800c418     0x78  ABImemmove_unaligned.o [6]
  .text               ro code  0x0800c490    0x508  stm32f4xx_tim.o [1]
  .text               ro code  0x0800c998    0x474  gyro_tc.o [4]
  .text               ro code  0x0800ce0c      0x6  ABImemclr4.o [6]
  .text               ro code  0x0800ce14     0x32  ABImemset48.o [6]
  .text               ro code  0x0800ce48    0x470  stm32f4xx_it.o [1]
  .text               ro code  0x0800d2b8    0x38c  imu.o [1]
  .text               ro code  0x0800d644     0xa0  stm32f4xx_exti.o [1]
  .text               ro code  0x0800d6e4    0x440  eMPL_outputs.o [1]
  .text               ro code  0x0800db24    0x104  uart.o [1]
  .text               ro code  0x0800dc28     0x90  mpl.o [1]
  .text               ro code  0x0800dcb8    0x13a  stm32f4xx_usart.o [1]
  .text               ro code  0x0800ddf4     0x3c  vsnprint.o [3]
  .text               ro code  0x0800de30     0x2c  vsprintf.o [3]
  CODE                ro code  0x0800de5c    0x3d4  RegTest.o [1]
  .text               ro code  0x0800e230    0x3a0  pwm.o [1]
  .text               ro code  0x0800e5d0     0x80  misc.o [1]
  .text               ro code  0x0800e650    0x20c  main.o [1]
  .text               ro code  0x0800e85c    0x11c  esc.o [1]
  .text               ro code  0x0800e978    0x164  joystick.o [1]
  .text               ro code  0x0800eadc     0xa2  pid.o [1]
  .text               ro code  0x0800eb80     0xec  arm.o [1]
  .text               ro code  0x0800ec6c     0xb0  hardware.o [1]
  .text               ro code  0x0800ed1c    0x108  buzzer.o [1]
  .text               ro code  0x0800ee24    0x1fc  system_stm32f4xx.o [1]
  .text               ro code  0x0800f020      0xc  stm32f4xx_pwr.o [1]
  .text               ro code  0x0800f02c     0x80  gpio.o [1]
  .text               ro code  0x0800f0ac     0xb8  i2c_1.o [1]
  .text               ro code  0x0800f164     0x54  stm32f4xx_syscfg.o [1]
  .text               ro code  0x0800f1b8     0x40  zero_init3.o [6]
  .rodata             const    0x0800f1f8     0x28  inv_mpu.o [1]
  .text               ro code  0x0800f220     0x28  data_init.o [6]
  .text               ro code  0x0800f248     0x22  fpinit_M.o [5]
  .iar.init_table     const    0x0800f26c     0x20  - Linker created -
  .rodata             const    0x0800f28c     0x20  imu.o [1]
  .rodata             const    0x0800f2ac     0x20  inv_mpu.o [1]
  .rodata             const    0x0800f2cc     0x1c  imu.o [1]
  .rodata             const    0x0800f2e8     0x1c  imu.o [1]
  .text               ro code  0x0800f304     0x1a  cmain.o [6]
  .text               ro code  0x0800f31e      0x4  low_level_init.o [3]
  .text               ro code  0x0800f322      0x4  exit.o [3]
  .text               ro code  0x0800f328      0xa  cexit.o [6]
  .rodata             const    0x0800f334     0x18  main.o [1]
  .rodata             const    0x0800f34c     0x14  esc.o [1]
  .rodata             const    0x0800f360     0x14  imu.o [1]
  .rodata             const    0x0800f374     0x14  imu.o [1]
  .rodata             const    0x0800f388     0x10  hardware.o [1]
  .rodata             const    0x0800f398     0x10  imu.o [1]
  .rodata             const    0x0800f3a8     0x10  mpl.o [1]
  .rodata             const    0x0800f3b8     0x10  mpl.o [1]
  .rodata             const    0x0800f3c8     0x10  pwm.o [1]
  .rodata             const    0x0800f3d8     0x10  pwm.o [1]
  .text               ro code  0x0800f3e8     0x10  startup_stm32f4xx.o [1]
  .rodata             const    0x0800f3f8      0xc  imu.o [1]
  .rodata             const    0x0800f404      0xc  imu.o [1]
  .rodata             const    0x0800f410      0xc  inv_mpu.o [1]
  .rodata             const    0x0800f41c      0xc  inv_mpu_dmp_motion_driver.o [1]
  .rodata             const    0x0800f428      0xc  inv_mpu_dmp_motion_driver.o [1]
  .rodata             const    0x0800f434      0xc  inv_mpu_dmp_motion_driver.o [1]
  .rodata             const    0x0800f440      0xc  main.o [1]
  .rodata             const    0x0800f44c      0xc  main.o [1]
  .text               ro code  0x0800f458      0xc  cstartup_M.o [6]
  .rodata             const    0x0800f464      0x8  tasks.o [1]
  .rodata             const    0x0800f46c      0x8  timers.o [1]
  .rodata             const    0x0800f474      0x8  timers.o [1]
  .rodata             const    0x0800f47c      0x4  inv_mpu_dmp_motion_driver.o [1]
  .rodata             const    0x0800f480      0x4  inv_mpu_dmp_motion_driver.o [1]
  .rodata             const    0x0800f484      0x4  inv_mpu_dmp_motion_driver.o [1]
  .rodata             const    0x0800f488      0x4  inv_mpu_dmp_motion_driver.o [1]
  .rodata             const    0x0800f48c      0x4  port.o [1]
  .text               ro code  0x0800f490      0x4  startup_stm32f4xx.o [1]
  .text               ro code  0x0800f494      0x4  startup_stm32f4xx.o [1]
  .text               ro code  0x0800f498      0x4  startup_stm32f4xx.o [1]
  .text               ro code  0x0800f49c      0x4  startup_stm32f4xx.o [1]
  .text               ro code  0x0800f4a0      0x4  startup_stm32f4xx.o [1]
  .text               ro code  0x0800f4a4      0x4  startup_stm32f4xx.o [1]
  .text               ro code  0x0800f4a8      0x4  startup_stm32f4xx.o [1]
  .text               ro code  0x0800f4ac      0x4  startup_stm32f4xx.o [1]
  .text               ro code  0x0800f4b0      0x4  startup_stm32f4xx.o [1]
  .text               ro code  0x0800f4b4      0x4  startup_stm32f4xx.o [1]
  .text               ro code  0x0800f4b8      0x4  startup_stm32f4xx.o [1]
  .text               ro code  0x0800f4bc      0x4  startup_stm32f4xx.o [1]
  .text               ro code  0x0800f4c0      0x4  startup_stm32f4xx.o [1]
  .text               ro code  0x0800f4c4      0x4  startup_stm32f4xx.o [1]
  .text               ro code  0x0800f4c8      0x4  startup_stm32f4xx.o [1]
  .text               ro code  0x0800f4cc      0x4  startup_stm32f4xx.o [1]
  .text               ro code  0x0800f4d0      0x4  startup_stm32f4xx.o [1]
  .text               ro code  0x0800f4d4      0x4  startup_stm32f4xx.o [1]
  .text               ro code  0x0800f4d8      0x4  startup_stm32f4xx.o [1]
  .text               ro code  0x0800f4dc      0x4  startup_stm32f4xx.o [1]
  .text               ro code  0x0800f4e0      0x4  startup_stm32f4xx.o [1]
  .text               ro code  0x0800f4e4      0x4  startup_stm32f4xx.o [1]
  .text               ro code  0x0800f4e8      0x4  startup_stm32f4xx.o [1]
  .text               ro code  0x0800f4ec      0x4  startup_stm32f4xx.o [1]
  .text               ro code  0x0800f4f0      0x4  startup_stm32f4xx.o [1]
  .text               ro code  0x0800f4f4      0x4  startup_stm32f4xx.o [1]
  .text               ro code  0x0800f4f8      0x4  startup_stm32f4xx.o [1]
  .text               ro code  0x0800f4fc      0x4  startup_stm32f4xx.o [1]
  .text               ro code  0x0800f500      0x4  startup_stm32f4xx.o [1]
  .text               ro code  0x0800f504      0x4  startup_stm32f4xx.o [1]
  .text               ro code  0x0800f508      0x4  startup_stm32f4xx.o [1]
  .text               ro code  0x0800f50c      0x4  startup_stm32f4xx.o [1]
  .text               ro code  0x0800f510      0x4  startup_stm32f4xx.o [1]
  .text               ro code  0x0800f514      0x4  startup_stm32f4xx.o [1]
  .text               ro code  0x0800f518      0x4  startup_stm32f4xx.o [1]
  .text               ro code  0x0800f51c      0x4  startup_stm32f4xx.o [1]
  .text               ro code  0x0800f520      0x4  startup_stm32f4xx.o [1]
  .text               ro code  0x0800f524      0x4  startup_stm32f4xx.o [1]
  .text               ro code  0x0800f528      0x4  startup_stm32f4xx.o [1]
  .text               ro code  0x0800f52c      0x4  startup_stm32f4xx.o [1]
  .text               ro code  0x0800f530      0x4  startup_stm32f4xx.o [1]
  .text               ro code  0x0800f534      0x4  startup_stm32f4xx.o [1]
  .text               ro code  0x0800f538      0x4  startup_stm32f4xx.o [1]
  .text               ro code  0x0800f53c      0x4  startup_stm32f4xx.o [1]
  .text               ro code  0x0800f540      0x4  startup_stm32f4xx.o [1]
  .text               ro code  0x0800f544      0x4  startup_stm32f4xx.o [1]
  .text               ro code  0x0800f548      0x4  startup_stm32f4xx.o [1]
  .text               ro code  0x0800f54c      0x4  startup_stm32f4xx.o [1]
  .text               ro code  0x0800f550      0x4  startup_stm32f4xx.o [1]
  .text               ro code  0x0800f554      0x4  startup_stm32f4xx.o [1]
  .text               ro code  0x0800f558      0x4  startup_stm32f4xx.o [1]
  .text               ro code  0x0800f55c      0x4  startup_stm32f4xx.o [1]
  .text               ro code  0x0800f560      0x4  startup_stm32f4xx.o [1]
  .text               ro code  0x0800f564      0x4  startup_stm32f4xx.o [1]
  .text               ro code  0x0800f568      0x4  startup_stm32f4xx.o [1]
  .text               ro code  0x0800f56c      0x4  startup_stm32f4xx.o [1]
  .text               ro code  0x0800f570      0x4  startup_stm32f4xx.o [1]
  .text               ro code  0x0800f574      0x4  startup_stm32f4xx.o [1]
  .text               ro code  0x0800f578      0x4  startup_stm32f4xx.o [1]
  .text               ro code  0x0800f57c      0x4  startup_stm32f4xx.o [1]
  .text               ro code  0x0800f580      0x4  startup_stm32f4xx.o [1]
  .text               ro code  0x0800f584      0x4  startup_stm32f4xx.o [1]
  .text               ro code  0x0800f588      0x4  startup_stm32f4xx.o [1]
  .text               ro code  0x0800f58c      0x4  startup_stm32f4xx.o [1]
  .text               ro code  0x0800f590      0x4  startup_stm32f4xx.o [1]
  .text               ro code  0x0800f594      0x4  startup_stm32f4xx.o [1]
  .text               ro code  0x0800f598      0x4  startup_stm32f4xx.o [1]
  .text               ro code  0x0800f59c      0x4  startup_stm32f4xx.o [1]
  .text               ro code  0x0800f5a0      0x4  startup_stm32f4xx.o [1]
  .text               ro code  0x0800f5a4      0x4  startup_stm32f4xx.o [1]
  .text               ro code  0x0800f5a8      0x4  startup_stm32f4xx.o [1]
  .text               ro code  0x0800f5ac      0x4  startup_stm32f4xx.o [1]
  .text               ro code  0x0800f5b0      0x4  startup_stm32f4xx.o [1]
  .text               ro code  0x0800f5b4      0x4  startup_stm32f4xx.o [1]
  .text               ro code  0x0800f5b8      0x4  startup_stm32f4xx.o [1]
  .text               ro code  0x0800f5bc      0x4  startup_stm32f4xx.o [1]
  .text               ro code  0x0800f5c0      0x4  startup_stm32f4xx.o [1]
  .text               ro code  0x0800f5c4      0x4  startup_stm32f4xx.o [1]
  .text               ro code  0x0800f5c8      0x4  startup_stm32f4xx.o [1]
  .text               ro code  0x0800f5cc      0x4  startup_stm32f4xx.o [1]
  .text               ro code  0x0800f5d0      0x4  startup_stm32f4xx.o [1]
  .text               ro code  0x0800f5d4      0x4  startup_stm32f4xx.o [1]
  .text               ro code  0x0800f5d8      0x4  startup_stm32f4xx.o [1]
  .text               ro code  0x0800f5dc      0x4  startup_stm32f4xx.o [1]
  .text               ro code  0x0800f5e0      0x4  startup_stm32f4xx.o [1]
  .text               ro code  0x0800f5e4      0x4  startup_stm32f4xx.o [1]
  .text               ro code  0x0800f5e8      0x4  startup_stm32f4xx.o [1]
  .text               ro code  0x0800f5ec      0x4  startup_stm32f4xx.o [1]
  .text               ro code  0x0800f5f0      0x4  startup_stm32f4xx.o [1]
  .text               ro code  0x0800f5f4      0x4  startup_stm32f4xx.o [1]
  .text               ro code  0x0800f5f8      0x4  startup_stm32f4xx.o [1]
  .rodata             const    0x0800f5fc      0x0  zero_init3.o [6]
  .rodata             const    0x0800f5fc      0x0  lz77_init_single.o [6]
  Initializer bytes   const    0x0800f5fc     0xb3  <for P2-1>
                             - 0x0800f6af   0xf527

"P2", part 1 of 3:                           0x2c6
  P2-1                         0x20000000    0x2c6  <Init block>
    .data             inited   0x20000000      0x4  heap_2.o [1]
    .data             inited   0x20000004      0x4  imu.o [1]
    .data             inited   0x20000008      0xc  imu.o [1]
    .data             inited   0x20000014     0x2c  inv_mpu.o [1]
    .data             inited   0x20000040     0x18  main.o [1]
    .data             inited   0x20000058     0x18  main.o [1]
    .data             inited   0x20000070     0x18  main.o [1]
    .data             inited   0x20000088     0x18  main.o [1]
    .data             inited   0x200000a0     0x2c  main.o [1]
    .data             inited   0x200000cc     0x2c  main.o [1]
    .data             inited   0x200000f8     0x2c  main.o [1]
    .data             inited   0x20000124     0x2c  main.o [1]
    .data             inited   0x20000150     0x4c  main.o [1]
    .data             inited   0x2000019c      0x4  port.o [1]
    .data             inited   0x200001a0     0x10  stm32f4xx_rcc.o [1]
    .data             inited   0x200001b0      0x4  system_stm32f4xx.o [1]
    .data             inited   0x200001b4     0x10  system_stm32f4xx.o [1]
    __DLIB_PERTHREAD  inited   0x200001c4      0x4  errno.o [3]
    __DLIB_PERTHREAD  inited   0x200001c8     0x88  localeconv.o [3]
    __DLIB_PERTHREAD  inited   0x20000250     0x74  setlocale.o [3]
    .data             inited   0x200002c4      0x2  i2c.o [1]
                             - 0x200002c6    0x2c6

"P2", part 2 of 3:                          0x4000
  CSTACK                       0x200002c8   0x2000  <Block>
    CSTACK            uninit   0x200002c8   0x2000  <Block tail>
  HEAP                         0x200022c8   0x2000  <Block>
    HEAP              uninit   0x200022c8   0x2000  <Block tail>
                             - 0x200042c8   0x4000

"P2", part 3 of 3:                         0x13cd0
  .bss                zero     0x200042c8  0x12c00  heap_2.o [1]
  .bss                zero     0x20016ec8    0x260  fast_no_motion.o [4]
  .bss                zero     0x20017128    0x1d8  dlmalloc.o [3]
  .bss                zero     0x20017300    0x1c4  gyro_tc.o [4]
  .bss                zero     0x200174c4    0x198  data_builder.o [1]
  .bss                zero     0x2001765c    0x198  storage_manager.o [1]
  .bss                zero     0x200177f4    0x140  data_builder.o [1]
  .bss                zero     0x20017934    0x138  fusion_9axis.o [4]
  .bss                zero     0x20017a6c     0xb8  mag_disturb.o [4]
  .bss                zero     0x20017b24     0x88  results_holder.o [1]
  .bss                zero     0x20017bac     0x6c  quaternion_supervisor.o [4]
  .bss                zero     0x20017c18     0x64  tasks.o [1]
  .bss                zero     0x20017c7c     0x54  start_manager.o [1]
  .bss                zero     0x20017cd0     0x40  queue.o [1]
  .bss                zero     0x20017d10     0x40  fast_no_motion.o [4]
  .bss                zero     0x20017d50     0x30  imu.o [1]
  .bss                zero     0x20017d80     0x30  main.o [1]
  .bss                zero     0x20017db0     0x28  eMPL_outputs.o [1]
  .bss                zero     0x20017dd8     0x24  imu.o [1]
  .bss                zero     0x20017dfc     0x18  dlmalloc.o [3]
  .bss                zero     0x20017e14     0x14  tasks.o [1]
  .bss                zero     0x20017e28     0x14  tasks.o [1]
  .bss                zero     0x20017e3c     0x14  tasks.o [1]
  .bss                zero     0x20017e50     0x14  tasks.o [1]
  .bss                zero     0x20017e64     0x14  tasks.o [1]
  .bss                zero     0x20017e78     0x14  timers.o [1]
  .bss                zero     0x20017e8c     0x14  timers.o [1]
  .bss                zero     0x20017ea0     0x10  inv_mpu_dmp_motion_driver.o [1]
  .bss                zero     0x20017eb0     0x10  pwm.o [1]
  .bss                zero     0x20017ec0      0x8  heap_2.o [1]
  .bss                zero     0x20017ec8      0x8  heap_2.o [1]
  .bss                zero     0x20017ed0      0x4  heap_2.o [1]
  .bss                zero     0x20017ed4      0x4  imu.o [1]
  .bss                zero     0x20017ed8      0x4  imu.o [1]
  .bss                zero     0x20017edc      0x4  imu.o [1]
  .bss                zero     0x20017ee0      0x4  imu.o [1]
  .bss                zero     0x20017ee4      0x4  imu.o [1]
  .bss                zero     0x20017ee8      0x4  main.o [1]
  .bss                zero     0x20017eec      0x4  message_layer.o [1]
  .bss                zero     0x20017ef0      0x4  port.o [1]
  .bss                zero     0x20017ef4      0x4  reg_test.o [1]
  .bss                zero     0x20017ef8      0x4  reg_test.o [1]
  .bss                zero     0x20017efc      0x4  stm32f4xx_it.o [1]
  .bss                zero     0x20017f00      0x4  stm32f4xx_it.o [1]
  .bss                zero     0x20017f04      0x4  stm32f4xx_it.o [1]
  .bss                zero     0x20017f08      0x4  stm32f4xx_it.o [1]
  .bss                zero     0x20017f0c      0x4  stm32f4xx_it.o [1]
  .bss                zero     0x20017f10      0x4  stm32f4xx_it.o [1]
  .bss                zero     0x20017f14      0x4  stm32f4xx_it.o [1]
  .bss                zero     0x20017f18      0x4  stm32f4xx_it.o [1]
  .bss                zero     0x20017f1c      0x4  stm32f4xx_it.o [1]
  .bss                zero     0x20017f20      0x4  stm32f4xx_it.o [1]
  .bss                zero     0x20017f24      0x4  stm32f4xx_it.o [1]
  .bss                zero     0x20017f28      0x4  stm32f4xx_it.o [1]
  .bss                zero     0x20017f2c      0x4  stm32f4xx_it.o [1]
  .bss                zero     0x20017f30      0x4  stm32f4xx_it.o [1]
  .bss                zero     0x20017f34      0x4  stm32f4xx_it.o [1]
  .bss                zero     0x20017f38      0x4  stm32f4xx_it.o [1]
  .bss                zero     0x20017f3c      0x4  tasks.o [1]
  .bss                zero     0x20017f40      0x4  tasks.o [1]
  .bss                zero     0x20017f44      0x4  tasks.o [1]
  .bss                zero     0x20017f48      0x4  tasks.o [1]
  .bss                zero     0x20017f4c      0x4  tasks.o [1]
  .bss                zero     0x20017f50      0x4  tasks.o [1]
  .bss                zero     0x20017f54      0x4  tasks.o [1]
  .bss                zero     0x20017f58      0x4  tasks.o [1]
  .bss                zero     0x20017f5c      0x4  tasks.o [1]
  .bss                zero     0x20017f60      0x4  tasks.o [1]
  .bss                zero     0x20017f64      0x4  tasks.o [1]
  .bss                zero     0x20017f68      0x4  tasks.o [1]
  .bss                zero     0x20017f6c      0x4  tasks.o [1]
  .bss                zero     0x20017f70      0x4  tasks.o [1]
  .bss                zero     0x20017f74      0x4  tasks.o [1]
  .bss                zero     0x20017f78      0x4  timers.o [1]
  .bss                zero     0x20017f7c      0x4  timers.o [1]
  .bss                zero     0x20017f80      0x4  timers.o [1]
  .bss                zero     0x20017f84      0x4  timers.o [1]
  .bss                zero     0x20017f88      0x4  timers.o [1]
  .bss                zero     0x20017f8c      0x4  xgetmemchunk.o [3]
  .bss                zero     0x20017f90      0x2  arm.o [1]
  .bss                zero     0x20017f92      0x2  stm32f4xx_it.o [1]
  .bss                zero     0x20017f94      0x2  stm32f4xx_it.o [1]
  .bss                zero     0x20017f96      0x1  arm.o [1]
  .bss                zero     0x20017f97      0x1  port.o [1]
                             - 0x20017f98  0x13cd0


*******************************************************************************
*** INIT TABLE
***

          Address     Size
          -------     ----
Zero (__iar_zero_init3)
    1 destination range, total size 0x13cd0:
          0x200042c8  0x13cd0

Copy/lz77 (__iar_lz77_init_single3)
    1 source range, total size 0xb3 (25% of destination):
          0x0800f5fc     0xb3
    1 destination range, total size 0x2c6:
          0x20000000    0x2c6



*******************************************************************************
*** MODULE SUMMARY
***

    Module                       ro code  ro data  rw data
    ------                       -------  -------  -------
C:\Users\klasl\Desktop\freertos_dmp2\Flash Debug\Obj: [1]
    RegTest.o                        980
    application_hooks.o               36
    arm.o                            236                 3
    buzzer.o                         264
    data_builder.o                 2 036               728
    eMPL_outputs.o                 1 088                40
    esc.o                            284       20
    freertos_time.o                   34
    gpio.o                           128
    hardware.o                       176       16
    heap_2.o                         308        3   76 824
    i2c.o                          1 860        1        2
    i2c_1.o                          184
    imu.o                            908      172      120
    inv_mpu.o                      4 112       95       44
    inv_mpu_dmp_motion_driver.o    2 632    3 118       16
    joystick.o                       356
    list.o                           152
    main.o                           524      135      400
    message_layer.o                   32                 4
    misc.o                           128
    ml_math_func.o                 1 746
    mpl.o                            144      100
    pid.o                            162
    port.o                           532        5        9
    portasm.o                        168
    pwm.o                            928       32       16
    queue.o                        1 782                64
    reg_test.o                                           8
    results_holder.o                 648               136
    start_manager.o                  104                84
    startup_stm32f4xx.o              772
    stm32f4xx_exti.o                 160
    stm32f4xx_gpio.o                 244
    stm32f4xx_i2c.o                  578
    stm32f4xx_it.o                 1 136                68
    stm32f4xx_pwr.o                   12
    stm32f4xx_rcc.o                  392        4       16
    stm32f4xx_syscfg.o                84
    stm32f4xx_tim.o                1 288
    stm32f4xx_usart.o                314
    storage_manager.o                164               408
    system_stm32f4xx.o               508        5       20
    tasks.o                        2 832        8      260
    timers.o                       1 008       16       60
    uart.o                           260
    ------------------------------------------------------
    Total:                        32 424    3 730   79 330

command line: [2]
    ------------------------------------------------------
    Total:

dl7M_tlf.a: [3]
    abort.o                            6
    abs.o                              8
    div.o                             14
    dlmalloc.o                     5 360               496
    errno.o                           12        1        4
    exit.o                             4
    localeconv.o                     108       35      136
    low_level_init.o                   4
    memcpy.o                          12
    memset.o                          20
    setlocale.o                       20       29      116
    vsnprint.o                        60
    vsprintf.o                        44
    xencoding_sb.o                    96
    xgetmemchunk.o                    44                 4
    xmbcurmax.o                       10
    xmbtowc.o                         32
    xprintflarge.o                 3 994
    xsnprout.o                        26
    xsprout.o                         10
    xtls.o                             2
    xwctomb.o                         26
    ------------------------------------------------------
    Total:                         9 912       65      756

libmpllib.a: [4]
    fast_no_motion.o               2 628               672
    fusion_9axis.o                 1 692               312
    gyro_tc.o                      1 140               452
    mag_disturb.o                     12               184
    quaternion_supervisor.o        2 632               108
    ------------------------------------------------------
    Total:                         8 104             1 728

m7M_tls.a: [5]
    DblAdd.o                         232
    DblCmpEq.o                        32
    DblCmpGe.o                        46
    DblCmpLe.o                        46
    DblDiv.o                         598
    DblMul.o                         418
    DblSub.o                         384
    DblToFlt.o                       144
    DblToI32.o                        88
    FltAdd.o                          18
    FltCmpEq.o                        28
    FltCmpGe.o                        36
    FltCmpLe.o                        36
    FltDiv.o                          18
    FltMul.o                          18
    FltSub.o                          18
    FltToDbl.o                        78
    FltToS32.o                        14
    FltToS64.o                       118
    I32ToDbl.o                        48
    I64ToFlt.o                        98
    S32ToFlt.o                        14
    atan2f.o                         106
    cosf.o                            18
    fmodf.o                          230
    fpinit_M.o                        34
    pow.o                          2 240
    sinf.o                            18
    sqrtf.o                           44
    xatanf.o                         164
    xdint.o                          122
    xdnorm.o                          66
    xdscale.o                        276
    xdtest.o                          64
    xexp.o                           710
    xfdint.o                          78
    xfquad.o                         236
    xfsin.o                          364
    xlog.o                           176
    ------------------------------------------------------
    Total:                         7 476

rt7M_tl.a: [6]
    ABImemclr4.o                       6
    ABImemcpy_unaligned.o            118
    ABImemmove_unaligned.o           120
    ABImemset.o                      102
    ABImemset48.o                     50
    I64DivMod.o                      306
    I64DivZer.o                        2
    I64Shl.o                          34
    S64Shr.o                          34
    cexit.o                           10
    cmain.o                           26
    cstartup_M.o                      12
    data_init.o                       40
    iarEdom.o                         12
    lz77_init_single.o               118
    memchr.o                          88
    memcmp_unaligned.o                98
    memmove.o                         12
    strchr.o                          22
    strlen.o                          54
    zero_init3.o                      64
    ------------------------------------------------------
    Total:                         1 328

shb_l.a: [7]
    exit.o                            20
    ------------------------------------------------------
    Total:                            20

    Gaps                              52        8
    Linker created                             32   16 384
----------------------------------------------------------
    Grand Total:                  59 316    3 835   98 198


*******************************************************************************
*** ENTRY LIST
***

Entry                      Address     Size  Type      Object
-----                      -------     ----  ----      ------
.iar.init_table$$Base   0x0800f26c            --   Gb  - Linker created -
.iar.init_table$$Limit  0x0800f28c            --   Gb  - Linker created -
?main                   0x0800f305           Code  Gb  cmain.o [6]
AHBPrescTable           0x200001b4     0x10  Data  Gb  system_stm32f4xx.o [1]
APBAHBPrescTable        0x200001a0     0x10  Data  Lc  stm32f4xx_rcc.o [1]
BusFault_Handler        0x0800cef7      0x2  Code  Gb  stm32f4xx_it.o [1]
CSTACK$$Base            0x200002c8            --   Gb  - Linker created -
CSTACK$$Limit           0x200022c8            --   Gb  - Linker created -
DebugMon_Handler        0x0800cefb      0x2  Code  Gb  stm32f4xx_it.o [1]
DutyCycle               0x20017f94      0x2  Data  Gb  stm32f4xx_it.o [1]
EXTI4_IRQHandler        0x0800cefd      0xe  Code  Gb  stm32f4xx_it.o [1]
EXTI_ClearITPendingBit  0x0800d6cb      0x6  Code  Gb  stm32f4xx_exti.o [1]
EXTI_Init               0x0800d645     0x86  Code  Gb  stm32f4xx_exti.o [1]
Frequency               0x20017efc      0x4  Data  Gb  stm32f4xx_it.o [1]
GPIO_Init               0x08003121     0xa4  Code  Gb  stm32f4xx_gpio.o [1]
GPIO_PinAFConfig        0x080031c5     0x50  Code  Gb  stm32f4xx_gpio.o [1]
Get_I2C_Retry           0x08002e57      0x6  Code  Gb  i2c.o [1]
HEAP$$Base              0x200022c8            --   Gb  - Linker created -
HEAP$$Limit             0x200042c8            --   Gb  - Linker created -
HardFault_Handler       0x0800cef3      0x2  Code  Gb  stm32f4xx_it.o [1]
I2C_AcknowledgeConfig   0x080033af     0x1c  Code  Gb  stm32f4xx_i2c.o [1]
I2C_ClearFlag           0x0800344b      0xc  Code  Gb  stm32f4xx_i2c.o [1]
I2C_Cmd                 0x08003345     0x1c  Code  Gb  stm32f4xx_i2c.o [1]
I2C_DeInit              0x08003215     0x56  Code  Gb  stm32f4xx_i2c.o [1]
I2C_GenerateSTART       0x08003361     0x1c  Code  Gb  stm32f4xx_i2c.o [1]
I2C_GenerateSTOP        0x0800337d     0x1c  Code  Gb  stm32f4xx_i2c.o [1]
I2C_GetFlagStatus       0x08003409     0x42  Code  Gb  stm32f4xx_i2c.o [1]
I2C_Init                0x0800326b     0xc0  Code  Gb  stm32f4xx_i2c.o [1]
I2C_ReadRegister        0x080033f1     0x18  Code  Gb  stm32f4xx_i2c.o [1]
I2C_ReceiveData         0x080033eb      0x6  Code  Gb  stm32f4xx_i2c.o [1]
I2C_Send7bitAddress     0x08003399     0x16  Code  Gb  stm32f4xx_i2c.o [1]
I2C_SendData            0x080033e5      0x6  Code  Gb  stm32f4xx_i2c.o [1]
I2C_SoftwareResetCmd    0x080033cb     0x1a  Code  Gb  stm32f4xx_i2c.o [1]
I2Cx_TIMEOUT_UserCallback
                        0x080027f5     0x6e  Code  Lc  i2c.o [1]
IC2Value                0x20017f92      0x2  Data  Gb  stm32f4xx_it.o [1]
LoadInt                 0x080055b7     0x6e  Code  Lc  xprintflarge.o [3]
MemManage_Handler       0x0800cef5      0x2  Code  Gb  stm32f4xx_it.o [1]
NMI_Handler             0x0800cef1      0x2  Code  Gb  stm32f4xx_it.o [1]
NVIC_Init               0x0800e5db     0x60  Code  Gb  misc.o [1]
NVIC_PriorityGroupConfig
                        0x0800e5d1      0xa  Code  Gb  misc.o [1]
PWR_BackupAccessCmd     0x0800f021      0x8  Code  Gb  stm32f4xx_pwr.o [1]
PendSV_Handler          0x0800475d           Code  Gb  portasm.o [1]
RCC_AHB1PeriphClockCmd  0x08003079     0x20  Code  Gb  stm32f4xx_rcc.o [1]
RCC_APB1PeriphClockCmd  0x08003099     0x20  Code  Gb  stm32f4xx_rcc.o [1]
RCC_APB1PeriphResetCmd  0x080030d9     0x20  Code  Gb  stm32f4xx_rcc.o [1]
RCC_APB2PeriphClockCmd  0x080030b9     0x20  Code  Gb  stm32f4xx_rcc.o [1]
RCC_BackupResetCmd      0x08003071      0x8  Code  Gb  stm32f4xx_rcc.o [1]
RCC_Clocks              0x20017eb0     0x10  Data  Gb  pwm.o [1]
RCC_GetClocksFreq       0x08002f99     0xd8  Code  Gb  stm32f4xx_rcc.o [1]
RETRY_IN_MLSEC          0x200002c4      0x2  Data  Lc  i2c.o [1]
Region$$Table$$Base     0x0800f26c            --   Gb  - Linker created -
Region$$Table$$Limit    0x0800f28c            --   Gb  - Linker created -
ST_Sensors_I2C_ReadRegister
                        0x08002a81    0x3d6  Code  Gb  i2c.o [1]
ST_Sensors_I2C_WriteRegister
                        0x08002913    0x16e  Code  Gb  i2c.o [1]
SVC_Handler             0x080047b5           Code  Gb  portasm.o [1]
SYSCFG_EXTILineConfig   0x0800f165     0x4e  Code  Gb  stm32f4xx_syscfg.o [1]
Sensors_I2C_ReadRegister
                        0x080028bb     0x58  Code  Gb  i2c.o [1]
Sensors_I2C_WriteRegister
                        0x08002863     0x58  Code  Gb  i2c.o [1]
SetSysClock             0x0800ef11     0xce  Code  Lc  system_stm32f4xx.o [1]
SysTick_Handler         0x0800428b     0x28  Code  Gb  port.o [1]
SystemCoreClock         0x200001b0      0x4  Data  Gb  system_stm32f4xx.o [1]
SystemCoreClockUpdate   0x0800ee77     0x9a  Code  Gb  system_stm32f4xx.o [1]
SystemInit              0x0800ee25     0x52  Code  Gb  system_stm32f4xx.o [1]
TI1_Config              0x0800c8b9     0x34  Code  Lc  stm32f4xx_tim.o [1]
TI2_Config              0x0800c8ed     0x3a  Code  Lc  stm32f4xx_tim.o [1]
TI3_Config              0x0800c927     0x38  Code  Lc  stm32f4xx_tim.o [1]
TI4_Config              0x0800c95f     0x3a  Code  Lc  stm32f4xx_tim.o [1]
TIM1_BRK_TIM9_IRQHandler
                        0x0800d1c5     0x8e  Code  Gb  stm32f4xx_it.o [1]
TIM2_IRQHandler         0x0800cf75     0x96  Code  Gb  stm32f4xx_it.o [1]
TIM3_IRQHandler         0x0800d00d     0x8e  Code  Gb  stm32f4xx_it.o [1]
TIM4_IRQHandler         0x0800cf0b     0x66  Code  Gb  stm32f4xx_it.o [1]
TIM5_IRQHandler         0x0800d09d     0x8e  Code  Gb  stm32f4xx_it.o [1]
TIM8_BRK_TIM12_IRQHandler
                        0x0800d131     0x8e  Code  Gb  stm32f4xx_it.o [1]
TIM_ARRPreloadConfig    0x0800c4f9     0x1c  Code  Gb  stm32f4xx_tim.o [1]
TIM_ClearITPendingBit   0x0800c87d      0x8  Code  Gb  stm32f4xx_tim.o [1]
TIM_Cmd                 0x0800c515     0x1c  Code  Gb  stm32f4xx_tim.o [1]
TIM_GetCapture1         0x0800c7e9      0x4  Code  Gb  stm32f4xx_tim.o [1]
TIM_GetCapture2         0x0800c7ed      0x4  Code  Gb  stm32f4xx_tim.o [1]
TIM_GetITStatus         0x0800c855     0x28  Code  Gb  stm32f4xx_tim.o [1]
TIM_ICInit              0x0800c779     0x70  Code  Gb  stm32f4xx_tim.o [1]
TIM_ITConfig            0x0800c83d     0x18  Code  Gb  stm32f4xx_tim.o [1]
TIM_OC1Init             0x0800c531     0x78  Code  Gb  stm32f4xx_tim.o [1]
TIM_OC1PreloadConfig    0x0800c735     0x10  Code  Gb  stm32f4xx_tim.o [1]
TIM_OC2Init             0x0800c5a9     0x86  Code  Gb  stm32f4xx_tim.o [1]
TIM_OC2PreloadConfig    0x0800c745     0x12  Code  Gb  stm32f4xx_tim.o [1]
TIM_OC3Init             0x0800c62f     0x84  Code  Gb  stm32f4xx_tim.o [1]
TIM_OC3PreloadConfig    0x0800c757     0x10  Code  Gb  stm32f4xx_tim.o [1]
TIM_OC4Init             0x0800c6b3     0x62  Code  Gb  stm32f4xx_tim.o [1]
TIM_OC4PreloadConfig    0x0800c767     0x12  Code  Gb  stm32f4xx_tim.o [1]
TIM_SelectInputTrigger  0x0800c885     0x10  Code  Gb  stm32f4xx_tim.o [1]
TIM_SelectMasterSlaveMode
                        0x0800c8a7     0x12  Code  Gb  stm32f4xx_tim.o [1]
TIM_SelectSlaveMode     0x0800c895     0x12  Code  Gb  stm32f4xx_tim.o [1]
TIM_SetIC1Prescaler     0x0800c7f1     0x12  Code  Gb  stm32f4xx_tim.o [1]
TIM_SetIC2Prescaler     0x0800c803     0x14  Code  Gb  stm32f4xx_tim.o [1]
TIM_SetIC3Prescaler     0x0800c817     0x12  Code  Gb  stm32f4xx_tim.o [1]
TIM_SetIC4Prescaler     0x0800c829     0x14  Code  Gb  stm32f4xx_tim.o [1]
TIM_TimeBaseInit        0x0800c491     0x68  Code  Gb  stm32f4xx_tim.o [1]
USART_Cmd               0x0800dd7d     0x1c  Code  Gb  stm32f4xx_usart.o [1]
USART_ITConfig          0x0800dda1     0x52  Code  Gb  stm32f4xx_usart.o [1]
USART_Init              0x0800dcb9     0xb6  Code  Gb  stm32f4xx_usart.o [1]
USART_SendData          0x0800dd99      0x8  Code  Gb  stm32f4xx_usart.o [1]
USART_putc              0x0800dbb9     0x18  Code  Gb  uart.o [1]
USART_puts              0x0800dbd9     0x18  Code  Gb  uart.o [1]
UsageFault_Handler      0x0800cef9      0x2  Code  Gb  stm32f4xx_it.o [1]
_EncodingSb_Mbtowc      0x0800684f     0x30  Code  Gb  xencoding_sb.o [3]
_EncodingSb_Wctomb      0x08006835     0x1a  Code  Gb  xencoding_sb.o [3]
_GenldLarge             0x08005c8f    0x236  Code  Lc  xprintflarge.o [3]
_IsdstStr               0x20000254      0x4  Data  Gb  setlocale.o [3]
_LdtobLarge             0x08005a81    0x208  Code  Lc  xprintflarge.o [3]
_LitobLarge             0x08005931    0x106  Code  Lc  xprintflarge.o [3]
_LocaleEncoding         0x08006821      0xe  Code  Gb  setlocale.o [3]
_LocaleReturnString     0x20000274     0x50  Data  Lc  setlocale.o [3]
_Locale_Profile         0x20000258     0x1c  Data  Gb  setlocale.o [3]
_Locale_aeabi_lconv     0x20000218     0x38  Data  Gb  localeconv.o [3]
_Locale_lconv           0x200001c8     0x50  Data  Gb  localeconv.o [3]
_Mbtowc                 0x08005f0f     0x20  Code  Gb  xmbtowc.o [3]
_PrintfLarge            0x08004f75    0x62c  Code  Gb  xprintflarge.o [3]
_PutcharsLarge          0x08005ec5     0x2e  Code  Lc  xprintflarge.o [3]
_PutstrLarge            0x08005625    0x306  Code  Lc  xprintflarge.o [3]
_SNProut                0x08002eab     0x1a  Code  Gb  xsnprout.o [3]
_SProut                 0x08002f2b      0xa  Code  Gb  xsprout.o [3]
_TzoneStr               0x20000250      0x4  Data  Gb  setlocale.o [3]
_Wctomb                 0x08005fe3     0x1a  Code  Gb  xwctomb.o [3]
__aeabi_cdcmpeq         0x0800b7cd           Code  Gb  DblCmpEq.o [5]
__aeabi_cdcmple         0x08006315           Code  Gb  DblCmpLe.o [5]
__aeabi_cdrcmple        0x08008abd           Code  Gb  DblCmpGe.o [5]
__aeabi_cfcmpeq         0x0800c361           Code  Gb  FltCmpEq.o [5]
__aeabi_cfcmple         0x080091d1           Code  Gb  FltCmpLe.o [5]
__aeabi_cfrcmple        0x08009221           Code  Gb  FltCmpGe.o [5]
__aeabi_d2f             0x0800c37d           Code  Gb  DblToFlt.o [5]
__aeabi_d2iz            0x0800659d           Code  Gb  DblToI32.o [5]
__aeabi_d2uiz           0x080065c9           Code  Gb  DblToI32.o [5]
__aeabi_dadd            0x08006899           Code  Gb  DblAdd.o [5]
__aeabi_ddiv            0x08006345           Code  Gb  DblDiv.o [5]
__aeabi_dmul            0x08006131           Code  Gb  DblMul.o [5]
__aeabi_dsub            0x08006625           Code  Gb  DblSub.o [5]
__aeabi_errno_addr      0x0800a009      0x6  Code  Gb  errno.o [3]
__aeabi_f2d             0x08008a6d           Code  Gb  FltToDbl.o [5]
__aeabi_f2iz            0x080091f5      0xe  Code  Gb  FltToS32.o [5]
__aeabi_f2lz            0x0800ad85           Code  Gb  FltToS64.o [5]
__aeabi_fadd            0x08008a2d     0x12  Code  Gb  FltAdd.o [5]
__aeabi_fdiv            0x08008aeb     0x12  Code  Gb  FltDiv.o [5]
__aeabi_fmul            0x08008a1b     0x12  Code  Gb  FltMul.o [5]
__aeabi_fsub            0x0800920f     0x12  Code  Gb  FltSub.o [5]
__aeabi_i2d             0x080065f5           Code  Gb  I32ToDbl.o [5]
__aeabi_i2f             0x08008a0d      0xe  Code  Gb  S32ToFlt.o [5]
__aeabi_l2f             0x0800ad21           Code  Gb  I64ToFlt.o [5]
__aeabi_lasr            0x0800adfd           Code  Gb  S64Shr.o [6]
__aeabi_ldiv0           0x08006895           Code  Gb  I64DivZer.o [6]
__aeabi_ldivmod         0x08005ffd           Code  Gb  I64DivMod.o [6]
__aeabi_llsl            0x0800ae21           Code  Gb  I64Shl.o [6]
__aeabi_memclr4         0x0800ce0d           Code  Gb  ABImemclr4.o [6]
__aeabi_memset          0x08002ec5           Code  Gb  ABImemset.o [6]
__aeabi_ui2d            0x08006609           Code  Gb  I32ToDbl.o [5]
__aeabi_ul2f            0x0800ad3d           Code  Gb  I64ToFlt.o [5]
__aeabi_uldivmod        0x08006041           Code  Gb  I64DivMod.o [6]
__cmain                 0x0800f305           Code  Gb  cmain.o [6]
__data_GetMemChunk      0x080016f5     0x2c  Code  Gb  xgetmemchunk.o [3]
__exit                  0x08001721     0x14  Code  Gb  exit.o [7]
__iar_Dint              0x0800b751     0x7a  Code  Gb  xdint.o [5]
__iar_Dnorm             0x080062d3     0x42  Code  Gb  xdnorm.o [5]
__iar_Dscale            0x0800bba5    0x114  Code  Gb  xdscale.o [5]
__iar_Dtest             0x0800bb63     0x30  Code  Gb  xdtest.o [5]
__iar_Errno             0x200001c4      0x4  Data  Gb  errno.o [3]
__iar_Exp               0x0800b89d    0x2be  Code  Gb  xexp.o [5]
__iar_FDint             0x0800a1a5     0x4e  Code  Gb  xfdint.o [5]
__iar_FQuad             0x0800a0b9     0xc2  Code  Gb  xfquad.o [5]
__iar_FSin              0x08009e9d    0x12a  Code  Gb  xfsin.o [5]
__iar_Locale_lconv_init
                        0x080067a5     0x3a  Code  Gb  localeconv.o [3]
__iar_Logpoly           0x0800b7ed     0x76  Code  Gb  xlog.o [5]
__iar_Mbcurmax          0x08005fd9      0xa  Code  Gb  xmbcurmax.o [3]
__iar_Memchr            0x08005f81           Code  Gb  memchr.o [6]
__iar_Memset            0x08002ec5           Code  Gb  ABImemset.o [6]
__iar_Memset4_word      0x0800ce15           Code  Gb  ABImemset48.o [6]
__iar_Memset8_word      0x0800ce15           Code  Gb  ABImemset48.o [6]
__iar_Memset_word       0x08002ecd           Code  Gb  ABImemset.o [6]
__iar_Strchr            0x08005f31           Code  Gb  strchr.o [6]
__iar_d2uiz             0x080065d5           Code  Gb  DblToI32.o [5]
__iar_dadd              0x080068ad           Code  Gb  DblAdd.o [5]
__iar_data_init3        0x0800f221     0x28  Code  Gb  data_init.o [6]
__iar_dlfree            0x0800115f    0x510  Code  Gb  dlmalloc.o [3]
__iar_dlib_perthread_access
                        0x08006981      0x2  Code  Gb  xtls.o [3]
__iar_dlmalloc          0x08000ea9    0x2aa  Code  Gb  dlmalloc.o [3]
__iar_dsub              0x08006639           Code  Gb  DblSub.o [5]
__iar_dsubStart         0x0800664b           Code  Gb  DblSub.o [5]
__iar_edom              0x08009d61           Code  Gb  iarEdom.o [6]
__iar_init_vfp          0x0800f249           Code  Gb  fpinit_M.o [5]
__iar_lz77_init_single3
                        0x0800167f     0x76  Code  Gb  lz77_init_single.o [6]
__iar_program_start     0x0800f459           Code  Gb  cstartup_M.o [6]
__iar_softfp_cosf       0x08009a39     0x12  Code  Gb  cosf.o [5]
__iar_softfp_sinf       0x08009a4b     0x12  Code  Gb  sinf.o [5]
__iar_softfp_sqrtf      0x08008a41           Code  Gb  sqrtf.o [5]
__iar_ui2d              0x0800660d           Code  Gb  I32ToDbl.o [5]
__iar_ul2f              0x0800ad49           Code  Gb  I64ToFlt.o [5]
__iar_unaligned___aeabi_memcpy
                        0x08004efd           Code  Gb  ABImemcpy_unaligned.o [6]
__iar_unaligned___aeabi_memcpy4
                        0x08004f1d           Code  Gb  ABImemcpy_unaligned.o [6]
__iar_unaligned___aeabi_memcpy8
                        0x08004f1d           Code  Gb  ABImemcpy_unaligned.o [6]
__iar_unaligned___aeabi_memmove
                        0x0800c419           Code  Gb  ABImemmove_unaligned.o [6]
__iar_unaligned___aeabi_memmove4
                        0x0800c419           Code  Gb  ABImemmove_unaligned.o [6]
__iar_unaligned___aeabi_memmove8
                        0x0800c419           Code  Gb  ABImemmove_unaligned.o [6]
__iar_unaligned_memcmp  0x08002f35           Code  Gb  memcmp_unaligned.o [6]
__iar_vfp_fmodf         0x0800a1f5           Code  Gb  fmodf.o [5]
__iar_vfp_pow           0x0800b313     0x18  Code  Gb  pow.o [5]
__iar_xatanf            0x0800a015           Code  Gb  xatanf.o [5]
__iar_zero_init3        0x0800f1b9     0x40  Code  Gb  zero_init3.o [6]
__low_level_init        0x0800f31f      0x4  Code  Gb  low_level_init.o [3]
__print_result_location
                        0x0800dc29      0x2  Code  Lc  mpl.o [1]
__print_result_location
                        0x0800a2dd      0x2  Code  Lc  fast_no_motion.o [4]
__vector_table          0x08000000           Data  Gb  startup_stm32f4xx.o [1]
_call_main              0x0800f311           Code  Gb  cmain.o [6]
_exit                   0x0800f329           Code  Gb  cexit.o [6]
_gm_                    0x20017128    0x1d8  Data  Lc  dlmalloc.o [3]
_main                   0x0800f31b           Code  Gb  cmain.o [6]
abort                   0x08001679      0x6  Code  Gb  abort.o [3]
abs                     0x0800ae43      0x8  Code  Gb  abs.o [3]
accel_fusion            0x08007fc5    0x1f2  Code  Lc  quaternion_supervisor.o [4]
arm                     0x0800ebd9     0x86  Code  Gb  arm.o [1]
arm_off_alert           0x0800eb81     0x2c  Code  Lc  arm.o [1]
arm_on_alert            0x0800ebad     0x2a  Code  Lc  arm.o [1]
atan2f                  0x08009d6d           Code  Gb  atan2f.o [5]
buzzer_init             0x0800ed25     0xee  Code  Gb  buzzer.o [1]
buzzer_set              0x0800ed1d      0x8  Code  Gb  buzzer.o [1]
counter                 0x20017f90      0x2  Data  Lc  arm.o [1]
decode_gesture          0x08007d1f     0x58  Code  Lc  inv_mpu_dmp_motion_driver.o [1]
delay_ms                0x08002e89      0xe  Code  Gb  freertos_time.o [1]
div                     0x08006811      0xe  Code  Gb  div.o [3]
dmp                     0x20017ea0     0x10  Data  Lc  inv_mpu_dmp_motion_driver.o [1]
dmp_enable_6x_lp_quat   0x08007cdd     0x42  Code  Gb  inv_mpu_dmp_motion_driver.o [1]
dmp_enable_feature      0x08007a29    0x230  Code  Gb  inv_mpu_dmp_motion_driver.o [1]
dmp_enable_gyro_cal     0x08007c59     0x42  Code  Gb  inv_mpu_dmp_motion_driver.o [1]
dmp_enable_lp_quat      0x08007c9b     0x42  Code  Gb  inv_mpu_dmp_motion_driver.o [1]
dmp_load_motion_driver_firmware
                        0x0800757d     0x18  Code  Gb  inv_mpu_dmp_motion_driver.o [1]
dmp_memory              0x08006984    0xbf8  Data  Lc  inv_mpu_dmp_motion_driver.o [1]
dmp_read_fifo           0x08007d7d    0x220  Code  Gb  inv_mpu_dmp_motion_driver.o [1]
dmp_set_fifo_rate       0x080076e7     0x70  Code  Gb  inv_mpu_dmp_motion_driver.o [1]
dmp_set_orientation     0x08007595    0x152  Code  Gb  inv_mpu_dmp_motion_driver.o [1]
dmp_set_shake_reject_thresh
                        0x080079ab     0x32  Code  Gb  inv_mpu_dmp_motion_driver.o [1]
dmp_set_shake_reject_time
                        0x080079dd     0x26  Code  Gb  inv_mpu_dmp_motion_driver.o [1]
dmp_set_shake_reject_timeout
                        0x08007a03     0x26  Code  Gb  inv_mpu_dmp_motion_driver.o [1]
dmp_set_tap_axes        0x080078f1     0x46  Code  Gb  inv_mpu_dmp_motion_driver.o [1]
dmp_set_tap_count       0x08007937     0x28  Code  Gb  inv_mpu_dmp_motion_driver.o [1]
dmp_set_tap_thresh      0x08007759    0x184  Code  Gb  inv_mpu_dmp_motion_driver.o [1]
dmp_set_tap_time        0x0800795f     0x26  Code  Gb  inv_mpu_dmp_motion_driver.o [1]
dmp_set_tap_time_multi  0x08007985     0x26  Code  Gb  inv_mpu_dmp_motion_driver.o [1]
ds                      0x2001765c    0x198  Data  Lc  storage_manager.o [1]
eMPL_out                0x20017db0     0x28  Data  Lc  eMPL_outputs.o [1]
esc1                    0x20000040     0x18  Data  Gb  main.o [1]
esc2                    0x20000058     0x18  Data  Gb  main.o [1]
esc3                    0x20000070     0x18  Data  Gb  main.o [1]
esc4                    0x20000088     0x18  Data  Gb  main.o [1]
esc_init                0x0800e8bd     0xac  Code  Gb  esc.o [1]
esc_set_speed           0x0800e85d     0x60  Code  Gb  esc.o [1]
exit                    0x0800f323      0x4  Code  Gb  exit.o [3]
fmodf                   0x0800a1f9           Code  Gb  fmodf.o [5]
fnm                     0x20016ec8    0x260  Data  Gb  fast_no_motion.o [4]
fnm_user                0x20017d10     0x40  Data  Lc  fast_no_motion.o [4]
get_ms_count            0x08002e97     0x14  Code  Gb  freertos_time.o [1]
gpio_init               0x0800f02d     0x7a  Code  Gb  gpio.o [1]
gyro_data_ready_cb      0x0800d383      0x8  Code  Gb  imu.o [1]
gyro_pdata              0x20000008      0xc  Data  Lc  imu.o [1]
hal                     0x20017dd8     0x24  Data  Lc  imu.o [1]
hardware_init           0x0800ec6d     0xb0  Code  Gb  hardware.o [1]
heapSTRUCT_SIZE         0x08002f96      0x2  Data  Lc  heap_2.o [1]
hw                      0x0800f410      0xc  Data  Gb  inv_mpu.o [1]
i2c1_init               0x0800f0ad     0xac  Code  Gb  i2c_1.o [1]
i2c2_init               0x08002745     0xb0  Code  Gb  i2c.o [1]
imu                     0x20017d50     0x30  Data  Gb  imu.o [1]
imu                     0x20017d80     0x30  Data  Lc  main.o [1]
imu_altitude_queue      0x20017ee0      0x4  Data  Gb  imu.o [1]
imu_altitude_sem        0x20017ed8      0x4  Data  Gb  imu.o [1]
imu_attitude_queue      0x20017edc      0x4  Data  Gb  imu.o [1]
imu_attitude_sem        0x20017ed4      0x4  Data  Gb  imu.o [1]
imu_task                0x0800d38b    0x278  Code  Gb  imu.o [1]
init_mparams            0x080001a3     0x32  Code  Lc  dlmalloc.o [3]
init_top                0x080001d5     0x34  Code  Lc  dlmalloc.o [3]
internal_Pow            0x0800ae91    0x478  Code  Lc  pow.o [5]
inv_9x_fusion_enable_jitter_reduction
                        0x0800c2db      0xa  Code  Gb  fusion_9axis.o [4]
inv_9x_fusion_use_timestamps
                        0x0800c2e5      0xa  Code  Gb  fusion_9axis.o [4]
inv_apply_calibration   0x08009405     0x6a  Code  Gb  data_builder.o [1]
inv_build_accel         0x08009535     0xaa  Code  Gb  data_builder.o [1]
inv_build_gyro          0x080095df     0x44  Code  Gb  data_builder.o [1]
inv_build_quat          0x0800965b     0x4a  Code  Gb  data_builder.o [1]
inv_build_temp          0x08009623     0x38  Code  Gb  data_builder.o [1]
inv_compass_angle       0x08008b11     0xa6  Code  Gb  ml_math_func.o [1]
inv_compute_quat_from_accel
                        0x080081b7    0x142  Code  Lc  quaternion_supervisor.o [4]
inv_convert_to_body_with_scale
                        0x0800915d     0x72  Code  Gb  ml_math_func.o [1]
inv_data_builder        0x200177f4    0x140  Data  Lc  data_builder.o [1]
inv_db_load_func        0x08009245     0x52  Code  Lc  data_builder.o [1]
inv_db_save_func        0x08009297     0x14  Code  Lc  data_builder.o [1]
inv_detect_motion_by_gyro_accel
                        0x0800a865     0xa4  Code  Gb  fast_no_motion.o [4]
inv_disable_compass_soft_iron_matrix
                        0x08009a05      0xa  Code  Gb  data_builder.o [1]
inv_enable_9x_sensor_fusion
                        0x0800c2fb     0x1c  Code  Gb  fusion_9axis.o [4]
inv_enable_eMPL_outputs
                        0x0800daf5     0x12  Code  Gb  eMPL_outputs.o [1]
inv_enable_fast_nomot   0x0800ac75     0x40  Code  Gb  fast_no_motion.o [4]
inv_enable_gyro_tc      0x0800cdbb     0x36  Code  Gb  gyro_tc.o [4]
inv_enable_quaternion   0x08008961     0x18  Code  Gb  quaternion_supervisor.o [4]
inv_enable_results_holder
                        0x08009c71     0x12  Code  Gb  results_holder.o [1]
inv_execute_mpl_start_notification
                        0x08009d31     0x2a  Code  Gb  start_manager.o [1]
inv_execute_on_data     0x0800978f     0x8e  Code  Gb  data_builder.o [1]
inv_fast_nomot_get_time_elaps
                        0x0800a701      0xc  Code  Gb  fast_no_motion.o [4]
inv_fast_nomot_parameter
                        0x0800a343    0x17a  Code  Gb  fast_no_motion.o [4]
inv_fast_nomot_parameter_compass
                        0x0800a70d     0x16  Code  Gb  fast_no_motion.o [4]
inv_fast_nomot_reset_data_compass
                        0x0800a6d9     0x28  Code  Gb  fast_no_motion.o [4]
inv_fast_nomot_set_gyro_bias
                        0x0800a4ef     0xfc  Code  Gb  fast_no_motion.o [4]
inv_fast_nomot_store_data
                        0x0800a5eb     0x8e  Code  Gb  fast_no_motion.o [4]
inv_fast_nomot_store_data_compass
                        0x0800a679     0x60  Code  Gb  fast_no_motion.o [4]
inv_filter_correction_angle
                        0x0800bd77    0x184  Code  Gb  fusion_9axis.o [4]
inv_find_synchronized_compass_angle
                        0x0800bcb9     0xbe  Code  Lc  fusion_9axis.o [4]
inv_generate_accel_gyro_quaternion
                        0x080086b5    0x234  Code  Gb  quaternion_supervisor.o [4]
inv_generate_eMPL_outputs
                        0x0800d9dd     0xf6  Code  Lc  eMPL_outputs.o [1]
inv_generate_fast_nomot
                        0x0800a995    0x228  Code  Gb  fast_no_motion.o [4]
inv_generate_gyro_quaternion
                        0x080083d3    0x10e  Code  Gb  quaternion_supervisor.o [4]
inv_generate_quaternion
                        0x080088e9     0x58  Code  Lc  quaternion_supervisor.o [4]
inv_generate_results    0x08009c0b      0xa  Code  Gb  results_holder.o [1]
inv_get_6axis_quaternion
                        0x08009b7f     0x12  Code  Gb  results_holder.o [1]
inv_get_accel_accuracy  0x0800999d      0x6  Code  Gb  data_builder.o [1]
inv_get_accel_on        0x08009379      0xe  Code  Gb  data_builder.o [1]
inv_get_accel_set       0x08009923     0x2c  Code  Gb  data_builder.o [1]
inv_get_compass_on      0x0800935b     0x10  Code  Gb  data_builder.o [1]
inv_get_gravity         0x08009b19     0x66  Code  Gb  results_holder.o [1]
inv_get_gyro_accuracy   0x08009981      0x6  Code  Gb  data_builder.o [1]
inv_get_gyro_bias       0x0800950f     0x26  Code  Gb  data_builder.o [1]
inv_get_gyro_bias_tc_set
                        0x080094f1     0x1e  Code  Gb  data_builder.o [1]
inv_get_gyro_on         0x0800936b      0xe  Code  Gb  data_builder.o [1]
inv_get_gyro_set        0x0800994f     0x28  Code  Gb  data_builder.o [1]
inv_get_gyro_sum_of_sqr
                        0x08008bb7     0x1a  Code  Gb  ml_math_func.o [1]
inv_get_last_timestamp  0x08009387     0x6e  Code  Gb  data_builder.o [1]
inv_get_linear_accel    0x08009c89     0x42  Code  Gb  results_holder.o [1]
inv_get_mag_accuracy    0x08009987     0x16  Code  Gb  data_builder.o [1]
inv_get_magnetic_disturbance_state
                        0x0800c40d      0x6  Code  Gb  mag_disturb.o [4]
inv_get_motion_state    0x08009ab1     0x12  Code  Gb  results_holder.o [1]
inv_get_quaternion      0x08009b91     0x34  Code  Gb  results_holder.o [1]
inv_get_quaternion_set  0x08009bc5     0x46  Code  Gb  results_holder.o [1]
inv_get_sensor_type_accel_float
                        0x0800d6e5     0x5c  Code  Gb  eMPL_outputs.o [1]
inv_get_sensor_type_euler_float
                        0x0800d7a1    0x230  Code  Gb  eMPL_outputs.o [1]
inv_get_sensor_type_gyro_float
                        0x0800d741     0x5c  Code  Gb  eMPL_outputs.o [1]
inv_gtc                 0x20017300    0x1c4  Data  Lc  gyro_tc.o [4]
inv_gtc_add_data        0x0800cadf     0xaa  Code  Lc  gyro_tc.o [4]
inv_gtc_compute_slope   0x0800cb89    0x1fa  Code  Lc  gyro_tc.o [4]
inv_gtc_data_cb         0x0800c9f1     0xc0  Code  Lc  gyro_tc.o [4]
inv_gtc_get_bin         0x0800cab1     0x2e  Code  Lc  gyro_tc.o [4]
inv_gtc_load            0x0800c999     0x2a  Code  Lc  gyro_tc.o [4]
inv_gtc_store           0x0800c9c3     0x2e  Code  Lc  gyro_tc.o [4]
inv_if_enough_data      0x0800a4bd     0x32  Code  Lc  fast_no_motion.o [4]
inv_init_9x_fusion      0x0800c2a5     0x36  Code  Gb  fusion_9axis.o [4]
inv_init_data_builder   0x080092ab     0x3a  Code  Gb  data_builder.o [1]
inv_init_eMPL_outputs   0x0800dae3     0x12  Code  Lc  eMPL_outputs.o [1]
inv_init_fast_nomot     0x0800abed     0x52  Code  Gb  fast_no_motion.o [4]
inv_init_gyro_ts        0x0800cd83     0x2e  Code  Gb  gyro_tc.o [4]
inv_init_maxmin         0x0800a2df     0x64  Code  Gb  fast_no_motion.o [4]
inv_init_mpl            0x0800dc2b     0x5e  Code  Gb  mpl.o [1]
inv_init_quaternion     0x08008941     0x20  Code  Gb  quaternion_supervisor.o [4]
inv_init_results_holder
                        0x08009c27     0x4a  Code  Gb  results_holder.o [1]
inv_init_start_manager  0x08009cf9     0x12  Code  Gb  start_manager.o [1]
inv_init_storage_manager
                        0x08009dd9     0x18  Code  Gb  storage_manager.o [1]
inv_max_change          0x0800a723     0x22  Code  Lc  fast_no_motion.o [4]
inv_normalize_quat      0x080082f9     0xda  Code  Lc  quaternion_supervisor.o [4]
inv_orientation_matrix_to_scalar
                        0x08009137     0x26  Code  Gb  ml_math_func.o [1]
inv_perform_9x_fusion   0x0800befb    0x32c  Code  Gb  fusion_9axis.o [4]
inv_process_9x_sensor_fusion_cb
                        0x0800c227     0x7e  Code  Gb  fusion_9axis.o [4]
inv_process_dmp_quaternion
                        0x080084e1    0x1d4  Code  Lc  quaternion_supervisor.o [4]
inv_q29_mult            0x08008bd1      0xe  Code  Gb  ml_math_func.o [1]
inv_q30_mult            0x08008bdf      0xe  Code  Gb  ml_math_func.o [1]
inv_q30_to_float        0x08008afd     0x12  Code  Lc  ml_math_func.o [1]
inv_q_add               0x08008cb3     0x26  Code  Gb  ml_math_func.o [1]
inv_q_addf              0x08008e13     0x42  Code  Gb  ml_math_func.o [1]
inv_q_invert            0x08008ce1     0x18  Code  Gb  ml_math_func.o [1]
inv_q_invertf           0x08008fe5     0x2a  Code  Gb  ml_math_func.o [1]
inv_q_mult              0x08008bed     0xc6  Code  Gb  ml_math_func.o [1]
inv_q_multf             0x08008d41     0xd2  Code  Gb  ml_math_func.o [1]
inv_q_norm4             0x08008f5d     0x88  Code  Gb  ml_math_func.o [1]
inv_q_normalizef        0x08008e55    0x104  Code  Gb  ml_math_func.o [1]
inv_q_rotate            0x08008d01     0x40  Code  Gb  ml_math_func.o [1]
inv_quat_data           0x20017bac     0x6c  Data  Lc  quaternion_supervisor.o [4]
inv_quaternion_to_rotation
                        0x0800900f     0xda  Code  Gb  ml_math_func.o [1]
inv_record_max_moment_in_no_motion_accel
                        0x0800a7d5     0x30  Code  Gb  fast_no_motion.o [4]
inv_record_max_moment_in_no_motion_gyro
                        0x0800a7a5     0x30  Code  Gb  fast_no_motion.o [4]
inv_record_min_moment_in_motion_accel
                        0x0800a835     0x30  Code  Gb  fast_no_motion.o [4]
inv_record_min_moment_in_motion_gyro
                        0x0800a805     0x30  Code  Gb  fast_no_motion.o [4]
inv_register_data_cb    0x080096a5     0xea  Code  Gb  data_builder.o [1]
inv_register_load_store
                        0x08009df1     0x86  Code  Gb  storage_manager.o [1]
inv_register_mpl_start_notification
                        0x08009d0b     0x26  Code  Gb  start_manager.o [1]
inv_reset_compass_soft_iron_matrix
                        0x080099b5     0x50  Code  Gb  data_builder.o [1]
inv_reset_min_max_gyro_accel_statistics
                        0x0800a745     0x3a  Code  Gb  fast_no_motion.o [4]
inv_reset_packet        0x0800a77f     0x26  Code  Lc  fast_no_motion.o [4]
inv_row_2_scale         0x080090e9     0x4e  Code  Lc  ml_math_func.o [1]
inv_sensor_data_preprocess
                        0x0800a909     0x8a  Code  Gb  fast_no_motion.o [4]
inv_set_accel_orientation_and_scale
                        0x080093f5     0x10  Code  Gb  data_builder.o [1]
inv_set_accel_sample_rate
                        0x08009329     0x32  Code  Gb  data_builder.o [1]
inv_set_compass_bias_found
                        0x08009c83      0x6  Code  Gb  results_holder.o [1]
inv_set_compass_correction
                        0x08009a87     0x2a  Code  Gb  results_holder.o [1]
inv_set_contiguous      0x0800981d    0x106  Code  Lc  data_builder.o [1]
inv_set_default_number_of_samples
                        0x0800abbd     0x30  Code  Gb  fast_no_motion.o [4]
inv_set_gyro_bias       0x0800946f     0x82  Code  Gb  data_builder.o [1]
inv_set_gyro_orientation_and_scale
                        0x080092eb     0x10  Code  Gb  data_builder.o [1]
inv_set_gyro_sample_rate
                        0x080092fb     0x2e  Code  Gb  data_builder.o [1]
inv_set_message         0x08009e7d     0x1c  Code  Gb  message_layer.o [1]
inv_set_motion_state    0x08009ac3     0x56  Code  Gb  results_holder.o [1]
inv_start_9x_sensor_fusion
                        0x0800c2ef      0xc  Code  Gb  fusion_9axis.o [4]
inv_start_cb            0x20017c7c     0x54  Data  Lc  start_manager.o [1]
inv_start_eMPL_outputs  0x0800dad3     0x10  Code  Lc  eMPL_outputs.o [1]
inv_start_fast_nomot    0x0800ac3f     0x36  Code  Gb  fast_no_motion.o [4]
inv_start_gyro_tc       0x0800cdb1      0xa  Code  Gb  gyro_tc.o [4]
inv_start_mpl           0x0800dc89     0x22  Code  Gb  mpl.o [1]
inv_start_quaternion    0x0800897d     0x26  Code  Gb  quaternion_supervisor.o [4]
inv_start_results_holder
                        0x08009c15     0x12  Code  Gb  results_holder.o [1]
inv_store_gaming_quaternion
                        0x08009a5d     0x2a  Code  Gb  results_holder.o [1]
isr_read_duty           0x0800ce9d     0x54  Code  Gb  stm32f4xx_it.o [1]
isr_read_freq           0x0800ce49     0x54  Code  Gb  stm32f4xx_it.o [1]
joystick_accuracy       0x0800ea13     0x38  Code  Lc  joystick.o [1]
joystick_filter         0x0800e979     0x9a  Code  Lc  joystick.o [1]
joystick_read_thrust    0x0800ea4d     0x86  Code  Gb  joystick.o [1]
joystick_thrust         0x20000150     0x4c  Data  Gb  main.o [1]
lnbias                  0x0800b330    0x420  Data  Lc  pow.o [5]
localeconv              0x080067df     0x16  Code  Gb  localeconv.o [3]
mag_disturb             0x20017a6c     0xb8  Data  Gb  mag_disturb.o [4]
main                    0x0800e7d1     0x3a  Code  Gb  main.o [1]
main_task               0x0800e651    0x180  Code  Lc  main.o [1]
memchr                  0x08005f81           Code  Gb  memchr.o [6]
memcpy                  0x08009203      0xc  Code  Gb  memcpy.o [3]
memmove                 0x0800c355      0xc  Code  Gb  memmove.o [6]
memset                  0x08009ce5     0x14  Code  Gb  memset.o [3]
mh                      0x20017eec      0x4  Data  Lc  message_layer.o [1]
mparams                 0x20017dfc     0x18  Data  Lc  dlmalloc.o [3]
mpl_key                 0x20000004      0x4  Data  Gb  imu.o [1]
mpu_configure_fifo      0x08002031     0x7e  Code  Gb  inv_mpu.o [1]
mpu_get_accel_fsr       0x08001ddd     0x46  Code  Gb  inv_mpu.o [1]
mpu_get_gyro_fsr        0x08001d11     0x3c  Code  Gb  inv_mpu.o [1]
mpu_get_sample_rate     0x08001f5d     0x1e  Code  Gb  inv_mpu.o [1]
mpu_get_temperature     0x08001a49     0x98  Code  Gb  inv_mpu.o [1]
mpu_init                0x080017ed    0x15c  Code  Gb  inv_mpu.o [1]
mpu_load_firmware       0x080025c3     0xe8  Code  Gb  inv_mpu.o [1]
mpu_lp_accel_mode       0x08001949     0xfe  Code  Gb  inv_mpu.o [1]
mpu_read_fifo_stream    0x0800219d     0xe4  Code  Gb  inv_mpu.o [1]
mpu_read_mem            0x0800253b     0x88  Code  Gb  inv_mpu.o [1]
mpu_reset_fifo          0x08001ae5    0x22c  Code  Gb  inv_mpu.o [1]
mpu_set_accel_fsr       0x08001e23     0x94  Code  Gb  inv_mpu.o [1]
mpu_set_bypass          0x08002281    0x196  Code  Gb  inv_mpu.o [1]
mpu_set_dmp_state       0x080026ab     0x94  Code  Gb  inv_mpu.o [1]
mpu_set_gyro_fsr        0x08001d4d     0x90  Code  Gb  inv_mpu.o [1]
mpu_set_int_latched     0x08002417     0x88  Code  Gb  inv_mpu.o [1]
mpu_set_lpf             0x08001ebd     0xa0  Code  Gb  inv_mpu.o [1]
mpu_set_sample_rate     0x08001f7b     0xb0  Code  Gb  inv_mpu.o [1]
mpu_set_sensors         0x080020af     0xe8  Code  Gb  inv_mpu.o [1]
mpu_write_mem           0x080024a9     0x92  Code  Gb  inv_mpu.o [1]
pcInterruptPriorityRegisters
                        0x0800f48c      0x4  Data  Lc  port.o [1]
pid_altitude            0x20000124     0x2c  Data  Gb  main.o [1]
pid_calc                0x0800eadd     0xa2  Code  Gb  pid.o [1]
pid_pitch               0x200000cc     0x2c  Data  Gb  main.o [1]
pid_roll                0x200000a0     0x2c  Data  Gb  main.o [1]
pid_yaw                 0x200000f8     0x2c  Data  Gb  main.o [1]
prepend_alloc           0x08000209    0x36c  Code  Lc  dlmalloc.o [3]
prvAddCurrentTaskToDelayedList
                        0x08003ea9     0x80  Code  Lc  tasks.o [1]
prvAddNewTaskToReadyList
                        0x0800357f     0xc0  Code  Lc  tasks.o [1]
prvCheckForValidListAndQueue
                        0x080046c3     0x4c  Code  Lc  timers.o [1]
prvCheckTasksWaitingTermination
                        0x08003c21     0x64  Code  Lc  tasks.o [1]
prvCopyDataFromQueue    0x08004db1     0x2a  Code  Lc  queue.o [1]
prvCopyDataToQueue      0x08004d2f     0x82  Code  Lc  queue.o [1]
prvDeleteTCB            0x08003cb1     0x12  Code  Lc  tasks.o [1]
prvGetNextExpireTime    0x080044e1     0x28  Code  Lc  timers.o [1]
prvHeapInit             0x08004059     0x26  Code  Lc  heap_2.o [1]
prvIdleTask             0x08003b95     0x28  Code  Lc  tasks.o [1]
prvInitialiseNewQueue   0x080048e1     0x22  Code  Lc  queue.o [1]
prvInitialiseNewTask    0x080034cf     0xb0  Code  Lc  tasks.o [1]
prvInitialiseTaskLists  0x08003bc1     0x54  Code  Lc  tasks.o [1]
prvInsertTimerInActiveList
                        0x08004531     0x3e  Code  Lc  timers.o [1]
prvIsQueueEmpty         0x08004e49     0x1c  Code  Lc  queue.o [1]
prvIsQueueFull          0x08004e65     0x1e  Code  Lc  queue.o [1]
prvProcessExpiredTimer  0x080043ff     0x5a  Code  Lc  timers.o [1]
prvProcessReceivedCommands
                        0x0800456f     0xd6  Code  Lc  timers.o [1]
prvProcessTimerOrBlockTask
                        0x08004471     0x70  Code  Lc  timers.o [1]
prvResetNextTaskUnblockTime
                        0x08003cc3     0x28  Code  Lc  tasks.o [1]
prvSampleTimeNow        0x08004509     0x28  Code  Lc  timers.o [1]
prvSwitchTimerLists     0x08004645     0x7e  Code  Lc  timers.o [1]
prvTaskCheckFreeStackSpace
                        0x08003c85     0x16  Code  Lc  tasks.o [1]
prvTaskExitError        0x0800415d     0x2a  Code  Lc  port.o [1]
prvTimerTask            0x0800445d     0x14  Code  Lc  timers.o [1]
prvUnlockQueue          0x08004ddb     0x6e  Code  Lc  queue.o [1]
pvPortMalloc            0x08003f69     0xb6  Code  Gb  heap_2.o [1]
pvTaskIncrementMutexHeldCount
                        0x08003e69     0x1e  Code  Gb  tasks.o [1]
pwm_get_prescaler       0x0800e551     0x36  Code  Gb  pwm.o [1]
pwm_gpio_init           0x0800e41f     0x5c  Code  Lc  pwm.o [1]
pwm_input_init          0x0800e231    0x1a8  Code  Gb  pwm.o [1]
pwm_output_compare_init
                        0x0800e4e1     0x6e  Code  Lc  pwm.o [1]
pwm_output_init         0x0800e3d9     0x10  Code  Gb  pwm.o [1]
pwm_set_duty_cycle      0x0800e3e9     0x36  Code  Gb  pwm.o [1]
pwm_timebase_init       0x0800e47b     0x66  Code  Lc  pwm.o [1]
pxCurrentTCB            0x20017f3c      0x4  Data  Gb  tasks.o [1]
pxCurrentTimerList      0x20017f78      0x4  Data  Lc  timers.o [1]
pxDelayedTaskList       0x20017f40      0x4  Data  Lc  tasks.o [1]
pxOverflowDelayedTaskList
                        0x20017f44      0x4  Data  Lc  tasks.o [1]
pxOverflowTimerList     0x20017f7c      0x4  Data  Lc  timers.o [1]
pxPortInitialiseStack   0x08004135     0x28  Code  Gb  port.o [1]
pxReadyTasksLists       0x20017c18     0x64  Data  Lc  tasks.o [1]
read_from_mpl_float     0x0800d2b9     0xca  Code  Lc  imu.o [1]
reg                     0x0800f2ac     0x20  Data  Gb  inv_mpu.o [1]
rh                      0x20017b24     0x88  Data  Lc  results_holder.o [1]
s9axis                  0x20017934    0x138  Data  Gb  fusion_9axis.o [4]
sStartAddress           0x08003456      0x2  Data  Lc  inv_mpu_dmp_motion_driver.o [1]
scale                   0x08005a37     0x46  Code  Lc  xprintflarge.o [3]
segment_holding         0x08000189     0x1a  Code  Lc  dlmalloc.o [3]
sensors                 0x200174c4    0x198  Data  Lc  data_builder.o [1]
set_int_enable          0x08001735     0xb8  Code  Lc  inv_mpu.o [1]
set_sensor_orientation_and_scale
                        0x080092e5      0x6  Code  Gb  data_builder.o [1]
sqrtf                   0x08008a51           Code  Gb  sqrtf.o [5]
st                      0x20000014     0x2c  Data  Lc  inv_mpu.o [1]
stack_size_main         0x20017ee8      0x4  Data  Gb  main.o [1]
strchr                  0x08005f31           Code  Gb  strchr.o [6]
strlen                  0x08005f49           Code  Gb  strlen.o [6]
sys_alloc               0x08000575    0x386  Code  Lc  dlmalloc.o [3]
test                    0x0800f1f8     0x28  Data  Gb  inv_mpu.o [1]
tim12_duty              0x20017f24      0x4  Data  Gb  stm32f4xx_it.o [1]
tim12_freq              0x20017f38      0x4  Data  Gb  stm32f4xx_it.o [1]
tim12_val               0x20017f10      0x4  Data  Gb  stm32f4xx_it.o [1]
tim2_duty               0x20017f14      0x4  Data  Gb  stm32f4xx_it.o [1]
tim2_freq               0x20017f28      0x4  Data  Gb  stm32f4xx_it.o [1]
tim2_val                0x20017f00      0x4  Data  Gb  stm32f4xx_it.o [1]
tim3_duty               0x20017f18      0x4  Data  Gb  stm32f4xx_it.o [1]
tim3_freq               0x20017f2c      0x4  Data  Gb  stm32f4xx_it.o [1]
tim3_val                0x20017f04      0x4  Data  Gb  stm32f4xx_it.o [1]
tim5_duty               0x20017f1c      0x4  Data  Gb  stm32f4xx_it.o [1]
tim5_freq               0x20017f30      0x4  Data  Gb  stm32f4xx_it.o [1]
tim5_val                0x20017f08      0x4  Data  Gb  stm32f4xx_it.o [1]
tim9_duty               0x20017f20      0x4  Data  Gb  stm32f4xx_it.o [1]
tim9_freq               0x20017f34      0x4  Data  Gb  stm32f4xx_it.o [1]
tim9_val                0x20017f0c      0x4  Data  Gb  stm32f4xx_it.o [1]
tmalloc_large           0x08000909    0x390  Code  Lc  dlmalloc.o [3]
tmalloc_small           0x08000c99    0x210  Code  Lc  dlmalloc.o [3]
toggle                  0x20017f96      0x1  Data  Lc  arm.o [1]
ts2                     0x20017ee4      0x4  Data  Gb  imu.o [1]
uart_init               0x0800db25     0x94  Code  Gb  uart.o [1]
uart_printf             0x0800dbf1     0x38  Code  Gb  uart.o [1]
ucHeap                  0x200042c8  0x12c00  Data  Lc  heap_2.o [1]
ucMaxSysCallPriority    0x20017f97      0x1  Data  Lc  port.o [1]
ulMaxPRIGROUPValue      0x20017ef0      0x4  Data  Lc  port.o [1]
ulRegTest1LoopCounter   0x20017ef4      0x4  Data  Gb  reg_test.o [1]
ulRegTest2LoopCounter   0x20017ef8      0x4  Data  Gb  reg_test.o [1]
ulRegTestCheckFlopRegistersContainParameterValue
                        0x0800e19b           Code  Gb  RegTest.o [1]
uxCriticalNesting       0x2000019c      0x4  Data  Lc  port.o [1]
uxCurrentNumberOfTasks  0x20017f4c      0x4  Data  Lc  tasks.o [1]
uxDeletedTasksWaitingCleanUp
                        0x20017f48      0x4  Data  Lc  tasks.o [1]
uxListRemove            0x0800410f     0x26  Code  Gb  list.o [1]
uxPendedTicks           0x20017f5c      0x4  Data  Lc  tasks.o [1]
uxSchedulerSuspended    0x20017f74      0x4  Data  Lc  tasks.o [1]
uxTaskGetStackHighWaterMark
                        0x08003c9b     0x16  Code  Gb  tasks.o [1]
uxTaskNumber            0x20017f68      0x4  Data  Lc  tasks.o [1]
uxTopReadyPriority      0x20017f54      0x4  Data  Lc  tasks.o [1]
vApplicationIdleHook    0x0800474b      0x2  Code  Gb  application_hooks.o [1]
vApplicationMallocFailedHook
                        0x0800473b     0x10  Code  Gb  application_hooks.o [1]
vApplicationStackOverflowHook
                        0x0800474d     0x10  Code  Gb  application_hooks.o [1]
vApplicationTickHook    0x08004739      0x2  Code  Gb  application_hooks.o [1]
vListInitialise         0x0800409d     0x1e  Code  Gb  list.o [1]
vListInitialiseItem     0x080040bb      0x6  Code  Gb  list.o [1]
vListInsert             0x080040d9     0x36  Code  Gb  list.o [1]
vListInsertEnd          0x080040c1     0x18  Code  Gb  list.o [1]
vPortEnableVFP          0x080047e9           Code  Gb  portasm.o [1]
vPortEnterCritical      0x0800421f     0x3a  Code  Gb  port.o [1]
vPortExitCritical       0x08004259     0x32  Code  Gb  port.o [1]
vPortFree               0x0800401f     0x3a  Code  Gb  heap_2.o [1]
vPortSetupTimerInterrupt
                        0x080042b3     0x1a  Code  Wk  port.o [1]
vPortStartFirstTask     0x080047d1           Code  Gb  portasm.o [1]
vPortValidateInterruptPriority
                        0x080042cd     0x4a  Code  Gb  port.o [1]
vQueueAddToRegistry     0x08004e83     0x24  Code  Gb  queue.o [1]
vQueueWaitForMessageRestricted
                        0x08004eb1     0x4a  Code  Gb  queue.o [1]
vRegTest1Task           0x0800de5d           Code  Gb  RegTest.o [1]
vRegTest2Task           0x0800dfe7           Code  Gb  RegTest.o [1]
vRegTestClearFlopRegistersToParameterValue
                        0x0800e179           Code  Gb  RegTest.o [1]
vTaskDelay              0x0800363f     0x4c  Code  Gb  tasks.o [1]
vTaskMissedYield        0x08003b85      0xa  Code  Gb  tasks.o [1]
vTaskPlaceOnEventList   0x080039d5     0x2e  Code  Gb  tasks.o [1]
vTaskPlaceOnEventListRestricted
                        0x08003a09     0x38  Code  Gb  tasks.o [1]
vTaskPriorityInherit    0x08003d0b     0xaa  Code  Gb  tasks.o [1]
vTaskSetTimeOutState    0x08003ad9     0x26  Code  Gb  tasks.o [1]
vTaskStartScheduler     0x0800368b     0x6e  Code  Gb  tasks.o [1]
vTaskSuspendAll         0x080036f9     0x10  Code  Gb  tasks.o [1]
vTaskSwitchContext      0x08003935     0xa0  Code  Gb  tasks.o [1]
vsnprintf               0x0800ddf5     0x3c  Code  Gb  vsnprint.o [3]
vsprintf                0x0800de31     0x2c  Code  Gb  vsprintf.o [3]
xActiveTimerList1       0x20017e78     0x14  Data  Lc  timers.o [1]
xActiveTimerList2       0x20017e8c     0x14  Data  Lc  timers.o [1]
xDelayedTaskList1       0x20017e14     0x14  Data  Lc  tasks.o [1]
xDelayedTaskList2       0x20017e28     0x14  Data  Lc  tasks.o [1]
xEnd                    0x20017ec8      0x8  Data  Lc  heap_2.o [1]
xFreeBytesRemaining     0x20000000      0x4  Data  Lc  heap_2.o [1]
xIdleTaskHandle         0x20017f70      0x4  Data  Lc  tasks.o [1]
xNextTaskUnblockTime    0x20017f6c      0x4  Data  Lc  tasks.o [1]
xNumOfOverflows         0x20017f64      0x4  Data  Lc  tasks.o [1]
xPendingReadyList       0x20017e3c     0x14  Data  Lc  tasks.o [1]
xPortStartScheduler     0x08004187     0x98  Code  Gb  port.o [1]
xQueueGenericCreate     0x08004897     0x4a  Code  Gb  queue.o [1]
xQueueGenericReceive    0x08004b71    0x1be  Code  Gb  queue.o [1]
xQueueGenericReset      0x08004805     0x92  Code  Gb  queue.o [1]
xQueueGenericSend       0x08004903    0x196  Code  Gb  queue.o [1]
xQueueGenericSendFromISR
                        0x08004a99     0xd8  Code  Gb  queue.o [1]
xQueueRegistry          0x20017cd0     0x40  Data  Gb  queue.o [1]
xSchedulerRunning       0x20017f58      0x4  Data  Lc  tasks.o [1]
xStart                  0x20017ec0      0x8  Data  Lc  heap_2.o [1]
xSuspendedTaskList      0x20017e64     0x14  Data  Lc  tasks.o [1]
xTaskCheckForTimeOut    0x08003b05     0x80  Code  Gb  tasks.o [1]
xTaskCreate             0x08003459     0x76  Code  Gb  tasks.o [1]
xTaskGetSchedulerState  0x08003ceb     0x20  Code  Gb  tasks.o [1]
xTaskGetTickCount       0x08003803      0x8  Code  Gb  tasks.o [1]
xTaskIncrementTick      0x0800380b    0x12a  Code  Gb  tasks.o [1]
xTaskPriorityDisinherit
                        0x08003db5     0xb4  Code  Gb  tasks.o [1]
xTaskRemoveFromEventList
                        0x08003a55     0x82  Code  Gb  tasks.o [1]
xTaskResumeAll          0x08003709     0xfa  Code  Gb  tasks.o [1]
xTasksWaitingTermination
                        0x20017e50     0x14  Data  Lc  tasks.o [1]
xTickCount              0x20017f50      0x4  Data  Lc  tasks.o [1]
xTimerCreateTimerTask   0x08004349     0x48  Code  Gb  timers.o [1]
xTimerGenericCommand    0x08004391     0x6e  Code  Gb  timers.o [1]
xTimerQueue             0x20017f80      0x4  Data  Lc  timers.o [1]
xTimerTaskHandle        0x20017f84      0x4  Data  Lc  timers.o [1]
xYieldPending           0x20017f60      0x4  Data  Lc  tasks.o [1]


[1] = C:\Users\klasl\Desktop\freertos_dmp2\Flash Debug\Obj
[2] = command line
[3] = dl7M_tlf.a
[4] = libmpllib.a
[5] = m7M_tls.a
[6] = rt7M_tl.a
[7] = shb_l.a

  59 316 bytes of readonly  code memory
   3 835 bytes of readonly  data memory
  98 198 bytes of readwrite data memory

Errors: none
Warnings: 12
