###############################################################################
#
# IAR ELF Linker V7.50.2.10312/W32 for ARM                05/Apr/2017  21:43:56
# Copyright 2007-2015 IAR Systems AB.
#
#    Output file  =  
#        C:\Users\klasl\Desktop\freertos_dmp2\Flash Debug\Exe\RTOSDemo.out
#    Map file     =  
#        C:\Users\klasl\Desktop\freertos_dmp2\Flash Debug\List\RTOSDemo.map
#    Command line =  
#        "C:\Users\klasl\Desktop\freertos_dmp2\Flash Debug\Obj\altitude.o"
#        "C:\Users\klasl\Desktop\freertos_dmp2\Flash
#        Debug\Obj\application_hooks.o"
#        "C:\Users\klasl\Desktop\freertos_dmp2\Flash Debug\Obj\barometer.o"
#        "C:\Users\klasl\Desktop\freertos_dmp2\Flash Debug\Obj\data_builder.o"
#        "C:\Users\klasl\Desktop\freertos_dmp2\Flash Debug\Obj\eMPL_outputs.o"
#        "C:\Users\klasl\Desktop\freertos_dmp2\Flash Debug\Obj\esc.o"
#        "C:\Users\klasl\Desktop\freertos_dmp2\Flash Debug\Obj\event_groups.o"
#        "C:\Users\klasl\Desktop\freertos_dmp2\Flash Debug\Obj\freertos_time.o"
#        "C:\Users\klasl\Desktop\freertos_dmp2\Flash Debug\Obj\gpio.o"
#        "C:\Users\klasl\Desktop\freertos_dmp2\Flash Debug\Obj\hal_outputs.o"
#        "C:\Users\klasl\Desktop\freertos_dmp2\Flash Debug\Obj\hardware.o"
#        "C:\Users\klasl\Desktop\freertos_dmp2\Flash Debug\Obj\heap_2.o"
#        "C:\Users\klasl\Desktop\freertos_dmp2\Flash Debug\Obj\i2c.o"
#        "C:\Users\klasl\Desktop\freertos_dmp2\Flash Debug\Obj\i2c_1.o"
#        "C:\Users\klasl\Desktop\freertos_dmp2\Flash Debug\Obj\imu.o"
#        "C:\Users\klasl\Desktop\freertos_dmp2\Flash Debug\Obj\inv_mpu.o"
#        "C:\Users\klasl\Desktop\freertos_dmp2\Flash
#        Debug\Obj\inv_mpu_dmp_motion_driver.o"
#        "C:\Users\klasl\Desktop\freertos_dmp2\Flash Debug\Obj\joystick.o"
#        "C:\Users\klasl\Desktop\freertos_dmp2\Flash Debug\Obj\kalman.o"
#        C:\Users\klasl\Desktop\freertos_dmp2\invensense_dmp\mpl\libmpllib.a
#        "C:\Users\klasl\Desktop\freertos_dmp2\Flash Debug\Obj\list.o"
#        "C:\Users\klasl\Desktop\freertos_dmp2\Flash Debug\Obj\main.o"
#        "C:\Users\klasl\Desktop\freertos_dmp2\Flash Debug\Obj\message_layer.o"
#        "C:\Users\klasl\Desktop\freertos_dmp2\Flash Debug\Obj\misc.o"
#        "C:\Users\klasl\Desktop\freertos_dmp2\Flash Debug\Obj\ml_math_func.o"
#        "C:\Users\klasl\Desktop\freertos_dmp2\Flash Debug\Obj\mlmath.o"
#        "C:\Users\klasl\Desktop\freertos_dmp2\Flash Debug\Obj\mpl.o"
#        "C:\Users\klasl\Desktop\freertos_dmp2\Flash Debug\Obj\pid.o"
#        "C:\Users\klasl\Desktop\freertos_dmp2\Flash Debug\Obj\port.o"
#        "C:\Users\klasl\Desktop\freertos_dmp2\Flash Debug\Obj\portasm.o"
#        "C:\Users\klasl\Desktop\freertos_dmp2\Flash Debug\Obj\printf2.o"
#        "C:\Users\klasl\Desktop\freertos_dmp2\Flash Debug\Obj\pwm.o"
#        "C:\Users\klasl\Desktop\freertos_dmp2\Flash Debug\Obj\queue.o"
#        "C:\Users\klasl\Desktop\freertos_dmp2\Flash Debug\Obj\reg_test.o"
#        "C:\Users\klasl\Desktop\freertos_dmp2\Flash Debug\Obj\RegTest.o"
#        "C:\Users\klasl\Desktop\freertos_dmp2\Flash
#        Debug\Obj\results_holder.o"
#        "C:\Users\klasl\Desktop\freertos_dmp2\Flash Debug\Obj\start_manager.o"
#        "C:\Users\klasl\Desktop\freertos_dmp2\Flash
#        Debug\Obj\startup_stm32f4xx.o"
#        "C:\Users\klasl\Desktop\freertos_dmp2\Flash Debug\Obj\stm32f4xx_adc.o"
#        "C:\Users\klasl\Desktop\freertos_dmp2\Flash Debug\Obj\stm32f4xx_can.o"
#        "C:\Users\klasl\Desktop\freertos_dmp2\Flash Debug\Obj\stm32f4xx_crc.o"
#        "C:\Users\klasl\Desktop\freertos_dmp2\Flash
#        Debug\Obj\stm32f4xx_cryp.o"
#        "C:\Users\klasl\Desktop\freertos_dmp2\Flash
#        Debug\Obj\stm32f4xx_cryp_aes.o"
#        "C:\Users\klasl\Desktop\freertos_dmp2\Flash
#        Debug\Obj\stm32f4xx_cryp_des.o"
#        "C:\Users\klasl\Desktop\freertos_dmp2\Flash
#        Debug\Obj\stm32f4xx_cryp_tdes.o"
#        "C:\Users\klasl\Desktop\freertos_dmp2\Flash Debug\Obj\stm32f4xx_dac.o"
#        "C:\Users\klasl\Desktop\freertos_dmp2\Flash
#        Debug\Obj\stm32f4xx_dbgmcu.o"
#        "C:\Users\klasl\Desktop\freertos_dmp2\Flash
#        Debug\Obj\stm32f4xx_dcmi.o"
#        "C:\Users\klasl\Desktop\freertos_dmp2\Flash Debug\Obj\stm32f4xx_dma.o"
#        "C:\Users\klasl\Desktop\freertos_dmp2\Flash
#        Debug\Obj\stm32f4xx_exti.o"
#        "C:\Users\klasl\Desktop\freertos_dmp2\Flash
#        Debug\Obj\stm32f4xx_flash.o"
#        "C:\Users\klasl\Desktop\freertos_dmp2\Flash
#        Debug\Obj\stm32f4xx_fsmc.o"
#        "C:\Users\klasl\Desktop\freertos_dmp2\Flash
#        Debug\Obj\stm32f4xx_gpio.o"
#        "C:\Users\klasl\Desktop\freertos_dmp2\Flash
#        Debug\Obj\stm32f4xx_hash.o"
#        "C:\Users\klasl\Desktop\freertos_dmp2\Flash
#        Debug\Obj\stm32f4xx_hash_md5.o"
#        "C:\Users\klasl\Desktop\freertos_dmp2\Flash
#        Debug\Obj\stm32f4xx_hash_sha1.o"
#        "C:\Users\klasl\Desktop\freertos_dmp2\Flash Debug\Obj\stm32f4xx_i2c.o"
#        "C:\Users\klasl\Desktop\freertos_dmp2\Flash Debug\Obj\stm32f4xx_it.o"
#        "C:\Users\klasl\Desktop\freertos_dmp2\Flash
#        Debug\Obj\stm32f4xx_iwdg.o"
#        "C:\Users\klasl\Desktop\freertos_dmp2\Flash Debug\Obj\stm32f4xx_pwr.o"
#        "C:\Users\klasl\Desktop\freertos_dmp2\Flash Debug\Obj\stm32f4xx_rcc.o"
#        "C:\Users\klasl\Desktop\freertos_dmp2\Flash Debug\Obj\stm32f4xx_rng.o"
#        "C:\Users\klasl\Desktop\freertos_dmp2\Flash Debug\Obj\stm32f4xx_rtc.o"
#        "C:\Users\klasl\Desktop\freertos_dmp2\Flash
#        Debug\Obj\stm32f4xx_sdio.o"
#        "C:\Users\klasl\Desktop\freertos_dmp2\Flash Debug\Obj\stm32f4xx_spi.o"
#        "C:\Users\klasl\Desktop\freertos_dmp2\Flash
#        Debug\Obj\stm32f4xx_syscfg.o"
#        "C:\Users\klasl\Desktop\freertos_dmp2\Flash Debug\Obj\stm32f4xx_tim.o"
#        "C:\Users\klasl\Desktop\freertos_dmp2\Flash
#        Debug\Obj\stm32f4xx_usart.o"
#        "C:\Users\klasl\Desktop\freertos_dmp2\Flash
#        Debug\Obj\stm32f4xx_wwdg.o"
#        "C:\Users\klasl\Desktop\freertos_dmp2\Flash
#        Debug\Obj\storage_manager.o"
#        "C:\Users\klasl\Desktop\freertos_dmp2\Flash
#        Debug\Obj\system_stm32f4xx.o"
#        "C:\Users\klasl\Desktop\freertos_dmp2\Flash Debug\Obj\tasks.o"
#        "C:\Users\klasl\Desktop\freertos_dmp2\Flash Debug\Obj\timers.o"
#        "C:\Users\klasl\Desktop\freertos_dmp2\Flash Debug\Obj\tiny_ekf.o"
#        "C:\Users\klasl\Desktop\freertos_dmp2\Flash Debug\Obj\uart.o"
#        "C:\Users\klasl\Desktop\freertos_dmp2\Flash Debug\Obj\ultrasonic.o"
#        --redirect _Printf=_PrintfLarge --redirect _Scanf=_ScanfSmall -o
#        "C:\Users\klasl\Desktop\freertos_dmp2\Flash Debug\Exe\RTOSDemo.out"
#        --map "C:\Users\klasl\Desktop\freertos_dmp2\Flash
#        Debug\List\RTOSDemo.map" --config "C:\Program Files (x86)\IAR
#        Systems\Embedded Workbench 7.3_2\arm\config\linker\ST\stm32f407xG.icf"
#        --semihosting --entry __iar_program_start --redirect
#        __iar_sh_stdout=__iar_sh_stdout_swo --vfe
#
###############################################################################

*******************************************************************************
*** MESSAGES
***

Warning[Lt049]: Potential floating point parameter passing conflict. The first
          module below references the second and they have been built with
          different settings.
          AAPCS, base variant: fusion_9axis.o(libmpllib.a)
          AAPCS, VFP variant: C:\Users\klasl\Desktop\freertos_dmp2\Flash
                    Debug\Obj\ml_math_func.o
Warning[Lt049]: Potential floating point parameter passing conflict. The first
          module below references the second and they have been built with
          different settings.
          AAPCS, base variant: fusion_9axis.o(libmpllib.a)
          AAPCS, VFP variant: C:\Users\klasl\Desktop\freertos_dmp2\Flash
                    Debug\Obj\results_holder.o
Warning[Lt049]: Potential floating point parameter passing conflict. The first
          module below references the second and they have been built with
          different settings.
          AAPCS, base variant: fast_no_motion.o(libmpllib.a)
          AAPCS, VFP variant: C:\Users\klasl\Desktop\freertos_dmp2\Flash
                    Debug\Obj\ml_math_func.o
Warning[Lt049]: Potential floating point parameter passing conflict. The first
          module below references the second and they have been built with
          different settings.
          AAPCS, base variant: fast_no_motion.o(libmpllib.a)
          AAPCS, VFP variant: C:\Users\klasl\Desktop\freertos_dmp2\Flash
                    Debug\Obj\results_holder.o
Warning[Lt049]: Potential floating point parameter passing conflict. The first
          module below references the second and they have been built with
          different settings.
          AAPCS, base variant: gyro_tc.o(libmpllib.a)
          AAPCS, VFP variant: C:\Users\klasl\Desktop\freertos_dmp2\Flash
                    Debug\Obj\results_holder.o
Warning[Lt049]: Potential floating point parameter passing conflict. The first
          module below references the second and they have been built with
          different settings.
          AAPCS, base variant: quaternion_supervisor.o(libmpllib.a)
          AAPCS, VFP variant: C:\Users\klasl\Desktop\freertos_dmp2\Flash
                    Debug\Obj\ml_math_func.o
Warning[Lt049]: Potential floating point parameter passing conflict. The first
          module below references the second and they have been built with
          different settings.
          AAPCS, base variant: quaternion_supervisor.o(libmpllib.a)
          AAPCS, VFP variant: C:\Users\klasl\Desktop\freertos_dmp2\Flash
                    Debug\Obj\results_holder.o


*******************************************************************************
*** RUNTIME MODEL ATTRIBUTES
***

CppFlavor                     = *
__Heap_Handler                = DLMalloc
__SystemLibrary               = DLib
__dlib_dynamic_initialization = normal


*******************************************************************************
*** PLACEMENT SUMMARY
***

"A1":  place at 0x08000000 { ro section .intvec };
"P1":  place in [from 0x08000000 to 0x080fffff] { ro };
"P2":  place in [from 0x20000000 to 0x2001ffff] { rw, block CSTACK, block HEAP };

  Section             Kind        Address     Size  Object
  -------             ----        -------     ----  ------
"A1":                                        0x188
  .intvec             ro code  0x08000000    0x188  startup_stm32f4xx.o [1]
                             - 0x08000188    0x188

"P1":                                       0xf6e9
  .text               ro code  0x08000188   0x14f0  dlmalloc.o [3]
  .text               ro code  0x08001678      0x6  abort.o [3]
  .text               ro code  0x0800167e     0x76  lz77_init_single.o [6]
  .text               ro code  0x080016f4     0x2c  xgetmemchunk.o [3]
  .text               ro code  0x08001720     0x14  exit.o [7]
  .text               ro code  0x08001734   0x1040  inv_mpu.o [1]
  .text               ro code  0x08002774    0x744  i2c.o [1]
  .text               ro code  0x08002eb8    0x104  printf2.o [1]
  .text               ro code  0x08002fbc     0x22  freertos_time.o [1]
  .text               ro code  0x08002fde     0x1a  xsnprout.o [3]
  .text               ro code  0x08002ff8     0x66  ABImemset.o [6]
  .text               ro code  0x0800305e      0xa  xsprout.o [3]
  .text               ro code  0x08003068     0x62  memcmp_unaligned.o [6]
  .rodata             const    0x080030ca      0x2  heap_2.o [1]
  .text               ro code  0x080030cc    0x188  stm32f4xx_rcc.o [1]
  .text               ro code  0x08003254     0xf4  stm32f4xx_gpio.o [1]
  .text               ro code  0x08003348    0x242  stm32f4xx_i2c.o [1]
  .rodata             const    0x0800358a      0x2  inv_mpu_dmp_motion_driver.o [1]
  .text               ro code  0x0800358c    0x13a  stm32f4xx_usart.o [1]
  .text               ro code  0x080036c8     0x3c  vsnprint.o [3]
  .text               ro code  0x08003704     0x2c  vsprintf.o [3]
  .text               ro code  0x08003730    0xbb4  tasks.o [1]
  .text               ro code  0x080042e4    0xf9a  xprintflarge.o [3]
  .text               ro code  0x08005280    0x134  heap_2.o [1]
  .text               ro code  0x080053b4     0x98  list.o [1]
  .text               ro code  0x0800544c    0x214  port.o [1]
  .text               ro code  0x08005660    0x3f0  timers.o [1]
  .text               ro code  0x08005a50     0x24  application_hooks.o [1]
  .text               ro code  0x08005a74     0x20  xmbtowc.o [3]
  .text               ro code  0x08005a94     0x16  strchr.o [6]
  .text               ro code  0x08005aac     0x36  strlen.o [6]
  .text               ro code  0x08005ae4     0x58  memchr.o [6]
  .text               ro code  0x08005b3c      0xa  xmbcurmax.o [3]
  .text               ro code  0x08005b46     0x1a  xwctomb.o [3]
  .text               ro code  0x08005b60     0x76  ABImemcpy_unaligned.o [6]
  .text               ro code  0x08005bd8    0x132  I64DivMod.o [6]
  .text               ro code  0x08005d0c    0x1a2  DblMul.o [5]
  .text               ro code  0x08005eae     0x42  xdnorm.o [5]
  .text               ro code  0x08005ef0     0x2e  DblCmpLe.o [5]
  .text               ro code  0x08005f20    0x256  DblDiv.o [5]
  .text               ro code  0x08006178     0x58  DblToI32.o [5]
  .text               ro code  0x080061d0     0x30  I32ToDbl.o [5]
  .text               ro code  0x08006200    0x180  DblSub.o [5]
  .text               ro code  0x08006380     0x6c  localeconv.o [3]
  .text               ro code  0x080063ec      0xe  div.o [3]
  CODE                ro code  0x080063fc     0xa8  portasm.o [1]
  .text               ro code  0x080064a4    0x6f6  queue.o [1]
  .text               ro code  0x08006b9c     0x14  setlocale.o [3]
  .text               ro code  0x08006bb0     0x60  xencoding_sb.o [3]
  .text               ro code  0x08006c10      0x2  I64DivZer.o [6]
  .text               ro code  0x08006c14     0xe8  DblAdd.o [5]
  .text               ro code  0x08006cfc      0x2  xtls.o [3]
  .rodata             const    0x08006d00    0xbf8  inv_mpu_dmp_motion_driver.o [1]
  .text               ro code  0x080078f8    0xa48  inv_mpu_dmp_motion_driver.o [1]
  .text               ro code  0x08008340    0xa48  quaternion_supervisor.o [4]
  .text               ro code  0x08008d88      0xe  S32ToFlt.o [5]
  .text               ro code  0x08008d96     0x12  FltMul.o [5]
  .text               ro code  0x08008da8     0x12  FltAdd.o [5]
  .text               ro code  0x08008dbc     0x2c  sqrtf.o [5]
  .text               ro code  0x08008de8     0x4e  FltToDbl.o [5]
  .text               ro code  0x08008e38     0x2e  DblCmpGe.o [5]
  .text               ro code  0x08008e66     0x12  FltDiv.o [5]
  .text               ro code  0x08008e78    0x6d2  ml_math_func.o [1]
  .text               ro code  0x0800954c     0x24  FltCmpLe.o [5]
  .text               ro code  0x08009570      0xe  FltToS32.o [5]
  .text               ro code  0x0800957e      0xc  memcpy.o [3]
  .text               ro code  0x0800958a     0x12  FltSub.o [5]
  .text               ro code  0x0800959c     0x24  FltCmpGe.o [5]
  .text               ro code  0x080095c0    0x7f4  data_builder.o [1]
  .text               ro code  0x08009db4     0x12  cosf.o [5]
  .text               ro code  0x08009dc6     0x12  sinf.o [5]
  .text               ro code  0x08009dd8    0x288  results_holder.o [1]
  .text               ro code  0x0800a060     0x14  memset.o [3]
  .text               ro code  0x0800a074     0x68  start_manager.o [1]
  .text               ro code  0x0800a0dc      0xc  iarEdom.o [6]
  .text               ro code  0x0800a0e8     0x6a  atan2f.o [5]
  .text               ro code  0x0800a154     0xa4  storage_manager.o [1]
  .text               ro code  0x0800a1f8     0x20  message_layer.o [1]
  .text               ro code  0x0800a218    0x16c  xfsin.o [5]
  .text               ro code  0x0800a384      0xc  errno.o [3]
  .text               ro code  0x0800a390     0xa4  xatanf.o [5]
  .text               ro code  0x0800a434     0xec  xfquad.o [5]
  .text               ro code  0x0800a520     0x4e  xfdint.o [5]
  .text               ro code  0x0800a570     0xe6  fmodf.o [5]
  .text               ro code  0x0800a658    0xa44  fast_no_motion.o [4]
  .text               ro code  0x0800b09c     0x62  I64ToFlt.o [5]
  .text               ro code  0x0800b100     0x76  FltToS64.o [5]
  .text               ro code  0x0800b178     0x22  S64Shr.o [6]
  .text               ro code  0x0800b19c     0x22  I64Shl.o [6]
  .text               ro code  0x0800b1be      0x8  abs.o [3]
  .text               ro code  0x0800b1c8    0x8c0  pow.o [5]
  .text               ro code  0x0800ba88     0x7a  xdint.o [5]
  .text               ro code  0x0800bb04     0x20  DblCmpEq.o [5]
  .text               ro code  0x0800bb24     0xb0  xlog.o [5]
  .text               ro code  0x0800bbd4    0x2c6  xexp.o [5]
  .text               ro code  0x0800be9a     0x40  xdtest.o [5]
  .text               ro code  0x0800bedc    0x114  xdscale.o [5]
  .text               ro code  0x0800bff0    0x69c  fusion_9axis.o [4]
  .text               ro code  0x0800c68c      0xc  memmove.o [6]
  .text               ro code  0x0800c698     0x1c  FltCmpEq.o [5]
  .text               ro code  0x0800c6b4     0x90  DblToFlt.o [5]
  .text               ro code  0x0800c744      0xc  mag_disturb.o [4]
  .text               ro code  0x0800c750     0x78  ABImemmove_unaligned.o [6]
  .text               ro code  0x0800c7c8    0x508  stm32f4xx_tim.o [1]
  .text               ro code  0x0800ccd0    0x474  stm32f4xx_it.o [1]
  .text               ro code  0x0800d144    0x36c  imu.o [1]
  .text               ro code  0x0800d4b0     0xa0  stm32f4xx_exti.o [1]
  .text               ro code  0x0800d550    0x440  eMPL_outputs.o [1]
  .text               ro code  0x0800d990     0x90  mpl.o [1]
  .text               ro code  0x0800da20    0x474  gyro_tc.o [4]
  .text               ro code  0x0800de94      0x6  ABImemclr4.o [6]
  .text               ro code  0x0800de9c     0x32  ABImemset48.o [6]
  CODE                ro code  0x0800ded0    0x3d4  RegTest.o [1]
  .text               ro code  0x0800e2a4    0x3d0  pwm.o [1]
  .text               ro code  0x0800e674     0x80  misc.o [1]
  .text               ro code  0x0800e6f4    0x37c  main.o [1]
  .text               ro code  0x0800ea70    0x11c  esc.o [1]
  .text               ro code  0x0800eb8c    0x1dc  joystick.o [1]
  .text               ro code  0x0800ed68     0xc4  pid.o [1]
  .text               ro code  0x0800ee2c     0xac  hardware.o [1]
  .text               ro code  0x0800eed8    0x1fc  system_stm32f4xx.o [1]
  .text               ro code  0x0800f0d4      0xc  stm32f4xx_pwr.o [1]
  .text               ro code  0x0800f0e0     0x80  gpio.o [1]
  .text               ro code  0x0800f160     0x98  i2c_1.o [1]
  .text               ro code  0x0800f1f8     0x54  stm32f4xx_syscfg.o [1]
  .rodata             const    0x0800f24c     0x44  mpl.o [1]
  .text               ro code  0x0800f290     0x40  zero_init3.o [6]
  .rodata             const    0x0800f2d0     0x28  inv_mpu.o [1]
  .text               ro code  0x0800f2f8     0x28  data_init.o [6]
  .text               ro code  0x0800f320     0x22  fpinit_M.o [5]
  .iar.init_table     const    0x0800f344     0x20  - Linker created -
  .rodata             const    0x0800f364     0x20  imu.o [1]
  .rodata             const    0x0800f384     0x20  inv_mpu.o [1]
  .rodata             const    0x0800f3a4     0x1c  imu.o [1]
  .rodata             const    0x0800f3c0     0x1c  imu.o [1]
  .text               ro code  0x0800f3dc     0x1a  cmain.o [6]
  .text               ro code  0x0800f3f6      0x4  low_level_init.o [3]
  .text               ro code  0x0800f3fa      0x4  exit.o [3]
  .text               ro code  0x0800f400      0xa  cexit.o [6]
  .rodata             const    0x0800f40c     0x18  main.o [1]
  .rodata             const    0x0800f424     0x18  main.o [1]
  .rodata             const    0x0800f43c     0x18  main.o [1]
  .rodata             const    0x0800f454     0x18  main.o [1]
  .rodata             const    0x0800f46c     0x14  imu.o [1]
  .rodata             const    0x0800f480     0x14  imu.o [1]
  .rodata             const    0x0800f494     0x14  imu.o [1]
  .rodata             const    0x0800f4a8     0x14  main.o [1]
  .rodata             const    0x0800f4bc     0x10  hardware.o [1]
  .rodata             const    0x0800f4cc     0x10  imu.o [1]
  .rodata             const    0x0800f4dc     0x10  main.o [1]
  .rodata             const    0x0800f4ec     0x10  main.o [1]
  .rodata             const    0x0800f4fc     0x10  mpl.o [1]
  .rodata             const    0x0800f50c     0x10  mpl.o [1]
  .rodata             const    0x0800f51c     0x10  pwm.o [1]
  .rodata             const    0x0800f52c     0x10  pwm.o [1]
  .text               ro code  0x0800f53c     0x10  startup_stm32f4xx.o [1]
  .rodata             const    0x0800f54c      0xc  esc.o [1]
  .rodata             const    0x0800f558      0xc  imu.o [1]
  .rodata             const    0x0800f564      0xc  imu.o [1]
  .rodata             const    0x0800f570      0xc  inv_mpu.o [1]
  .rodata             const    0x0800f57c      0xc  inv_mpu_dmp_motion_driver.o [1]
  .rodata             const    0x0800f588      0xc  inv_mpu_dmp_motion_driver.o [1]
  .rodata             const    0x0800f594      0xc  inv_mpu_dmp_motion_driver.o [1]
  .rodata             const    0x0800f5a0      0xc  main.o [1]
  .rodata             const    0x0800f5ac      0xc  main.o [1]
  .rodata             const    0x0800f5b8      0xc  main.o [1]
  .rodata             const    0x0800f5c4      0xc  main.o [1]
  .rodata             const    0x0800f5d0      0xc  main.o [1]
  .rodata             const    0x0800f5dc      0xc  main.o [1]
  .text               ro code  0x0800f5e8      0xc  cstartup_M.o [6]
  .rodata             const    0x0800f5f4      0x8  tasks.o [1]
  .rodata             const    0x0800f5fc      0x8  timers.o [1]
  .rodata             const    0x0800f604      0x8  timers.o [1]
  .rodata             const    0x0800f60c      0x4  inv_mpu_dmp_motion_driver.o [1]
  .rodata             const    0x0800f610      0x4  inv_mpu_dmp_motion_driver.o [1]
  .rodata             const    0x0800f614      0x4  inv_mpu_dmp_motion_driver.o [1]
  .rodata             const    0x0800f618      0x4  inv_mpu_dmp_motion_driver.o [1]
  .rodata             const    0x0800f61c      0x4  port.o [1]
  .text               ro code  0x0800f620      0x4  startup_stm32f4xx.o [1]
  .text               ro code  0x0800f624      0x4  startup_stm32f4xx.o [1]
  .text               ro code  0x0800f628      0x4  startup_stm32f4xx.o [1]
  .text               ro code  0x0800f62c      0x4  startup_stm32f4xx.o [1]
  .text               ro code  0x0800f630      0x4  startup_stm32f4xx.o [1]
  .text               ro code  0x0800f634      0x4  startup_stm32f4xx.o [1]
  .text               ro code  0x0800f638      0x4  startup_stm32f4xx.o [1]
  .text               ro code  0x0800f63c      0x4  startup_stm32f4xx.o [1]
  .text               ro code  0x0800f640      0x4  startup_stm32f4xx.o [1]
  .text               ro code  0x0800f644      0x4  startup_stm32f4xx.o [1]
  .text               ro code  0x0800f648      0x4  startup_stm32f4xx.o [1]
  .text               ro code  0x0800f64c      0x4  startup_stm32f4xx.o [1]
  .text               ro code  0x0800f650      0x4  startup_stm32f4xx.o [1]
  .text               ro code  0x0800f654      0x4  startup_stm32f4xx.o [1]
  .text               ro code  0x0800f658      0x4  startup_stm32f4xx.o [1]
  .text               ro code  0x0800f65c      0x4  startup_stm32f4xx.o [1]
  .text               ro code  0x0800f660      0x4  startup_stm32f4xx.o [1]
  .text               ro code  0x0800f664      0x4  startup_stm32f4xx.o [1]
  .text               ro code  0x0800f668      0x4  startup_stm32f4xx.o [1]
  .text               ro code  0x0800f66c      0x4  startup_stm32f4xx.o [1]
  .text               ro code  0x0800f670      0x4  startup_stm32f4xx.o [1]
  .text               ro code  0x0800f674      0x4  startup_stm32f4xx.o [1]
  .text               ro code  0x0800f678      0x4  startup_stm32f4xx.o [1]
  .text               ro code  0x0800f67c      0x4  startup_stm32f4xx.o [1]
  .text               ro code  0x0800f680      0x4  startup_stm32f4xx.o [1]
  .text               ro code  0x0800f684      0x4  startup_stm32f4xx.o [1]
  .text               ro code  0x0800f688      0x4  startup_stm32f4xx.o [1]
  .text               ro code  0x0800f68c      0x4  startup_stm32f4xx.o [1]
  .text               ro code  0x0800f690      0x4  startup_stm32f4xx.o [1]
  .text               ro code  0x0800f694      0x4  startup_stm32f4xx.o [1]
  .text               ro code  0x0800f698      0x4  startup_stm32f4xx.o [1]
  .text               ro code  0x0800f69c      0x4  startup_stm32f4xx.o [1]
  .text               ro code  0x0800f6a0      0x4  startup_stm32f4xx.o [1]
  .text               ro code  0x0800f6a4      0x4  startup_stm32f4xx.o [1]
  .text               ro code  0x0800f6a8      0x4  startup_stm32f4xx.o [1]
  .text               ro code  0x0800f6ac      0x4  startup_stm32f4xx.o [1]
  .text               ro code  0x0800f6b0      0x4  startup_stm32f4xx.o [1]
  .text               ro code  0x0800f6b4      0x4  startup_stm32f4xx.o [1]
  .text               ro code  0x0800f6b8      0x4  startup_stm32f4xx.o [1]
  .text               ro code  0x0800f6bc      0x4  startup_stm32f4xx.o [1]
  .text               ro code  0x0800f6c0      0x4  startup_stm32f4xx.o [1]
  .text               ro code  0x0800f6c4      0x4  startup_stm32f4xx.o [1]
  .text               ro code  0x0800f6c8      0x4  startup_stm32f4xx.o [1]
  .text               ro code  0x0800f6cc      0x4  startup_stm32f4xx.o [1]
  .text               ro code  0x0800f6d0      0x4  startup_stm32f4xx.o [1]
  .text               ro code  0x0800f6d4      0x4  startup_stm32f4xx.o [1]
  .text               ro code  0x0800f6d8      0x4  startup_stm32f4xx.o [1]
  .text               ro code  0x0800f6dc      0x4  startup_stm32f4xx.o [1]
  .text               ro code  0x0800f6e0      0x4  startup_stm32f4xx.o [1]
  .text               ro code  0x0800f6e4      0x4  startup_stm32f4xx.o [1]
  .text               ro code  0x0800f6e8      0x4  startup_stm32f4xx.o [1]
  .text               ro code  0x0800f6ec      0x4  startup_stm32f4xx.o [1]
  .text               ro code  0x0800f6f0      0x4  startup_stm32f4xx.o [1]
  .text               ro code  0x0800f6f4      0x4  startup_stm32f4xx.o [1]
  .text               ro code  0x0800f6f8      0x4  startup_stm32f4xx.o [1]
  .text               ro code  0x0800f6fc      0x4  startup_stm32f4xx.o [1]
  .text               ro code  0x0800f700      0x4  startup_stm32f4xx.o [1]
  .text               ro code  0x0800f704      0x4  startup_stm32f4xx.o [1]
  .text               ro code  0x0800f708      0x4  startup_stm32f4xx.o [1]
  .text               ro code  0x0800f70c      0x4  startup_stm32f4xx.o [1]
  .text               ro code  0x0800f710      0x4  startup_stm32f4xx.o [1]
  .text               ro code  0x0800f714      0x4  startup_stm32f4xx.o [1]
  .text               ro code  0x0800f718      0x4  startup_stm32f4xx.o [1]
  .text               ro code  0x0800f71c      0x4  startup_stm32f4xx.o [1]
  .text               ro code  0x0800f720      0x4  startup_stm32f4xx.o [1]
  .text               ro code  0x0800f724      0x4  startup_stm32f4xx.o [1]
  .text               ro code  0x0800f728      0x4  startup_stm32f4xx.o [1]
  .text               ro code  0x0800f72c      0x4  startup_stm32f4xx.o [1]
  .text               ro code  0x0800f730      0x4  startup_stm32f4xx.o [1]
  .text               ro code  0x0800f734      0x4  startup_stm32f4xx.o [1]
  .text               ro code  0x0800f738      0x4  startup_stm32f4xx.o [1]
  .text               ro code  0x0800f73c      0x4  startup_stm32f4xx.o [1]
  .text               ro code  0x0800f740      0x4  startup_stm32f4xx.o [1]
  .text               ro code  0x0800f744      0x4  startup_stm32f4xx.o [1]
  .text               ro code  0x0800f748      0x4  startup_stm32f4xx.o [1]
  .text               ro code  0x0800f74c      0x4  startup_stm32f4xx.o [1]
  .text               ro code  0x0800f750      0x4  startup_stm32f4xx.o [1]
  .text               ro code  0x0800f754      0x4  startup_stm32f4xx.o [1]
  .text               ro code  0x0800f758      0x4  startup_stm32f4xx.o [1]
  .text               ro code  0x0800f75c      0x4  startup_stm32f4xx.o [1]
  .text               ro code  0x0800f760      0x4  startup_stm32f4xx.o [1]
  .text               ro code  0x0800f764      0x4  startup_stm32f4xx.o [1]
  .text               ro code  0x0800f768      0x4  startup_stm32f4xx.o [1]
  .text               ro code  0x0800f76c      0x4  startup_stm32f4xx.o [1]
  .text               ro code  0x0800f770      0x4  startup_stm32f4xx.o [1]
  .text               ro code  0x0800f774      0x4  startup_stm32f4xx.o [1]
  .text               ro code  0x0800f778      0x4  startup_stm32f4xx.o [1]
  .text               ro code  0x0800f77c      0x4  startup_stm32f4xx.o [1]
  .text               ro code  0x0800f780      0x4  startup_stm32f4xx.o [1]
  .text               ro code  0x0800f784      0x4  startup_stm32f4xx.o [1]
  .text               ro code  0x0800f788      0x4  startup_stm32f4xx.o [1]
  .rodata             const    0x0800f78c      0x0  zero_init3.o [6]
  .rodata             const    0x0800f78c      0x0  lz77_init_single.o [6]
  Initializer bytes   const    0x0800f78c     0xe5  <for P2-1>
                             - 0x0800f871   0xf6e9

"P2", part 1 of 3:                           0x326
  P2-1                         0x20000000    0x326  <Init block>
    .data             inited   0x20000000      0x4  heap_2.o [1]
    .data             inited   0x20000004      0x4  imu.o [1]
    .data             inited   0x20000008      0xc  imu.o [1]
    .data             inited   0x20000014     0x2c  inv_mpu.o [1]
    .data             inited   0x20000040     0x18  main.o [1]
    .data             inited   0x20000058     0x18  main.o [1]
    .data             inited   0x20000070     0x18  main.o [1]
    .data             inited   0x20000088     0x18  main.o [1]
    .data             inited   0x200000a0     0x24  main.o [1]
    .data             inited   0x200000c4     0x24  main.o [1]
    .data             inited   0x200000e8     0x24  main.o [1]
    .data             inited   0x2000010c     0x30  main.o [1]
    .data             inited   0x2000013c     0x30  main.o [1]
    .data             inited   0x2000016c     0x30  main.o [1]
    .data             inited   0x2000019c     0x30  main.o [1]
    .data             inited   0x200001cc     0x30  main.o [1]
    .data             inited   0x200001fc      0x4  port.o [1]
    .data             inited   0x20000200     0x10  stm32f4xx_rcc.o [1]
    .data             inited   0x20000210      0x4  system_stm32f4xx.o [1]
    .data             inited   0x20000214     0x10  system_stm32f4xx.o [1]
    __DLIB_PERTHREAD  inited   0x20000224      0x4  errno.o [3]
    __DLIB_PERTHREAD  inited   0x20000228     0x88  localeconv.o [3]
    __DLIB_PERTHREAD  inited   0x200002b0     0x74  setlocale.o [3]
    .data             inited   0x20000324      0x2  i2c.o [1]
                             - 0x20000326    0x326

"P2", part 2 of 3:                          0x4000
  CSTACK                       0x20000328   0x2000  <Block>
    CSTACK            uninit   0x20000328   0x2000  <Block tail>
  HEAP                         0x20002328   0x2000  <Block>
    HEAP              uninit   0x20002328   0x2000  <Block tail>
                             - 0x20004328   0x4000

"P2", part 3 of 3:                         0x13ccc
  .bss                zero     0x20004328  0x12c00  heap_2.o [1]
  .bss                zero     0x20016f28    0x260  fast_no_motion.o [4]
  .bss                zero     0x20017188    0x1d8  dlmalloc.o [3]
  .bss                zero     0x20017360    0x1c4  gyro_tc.o [4]
  .bss                zero     0x20017524    0x198  data_builder.o [1]
  .bss                zero     0x200176bc    0x198  storage_manager.o [1]
  .bss                zero     0x20017854    0x140  data_builder.o [1]
  .bss                zero     0x20017994    0x138  fusion_9axis.o [4]
  .bss                zero     0x20017acc     0xb8  mag_disturb.o [4]
  .bss                zero     0x20017b84     0x88  results_holder.o [1]
  .bss                zero     0x20017c0c     0x6c  quaternion_supervisor.o [4]
  .bss                zero     0x20017c78     0x64  tasks.o [1]
  .bss                zero     0x20017cdc     0x54  start_manager.o [1]
  .bss                zero     0x20017d30     0x40  queue.o [1]
  .bss                zero     0x20017d70     0x40  fast_no_motion.o [4]
  .bss                zero     0x20017db0     0x2c  imu.o [1]
  .bss                zero     0x20017ddc     0x2c  main.o [1]
  .bss                zero     0x20017e08     0x28  eMPL_outputs.o [1]
  .bss                zero     0x20017e30     0x24  imu.o [1]
  .bss                zero     0x20017e54     0x18  dlmalloc.o [3]
  .bss                zero     0x20017e6c     0x14  tasks.o [1]
  .bss                zero     0x20017e80     0x14  tasks.o [1]
  .bss                zero     0x20017e94     0x14  tasks.o [1]
  .bss                zero     0x20017ea8     0x14  tasks.o [1]
  .bss                zero     0x20017ebc     0x14  tasks.o [1]
  .bss                zero     0x20017ed0     0x14  timers.o [1]
  .bss                zero     0x20017ee4     0x14  timers.o [1]
  .bss                zero     0x20017ef8     0x10  inv_mpu_dmp_motion_driver.o [1]
  .bss                zero     0x20017f08     0x10  pwm.o [1]
  .bss                zero     0x20017f18      0x8  heap_2.o [1]
  .bss                zero     0x20017f20      0x8  heap_2.o [1]
  .bss                zero     0x20017f28      0x4  heap_2.o [1]
  .bss                zero     0x20017f2c      0x4  imu.o [1]
  .bss                zero     0x20017f30      0x4  imu.o [1]
  .bss                zero     0x20017f34      0x4  imu.o [1]
  .bss                zero     0x20017f38      0x4  imu.o [1]
  .bss                zero     0x20017f3c      0x4  main.o [1]
  .bss                zero     0x20017f40      0x4  main.o [1]
  .bss                zero     0x20017f44      0x4  main.o [1]
  .bss                zero     0x20017f48      0x4  message_layer.o [1]
  .bss                zero     0x20017f4c      0x4  port.o [1]
  .bss                zero     0x20017f50      0x4  reg_test.o [1]
  .bss                zero     0x20017f54      0x4  reg_test.o [1]
  .bss                zero     0x20017f58      0x4  stm32f4xx_it.o [1]
  .bss                zero     0x20017f5c      0x4  stm32f4xx_it.o [1]
  .bss                zero     0x20017f60      0x4  stm32f4xx_it.o [1]
  .bss                zero     0x20017f64      0x4  stm32f4xx_it.o [1]
  .bss                zero     0x20017f68      0x4  stm32f4xx_it.o [1]
  .bss                zero     0x20017f6c      0x4  stm32f4xx_it.o [1]
  .bss                zero     0x20017f70      0x4  stm32f4xx_it.o [1]
  .bss                zero     0x20017f74      0x4  stm32f4xx_it.o [1]
  .bss                zero     0x20017f78      0x4  stm32f4xx_it.o [1]
  .bss                zero     0x20017f7c      0x4  stm32f4xx_it.o [1]
  .bss                zero     0x20017f80      0x4  stm32f4xx_it.o [1]
  .bss                zero     0x20017f84      0x4  stm32f4xx_it.o [1]
  .bss                zero     0x20017f88      0x4  stm32f4xx_it.o [1]
  .bss                zero     0x20017f8c      0x4  stm32f4xx_it.o [1]
  .bss                zero     0x20017f90      0x4  stm32f4xx_it.o [1]
  .bss                zero     0x20017f94      0x4  stm32f4xx_it.o [1]
  .bss                zero     0x20017f98      0x4  tasks.o [1]
  .bss                zero     0x20017f9c      0x4  tasks.o [1]
  .bss                zero     0x20017fa0      0x4  tasks.o [1]
  .bss                zero     0x20017fa4      0x4  tasks.o [1]
  .bss                zero     0x20017fa8      0x4  tasks.o [1]
  .bss                zero     0x20017fac      0x4  tasks.o [1]
  .bss                zero     0x20017fb0      0x4  tasks.o [1]
  .bss                zero     0x20017fb4      0x4  tasks.o [1]
  .bss                zero     0x20017fb8      0x4  tasks.o [1]
  .bss                zero     0x20017fbc      0x4  tasks.o [1]
  .bss                zero     0x20017fc0      0x4  tasks.o [1]
  .bss                zero     0x20017fc4      0x4  tasks.o [1]
  .bss                zero     0x20017fc8      0x4  tasks.o [1]
  .bss                zero     0x20017fcc      0x4  tasks.o [1]
  .bss                zero     0x20017fd0      0x4  tasks.o [1]
  .bss                zero     0x20017fd4      0x4  timers.o [1]
  .bss                zero     0x20017fd8      0x4  timers.o [1]
  .bss                zero     0x20017fdc      0x4  timers.o [1]
  .bss                zero     0x20017fe0      0x4  timers.o [1]
  .bss                zero     0x20017fe4      0x4  timers.o [1]
  .bss                zero     0x20017fe8      0x4  xgetmemchunk.o [3]
  .bss                zero     0x20017fec      0x2  stm32f4xx_it.o [1]
  .bss                zero     0x20017fee      0x2  stm32f4xx_it.o [1]
  .bss                zero     0x20017ff0      0x1  port.o [1]
                             - 0x20017ff1  0x13cc9


*******************************************************************************
*** INIT TABLE
***

          Address     Size
          -------     ----
Zero (__iar_zero_init3)
    1 destination range, total size 0x13cc9:
          0x20004328  0x13cc9

Copy/lz77 (__iar_lz77_init_single3)
    1 source range, total size 0xe5 (28% of destination):
          0x0800f78c     0xe5
    1 destination range, total size 0x326:
          0x20000000    0x326



*******************************************************************************
*** MODULE SUMMARY
***

    Module                       ro code  ro data  rw data
    ------                       -------  -------  -------
C:\Users\klasl\Desktop\freertos_dmp2\Flash Debug\Obj: [1]
    RegTest.o                        980
    application_hooks.o               36
    data_builder.o                 2 036               728
    eMPL_outputs.o                 1 088                40
    esc.o                            284       12
    freertos_time.o                   34
    gpio.o                           128
    hardware.o                       172       16
    heap_2.o                         308        3   76 824
    i2c.o                          1 860        1        2
    i2c_1.o                          152
    imu.o                            876      192      112
    inv_mpu.o                      4 160       97       44
    inv_mpu_dmp_motion_driver.o    2 632    3 118       16
    joystick.o                       476
    list.o                           152
    main.o                           892      346      500
    message_layer.o                   32                 4
    misc.o                           128
    ml_math_func.o                 1 746
    mpl.o                            144      100
    pid.o                            196
    port.o                           532        5        9
    portasm.o                        168
    printf2.o                        260
    pwm.o                            976       32       16
    queue.o                        1 782                64
    reg_test.o                                           8
    results_holder.o                 648               136
    start_manager.o                  104                84
    startup_stm32f4xx.o              772
    stm32f4xx_exti.o                 160
    stm32f4xx_gpio.o                 244
    stm32f4xx_i2c.o                  578
    stm32f4xx_it.o                 1 140                68
    stm32f4xx_pwr.o                   12
    stm32f4xx_rcc.o                  392        5       16
    stm32f4xx_syscfg.o                84
    stm32f4xx_tim.o                1 288
    stm32f4xx_usart.o                314
    storage_manager.o                164               408
    system_stm32f4xx.o               508        5       20
    tasks.o                        2 996        8      260
    timers.o                       1 008       16       60
    ------------------------------------------------------
    Total:                        32 642    3 956   79 419

command line: [2]
    ------------------------------------------------------
    Total:

dl7M_tlf.a: [3]
    abort.o                            6
    abs.o                              8
    div.o                             14
    dlmalloc.o                     5 360               496
    errno.o                           12        1        4
    exit.o                             4
    localeconv.o                     108       39      136
    low_level_init.o                   4
    memcpy.o                          12
    memset.o                          20
    setlocale.o                       20       33      116
    vsnprint.o                        60
    vsprintf.o                        44
    xencoding_sb.o                    96
    xgetmemchunk.o                    44                 4
    xmbcurmax.o                       10
    xmbtowc.o                         32
    xprintflarge.o                 3 994
    xsnprout.o                        26
    xsprout.o                         10
    xtls.o                             2
    xwctomb.o                         26
    ------------------------------------------------------
    Total:                         9 912       73      756

libmpllib.a: [4]
    fast_no_motion.o               2 628               672
    fusion_9axis.o                 1 692               312
    gyro_tc.o                      1 140               452
    mag_disturb.o                     12               184
    quaternion_supervisor.o        2 632               108
    ------------------------------------------------------
    Total:                         8 104             1 728

m7M_tls.a: [5]
    DblAdd.o                         232
    DblCmpEq.o                        32
    DblCmpGe.o                        46
    DblCmpLe.o                        46
    DblDiv.o                         598
    DblMul.o                         418
    DblSub.o                         384
    DblToFlt.o                       144
    DblToI32.o                        88
    FltAdd.o                          18
    FltCmpEq.o                        28
    FltCmpGe.o                        36
    FltCmpLe.o                        36
    FltDiv.o                          18
    FltMul.o                          18
    FltSub.o                          18
    FltToDbl.o                        78
    FltToS32.o                        14
    FltToS64.o                       118
    I32ToDbl.o                        48
    I64ToFlt.o                        98
    S32ToFlt.o                        14
    atan2f.o                         106
    cosf.o                            18
    fmodf.o                          230
    fpinit_M.o                        34
    pow.o                          2 240
    sinf.o                            18
    sqrtf.o                           44
    xatanf.o                         164
    xdint.o                          122
    xdnorm.o                          66
    xdscale.o                        276
    xdtest.o                          64
    xexp.o                           710
    xfdint.o                          78
    xfquad.o                         236
    xfsin.o                          364
    xlog.o                           176
    ------------------------------------------------------
    Total:                         7 476

rt7M_tl.a: [6]
    ABImemclr4.o                       6
    ABImemcpy_unaligned.o            118
    ABImemmove_unaligned.o           120
    ABImemset.o                      102
    ABImemset48.o                     50
    I64DivMod.o                      306
    I64DivZer.o                        2
    I64Shl.o                          34
    S64Shr.o                          34
    cexit.o                           10
    cmain.o                           26
    cstartup_M.o                      12
    data_init.o                       40
    iarEdom.o                         12
    lz77_init_single.o               118
    memchr.o                          88
    memcmp_unaligned.o                98
    memmove.o                         12
    strchr.o                          22
    strlen.o                          54
    zero_init3.o                      64
    ------------------------------------------------------
    Total:                         1 328

shb_l.a: [7]
    exit.o                            20
    ------------------------------------------------------
    Total:                            20

    Gaps                              52        6
    Linker created                             32   16 384
----------------------------------------------------------
    Grand Total:                  59 534    4 067   98 287


*******************************************************************************
*** ENTRY LIST
***

Entry                      Address     Size  Type      Object
-----                      -------     ----  ----      ------
.iar.init_table$$Base   0x0800f344            --   Gb  - Linker created -
.iar.init_table$$Limit  0x0800f364            --   Gb  - Linker created -
?main                   0x0800f3dd           Code  Gb  cmain.o [6]
AHBPrescTable           0x20000214     0x10  Data  Gb  system_stm32f4xx.o [1]
APBAHBPrescTable        0x20000200     0x10  Data  Lc  stm32f4xx_rcc.o [1]
BusFault_Handler        0x0800cd7f      0x2  Code  Gb  stm32f4xx_it.o [1]
CSTACK$$Base            0x20000328            --   Gb  - Linker created -
CSTACK$$Limit           0x20002328            --   Gb  - Linker created -
DebugMon_Handler        0x0800cd83      0x2  Code  Gb  stm32f4xx_it.o [1]
DutyCycle               0x20017fee      0x2  Data  Gb  stm32f4xx_it.o [1]
EXTI4_IRQHandler        0x0800cdef      0xe  Code  Gb  stm32f4xx_it.o [1]
EXTI_ClearITPendingBit  0x0800d537      0x6  Code  Gb  stm32f4xx_exti.o [1]
EXTI_Init               0x0800d4b1     0x86  Code  Gb  stm32f4xx_exti.o [1]
Frequency               0x20017f58      0x4  Data  Gb  stm32f4xx_it.o [1]
GPIO_Init               0x08003255     0xa4  Code  Gb  stm32f4xx_gpio.o [1]
GPIO_PinAFConfig        0x080032f9     0x50  Code  Gb  stm32f4xx_gpio.o [1]
Get_I2C_Retry           0x08002e87      0x6  Code  Gb  i2c.o [1]
HEAP$$Base              0x20002328            --   Gb  - Linker created -
HEAP$$Limit             0x20004328            --   Gb  - Linker created -
HardFault_Handler       0x0800cd7b      0x2  Code  Gb  stm32f4xx_it.o [1]
I2C_AcknowledgeConfig   0x080034e3     0x1c  Code  Gb  stm32f4xx_i2c.o [1]
I2C_ClearFlag           0x0800357f      0xc  Code  Gb  stm32f4xx_i2c.o [1]
I2C_Cmd                 0x08003479     0x1c  Code  Gb  stm32f4xx_i2c.o [1]
I2C_DeInit              0x08003349     0x56  Code  Gb  stm32f4xx_i2c.o [1]
I2C_GenerateSTART       0x08003495     0x1c  Code  Gb  stm32f4xx_i2c.o [1]
I2C_GenerateSTOP        0x080034b1     0x1c  Code  Gb  stm32f4xx_i2c.o [1]
I2C_GetFlagStatus       0x0800353d     0x42  Code  Gb  stm32f4xx_i2c.o [1]
I2C_Init                0x0800339f     0xc0  Code  Gb  stm32f4xx_i2c.o [1]
I2C_ReadRegister        0x08003525     0x18  Code  Gb  stm32f4xx_i2c.o [1]
I2C_ReceiveData         0x0800351f      0x6  Code  Gb  stm32f4xx_i2c.o [1]
I2C_Send7bitAddress     0x080034cd     0x16  Code  Gb  stm32f4xx_i2c.o [1]
I2C_SendData            0x08003519      0x6  Code  Gb  stm32f4xx_i2c.o [1]
I2C_SoftwareResetCmd    0x080034ff     0x1a  Code  Gb  stm32f4xx_i2c.o [1]
I2Cx_TIMEOUT_UserCallback
                        0x08002825     0x6e  Code  Lc  i2c.o [1]
IC2Value                0x20017fec      0x2  Data  Gb  stm32f4xx_it.o [1]
LoadInt                 0x08004927     0x6e  Code  Lc  xprintflarge.o [3]
MemManage_Handler       0x0800cd7d      0x2  Code  Gb  stm32f4xx_it.o [1]
NMI_Handler             0x0800cd79      0x2  Code  Gb  stm32f4xx_it.o [1]
NVIC_Init               0x0800e67f     0x60  Code  Gb  misc.o [1]
NVIC_PriorityGroupConfig
                        0x0800e675      0xa  Code  Gb  misc.o [1]
PWR_BackupAccessCmd     0x0800f0d5      0x8  Code  Gb  stm32f4xx_pwr.o [1]
PendSV_Handler          0x080063fd           Code  Gb  portasm.o [1]
RCC_AHB1PeriphClockCmd  0x080031ad     0x20  Code  Gb  stm32f4xx_rcc.o [1]
RCC_APB1PeriphClockCmd  0x080031cd     0x20  Code  Gb  stm32f4xx_rcc.o [1]
RCC_APB1PeriphResetCmd  0x0800320d     0x20  Code  Gb  stm32f4xx_rcc.o [1]
RCC_APB2PeriphClockCmd  0x080031ed     0x20  Code  Gb  stm32f4xx_rcc.o [1]
RCC_BackupResetCmd      0x080031a5      0x8  Code  Gb  stm32f4xx_rcc.o [1]
RCC_Clocks              0x20017f08     0x10  Data  Gb  pwm.o [1]
RCC_GetClocksFreq       0x080030cd     0xd8  Code  Gb  stm32f4xx_rcc.o [1]
RETRY_IN_MLSEC          0x20000324      0x2  Data  Lc  i2c.o [1]
Region$$Table$$Base     0x0800f344            --   Gb  - Linker created -
Region$$Table$$Limit    0x0800f364            --   Gb  - Linker created -
ST_Sensors_I2C_ReadRegister
                        0x08002ab1    0x3d6  Code  Gb  i2c.o [1]
ST_Sensors_I2C_WriteRegister
                        0x08002943    0x16e  Code  Gb  i2c.o [1]
SVC_Handler             0x08006455           Code  Gb  portasm.o [1]
SYSCFG_EXTILineConfig   0x0800f1f9     0x4e  Code  Gb  stm32f4xx_syscfg.o [1]
Sensors_I2C_ReadRegister
                        0x080028eb     0x58  Code  Gb  i2c.o [1]
Sensors_I2C_WriteRegister
                        0x08002893     0x58  Code  Gb  i2c.o [1]
SetSysClock             0x0800efc5     0xce  Code  Lc  system_stm32f4xx.o [1]
SysTick_Handler         0x080055a3     0x28  Code  Gb  port.o [1]
SystemCoreClock         0x20000210      0x4  Data  Gb  system_stm32f4xx.o [1]
SystemCoreClockUpdate   0x0800ef2b     0x9a  Code  Gb  system_stm32f4xx.o [1]
SystemInit              0x0800eed9     0x52  Code  Gb  system_stm32f4xx.o [1]
TI1_Config              0x0800cbf1     0x34  Code  Lc  stm32f4xx_tim.o [1]
TI2_Config              0x0800cc25     0x3a  Code  Lc  stm32f4xx_tim.o [1]
TI3_Config              0x0800cc5f     0x38  Code  Lc  stm32f4xx_tim.o [1]
TI4_Config              0x0800cc97     0x3a  Code  Lc  stm32f4xx_tim.o [1]
TIM1_BRK_TIM9_IRQHandler
                        0x0800d051     0x8e  Code  Gb  stm32f4xx_it.o [1]
TIM2_IRQHandler         0x0800ce01     0x96  Code  Gb  stm32f4xx_it.o [1]
TIM3_IRQHandler         0x0800ce99     0x8e  Code  Gb  stm32f4xx_it.o [1]
TIM4_IRQHandler         0x0800cd85     0x6a  Code  Gb  stm32f4xx_it.o [1]
TIM5_IRQHandler         0x0800cf29     0x8e  Code  Gb  stm32f4xx_it.o [1]
TIM8_BRK_TIM12_IRQHandler
                        0x0800cfbd     0x8e  Code  Gb  stm32f4xx_it.o [1]
TIM_ARRPreloadConfig    0x0800c831     0x1c  Code  Gb  stm32f4xx_tim.o [1]
TIM_ClearITPendingBit   0x0800cbb5      0x8  Code  Gb  stm32f4xx_tim.o [1]
TIM_Cmd                 0x0800c84d     0x1c  Code  Gb  stm32f4xx_tim.o [1]
TIM_GetCapture1         0x0800cb21      0x4  Code  Gb  stm32f4xx_tim.o [1]
TIM_GetCapture2         0x0800cb25      0x4  Code  Gb  stm32f4xx_tim.o [1]
TIM_GetITStatus         0x0800cb8d     0x28  Code  Gb  stm32f4xx_tim.o [1]
TIM_ICInit              0x0800cab1     0x70  Code  Gb  stm32f4xx_tim.o [1]
TIM_ITConfig            0x0800cb75     0x18  Code  Gb  stm32f4xx_tim.o [1]
TIM_OC1Init             0x0800c869     0x78  Code  Gb  stm32f4xx_tim.o [1]
TIM_OC1PreloadConfig    0x0800ca6d     0x10  Code  Gb  stm32f4xx_tim.o [1]
TIM_OC2Init             0x0800c8e1     0x86  Code  Gb  stm32f4xx_tim.o [1]
TIM_OC2PreloadConfig    0x0800ca7d     0x12  Code  Gb  stm32f4xx_tim.o [1]
TIM_OC3Init             0x0800c967     0x84  Code  Gb  stm32f4xx_tim.o [1]
TIM_OC3PreloadConfig    0x0800ca8f     0x10  Code  Gb  stm32f4xx_tim.o [1]
TIM_OC4Init             0x0800c9eb     0x62  Code  Gb  stm32f4xx_tim.o [1]
TIM_OC4PreloadConfig    0x0800ca9f     0x12  Code  Gb  stm32f4xx_tim.o [1]
TIM_SelectInputTrigger  0x0800cbbd     0x10  Code  Gb  stm32f4xx_tim.o [1]
TIM_SelectMasterSlaveMode
                        0x0800cbdf     0x12  Code  Gb  stm32f4xx_tim.o [1]
TIM_SelectSlaveMode     0x0800cbcd     0x12  Code  Gb  stm32f4xx_tim.o [1]
TIM_SetIC1Prescaler     0x0800cb29     0x12  Code  Gb  stm32f4xx_tim.o [1]
TIM_SetIC2Prescaler     0x0800cb3b     0x14  Code  Gb  stm32f4xx_tim.o [1]
TIM_SetIC3Prescaler     0x0800cb4f     0x12  Code  Gb  stm32f4xx_tim.o [1]
TIM_SetIC4Prescaler     0x0800cb61     0x14  Code  Gb  stm32f4xx_tim.o [1]
TIM_TimeBaseInit        0x0800c7c9     0x68  Code  Gb  stm32f4xx_tim.o [1]
USART_Cmd               0x08003651     0x1c  Code  Gb  stm32f4xx_usart.o [1]
USART_ITConfig          0x08003675     0x52  Code  Gb  stm32f4xx_usart.o [1]
USART_Init              0x0800358d     0xb6  Code  Gb  stm32f4xx_usart.o [1]
USART_SendData          0x0800366d      0x8  Code  Gb  stm32f4xx_usart.o [1]
USART_putc              0x08002f4d     0x18  Code  Gb  printf2.o [1]
USART_puts              0x08002f6d     0x18  Code  Gb  printf2.o [1]
UsageFault_Handler      0x0800cd81      0x2  Code  Gb  stm32f4xx_it.o [1]
_EncodingSb_Mbtowc      0x08006bcb     0x30  Code  Gb  xencoding_sb.o [3]
_EncodingSb_Wctomb      0x08006bb1     0x1a  Code  Gb  xencoding_sb.o [3]
_GenldLarge             0x08004fff    0x236  Code  Lc  xprintflarge.o [3]
_IsdstStr               0x200002b4      0x4  Data  Gb  setlocale.o [3]
_LdtobLarge             0x08004df1    0x208  Code  Lc  xprintflarge.o [3]
_LitobLarge             0x08004ca1    0x106  Code  Lc  xprintflarge.o [3]
_LocaleEncoding         0x08006b9d      0xe  Code  Gb  setlocale.o [3]
_LocaleReturnString     0x200002d4     0x50  Data  Lc  setlocale.o [3]
_Locale_Profile         0x200002b8     0x1c  Data  Gb  setlocale.o [3]
_Locale_aeabi_lconv     0x20000278     0x38  Data  Gb  localeconv.o [3]
_Locale_lconv           0x20000228     0x50  Data  Gb  localeconv.o [3]
_Mbtowc                 0x08005a75     0x20  Code  Gb  xmbtowc.o [3]
_PrintfLarge            0x080042e5    0x62c  Code  Gb  xprintflarge.o [3]
_PutcharsLarge          0x08005235     0x2e  Code  Lc  xprintflarge.o [3]
_PutstrLarge            0x08004995    0x306  Code  Lc  xprintflarge.o [3]
_SNProut                0x08002fdf     0x1a  Code  Gb  xsnprout.o [3]
_SProut                 0x0800305f      0xa  Code  Gb  xsprout.o [3]
_TzoneStr               0x200002b0      0x4  Data  Gb  setlocale.o [3]
_Wctomb                 0x08005b47     0x1a  Code  Gb  xwctomb.o [3]
__aeabi_cdcmpeq         0x0800bb05           Code  Gb  DblCmpEq.o [5]
__aeabi_cdcmple         0x08005ef1           Code  Gb  DblCmpLe.o [5]
__aeabi_cdrcmple        0x08008e39           Code  Gb  DblCmpGe.o [5]
__aeabi_cfcmpeq         0x0800c699           Code  Gb  FltCmpEq.o [5]
__aeabi_cfcmple         0x0800954d           Code  Gb  FltCmpLe.o [5]
__aeabi_cfrcmple        0x0800959d           Code  Gb  FltCmpGe.o [5]
__aeabi_d2f             0x0800c6b5           Code  Gb  DblToFlt.o [5]
__aeabi_d2iz            0x08006179           Code  Gb  DblToI32.o [5]
__aeabi_d2uiz           0x080061a5           Code  Gb  DblToI32.o [5]
__aeabi_dadd            0x08006c15           Code  Gb  DblAdd.o [5]
__aeabi_ddiv            0x08005f21           Code  Gb  DblDiv.o [5]
__aeabi_dmul            0x08005d0d           Code  Gb  DblMul.o [5]
__aeabi_dsub            0x08006201           Code  Gb  DblSub.o [5]
__aeabi_errno_addr      0x0800a385      0x6  Code  Gb  errno.o [3]
__aeabi_f2d             0x08008de9           Code  Gb  FltToDbl.o [5]
__aeabi_f2iz            0x08009571      0xe  Code  Gb  FltToS32.o [5]
__aeabi_f2lz            0x0800b101           Code  Gb  FltToS64.o [5]
__aeabi_fadd            0x08008da9     0x12  Code  Gb  FltAdd.o [5]
__aeabi_fdiv            0x08008e67     0x12  Code  Gb  FltDiv.o [5]
__aeabi_fmul            0x08008d97     0x12  Code  Gb  FltMul.o [5]
__aeabi_fsub            0x0800958b     0x12  Code  Gb  FltSub.o [5]
__aeabi_i2d             0x080061d1           Code  Gb  I32ToDbl.o [5]
__aeabi_i2f             0x08008d89      0xe  Code  Gb  S32ToFlt.o [5]
__aeabi_l2f             0x0800b09d           Code  Gb  I64ToFlt.o [5]
__aeabi_lasr            0x0800b179           Code  Gb  S64Shr.o [6]
__aeabi_ldiv0           0x08006c11           Code  Gb  I64DivZer.o [6]
__aeabi_ldivmod         0x08005bd9           Code  Gb  I64DivMod.o [6]
__aeabi_llsl            0x0800b19d           Code  Gb  I64Shl.o [6]
__aeabi_memclr4         0x0800de95           Code  Gb  ABImemclr4.o [6]
__aeabi_memset          0x08002ff9           Code  Gb  ABImemset.o [6]
__aeabi_ui2d            0x080061e5           Code  Gb  I32ToDbl.o [5]
__aeabi_ul2f            0x0800b0b9           Code  Gb  I64ToFlt.o [5]
__aeabi_uldivmod        0x08005c1d           Code  Gb  I64DivMod.o [6]
__cmain                 0x0800f3dd           Code  Gb  cmain.o [6]
__data_GetMemChunk      0x080016f5     0x2c  Code  Gb  xgetmemchunk.o [3]
__exit                  0x08001721     0x14  Code  Gb  exit.o [7]
__iar_Dint              0x0800ba89     0x7a  Code  Gb  xdint.o [5]
__iar_Dnorm             0x08005eaf     0x42  Code  Gb  xdnorm.o [5]
__iar_Dscale            0x0800bedd    0x114  Code  Gb  xdscale.o [5]
__iar_Dtest             0x0800be9b     0x30  Code  Gb  xdtest.o [5]
__iar_Errno             0x20000224      0x4  Data  Gb  errno.o [3]
__iar_Exp               0x0800bbd5    0x2be  Code  Gb  xexp.o [5]
__iar_FDint             0x0800a521     0x4e  Code  Gb  xfdint.o [5]
__iar_FQuad             0x0800a435     0xc2  Code  Gb  xfquad.o [5]
__iar_FSin              0x0800a219    0x12a  Code  Gb  xfsin.o [5]
__iar_Locale_lconv_init
                        0x08006381     0x3a  Code  Gb  localeconv.o [3]
__iar_Logpoly           0x0800bb25     0x76  Code  Gb  xlog.o [5]
__iar_Mbcurmax          0x08005b3d      0xa  Code  Gb  xmbcurmax.o [3]
__iar_Memchr            0x08005ae5           Code  Gb  memchr.o [6]
__iar_Memset            0x08002ff9           Code  Gb  ABImemset.o [6]
__iar_Memset4_word      0x0800de9d           Code  Gb  ABImemset48.o [6]
__iar_Memset8_word      0x0800de9d           Code  Gb  ABImemset48.o [6]
__iar_Memset_word       0x08003001           Code  Gb  ABImemset.o [6]
__iar_Strchr            0x08005a95           Code  Gb  strchr.o [6]
__iar_d2uiz             0x080061b1           Code  Gb  DblToI32.o [5]
__iar_dadd              0x08006c29           Code  Gb  DblAdd.o [5]
__iar_data_init3        0x0800f2f9     0x28  Code  Gb  data_init.o [6]
__iar_dlfree            0x0800115f    0x510  Code  Gb  dlmalloc.o [3]
__iar_dlib_perthread_access
                        0x08006cfd      0x2  Code  Gb  xtls.o [3]
__iar_dlmalloc          0x08000ea9    0x2aa  Code  Gb  dlmalloc.o [3]
__iar_dsub              0x08006215           Code  Gb  DblSub.o [5]
__iar_dsubStart         0x08006227           Code  Gb  DblSub.o [5]
__iar_edom              0x0800a0dd           Code  Gb  iarEdom.o [6]
__iar_init_vfp          0x0800f321           Code  Gb  fpinit_M.o [5]
__iar_lz77_init_single3
                        0x0800167f     0x76  Code  Gb  lz77_init_single.o [6]
__iar_program_start     0x0800f5e9           Code  Gb  cstartup_M.o [6]
__iar_softfp_cosf       0x08009db5     0x12  Code  Gb  cosf.o [5]
__iar_softfp_sinf       0x08009dc7     0x12  Code  Gb  sinf.o [5]
__iar_softfp_sqrtf      0x08008dbd           Code  Gb  sqrtf.o [5]
__iar_ui2d              0x080061e9           Code  Gb  I32ToDbl.o [5]
__iar_ul2f              0x0800b0c5           Code  Gb  I64ToFlt.o [5]
__iar_unaligned___aeabi_memcpy
                        0x08005b61           Code  Gb  ABImemcpy_unaligned.o [6]
__iar_unaligned___aeabi_memcpy4
                        0x08005b81           Code  Gb  ABImemcpy_unaligned.o [6]
__iar_unaligned___aeabi_memcpy8
                        0x08005b81           Code  Gb  ABImemcpy_unaligned.o [6]
__iar_unaligned___aeabi_memmove
                        0x0800c751           Code  Gb  ABImemmove_unaligned.o [6]
__iar_unaligned___aeabi_memmove4
                        0x0800c751           Code  Gb  ABImemmove_unaligned.o [6]
__iar_unaligned___aeabi_memmove8
                        0x0800c751           Code  Gb  ABImemmove_unaligned.o [6]
__iar_unaligned_memcmp  0x08003069           Code  Gb  memcmp_unaligned.o [6]
__iar_vfp_fmodf         0x0800a571           Code  Gb  fmodf.o [5]
__iar_vfp_pow           0x0800b64b     0x18  Code  Gb  pow.o [5]
__iar_xatanf            0x0800a391           Code  Gb  xatanf.o [5]
__iar_zero_init3        0x0800f291     0x40  Code  Gb  zero_init3.o [6]
__low_level_init        0x0800f3f7      0x4  Code  Gb  low_level_init.o [3]
__print_result_location
                        0x0800d991      0x2  Code  Lc  mpl.o [1]
__print_result_location
                        0x0800a659      0x2  Code  Lc  fast_no_motion.o [4]
__vector_table          0x08000000           Data  Gb  startup_stm32f4xx.o [1]
_call_main              0x0800f3e9           Code  Gb  cmain.o [6]
_exit                   0x0800f401           Code  Gb  cexit.o [6]
_gm_                    0x20017188    0x1d8  Data  Lc  dlmalloc.o [3]
_main                   0x0800f3f3           Code  Gb  cmain.o [6]
abort                   0x08001679      0x6  Code  Gb  abort.o [3]
abs                     0x0800b1bf      0x8  Code  Gb  abs.o [3]
accel_fusion            0x08008341    0x1f2  Code  Lc  quaternion_supervisor.o [4]
atan2f                  0x0800a0e9           Code  Gb  atan2f.o [5]
decode_gesture          0x0800809b     0x58  Code  Lc  inv_mpu_dmp_motion_driver.o [1]
delay_ms                0x08002fbd      0xe  Code  Gb  freertos_time.o [1]
div                     0x080063ed      0xe  Code  Gb  div.o [3]
dmp                     0x20017ef8     0x10  Data  Lc  inv_mpu_dmp_motion_driver.o [1]
dmp_enable_6x_lp_quat   0x08008059     0x42  Code  Gb  inv_mpu_dmp_motion_driver.o [1]
dmp_enable_feature      0x08007da5    0x230  Code  Gb  inv_mpu_dmp_motion_driver.o [1]
dmp_enable_gyro_cal     0x08007fd5     0x42  Code  Gb  inv_mpu_dmp_motion_driver.o [1]
dmp_enable_lp_quat      0x08008017     0x42  Code  Gb  inv_mpu_dmp_motion_driver.o [1]
dmp_load_motion_driver_firmware
                        0x080078f9     0x18  Code  Gb  inv_mpu_dmp_motion_driver.o [1]
dmp_memory              0x08006d00    0xbf8  Data  Lc  inv_mpu_dmp_motion_driver.o [1]
dmp_read_fifo           0x080080f9    0x220  Code  Gb  inv_mpu_dmp_motion_driver.o [1]
dmp_set_fifo_rate       0x08007a63     0x70  Code  Gb  inv_mpu_dmp_motion_driver.o [1]
dmp_set_orientation     0x08007911    0x152  Code  Gb  inv_mpu_dmp_motion_driver.o [1]
dmp_set_shake_reject_thresh
                        0x08007d27     0x32  Code  Gb  inv_mpu_dmp_motion_driver.o [1]
dmp_set_shake_reject_time
                        0x08007d59     0x26  Code  Gb  inv_mpu_dmp_motion_driver.o [1]
dmp_set_shake_reject_timeout
                        0x08007d7f     0x26  Code  Gb  inv_mpu_dmp_motion_driver.o [1]
dmp_set_tap_axes        0x08007c6d     0x46  Code  Gb  inv_mpu_dmp_motion_driver.o [1]
dmp_set_tap_count       0x08007cb3     0x28  Code  Gb  inv_mpu_dmp_motion_driver.o [1]
dmp_set_tap_thresh      0x08007ad5    0x184  Code  Gb  inv_mpu_dmp_motion_driver.o [1]
dmp_set_tap_time        0x08007cdb     0x26  Code  Gb  inv_mpu_dmp_motion_driver.o [1]
dmp_set_tap_time_multi  0x08007d01     0x26  Code  Gb  inv_mpu_dmp_motion_driver.o [1]
ds                      0x200176bc    0x198  Data  Lc  storage_manager.o [1]
eMPL_out                0x20017e08     0x28  Data  Lc  eMPL_outputs.o [1]
esc1                    0x20000040     0x18  Data  Gb  main.o [1]
esc2                    0x20000058     0x18  Data  Gb  main.o [1]
esc3                    0x20000070     0x18  Data  Gb  main.o [1]
esc4                    0x20000088     0x18  Data  Gb  main.o [1]
esc_init                0x0800ead1     0xac  Code  Gb  esc.o [1]
esc_set_speed           0x0800ea71     0x60  Code  Gb  esc.o [1]
exit                    0x0800f3fb      0x4  Code  Gb  exit.o [3]
fmodf                   0x0800a575           Code  Gb  fmodf.o [5]
fnm                     0x20016f28    0x260  Data  Gb  fast_no_motion.o [4]
fnm_user                0x20017d70     0x40  Data  Lc  fast_no_motion.o [4]
get_ms_count            0x08002fcb     0x14  Code  Gb  freertos_time.o [1]
gpio_init               0x0800f0e1     0x7a  Code  Gb  gpio.o [1]
gyro_data_ready_cb      0x0800d1ff      0x8  Code  Gb  imu.o [1]
gyro_new                0x20017f30      0x4  Data  Gb  imu.o [1]
gyro_pdata              0x20000008      0xc  Data  Lc  imu.o [1]
hal                     0x20017e30     0x24  Data  Lc  imu.o [1]
hardware_init           0x0800ee2d     0xac  Code  Gb  hardware.o [1]
heapSTRUCT_SIZE         0x080030ca      0x2  Data  Lc  heap_2.o [1]
hw                      0x0800f570      0xc  Data  Gb  inv_mpu.o [1]
i2c1_init               0x0800f161     0x8a  Code  Gb  i2c_1.o [1]
i2c2_init               0x08002775     0xb0  Code  Gb  i2c.o [1]
imu                     0x20017db0     0x2c  Data  Gb  imu.o [1]
imu                     0x20017ddc     0x2c  Data  Lc  main.o [1]
imu_data                0x20017f34      0x4  Data  Gb  imu.o [1]
imu_done                0x20017f2c      0x4  Data  Gb  imu.o [1]
imu_task                0x0800d207    0x26a  Code  Gb  imu.o [1]
init_mparams            0x080001a3     0x32  Code  Lc  dlmalloc.o [3]
init_top                0x080001d5     0x34  Code  Lc  dlmalloc.o [3]
internal_Pow            0x0800b1c9    0x478  Code  Lc  pow.o [5]
inv_9x_fusion_enable_jitter_reduction
                        0x0800c613      0xa  Code  Gb  fusion_9axis.o [4]
inv_9x_fusion_use_timestamps
                        0x0800c61d      0xa  Code  Gb  fusion_9axis.o [4]
inv_apply_calibration   0x08009781     0x6a  Code  Gb  data_builder.o [1]
inv_build_accel         0x080098b1     0xaa  Code  Gb  data_builder.o [1]
inv_build_gyro          0x0800995b     0x44  Code  Gb  data_builder.o [1]
inv_build_quat          0x080099d7     0x4a  Code  Gb  data_builder.o [1]
inv_build_temp          0x0800999f     0x38  Code  Gb  data_builder.o [1]
inv_compass_angle       0x08008e8d     0xa6  Code  Gb  ml_math_func.o [1]
inv_compute_quat_from_accel
                        0x08008533    0x142  Code  Lc  quaternion_supervisor.o [4]
inv_convert_to_body_with_scale
                        0x080094d9     0x72  Code  Gb  ml_math_func.o [1]
inv_data_builder        0x20017854    0x140  Data  Lc  data_builder.o [1]
inv_db_load_func        0x080095c1     0x52  Code  Lc  data_builder.o [1]
inv_db_save_func        0x08009613     0x14  Code  Lc  data_builder.o [1]
inv_detect_motion_by_gyro_accel
                        0x0800abe1     0xa4  Code  Gb  fast_no_motion.o [4]
inv_disable_compass_soft_iron_matrix
                        0x08009d81      0xa  Code  Gb  data_builder.o [1]
inv_enable_9x_sensor_fusion
                        0x0800c633     0x1c  Code  Gb  fusion_9axis.o [4]
inv_enable_eMPL_outputs
                        0x0800d961     0x12  Code  Gb  eMPL_outputs.o [1]
inv_enable_fast_nomot   0x0800aff1     0x40  Code  Gb  fast_no_motion.o [4]
inv_enable_gyro_tc      0x0800de43     0x36  Code  Gb  gyro_tc.o [4]
inv_enable_quaternion   0x08008cdd     0x18  Code  Gb  quaternion_supervisor.o [4]
inv_enable_results_holder
                        0x08009fed     0x12  Code  Gb  results_holder.o [1]
inv_execute_mpl_start_notification
                        0x0800a0ad     0x2a  Code  Gb  start_manager.o [1]
inv_execute_on_data     0x08009b0b     0x8e  Code  Gb  data_builder.o [1]
inv_fast_nomot_get_time_elaps
                        0x0800aa7d      0xc  Code  Gb  fast_no_motion.o [4]
inv_fast_nomot_parameter
                        0x0800a6bf    0x17a  Code  Gb  fast_no_motion.o [4]
inv_fast_nomot_parameter_compass
                        0x0800aa89     0x16  Code  Gb  fast_no_motion.o [4]
inv_fast_nomot_reset_data_compass
                        0x0800aa55     0x28  Code  Gb  fast_no_motion.o [4]
inv_fast_nomot_set_gyro_bias
                        0x0800a86b     0xfc  Code  Gb  fast_no_motion.o [4]
inv_fast_nomot_store_data
                        0x0800a967     0x8e  Code  Gb  fast_no_motion.o [4]
inv_fast_nomot_store_data_compass
                        0x0800a9f5     0x60  Code  Gb  fast_no_motion.o [4]
inv_filter_correction_angle
                        0x0800c0af    0x184  Code  Gb  fusion_9axis.o [4]
inv_find_synchronized_compass_angle
                        0x0800bff1     0xbe  Code  Lc  fusion_9axis.o [4]
inv_generate_accel_gyro_quaternion
                        0x08008a31    0x234  Code  Gb  quaternion_supervisor.o [4]
inv_generate_eMPL_outputs
                        0x0800d849     0xf6  Code  Lc  eMPL_outputs.o [1]
inv_generate_fast_nomot
                        0x0800ad11    0x228  Code  Gb  fast_no_motion.o [4]
inv_generate_gyro_quaternion
                        0x0800874f    0x10e  Code  Gb  quaternion_supervisor.o [4]
inv_generate_quaternion
                        0x08008c65     0x58  Code  Lc  quaternion_supervisor.o [4]
inv_generate_results    0x08009f87      0xa  Code  Gb  results_holder.o [1]
inv_get_6axis_quaternion
                        0x08009efb     0x12  Code  Gb  results_holder.o [1]
inv_get_accel_accuracy  0x08009d19      0x6  Code  Gb  data_builder.o [1]
inv_get_accel_on        0x080096f5      0xe  Code  Gb  data_builder.o [1]
inv_get_accel_set       0x08009c9f     0x2c  Code  Gb  data_builder.o [1]
inv_get_compass_on      0x080096d7     0x10  Code  Gb  data_builder.o [1]
inv_get_gravity         0x08009e95     0x66  Code  Gb  results_holder.o [1]
inv_get_gyro_accuracy   0x08009cfd      0x6  Code  Gb  data_builder.o [1]
inv_get_gyro_bias       0x0800988b     0x26  Code  Gb  data_builder.o [1]
inv_get_gyro_bias_tc_set
                        0x0800986d     0x1e  Code  Gb  data_builder.o [1]
inv_get_gyro_on         0x080096e7      0xe  Code  Gb  data_builder.o [1]
inv_get_gyro_set        0x08009ccb     0x28  Code  Gb  data_builder.o [1]
inv_get_gyro_sum_of_sqr
                        0x08008f33     0x1a  Code  Gb  ml_math_func.o [1]
inv_get_last_timestamp  0x08009703     0x6e  Code  Gb  data_builder.o [1]
inv_get_linear_accel    0x0800a005     0x42  Code  Gb  results_holder.o [1]
inv_get_mag_accuracy    0x08009d03     0x16  Code  Gb  data_builder.o [1]
inv_get_magnetic_disturbance_state
                        0x0800c745      0x6  Code  Gb  mag_disturb.o [4]
inv_get_motion_state    0x08009e2d     0x12  Code  Gb  results_holder.o [1]
inv_get_quaternion      0x08009f0d     0x34  Code  Gb  results_holder.o [1]
inv_get_quaternion_set  0x08009f41     0x46  Code  Gb  results_holder.o [1]
inv_get_sensor_type_accel_float
                        0x0800d551     0x5c  Code  Gb  eMPL_outputs.o [1]
inv_get_sensor_type_euler_float
                        0x0800d60d    0x230  Code  Gb  eMPL_outputs.o [1]
inv_get_sensor_type_gyro_float
                        0x0800d5ad     0x5c  Code  Gb  eMPL_outputs.o [1]
inv_gtc                 0x20017360    0x1c4  Data  Lc  gyro_tc.o [4]
inv_gtc_add_data        0x0800db67     0xaa  Code  Lc  gyro_tc.o [4]
inv_gtc_compute_slope   0x0800dc11    0x1fa  Code  Lc  gyro_tc.o [4]
inv_gtc_data_cb         0x0800da79     0xc0  Code  Lc  gyro_tc.o [4]
inv_gtc_get_bin         0x0800db39     0x2e  Code  Lc  gyro_tc.o [4]
inv_gtc_load            0x0800da21     0x2a  Code  Lc  gyro_tc.o [4]
inv_gtc_store           0x0800da4b     0x2e  Code  Lc  gyro_tc.o [4]
inv_if_enough_data      0x0800a839     0x32  Code  Lc  fast_no_motion.o [4]
inv_init_9x_fusion      0x0800c5dd     0x36  Code  Gb  fusion_9axis.o [4]
inv_init_data_builder   0x08009627     0x3a  Code  Gb  data_builder.o [1]
inv_init_eMPL_outputs   0x0800d94f     0x12  Code  Lc  eMPL_outputs.o [1]
inv_init_fast_nomot     0x0800af69     0x52  Code  Gb  fast_no_motion.o [4]
inv_init_gyro_ts        0x0800de0b     0x2e  Code  Gb  gyro_tc.o [4]
inv_init_maxmin         0x0800a65b     0x64  Code  Gb  fast_no_motion.o [4]
inv_init_mpl            0x0800d993     0x5e  Code  Gb  mpl.o [1]
inv_init_quaternion     0x08008cbd     0x20  Code  Gb  quaternion_supervisor.o [4]
inv_init_results_holder
                        0x08009fa3     0x4a  Code  Gb  results_holder.o [1]
inv_init_start_manager  0x0800a075     0x12  Code  Gb  start_manager.o [1]
inv_init_storage_manager
                        0x0800a155     0x18  Code  Gb  storage_manager.o [1]
inv_max_change          0x0800aa9f     0x22  Code  Lc  fast_no_motion.o [4]
inv_normalize_quat      0x08008675     0xda  Code  Lc  quaternion_supervisor.o [4]
inv_orientation_matrix_to_scalar
                        0x080094b3     0x26  Code  Gb  ml_math_func.o [1]
inv_perform_9x_fusion   0x0800c233    0x32c  Code  Gb  fusion_9axis.o [4]
inv_process_9x_sensor_fusion_cb
                        0x0800c55f     0x7e  Code  Gb  fusion_9axis.o [4]
inv_process_dmp_quaternion
                        0x0800885d    0x1d4  Code  Lc  quaternion_supervisor.o [4]
inv_q29_mult            0x08008f4d      0xe  Code  Gb  ml_math_func.o [1]
inv_q30_mult            0x08008f5b      0xe  Code  Gb  ml_math_func.o [1]
inv_q30_to_float        0x08008e79     0x12  Code  Lc  ml_math_func.o [1]
inv_q_add               0x0800902f     0x26  Code  Gb  ml_math_func.o [1]
inv_q_addf              0x0800918f     0x42  Code  Gb  ml_math_func.o [1]
inv_q_invert            0x0800905d     0x18  Code  Gb  ml_math_func.o [1]
inv_q_invertf           0x08009361     0x2a  Code  Gb  ml_math_func.o [1]
inv_q_mult              0x08008f69     0xc6  Code  Gb  ml_math_func.o [1]
inv_q_multf             0x080090bd     0xd2  Code  Gb  ml_math_func.o [1]
inv_q_norm4             0x080092d9     0x88  Code  Gb  ml_math_func.o [1]
inv_q_normalizef        0x080091d1    0x104  Code  Gb  ml_math_func.o [1]
inv_q_rotate            0x0800907d     0x40  Code  Gb  ml_math_func.o [1]
inv_quat_data           0x20017c0c     0x6c  Data  Lc  quaternion_supervisor.o [4]
inv_quaternion_to_rotation
                        0x0800938b     0xda  Code  Gb  ml_math_func.o [1]
inv_record_max_moment_in_no_motion_accel
                        0x0800ab51     0x30  Code  Gb  fast_no_motion.o [4]
inv_record_max_moment_in_no_motion_gyro
                        0x0800ab21     0x30  Code  Gb  fast_no_motion.o [4]
inv_record_min_moment_in_motion_accel
                        0x0800abb1     0x30  Code  Gb  fast_no_motion.o [4]
inv_record_min_moment_in_motion_gyro
                        0x0800ab81     0x30  Code  Gb  fast_no_motion.o [4]
inv_register_data_cb    0x08009a21     0xea  Code  Gb  data_builder.o [1]
inv_register_load_store
                        0x0800a16d     0x86  Code  Gb  storage_manager.o [1]
inv_register_mpl_start_notification
                        0x0800a087     0x26  Code  Gb  start_manager.o [1]
inv_reset_compass_soft_iron_matrix
                        0x08009d31     0x50  Code  Gb  data_builder.o [1]
inv_reset_min_max_gyro_accel_statistics
                        0x0800aac1     0x3a  Code  Gb  fast_no_motion.o [4]
inv_reset_packet        0x0800aafb     0x26  Code  Lc  fast_no_motion.o [4]
inv_row_2_scale         0x08009465     0x4e  Code  Lc  ml_math_func.o [1]
inv_sensor_data_preprocess
                        0x0800ac85     0x8a  Code  Gb  fast_no_motion.o [4]
inv_set_accel_orientation_and_scale
                        0x08009771     0x10  Code  Gb  data_builder.o [1]
inv_set_accel_sample_rate
                        0x080096a5     0x32  Code  Gb  data_builder.o [1]
inv_set_compass_bias_found
                        0x08009fff      0x6  Code  Gb  results_holder.o [1]
inv_set_compass_correction
                        0x08009e03     0x2a  Code  Gb  results_holder.o [1]
inv_set_contiguous      0x08009b99    0x106  Code  Lc  data_builder.o [1]
inv_set_default_number_of_samples
                        0x0800af39     0x30  Code  Gb  fast_no_motion.o [4]
inv_set_gyro_bias       0x080097eb     0x82  Code  Gb  data_builder.o [1]
inv_set_gyro_orientation_and_scale
                        0x08009667     0x10  Code  Gb  data_builder.o [1]
inv_set_gyro_sample_rate
                        0x08009677     0x2e  Code  Gb  data_builder.o [1]
inv_set_message         0x0800a1f9     0x1c  Code  Gb  message_layer.o [1]
inv_set_motion_state    0x08009e3f     0x56  Code  Gb  results_holder.o [1]
inv_start_9x_sensor_fusion
                        0x0800c627      0xc  Code  Gb  fusion_9axis.o [4]
inv_start_cb            0x20017cdc     0x54  Data  Lc  start_manager.o [1]
inv_start_eMPL_outputs  0x0800d93f     0x10  Code  Lc  eMPL_outputs.o [1]
inv_start_fast_nomot    0x0800afbb     0x36  Code  Gb  fast_no_motion.o [4]
inv_start_gyro_tc       0x0800de39      0xa  Code  Gb  gyro_tc.o [4]
inv_start_mpl           0x0800d9f1     0x22  Code  Gb  mpl.o [1]
inv_start_quaternion    0x08008cf9     0x26  Code  Gb  quaternion_supervisor.o [4]
inv_start_results_holder
                        0x08009f91     0x12  Code  Gb  results_holder.o [1]
inv_store_gaming_quaternion
                        0x08009dd9     0x2a  Code  Gb  results_holder.o [1]
isr_read_duty           0x0800cd25     0x54  Code  Gb  stm32f4xx_it.o [1]
isr_read_freq           0x0800ccd1     0x54  Code  Gb  stm32f4xx_it.o [1]
joystick_accuracy       0x0800eb8d     0x38  Code  Lc  joystick.o [1]
joystick_get_setpoint   0x0800ebc5     0xc4  Code  Gb  joystick.o [1]
joystick_get_thrust     0x0800ec89     0x80  Code  Gb  joystick.o [1]
joystick_get_toggle     0x0800ed09     0x5a  Code  Gb  joystick.o [1]
joystick_pitch_g        0x2000013c     0x30  Data  Gb  main.o [1]
joystick_roll_g         0x2000010c     0x30  Data  Gb  main.o [1]
joystick_thrust_g       0x2000019c     0x30  Data  Gb  main.o [1]
joystick_toggle_g       0x200001cc     0x30  Data  Gb  main.o [1]
joystick_yaw_g          0x2000016c     0x30  Data  Gb  main.o [1]
lnbias                  0x0800b668    0x420  Data  Lc  pow.o [5]
localeconv              0x080063bb     0x16  Code  Gb  localeconv.o [3]
mag_disturb             0x20017acc     0xb8  Data  Gb  mag_disturb.o [4]
main                    0x0800e993     0x4e  Code  Gb  main.o [1]
main_task               0x0800e6f5    0x1dc  Code  Lc  main.o [1]
memchr                  0x08005ae5           Code  Gb  memchr.o [6]
memcpy                  0x0800957f      0xc  Code  Gb  memcpy.o [3]
memmove                 0x0800c68d      0xc  Code  Gb  memmove.o [6]
memset                  0x0800a061     0x14  Code  Gb  memset.o [3]
mh                      0x20017f48      0x4  Data  Lc  message_layer.o [1]
mparams                 0x20017e54     0x18  Data  Lc  dlmalloc.o [3]
mpl_key                 0x20000004      0x4  Data  Gb  imu.o [1]
mpu_configure_fifo      0x08002061     0x7e  Code  Gb  inv_mpu.o [1]
mpu_get_accel_fsr       0x08001e0d     0x46  Code  Gb  inv_mpu.o [1]
mpu_get_gyro_fsr        0x08001d41     0x3c  Code  Gb  inv_mpu.o [1]
mpu_get_sample_rate     0x08001f8d     0x1e  Code  Gb  inv_mpu.o [1]
mpu_get_temperature     0x08001a79     0x98  Code  Gb  inv_mpu.o [1]
mpu_init                0x080017ed    0x17a  Code  Gb  inv_mpu.o [1]
mpu_load_firmware       0x080025f3     0xe8  Code  Gb  inv_mpu.o [1]
mpu_lp_accel_mode       0x08001967     0xfe  Code  Gb  inv_mpu.o [1]
mpu_read_fifo_stream    0x080021cd     0xe4  Code  Gb  inv_mpu.o [1]
mpu_read_mem            0x0800256b     0x88  Code  Gb  inv_mpu.o [1]
mpu_reset_fifo          0x08001b15    0x22c  Code  Gb  inv_mpu.o [1]
mpu_set_accel_fsr       0x08001e53     0x94  Code  Gb  inv_mpu.o [1]
mpu_set_bypass          0x080022b1    0x196  Code  Gb  inv_mpu.o [1]
mpu_set_dmp_state       0x080026db     0x94  Code  Gb  inv_mpu.o [1]
mpu_set_gyro_fsr        0x08001d7d     0x90  Code  Gb  inv_mpu.o [1]
mpu_set_int_latched     0x08002447     0x88  Code  Gb  inv_mpu.o [1]
mpu_set_lpf             0x08001eed     0xa0  Code  Gb  inv_mpu.o [1]
mpu_set_sample_rate     0x08001fab     0xb0  Code  Gb  inv_mpu.o [1]
mpu_set_sensors         0x080020df     0xe8  Code  Gb  inv_mpu.o [1]
mpu_write_mem           0x080024d9     0x92  Code  Gb  inv_mpu.o [1]
pcInterruptPriorityRegisters
                        0x0800f61c      0x4  Data  Lc  port.o [1]
pid_calc                0x0800ed69     0xc4  Code  Gb  pid.o [1]
pitch                   0x200000c4     0x24  Data  Gb  main.o [1]
prepend_alloc           0x08000209    0x36c  Code  Lc  dlmalloc.o [3]
printf2                 0x08002f85     0x38  Code  Gb  printf2.o [1]
printf2_init            0x08002eb9     0x94  Code  Gb  printf2.o [1]
prvAddCurrentTaskToDelayedList
                        0x08004225     0x80  Code  Lc  tasks.o [1]
prvAddNewTaskToReadyList
                        0x08003857     0xc0  Code  Lc  tasks.o [1]
prvCheckForValidListAndQueue
                        0x080059db     0x4c  Code  Lc  timers.o [1]
prvCheckTasksWaitingTermination
                        0x08003f9d     0x64  Code  Lc  tasks.o [1]
prvCopyDataFromQueue    0x08006a51     0x2a  Code  Lc  queue.o [1]
prvCopyDataToQueue      0x080069cf     0x82  Code  Lc  queue.o [1]
prvDeleteTCB            0x0800402d     0x12  Code  Lc  tasks.o [1]
prvGetNextExpireTime    0x080057f9     0x28  Code  Lc  timers.o [1]
prvHeapInit             0x08005371     0x26  Code  Lc  heap_2.o [1]
prvIdleTask             0x08003f11     0x28  Code  Lc  tasks.o [1]
prvInitialiseNewQueue   0x08006581     0x22  Code  Lc  queue.o [1]
prvInitialiseNewTask    0x080037a7     0xb0  Code  Lc  tasks.o [1]
prvInitialiseTaskLists  0x08003f3d     0x54  Code  Lc  tasks.o [1]
prvInsertTimerInActiveList
                        0x08005849     0x3e  Code  Lc  timers.o [1]
prvIsQueueEmpty         0x08006ae9     0x1c  Code  Lc  queue.o [1]
prvIsQueueFull          0x08006b05     0x1e  Code  Lc  queue.o [1]
prvProcessExpiredTimer  0x08005717     0x5a  Code  Lc  timers.o [1]
prvProcessReceivedCommands
                        0x08005887     0xd6  Code  Lc  timers.o [1]
prvProcessTimerOrBlockTask
                        0x08005789     0x70  Code  Lc  timers.o [1]
prvResetNextTaskUnblockTime
                        0x0800403f     0x28  Code  Lc  tasks.o [1]
prvSampleTimeNow        0x08005821     0x28  Code  Lc  timers.o [1]
prvSwitchTimerLists     0x0800595d     0x7e  Code  Lc  timers.o [1]
prvTaskCheckFreeStackSpace
                        0x08004001     0x16  Code  Lc  tasks.o [1]
prvTaskExitError        0x08005475     0x2a  Code  Lc  port.o [1]
prvTimerTask            0x08005775     0x14  Code  Lc  timers.o [1]
prvUnlockQueue          0x08006a7b     0x6e  Code  Lc  queue.o [1]
pvPortMalloc            0x08005281     0xb6  Code  Gb  heap_2.o [1]
pvTaskIncrementMutexHeldCount
                        0x080041e5     0x1e  Code  Gb  tasks.o [1]
pwm_get_duty_cycle      0x0800e493     0x32  Code  Gb  pwm.o [1]
pwm_get_prescaler       0x0800e5f5     0x36  Code  Gb  pwm.o [1]
pwm_gpio_init           0x0800e4c5     0x5c  Code  Lc  pwm.o [1]
pwm_input_init          0x0800e2a5    0x1a8  Code  Gb  pwm.o [1]
pwm_output_compare_init
                        0x0800e587     0x6e  Code  Lc  pwm.o [1]
pwm_output_init         0x0800e44d     0x10  Code  Gb  pwm.o [1]
pwm_set_duty_cycle      0x0800e45d     0x36  Code  Gb  pwm.o [1]
pwm_timebase_init       0x0800e521     0x66  Code  Lc  pwm.o [1]
pxCurrentTCB            0x20017f98      0x4  Data  Gb  tasks.o [1]
pxCurrentTimerList      0x20017fd4      0x4  Data  Lc  timers.o [1]
pxDelayedTaskList       0x20017f9c      0x4  Data  Lc  tasks.o [1]
pxOverflowDelayedTaskList
                        0x20017fa0      0x4  Data  Lc  tasks.o [1]
pxOverflowTimerList     0x20017fd8      0x4  Data  Lc  timers.o [1]
pxPortInitialiseStack   0x0800544d     0x28  Code  Gb  port.o [1]
pxReadyTasksLists       0x20017c78     0x64  Data  Lc  tasks.o [1]
read_from_mpl_float     0x0800d145     0xba  Code  Lc  imu.o [1]
reg                     0x0800f384     0x20  Data  Gb  inv_mpu.o [1]
rh                      0x20017b84     0x88  Data  Lc  results_holder.o [1]
roll                    0x200000a0     0x24  Data  Gb  main.o [1]
s9axis                  0x20017994    0x138  Data  Gb  fusion_9axis.o [4]
sStartAddress           0x0800358a      0x2  Data  Lc  inv_mpu_dmp_motion_driver.o [1]
scale                   0x08004da7     0x46  Code  Lc  xprintflarge.o [3]
segment_holding         0x08000189     0x1a  Code  Lc  dlmalloc.o [3]
sensors                 0x20017524    0x198  Data  Lc  data_builder.o [1]
set_int_enable          0x08001735     0xb8  Code  Lc  inv_mpu.o [1]
set_sensor_orientation_and_scale
                        0x08009661      0x6  Code  Gb  data_builder.o [1]
sqrtf                   0x08008dcd           Code  Gb  sqrtf.o [5]
st                      0x20000014     0x2c  Data  Lc  inv_mpu.o [1]
stack_size_main         0x20017f3c      0x4  Data  Gb  main.o [1]
strchr                  0x08005a95           Code  Gb  strchr.o [6]
strlen                  0x08005aad           Code  Gb  strlen.o [6]
sys_alloc               0x08000575    0x386  Code  Lc  dlmalloc.o [3]
telemetry_task          0x0800e8d5     0xbe  Code  Lc  main.o [1]
test                    0x0800f2d0     0x28  Data  Gb  inv_mpu.o [1]
thrust                  0x20017f40      0x4  Data  Lc  main.o [1]
tim12_duty              0x20017f80      0x4  Data  Gb  stm32f4xx_it.o [1]
tim12_freq              0x20017f94      0x4  Data  Gb  stm32f4xx_it.o [1]
tim12_val               0x20017f6c      0x4  Data  Gb  stm32f4xx_it.o [1]
tim2_duty               0x20017f70      0x4  Data  Gb  stm32f4xx_it.o [1]
tim2_freq               0x20017f84      0x4  Data  Gb  stm32f4xx_it.o [1]
tim2_val                0x20017f5c      0x4  Data  Gb  stm32f4xx_it.o [1]
tim3_duty               0x20017f74      0x4  Data  Gb  stm32f4xx_it.o [1]
tim3_freq               0x20017f88      0x4  Data  Gb  stm32f4xx_it.o [1]
tim3_val                0x20017f60      0x4  Data  Gb  stm32f4xx_it.o [1]
tim5_duty               0x20017f78      0x4  Data  Gb  stm32f4xx_it.o [1]
tim5_freq               0x20017f8c      0x4  Data  Gb  stm32f4xx_it.o [1]
tim5_val                0x20017f64      0x4  Data  Gb  stm32f4xx_it.o [1]
tim9_duty               0x20017f7c      0x4  Data  Gb  stm32f4xx_it.o [1]
tim9_freq               0x20017f90      0x4  Data  Gb  stm32f4xx_it.o [1]
tim9_val                0x20017f68      0x4  Data  Gb  stm32f4xx_it.o [1]
tmalloc_large           0x08000909    0x390  Code  Lc  dlmalloc.o [3]
tmalloc_small           0x08000c99    0x210  Code  Lc  dlmalloc.o [3]
toggle                  0x20017f44      0x4  Data  Lc  main.o [1]
ts2                     0x20017f38      0x4  Data  Gb  imu.o [1]
ucHeap                  0x20004328  0x12c00  Data  Lc  heap_2.o [1]
ucMaxSysCallPriority    0x20017ff0      0x1  Data  Lc  port.o [1]
ulMaxPRIGROUPValue      0x20017f4c      0x4  Data  Lc  port.o [1]
ulRegTest1LoopCounter   0x20017f50      0x4  Data  Gb  reg_test.o [1]
ulRegTest2LoopCounter   0x20017f54      0x4  Data  Gb  reg_test.o [1]
ulRegTestCheckFlopRegistersContainParameterValue
                        0x0800e20f           Code  Gb  RegTest.o [1]
uxCriticalNesting       0x200001fc      0x4  Data  Lc  port.o [1]
uxCurrentNumberOfTasks  0x20017fa8      0x4  Data  Lc  tasks.o [1]
uxDeletedTasksWaitingCleanUp
                        0x20017fa4      0x4  Data  Lc  tasks.o [1]
uxListRemove            0x08005427     0x26  Code  Gb  list.o [1]
uxPendedTicks           0x20017fb8      0x4  Data  Lc  tasks.o [1]
uxSchedulerSuspended    0x20017fd0      0x4  Data  Lc  tasks.o [1]
uxTaskGetStackHighWaterMark
                        0x08004017     0x16  Code  Gb  tasks.o [1]
uxTaskNumber            0x20017fc4      0x4  Data  Lc  tasks.o [1]
uxTopReadyPriority      0x20017fb0      0x4  Data  Lc  tasks.o [1]
vApplicationIdleHook    0x08005a63      0x2  Code  Gb  application_hooks.o [1]
vApplicationMallocFailedHook
                        0x08005a53     0x10  Code  Gb  application_hooks.o [1]
vApplicationStackOverflowHook
                        0x08005a65     0x10  Code  Gb  application_hooks.o [1]
vApplicationTickHook    0x08005a51      0x2  Code  Gb  application_hooks.o [1]
vListInitialise         0x080053b5     0x1e  Code  Gb  list.o [1]
vListInitialiseItem     0x080053d3      0x6  Code  Gb  list.o [1]
vListInsert             0x080053f1     0x36  Code  Gb  list.o [1]
vListInsertEnd          0x080053d9     0x18  Code  Gb  list.o [1]
vPortEnableVFP          0x08006489           Code  Gb  portasm.o [1]
vPortEnterCritical      0x08005537     0x3a  Code  Gb  port.o [1]
vPortExitCritical       0x08005571     0x32  Code  Gb  port.o [1]
vPortFree               0x08005337     0x3a  Code  Gb  heap_2.o [1]
vPortSetupTimerInterrupt
                        0x080055cb     0x1a  Code  Wk  port.o [1]
vPortStartFirstTask     0x08006471           Code  Gb  portasm.o [1]
vPortValidateInterruptPriority
                        0x080055e5     0x4a  Code  Gb  port.o [1]
vQueueAddToRegistry     0x08006b23     0x24  Code  Gb  queue.o [1]
vQueueWaitForMessageRestricted
                        0x08006b51     0x4a  Code  Gb  queue.o [1]
vRegTest1Task           0x0800ded1           Code  Gb  RegTest.o [1]
vRegTest2Task           0x0800e05b           Code  Gb  RegTest.o [1]
vRegTestClearFlopRegistersToParameterValue
                        0x0800e1ed           Code  Gb  RegTest.o [1]
vTaskDelay              0x080039b9     0x4c  Code  Gb  tasks.o [1]
vTaskDelayUntil         0x08003917     0xa2  Code  Gb  tasks.o [1]
vTaskMissedYield        0x08003f01      0xa  Code  Gb  tasks.o [1]
vTaskPlaceOnEventList   0x08003d4f     0x2e  Code  Gb  tasks.o [1]
vTaskPlaceOnEventListRestricted
                        0x08003d7d     0x38  Code  Gb  tasks.o [1]
vTaskPriorityInherit    0x08004087     0xaa  Code  Gb  tasks.o [1]
vTaskSetTimeOutState    0x08003e53     0x26  Code  Gb  tasks.o [1]
vTaskStartScheduler     0x08003a05     0x6e  Code  Gb  tasks.o [1]
vTaskSuspendAll         0x08003a73     0x10  Code  Gb  tasks.o [1]
vTaskSwitchContext      0x08003caf     0xa0  Code  Gb  tasks.o [1]
vsnprintf               0x080036c9     0x3c  Code  Gb  vsnprint.o [3]
vsprintf                0x08003705     0x2c  Code  Gb  vsprintf.o [3]
xActiveTimerList1       0x20017ed0     0x14  Data  Lc  timers.o [1]
xActiveTimerList2       0x20017ee4     0x14  Data  Lc  timers.o [1]
xDelayedTaskList1       0x20017e6c     0x14  Data  Lc  tasks.o [1]
xDelayedTaskList2       0x20017e80     0x14  Data  Lc  tasks.o [1]
xEnd                    0x20017f20      0x8  Data  Lc  heap_2.o [1]
xFreeBytesRemaining     0x20000000      0x4  Data  Lc  heap_2.o [1]
xIdleTaskHandle         0x20017fcc      0x4  Data  Lc  tasks.o [1]
xNextTaskUnblockTime    0x20017fc8      0x4  Data  Lc  tasks.o [1]
xNumOfOverflows         0x20017fc0      0x4  Data  Lc  tasks.o [1]
xPendingReadyList       0x20017e94     0x14  Data  Lc  tasks.o [1]
xPortStartScheduler     0x0800549f     0x98  Code  Gb  port.o [1]
xQueueGenericCreate     0x08006537     0x4a  Code  Gb  queue.o [1]
xQueueGenericReceive    0x08006811    0x1be  Code  Gb  queue.o [1]
xQueueGenericReset      0x080064a5     0x92  Code  Gb  queue.o [1]
xQueueGenericSend       0x080065a3    0x196  Code  Gb  queue.o [1]
xQueueGenericSendFromISR
                        0x08006739     0xd8  Code  Gb  queue.o [1]
xQueueRegistry          0x20017d30     0x40  Data  Gb  queue.o [1]
xSchedulerRunning       0x20017fb4      0x4  Data  Lc  tasks.o [1]
xStart                  0x20017f18      0x8  Data  Lc  heap_2.o [1]
xSuspendedTaskList      0x20017ebc     0x14  Data  Lc  tasks.o [1]
xTaskCheckForTimeOut    0x08003e81     0x80  Code  Gb  tasks.o [1]
xTaskCreate             0x08003731     0x76  Code  Gb  tasks.o [1]
xTaskGetSchedulerState  0x08004067     0x20  Code  Gb  tasks.o [1]
xTaskGetTickCount       0x08003b7d      0x8  Code  Gb  tasks.o [1]
xTaskIncrementTick      0x08003b85    0x12a  Code  Gb  tasks.o [1]
xTaskPriorityDisinherit
                        0x08004131     0xb4  Code  Gb  tasks.o [1]
xTaskRemoveFromEventList
                        0x08003dd1     0x82  Code  Gb  tasks.o [1]
xTaskResumeAll          0x08003a83     0xfa  Code  Gb  tasks.o [1]
xTasksWaitingTermination
                        0x20017ea8     0x14  Data  Lc  tasks.o [1]
xTickCount              0x20017fac      0x4  Data  Lc  tasks.o [1]
xTimerCreateTimerTask   0x08005661     0x48  Code  Gb  timers.o [1]
xTimerGenericCommand    0x080056a9     0x6e  Code  Gb  timers.o [1]
xTimerQueue             0x20017fdc      0x4  Data  Lc  timers.o [1]
xTimerTaskHandle        0x20017fe0      0x4  Data  Lc  timers.o [1]
xYieldPending           0x20017fbc      0x4  Data  Lc  tasks.o [1]
yaw                     0x200000e8     0x24  Data  Gb  main.o [1]


[1] = C:\Users\klasl\Desktop\freertos_dmp2\Flash Debug\Obj
[2] = command line
[3] = dl7M_tlf.a
[4] = libmpllib.a
[5] = m7M_tls.a
[6] = rt7M_tl.a
[7] = shb_l.a

  59 534 bytes of readonly  code memory
   4 067 bytes of readonly  data memory
  98 287 bytes of readwrite data memory

Errors: none
Warnings: 7
