###############################################################################
#
# IAR ELF Linker V7.50.2.10312/W32 for ARM                12/Mar/2017  16:05:09
# Copyright 2007-2015 IAR Systems AB.
#
#    Output file  =  
#        C:\Users\klasl\Desktop\freertos_dmp2\Flash Debug\Exe\RTOSDemo.out
#    Map file     =  
#        C:\Users\klasl\Desktop\freertos_dmp2\Flash Debug\List\RTOSDemo.map
#    Command line =  
#        "C:\Users\klasl\Desktop\freertos_dmp2\Flash
#        Debug\Obj\application_hooks.o"
#        "C:\Users\klasl\Desktop\freertos_dmp2\Flash Debug\Obj\data_builder.o"
#        "C:\Users\klasl\Desktop\freertos_dmp2\Flash Debug\Obj\eMPL_outputs.o"
#        "C:\Users\klasl\Desktop\freertos_dmp2\Flash Debug\Obj\esc.o"
#        "C:\Users\klasl\Desktop\freertos_dmp2\Flash Debug\Obj\event_groups.o"
#        "C:\Users\klasl\Desktop\freertos_dmp2\Flash Debug\Obj\freertos_time.o"
#        "C:\Users\klasl\Desktop\freertos_dmp2\Flash Debug\Obj\gpio.o"
#        "C:\Users\klasl\Desktop\freertos_dmp2\Flash Debug\Obj\hal_outputs.o"
#        "C:\Users\klasl\Desktop\freertos_dmp2\Flash Debug\Obj\heap_2.o"
#        "C:\Users\klasl\Desktop\freertos_dmp2\Flash Debug\Obj\i2c.o"
#        "C:\Users\klasl\Desktop\freertos_dmp2\Flash Debug\Obj\imu.o"
#        "C:\Users\klasl\Desktop\freertos_dmp2\Flash Debug\Obj\inv_mpu.o"
#        "C:\Users\klasl\Desktop\freertos_dmp2\Flash
#        Debug\Obj\inv_mpu_dmp_motion_driver.o"
#        C:\Users\klasl\Desktop\freertos_dmp2\invensense_dmp\mpl\libmpllib.a
#        "C:\Users\klasl\Desktop\freertos_dmp2\Flash Debug\Obj\list.o"
#        "C:\Users\klasl\Desktop\freertos_dmp2\Flash Debug\Obj\main.o"
#        "C:\Users\klasl\Desktop\freertos_dmp2\Flash Debug\Obj\message_layer.o"
#        "C:\Users\klasl\Desktop\freertos_dmp2\Flash Debug\Obj\misc.o"
#        "C:\Users\klasl\Desktop\freertos_dmp2\Flash Debug\Obj\ml_math_func.o"
#        "C:\Users\klasl\Desktop\freertos_dmp2\Flash Debug\Obj\mlmath.o"
#        "C:\Users\klasl\Desktop\freertos_dmp2\Flash Debug\Obj\motors.o"
#        "C:\Users\klasl\Desktop\freertos_dmp2\Flash Debug\Obj\mpl.o"
#        "C:\Users\klasl\Desktop\freertos_dmp2\Flash Debug\Obj\pid.o"
#        "C:\Users\klasl\Desktop\freertos_dmp2\Flash Debug\Obj\port.o"
#        "C:\Users\klasl\Desktop\freertos_dmp2\Flash Debug\Obj\portasm.o"
#        "C:\Users\klasl\Desktop\freertos_dmp2\Flash Debug\Obj\printf2.o"
#        "C:\Users\klasl\Desktop\freertos_dmp2\Flash Debug\Obj\pwm.o"
#        "C:\Users\klasl\Desktop\freertos_dmp2\Flash Debug\Obj\queue.o"
#        "C:\Users\klasl\Desktop\freertos_dmp2\Flash Debug\Obj\reg_test.o"
#        "C:\Users\klasl\Desktop\freertos_dmp2\Flash Debug\Obj\RegTest.o"
#        "C:\Users\klasl\Desktop\freertos_dmp2\Flash
#        Debug\Obj\results_holder.o"
#        "C:\Users\klasl\Desktop\freertos_dmp2\Flash Debug\Obj\start_manager.o"
#        "C:\Users\klasl\Desktop\freertos_dmp2\Flash
#        Debug\Obj\startup_stm32f4xx.o"
#        "C:\Users\klasl\Desktop\freertos_dmp2\Flash Debug\Obj\stm32f4xx_adc.o"
#        "C:\Users\klasl\Desktop\freertos_dmp2\Flash Debug\Obj\stm32f4xx_can.o"
#        "C:\Users\klasl\Desktop\freertos_dmp2\Flash Debug\Obj\stm32f4xx_crc.o"
#        "C:\Users\klasl\Desktop\freertos_dmp2\Flash
#        Debug\Obj\stm32f4xx_cryp.o"
#        "C:\Users\klasl\Desktop\freertos_dmp2\Flash
#        Debug\Obj\stm32f4xx_cryp_aes.o"
#        "C:\Users\klasl\Desktop\freertos_dmp2\Flash
#        Debug\Obj\stm32f4xx_cryp_des.o"
#        "C:\Users\klasl\Desktop\freertos_dmp2\Flash
#        Debug\Obj\stm32f4xx_cryp_tdes.o"
#        "C:\Users\klasl\Desktop\freertos_dmp2\Flash Debug\Obj\stm32f4xx_dac.o"
#        "C:\Users\klasl\Desktop\freertos_dmp2\Flash
#        Debug\Obj\stm32f4xx_dbgmcu.o"
#        "C:\Users\klasl\Desktop\freertos_dmp2\Flash
#        Debug\Obj\stm32f4xx_dcmi.o"
#        "C:\Users\klasl\Desktop\freertos_dmp2\Flash Debug\Obj\stm32f4xx_dma.o"
#        "C:\Users\klasl\Desktop\freertos_dmp2\Flash
#        Debug\Obj\stm32f4xx_exti.o"
#        "C:\Users\klasl\Desktop\freertos_dmp2\Flash
#        Debug\Obj\stm32f4xx_flash.o"
#        "C:\Users\klasl\Desktop\freertos_dmp2\Flash
#        Debug\Obj\stm32f4xx_fsmc.o"
#        "C:\Users\klasl\Desktop\freertos_dmp2\Flash
#        Debug\Obj\stm32f4xx_gpio.o"
#        "C:\Users\klasl\Desktop\freertos_dmp2\Flash
#        Debug\Obj\stm32f4xx_hash.o"
#        "C:\Users\klasl\Desktop\freertos_dmp2\Flash
#        Debug\Obj\stm32f4xx_hash_md5.o"
#        "C:\Users\klasl\Desktop\freertos_dmp2\Flash
#        Debug\Obj\stm32f4xx_hash_sha1.o"
#        "C:\Users\klasl\Desktop\freertos_dmp2\Flash Debug\Obj\stm32f4xx_i2c.o"
#        "C:\Users\klasl\Desktop\freertos_dmp2\Flash Debug\Obj\stm32f4xx_it.o"
#        "C:\Users\klasl\Desktop\freertos_dmp2\Flash
#        Debug\Obj\stm32f4xx_iwdg.o"
#        "C:\Users\klasl\Desktop\freertos_dmp2\Flash Debug\Obj\stm32f4xx_pwr.o"
#        "C:\Users\klasl\Desktop\freertos_dmp2\Flash Debug\Obj\stm32f4xx_rcc.o"
#        "C:\Users\klasl\Desktop\freertos_dmp2\Flash Debug\Obj\stm32f4xx_rng.o"
#        "C:\Users\klasl\Desktop\freertos_dmp2\Flash Debug\Obj\stm32f4xx_rtc.o"
#        "C:\Users\klasl\Desktop\freertos_dmp2\Flash
#        Debug\Obj\stm32f4xx_sdio.o"
#        "C:\Users\klasl\Desktop\freertos_dmp2\Flash Debug\Obj\stm32f4xx_spi.o"
#        "C:\Users\klasl\Desktop\freertos_dmp2\Flash
#        Debug\Obj\stm32f4xx_syscfg.o"
#        "C:\Users\klasl\Desktop\freertos_dmp2\Flash Debug\Obj\stm32f4xx_tim.o"
#        "C:\Users\klasl\Desktop\freertos_dmp2\Flash
#        Debug\Obj\stm32f4xx_usart.o"
#        "C:\Users\klasl\Desktop\freertos_dmp2\Flash
#        Debug\Obj\stm32f4xx_wwdg.o"
#        "C:\Users\klasl\Desktop\freertos_dmp2\Flash
#        Debug\Obj\storage_manager.o"
#        "C:\Users\klasl\Desktop\freertos_dmp2\Flash
#        Debug\Obj\system_stm32f4xx.o"
#        "C:\Users\klasl\Desktop\freertos_dmp2\Flash Debug\Obj\tasks.o"
#        "C:\Users\klasl\Desktop\freertos_dmp2\Flash Debug\Obj\timers.o"
#        "C:\Users\klasl\Desktop\freertos_dmp2\Flash Debug\Obj\uart.o"
#        --redirect _Printf=_PrintfLarge --redirect _Scanf=_ScanfSmall -o
#        "C:\Users\klasl\Desktop\freertos_dmp2\Flash Debug\Exe\RTOSDemo.out"
#        --map "C:\Users\klasl\Desktop\freertos_dmp2\Flash
#        Debug\List\RTOSDemo.map" --config "C:\Program Files (x86)\IAR
#        Systems\Embedded Workbench 7.3_2\arm\config\linker\ST\stm32f407xG.icf"
#        --semihosting --entry __iar_program_start --redirect
#        __iar_sh_stdout=__iar_sh_stdout_swo --vfe
#
###############################################################################

*******************************************************************************
*** MESSAGES
***

Warning[Lt049]: Potential floating point parameter passing conflict. The first
          module below references the second and they have been built with
          different settings.
          AAPCS, base variant: fusion_9axis.o(libmpllib.a)
          AAPCS, VFP variant: C:\Users\klasl\Desktop\freertos_dmp2\Flash
                    Debug\Obj\ml_math_func.o
Warning[Lt049]: Potential floating point parameter passing conflict. The first
          module below references the second and they have been built with
          different settings.
          AAPCS, base variant: fusion_9axis.o(libmpllib.a)
          AAPCS, VFP variant: C:\Users\klasl\Desktop\freertos_dmp2\Flash
                    Debug\Obj\results_holder.o
Warning[Lt049]: Potential floating point parameter passing conflict. The first
          module below references the second and they have been built with
          different settings.
          AAPCS, base variant: fast_no_motion.o(libmpllib.a)
          AAPCS, VFP variant: C:\Users\klasl\Desktop\freertos_dmp2\Flash
                    Debug\Obj\ml_math_func.o
Warning[Lt049]: Potential floating point parameter passing conflict. The first
          module below references the second and they have been built with
          different settings.
          AAPCS, base variant: fast_no_motion.o(libmpllib.a)
          AAPCS, VFP variant: C:\Users\klasl\Desktop\freertos_dmp2\Flash
                    Debug\Obj\results_holder.o
Warning[Lt049]: Potential floating point parameter passing conflict. The first
          module below references the second and they have been built with
          different settings.
          AAPCS, base variant: gyro_tc.o(libmpllib.a)
          AAPCS, VFP variant: C:\Users\klasl\Desktop\freertos_dmp2\Flash
                    Debug\Obj\results_holder.o
Warning[Lt049]: Potential floating point parameter passing conflict. The first
          module below references the second and they have been built with
          different settings.
          AAPCS, base variant: quaternion_supervisor.o(libmpllib.a)
          AAPCS, VFP variant: C:\Users\klasl\Desktop\freertos_dmp2\Flash
                    Debug\Obj\ml_math_func.o
Warning[Lt049]: Potential floating point parameter passing conflict. The first
          module below references the second and they have been built with
          different settings.
          AAPCS, base variant: quaternion_supervisor.o(libmpllib.a)
          AAPCS, VFP variant: C:\Users\klasl\Desktop\freertos_dmp2\Flash
                    Debug\Obj\results_holder.o


*******************************************************************************
*** RUNTIME MODEL ATTRIBUTES
***

CppFlavor                     = *
__Heap_Handler                = DLMalloc
__SystemLibrary               = DLib
__dlib_dynamic_initialization = normal


*******************************************************************************
*** PLACEMENT SUMMARY
***

"A1":  place at 0x08000000 { ro section .intvec };
"P1":  place in [from 0x08000000 to 0x080fffff] { ro };
"P2":  place in [from 0x20000000 to 0x2001ffff] { rw, block CSTACK, block HEAP };

  Section             Kind        Address     Size  Object
  -------             ----        -------     ----  ------
"A1":                                        0x188
  .intvec             ro code  0x08000000    0x188  startup_stm32f4xx.o [1]
                             - 0x08000188    0x188

"P1":                                       0xef17
  .text               ro code  0x08000188   0x14f0  dlmalloc.o [3]
  .text               ro code  0x08001678      0x6  abort.o [3]
  .text               ro code  0x0800167e     0x1a  xsnprout.o [3]
  .text               ro code  0x08001698     0x2c  xgetmemchunk.o [3]
  .text               ro code  0x080016c4     0x14  exit.o [7]
  .text               ro code  0x080016d8   0x1040  inv_mpu.o [1]
  .text               ro code  0x08002718    0x744  i2c.o [1]
  .text               ro code  0x08002e5c    0x104  printf2.o [1]
  .text               ro code  0x08002f60     0x22  freertos_time.o [1]
  .text               ro code  0x08002f82      0xa  xsprout.o [3]
  .text               ro code  0x08002f8c     0x66  ABImemset.o [6]
  .rodata             const    0x08002ff2      0x2  heap_2.o [1]
  .text               ro code  0x08002ff4     0x62  memcmp_unaligned.o [6]
  .rodata             const    0x08003056      0x2  inv_mpu_dmp_motion_driver.o [1]
  .text               ro code  0x08003058    0x188  stm32f4xx_rcc.o [1]
  .text               ro code  0x080031e0     0xf4  stm32f4xx_gpio.o [1]
  .text               ro code  0x080032d4    0x242  stm32f4xx_i2c.o [1]
  .text               ro code  0x08003518    0x13a  stm32f4xx_usart.o [1]
  .text               ro code  0x08003654     0x3c  vsnprint.o [3]
  .text               ro code  0x08003690     0x2c  vsprintf.o [3]
  .text               ro code  0x080036bc    0xb88  tasks.o [1]
  .text               ro code  0x08004244    0xf9a  xprintflarge.o [3]
  .text               ro code  0x080051e0    0x134  heap_2.o [1]
  .text               ro code  0x08005314     0x98  list.o [1]
  .text               ro code  0x080053ac    0x214  port.o [1]
  .text               ro code  0x080055c0    0x3f0  timers.o [1]
  .text               ro code  0x080059b0     0x24  application_hooks.o [1]
  .text               ro code  0x080059d4     0x20  xmbtowc.o [3]
  .text               ro code  0x080059f4     0x16  strchr.o [6]
  .text               ro code  0x08005a0c     0x36  strlen.o [6]
  .text               ro code  0x08005a44     0x58  memchr.o [6]
  .text               ro code  0x08005a9c      0xa  xmbcurmax.o [3]
  .text               ro code  0x08005aa6     0x1a  xwctomb.o [3]
  .text               ro code  0x08005ac0     0x76  ABImemcpy_unaligned.o [6]
  .text               ro code  0x08005b38    0x132  I64DivMod.o [6]
  .text               ro code  0x08005c6c    0x1a2  DblMul.o [5]
  .text               ro code  0x08005e0e     0x42  xdnorm.o [5]
  .text               ro code  0x08005e50     0x2e  DblCmpLe.o [5]
  .text               ro code  0x08005e80    0x256  DblDiv.o [5]
  .text               ro code  0x080060d8     0x58  DblToI32.o [5]
  .text               ro code  0x08006130     0x30  I32ToDbl.o [5]
  .text               ro code  0x08006160    0x180  DblSub.o [5]
  .text               ro code  0x080062e0     0x6c  localeconv.o [3]
  .text               ro code  0x0800634c      0xe  div.o [3]
  CODE                ro code  0x0800635c     0xa8  portasm.o [1]
  .text               ro code  0x08006404    0x6f6  queue.o [1]
  .text               ro code  0x08006afc     0x14  setlocale.o [3]
  .text               ro code  0x08006b10     0x60  xencoding_sb.o [3]
  .text               ro code  0x08006b70      0x2  I64DivZer.o [6]
  .text               ro code  0x08006b74     0xe8  DblAdd.o [5]
  .text               ro code  0x08006c5c      0x2  xtls.o [3]
  .rodata             const    0x08006c60    0xbf8  inv_mpu_dmp_motion_driver.o [1]
  .text               ro code  0x08007858    0xa48  inv_mpu_dmp_motion_driver.o [1]
  .text               ro code  0x080082a0    0xa48  quaternion_supervisor.o [4]
  .text               ro code  0x08008ce8      0xe  S32ToFlt.o [5]
  .text               ro code  0x08008cf6     0x12  FltMul.o [5]
  .text               ro code  0x08008d08     0x12  FltAdd.o [5]
  .text               ro code  0x08008d1c     0x2c  sqrtf.o [5]
  .text               ro code  0x08008d48     0x4e  FltToDbl.o [5]
  .text               ro code  0x08008d98     0x2e  DblCmpGe.o [5]
  .text               ro code  0x08008dc6     0x12  FltDiv.o [5]
  .text               ro code  0x08008dd8    0x6d2  ml_math_func.o [1]
  .text               ro code  0x080094ac     0x24  FltCmpLe.o [5]
  .text               ro code  0x080094d0      0xe  FltToS32.o [5]
  .text               ro code  0x080094de      0xc  memcpy.o [3]
  .text               ro code  0x080094ea     0x12  FltSub.o [5]
  .text               ro code  0x080094fc     0x24  FltCmpGe.o [5]
  .text               ro code  0x08009520    0x7c8  data_builder.o [1]
  .text               ro code  0x08009ce8     0x12  cosf.o [5]
  .text               ro code  0x08009cfa     0x12  sinf.o [5]
  .text               ro code  0x08009d0c    0x288  results_holder.o [1]
  .text               ro code  0x08009f94     0x14  memset.o [3]
  .text               ro code  0x08009fa8     0x68  start_manager.o [1]
  .text               ro code  0x0800a010      0xc  iarEdom.o [6]
  .text               ro code  0x0800a01c     0x6a  atan2f.o [5]
  .text               ro code  0x0800a088     0xa4  storage_manager.o [1]
  .text               ro code  0x0800a12c     0x20  message_layer.o [1]
  .text               ro code  0x0800a14c    0x16c  xfsin.o [5]
  .text               ro code  0x0800a2b8      0xc  errno.o [3]
  .text               ro code  0x0800a2c4     0xa4  xatanf.o [5]
  .text               ro code  0x0800a368     0xec  xfquad.o [5]
  .text               ro code  0x0800a454     0x4e  xfdint.o [5]
  .text               ro code  0x0800a4a4     0xe6  fmodf.o [5]
  .text               ro code  0x0800a58c    0xa44  fast_no_motion.o [4]
  .text               ro code  0x0800afd0     0x62  I64ToFlt.o [5]
  .text               ro code  0x0800b034     0x76  FltToS64.o [5]
  .text               ro code  0x0800b0ac     0x22  S64Shr.o [6]
  .text               ro code  0x0800b0d0     0x22  I64Shl.o [6]
  .text               ro code  0x0800b0f2      0x8  abs.o [3]
  .rodata             const    0x0800b0fc     0x44  mpl.o [1]
  .text               ro code  0x0800b140    0x8c0  pow.o [5]
  .text               ro code  0x0800ba00     0x7a  xdint.o [5]
  .text               ro code  0x0800ba7c     0x20  DblCmpEq.o [5]
  .text               ro code  0x0800ba9c     0xb0  xlog.o [5]
  .text               ro code  0x0800bb4c    0x2c6  xexp.o [5]
  .text               ro code  0x0800be12     0x40  xdtest.o [5]
  .text               ro code  0x0800be54    0x114  xdscale.o [5]
  .text               ro code  0x0800bf68    0x69c  fusion_9axis.o [4]
  .text               ro code  0x0800c604      0xc  memmove.o [6]
  .text               ro code  0x0800c610     0x1c  FltCmpEq.o [5]
  .text               ro code  0x0800c62c     0x90  DblToFlt.o [5]
  .text               ro code  0x0800c6bc      0xc  mag_disturb.o [4]
  .text               ro code  0x0800c6c8     0x78  ABImemmove_unaligned.o [6]
  .text               ro code  0x0800c740    0x484  stm32f4xx_tim.o [1]
  .text               ro code  0x0800cbc4    0x474  gyro_tc.o [4]
  .text               ro code  0x0800d038      0x6  ABImemclr4.o [6]
  .text               ro code  0x0800d040     0x32  ABImemset48.o [6]
  .text               ro code  0x0800d074    0x3e0  motors.o [1]
  .text               ro code  0x0800d454    0x114  esc.o [1]
  .text               ro code  0x0800d568     0xbc  pid.o [1]
  .text               ro code  0x0800d624    0x364  pwm.o [1]
  .text               ro code  0x0800d988     0x80  misc.o [1]
  CODE                ro code  0x0800da08    0x3d4  RegTest.o [1]
  .text               ro code  0x0800dddc    0x384  eMPL_outputs.o [1]
  .text               ro code  0x0800e160    0x31c  imu.o [1]
  .text               ro code  0x0800e47c     0x90  mpl.o [1]
  .text               ro code  0x0800e50c    0x1fc  system_stm32f4xx.o [1]
  .text               ro code  0x0800e708    0x1cc  stm32f4xx_it.o [1]
  .text               ro code  0x0800e8d4     0xa0  stm32f4xx_exti.o [1]
  .text               ro code  0x0800e974     0xc0  main.o [1]
  .text               ro code  0x0800ea34      0xc  stm32f4xx_pwr.o [1]
  .text               ro code  0x0800ea40     0x80  gpio.o [1]
  .text               ro code  0x0800eac0     0x54  stm32f4xx_syscfg.o [1]
  .text               ro code  0x0800eb14     0x40  zero_init3.o [6]
  .text               ro code  0x0800eb54     0x38  packbits_init_single.o [6]
  .rodata             const    0x0800eb8c     0x28  inv_mpu.o [1]
  .text               ro code  0x0800ebb4     0x28  data_init.o [6]
  .text               ro code  0x0800ebdc     0x22  fpinit_M.o [5]
  .iar.init_table     const    0x0800ec00     0x20  - Linker created -
  .rodata             const    0x0800ec20     0x20  imu.o [1]
  .rodata             const    0x0800ec40     0x20  inv_mpu.o [1]
  .rodata             const    0x0800ec60     0x1c  imu.o [1]
  .rodata             const    0x0800ec7c     0x1c  imu.o [1]
  .text               ro code  0x0800ec98     0x1a  cmain.o [6]
  .text               ro code  0x0800ecb2      0x4  low_level_init.o [3]
  .text               ro code  0x0800ecb6      0x4  exit.o [3]
  .text               ro code  0x0800ecbc      0xa  cexit.o [6]
  .rodata             const    0x0800ecc8     0x18  motors.o [1]
  .rodata             const    0x0800ece0     0x14  imu.o [1]
  .rodata             const    0x0800ecf4     0x14  imu.o [1]
  .rodata             const    0x0800ed08     0x14  imu.o [1]
  .rodata             const    0x0800ed1c     0x14  motors.o [1]
  .rodata             const    0x0800ed30     0x14  motors.o [1]
  .rodata             const    0x0800ed44     0x10  imu.o [1]
  .rodata             const    0x0800ed54     0x10  main.o [1]
  .rodata             const    0x0800ed64     0x10  motors.o [1]
  .rodata             const    0x0800ed74     0x10  motors.o [1]
  .rodata             const    0x0800ed84     0x10  motors.o [1]
  .rodata             const    0x0800ed94     0x10  mpl.o [1]
  .rodata             const    0x0800eda4     0x10  mpl.o [1]
  .rodata             const    0x0800edb4     0x10  pwm.o [1]
  .rodata             const    0x0800edc4     0x10  pwm.o [1]
  .text               ro code  0x0800edd4     0x10  startup_stm32f4xx.o [1]
  .rodata             const    0x0800ede4      0xc  esc.o [1]
  .rodata             const    0x0800edf0      0xc  imu.o [1]
  .rodata             const    0x0800edfc      0xc  imu.o [1]
  .rodata             const    0x0800ee08      0xc  inv_mpu.o [1]
  .rodata             const    0x0800ee14      0xc  inv_mpu_dmp_motion_driver.o [1]
  .rodata             const    0x0800ee20      0xc  inv_mpu_dmp_motion_driver.o [1]
  .rodata             const    0x0800ee2c      0xc  inv_mpu_dmp_motion_driver.o [1]
  .rodata             const    0x0800ee38      0xc  main.o [1]
  .rodata             const    0x0800ee44      0xc  main.o [1]
  .rodata             const    0x0800ee50      0xc  main.o [1]
  .rodata             const    0x0800ee5c      0xc  motors.o [1]
  .rodata             const    0x0800ee68      0xc  motors.o [1]
  .rodata             const    0x0800ee74      0xc  motors.o [1]
  .text               ro code  0x0800ee80      0xc  cstartup_M.o [6]
  .rodata             const    0x0800ee8c      0x8  tasks.o [1]
  .rodata             const    0x0800ee94      0x8  timers.o [1]
  .rodata             const    0x0800ee9c      0x8  timers.o [1]
  .rodata             const    0x0800eea4      0x4  inv_mpu_dmp_motion_driver.o [1]
  .rodata             const    0x0800eea8      0x4  inv_mpu_dmp_motion_driver.o [1]
  .rodata             const    0x0800eeac      0x4  inv_mpu_dmp_motion_driver.o [1]
  .rodata             const    0x0800eeb0      0x4  inv_mpu_dmp_motion_driver.o [1]
  .rodata             const    0x0800eeb4      0x4  port.o [1]
  .text               ro code  0x0800eeb8      0x4  startup_stm32f4xx.o [1]
  .text               ro code  0x0800eebc      0x4  startup_stm32f4xx.o [1]
  .text               ro code  0x0800eec0      0x4  startup_stm32f4xx.o [1]
  .text               ro code  0x0800eec4      0x4  startup_stm32f4xx.o [1]
  .text               ro code  0x0800eec8      0x4  startup_stm32f4xx.o [1]
  .text               ro code  0x0800eecc      0x4  startup_stm32f4xx.o [1]
  .text               ro code  0x0800eed0      0x4  startup_stm32f4xx.o [1]
  .text               ro code  0x0800eed4      0x4  startup_stm32f4xx.o [1]
  .text               ro code  0x0800eed8      0x4  startup_stm32f4xx.o [1]
  .text               ro code  0x0800eedc      0x4  startup_stm32f4xx.o [1]
  .text               ro code  0x0800eee0      0x4  startup_stm32f4xx.o [1]
  .text               ro code  0x0800eee4      0x4  startup_stm32f4xx.o [1]
  .text               ro code  0x0800eee8      0x4  startup_stm32f4xx.o [1]
  .text               ro code  0x0800eeec      0x4  startup_stm32f4xx.o [1]
  .text               ro code  0x0800eef0      0x4  startup_stm32f4xx.o [1]
  .text               ro code  0x0800eef4      0x4  startup_stm32f4xx.o [1]
  .text               ro code  0x0800eef8      0x4  startup_stm32f4xx.o [1]
  .text               ro code  0x0800eefc      0x4  startup_stm32f4xx.o [1]
  .text               ro code  0x0800ef00      0x4  startup_stm32f4xx.o [1]
  .text               ro code  0x0800ef04      0x4  startup_stm32f4xx.o [1]
  .text               ro code  0x0800ef08      0x4  startup_stm32f4xx.o [1]
  .text               ro code  0x0800ef0c      0x4  startup_stm32f4xx.o [1]
  .text               ro code  0x0800ef10      0x4  startup_stm32f4xx.o [1]
  .text               ro code  0x0800ef14      0x4  startup_stm32f4xx.o [1]
  .text               ro code  0x0800ef18      0x4  startup_stm32f4xx.o [1]
  .text               ro code  0x0800ef1c      0x4  startup_stm32f4xx.o [1]
  .text               ro code  0x0800ef20      0x4  startup_stm32f4xx.o [1]
  .text               ro code  0x0800ef24      0x4  startup_stm32f4xx.o [1]
  .text               ro code  0x0800ef28      0x4  startup_stm32f4xx.o [1]
  .text               ro code  0x0800ef2c      0x4  startup_stm32f4xx.o [1]
  .text               ro code  0x0800ef30      0x4  startup_stm32f4xx.o [1]
  .text               ro code  0x0800ef34      0x4  startup_stm32f4xx.o [1]
  .text               ro code  0x0800ef38      0x4  startup_stm32f4xx.o [1]
  .text               ro code  0x0800ef3c      0x4  startup_stm32f4xx.o [1]
  .text               ro code  0x0800ef40      0x4  startup_stm32f4xx.o [1]
  .text               ro code  0x0800ef44      0x4  startup_stm32f4xx.o [1]
  .text               ro code  0x0800ef48      0x4  startup_stm32f4xx.o [1]
  .text               ro code  0x0800ef4c      0x4  startup_stm32f4xx.o [1]
  .text               ro code  0x0800ef50      0x4  startup_stm32f4xx.o [1]
  .text               ro code  0x0800ef54      0x4  startup_stm32f4xx.o [1]
  .text               ro code  0x0800ef58      0x4  startup_stm32f4xx.o [1]
  .text               ro code  0x0800ef5c      0x4  startup_stm32f4xx.o [1]
  .text               ro code  0x0800ef60      0x4  startup_stm32f4xx.o [1]
  .text               ro code  0x0800ef64      0x4  startup_stm32f4xx.o [1]
  .text               ro code  0x0800ef68      0x4  startup_stm32f4xx.o [1]
  .text               ro code  0x0800ef6c      0x4  startup_stm32f4xx.o [1]
  .text               ro code  0x0800ef70      0x4  startup_stm32f4xx.o [1]
  .text               ro code  0x0800ef74      0x4  startup_stm32f4xx.o [1]
  .text               ro code  0x0800ef78      0x4  startup_stm32f4xx.o [1]
  .text               ro code  0x0800ef7c      0x4  startup_stm32f4xx.o [1]
  .text               ro code  0x0800ef80      0x4  startup_stm32f4xx.o [1]
  .text               ro code  0x0800ef84      0x4  startup_stm32f4xx.o [1]
  .text               ro code  0x0800ef88      0x4  startup_stm32f4xx.o [1]
  .text               ro code  0x0800ef8c      0x4  startup_stm32f4xx.o [1]
  .text               ro code  0x0800ef90      0x4  startup_stm32f4xx.o [1]
  .text               ro code  0x0800ef94      0x4  startup_stm32f4xx.o [1]
  .text               ro code  0x0800ef98      0x4  startup_stm32f4xx.o [1]
  .text               ro code  0x0800ef9c      0x4  startup_stm32f4xx.o [1]
  .text               ro code  0x0800efa0      0x4  startup_stm32f4xx.o [1]
  .text               ro code  0x0800efa4      0x4  startup_stm32f4xx.o [1]
  .text               ro code  0x0800efa8      0x4  startup_stm32f4xx.o [1]
  .text               ro code  0x0800efac      0x4  startup_stm32f4xx.o [1]
  .text               ro code  0x0800efb0      0x4  startup_stm32f4xx.o [1]
  .text               ro code  0x0800efb4      0x4  startup_stm32f4xx.o [1]
  .text               ro code  0x0800efb8      0x4  startup_stm32f4xx.o [1]
  .text               ro code  0x0800efbc      0x4  startup_stm32f4xx.o [1]
  .text               ro code  0x0800efc0      0x4  startup_stm32f4xx.o [1]
  .text               ro code  0x0800efc4      0x4  startup_stm32f4xx.o [1]
  .text               ro code  0x0800efc8      0x4  startup_stm32f4xx.o [1]
  .text               ro code  0x0800efcc      0x4  startup_stm32f4xx.o [1]
  .text               ro code  0x0800efd0      0x4  startup_stm32f4xx.o [1]
  .text               ro code  0x0800efd4      0x4  startup_stm32f4xx.o [1]
  .text               ro code  0x0800efd8      0x4  startup_stm32f4xx.o [1]
  .text               ro code  0x0800efdc      0x4  startup_stm32f4xx.o [1]
  .text               ro code  0x0800efe0      0x4  startup_stm32f4xx.o [1]
  .text               ro code  0x0800efe4      0x4  startup_stm32f4xx.o [1]
  .text               ro code  0x0800efe8      0x4  startup_stm32f4xx.o [1]
  .text               ro code  0x0800efec      0x4  startup_stm32f4xx.o [1]
  .text               ro code  0x0800eff0      0x4  startup_stm32f4xx.o [1]
  .text               ro code  0x0800eff4      0x4  startup_stm32f4xx.o [1]
  .text               ro code  0x0800eff8      0x4  startup_stm32f4xx.o [1]
  .text               ro code  0x0800effc      0x4  startup_stm32f4xx.o [1]
  .text               ro code  0x0800f000      0x4  startup_stm32f4xx.o [1]
  .text               ro code  0x0800f004      0x4  startup_stm32f4xx.o [1]
  .text               ro code  0x0800f008      0x4  startup_stm32f4xx.o [1]
  .text               ro code  0x0800f00c      0x4  startup_stm32f4xx.o [1]
  .text               ro code  0x0800f010      0x4  startup_stm32f4xx.o [1]
  .text               ro code  0x0800f014      0x4  startup_stm32f4xx.o [1]
  .text               ro code  0x0800f018      0x4  startup_stm32f4xx.o [1]
  .text               ro code  0x0800f01c      0x4  startup_stm32f4xx.o [1]
  .text               ro code  0x0800f020      0x4  startup_stm32f4xx.o [1]
  .rodata             const    0x0800f024      0x0  zero_init3.o [6]
  .rodata             const    0x0800f024      0x0  packbits_init_single.o [6]
  Initializer bytes   const    0x0800f024     0x7b  <for P2-1>
                             - 0x0800f09f   0xef17

"P2", part 1 of 3:                           0x1ca
  P2-1                         0x20000000    0x1ca  <Init block>
    .data             inited   0x20000000      0x4  heap_2.o [1]
    .data             inited   0x20000004      0x4  imu.o [1]
    .data             inited   0x20000008      0xc  imu.o [1]
    .data             inited   0x20000014     0x2c  inv_mpu.o [1]
    .data             inited   0x20000040     0x20  motors.o [1]
    .data             inited   0x20000060     0x20  motors.o [1]
    .data             inited   0x20000080     0x20  motors.o [1]
    .data             inited   0x200000a0      0x4  port.o [1]
    .data             inited   0x200000a4     0x10  stm32f4xx_rcc.o [1]
    .data             inited   0x200000b4      0x4  system_stm32f4xx.o [1]
    .data             inited   0x200000b8     0x10  system_stm32f4xx.o [1]
    __DLIB_PERTHREAD  inited   0x200000c8      0x4  errno.o [3]
    __DLIB_PERTHREAD  inited   0x200000cc     0x88  localeconv.o [3]
    __DLIB_PERTHREAD  inited   0x20000154     0x74  setlocale.o [3]
    .data             inited   0x200001c8      0x2  i2c.o [1]
                             - 0x200001ca    0x1ca

"P2", part 2 of 3:                          0x4000
  CSTACK                       0x200001d0   0x2000  <Block>
    CSTACK            uninit   0x200001d0   0x2000  <Block tail>
  HEAP                         0x200021d0   0x2000  <Block>
    HEAP              uninit   0x200021d0   0x2000  <Block tail>
                             - 0x200041d0   0x4000

"P2", part 3 of 3:                         0x13cb0
  .bss                zero     0x200041d0  0x12c00  heap_2.o [1]
  .bss                zero     0x20016dd0    0x260  fast_no_motion.o [4]
  .bss                zero     0x20017030    0x1d8  dlmalloc.o [3]
  .bss                zero     0x20017208    0x1c4  gyro_tc.o [4]
  .bss                zero     0x200173cc    0x198  data_builder.o [1]
  .bss                zero     0x20017564    0x198  storage_manager.o [1]
  .bss                zero     0x200176fc    0x140  data_builder.o [1]
  .bss                zero     0x2001783c    0x138  fusion_9axis.o [4]
  .bss                zero     0x20017974     0xb8  mag_disturb.o [4]
  .bss                zero     0x20017a2c     0x88  results_holder.o [1]
  .bss                zero     0x20017ab4     0x6c  quaternion_supervisor.o [4]
  .bss                zero     0x20017b20     0x64  tasks.o [1]
  .bss                zero     0x20017b84     0x54  start_manager.o [1]
  .bss                zero     0x20017bd8     0x40  queue.o [1]
  .bss                zero     0x20017c18     0x40  fast_no_motion.o [4]
  .bss                zero     0x20017c58     0x28  eMPL_outputs.o [1]
  .bss                zero     0x20017c80     0x24  imu.o [1]
  .bss                zero     0x20017ca4     0x1c  imu.o [1]
  .bss                zero     0x20017cc0     0x1c  motors.o [1]
  .bss                zero     0x20017cdc     0x18  dlmalloc.o [3]
  .bss                zero     0x20017cf4     0x14  tasks.o [1]
  .bss                zero     0x20017d08     0x14  tasks.o [1]
  .bss                zero     0x20017d1c     0x14  tasks.o [1]
  .bss                zero     0x20017d30     0x14  tasks.o [1]
  .bss                zero     0x20017d44     0x14  tasks.o [1]
  .bss                zero     0x20017d58     0x14  timers.o [1]
  .bss                zero     0x20017d6c     0x14  timers.o [1]
  .bss                zero     0x20017d80     0x10  inv_mpu_dmp_motion_driver.o [1]
  .bss                zero     0x20017d90     0x10  motors.o [1]
  .bss                zero     0x20017da0     0x10  motors.o [1]
  .bss                zero     0x20017db0     0x10  motors.o [1]
  .bss                zero     0x20017dc0     0x10  motors.o [1]
  .bss                zero     0x20017dd0      0x8  heap_2.o [1]
  .bss                zero     0x20017dd8      0x8  heap_2.o [1]
  .bss                zero     0x20017de0      0x4  heap_2.o [1]
  .bss                zero     0x20017de4      0x4  imu.o [1]
  .bss                zero     0x20017de8      0x4  imu.o [1]
  .bss                zero     0x20017dec      0x4  imu.o [1]
  .bss                zero     0x20017df0      0x4  imu.o [1]
  .bss                zero     0x20017df4      0x4  message_layer.o [1]
  .bss                zero     0x20017df8      0x4  motors.o [1]
  .bss                zero     0x20017dfc      0x4  port.o [1]
  .bss                zero     0x20017e00      0x4  reg_test.o [1]
  .bss                zero     0x20017e04      0x4  reg_test.o [1]
  .bss                zero     0x20017e08      0x4  stm32f4xx_it.o [1]
  .bss                zero     0x20017e0c      0x4  stm32f4xx_it.o [1]
  .bss                zero     0x20017e10      0x4  stm32f4xx_it.o [1]
  .bss                zero     0x20017e14      0x4  stm32f4xx_it.o [1]
  .bss                zero     0x20017e18      0x4  stm32f4xx_it.o [1]
  .bss                zero     0x20017e1c      0x4  stm32f4xx_it.o [1]
  .bss                zero     0x20017e20      0x4  stm32f4xx_it.o [1]
  .bss                zero     0x20017e24      0x4  tasks.o [1]
  .bss                zero     0x20017e28      0x4  tasks.o [1]
  .bss                zero     0x20017e2c      0x4  tasks.o [1]
  .bss                zero     0x20017e30      0x4  tasks.o [1]
  .bss                zero     0x20017e34      0x4  tasks.o [1]
  .bss                zero     0x20017e38      0x4  tasks.o [1]
  .bss                zero     0x20017e3c      0x4  tasks.o [1]
  .bss                zero     0x20017e40      0x4  tasks.o [1]
  .bss                zero     0x20017e44      0x4  tasks.o [1]
  .bss                zero     0x20017e48      0x4  tasks.o [1]
  .bss                zero     0x20017e4c      0x4  tasks.o [1]
  .bss                zero     0x20017e50      0x4  tasks.o [1]
  .bss                zero     0x20017e54      0x4  tasks.o [1]
  .bss                zero     0x20017e58      0x4  tasks.o [1]
  .bss                zero     0x20017e5c      0x4  tasks.o [1]
  .bss                zero     0x20017e60      0x4  timers.o [1]
  .bss                zero     0x20017e64      0x4  timers.o [1]
  .bss                zero     0x20017e68      0x4  timers.o [1]
  .bss                zero     0x20017e6c      0x4  timers.o [1]
  .bss                zero     0x20017e70      0x4  timers.o [1]
  .bss                zero     0x20017e74      0x4  xgetmemchunk.o [3]
  .bss                zero     0x20017e78      0x2  stm32f4xx_it.o [1]
  .bss                zero     0x20017e7a      0x2  stm32f4xx_it.o [1]
  .bss                zero     0x20017e7c      0x1  port.o [1]
                             - 0x20017e7d  0x13cad


*******************************************************************************
*** INIT TABLE
***

          Address     Size
          -------     ----
Zero (__iar_zero_init3)
    1 destination range, total size 0x13cad:
          0x200041d0  0x13cad

Copy/packbits (__iar_packbits_init_single3)
    1 source range, total size 0x7b (26% of destination):
          0x0800f024     0x7b
    1 destination range, total size 0x1ca:
          0x20000000    0x1ca



*******************************************************************************
*** MODULE SUMMARY
***

    Module                       ro code  ro data  rw data
    ------                       -------  -------  -------
C:\Users\klasl\Desktop\freertos_dmp2\Flash Debug\Obj: [1]
    RegTest.o                        980
    application_hooks.o               36
    data_builder.o                 1 992               728
    eMPL_outputs.o                   900                40
    esc.o                            276       12
    freertos_time.o                   34
    gpio.o                           128
    heap_2.o                         308        3   76 824
    i2c.o                          1 860        1        2
    imu.o                            796      192       96
    inv_mpu.o                      4 160       96       44
    inv_mpu_dmp_motion_driver.o    2 632    3 118       16
    list.o                           152
    main.o                           192       52
    message_layer.o                   32                 4
    misc.o                           128
    ml_math_func.o                 1 746
    motors.o                         992      173      192
    mpl.o                            144      100
    pid.o                            188
    port.o                           532        6        9
    portasm.o                        168
    printf2.o                        260
    pwm.o                            868       32
    queue.o                        1 782                64
    reg_test.o                                           8
    results_holder.o                 648               136
    start_manager.o                  104                84
    startup_stm32f4xx.o              772
    stm32f4xx_exti.o                 160
    stm32f4xx_gpio.o                 244
    stm32f4xx_i2c.o                  578
    stm32f4xx_it.o                   460                32
    stm32f4xx_pwr.o                   12
    stm32f4xx_rcc.o                  392        4       16
    stm32f4xx_syscfg.o                84
    stm32f4xx_tim.o                1 156
    stm32f4xx_usart.o                314
    storage_manager.o                164               408
    system_stm32f4xx.o               508        5       20
    tasks.o                        2 952        8      260
    timers.o                       1 008       16       60
    ------------------------------------------------------
    Total:                        30 842    3 818   79 043

command line: [2]
    ------------------------------------------------------
    Total:

dl7M_tlf.a: [3]
    abort.o                            6
    abs.o                              8
    div.o                             14
    dlmalloc.o                     5 360               496
    errno.o                           12        1        4
    exit.o                             4
    localeconv.o                     108       37      136
    low_level_init.o                   4
    memcpy.o                          12
    memset.o                          20
    setlocale.o                       20       31      116
    vsnprint.o                        60
    vsprintf.o                        44
    xencoding_sb.o                    96
    xgetmemchunk.o                    44                 4
    xmbcurmax.o                       10
    xmbtowc.o                         32
    xprintflarge.o                 3 994
    xsnprout.o                        26
    xsprout.o                         10
    xtls.o                             2
    xwctomb.o                         26
    ------------------------------------------------------
    Total:                         9 912       69      756

libmpllib.a: [4]
    fast_no_motion.o               2 628               672
    fusion_9axis.o                 1 692               312
    gyro_tc.o                      1 140               452
    mag_disturb.o                     12               184
    quaternion_supervisor.o        2 632               108
    ------------------------------------------------------
    Total:                         8 104             1 728

m7M_tls.a: [5]
    DblAdd.o                         232
    DblCmpEq.o                        32
    DblCmpGe.o                        46
    DblCmpLe.o                        46
    DblDiv.o                         598
    DblMul.o                         418
    DblSub.o                         384
    DblToFlt.o                       144
    DblToI32.o                        88
    FltAdd.o                          18
    FltCmpEq.o                        28
    FltCmpGe.o                        36
    FltCmpLe.o                        36
    FltDiv.o                          18
    FltMul.o                          18
    FltSub.o                          18
    FltToDbl.o                        78
    FltToS32.o                        14
    FltToS64.o                       118
    I32ToDbl.o                        48
    I64ToFlt.o                        98
    S32ToFlt.o                        14
    atan2f.o                         106
    cosf.o                            18
    fmodf.o                          230
    fpinit_M.o                        34
    pow.o                          2 240
    sinf.o                            18
    sqrtf.o                           44
    xatanf.o                         164
    xdint.o                          122
    xdnorm.o                          66
    xdscale.o                        276
    xdtest.o                          64
    xexp.o                           710
    xfdint.o                          78
    xfquad.o                         236
    xfsin.o                          364
    xlog.o                           176
    ------------------------------------------------------
    Total:                         7 476

rt7M_tl.a: [6]
    ABImemclr4.o                       6
    ABImemcpy_unaligned.o            118
    ABImemmove_unaligned.o           120
    ABImemset.o                      102
    ABImemset48.o                     50
    I64DivMod.o                      306
    I64DivZer.o                        2
    I64Shl.o                          34
    S64Shr.o                          34
    cexit.o                           10
    cmain.o                           26
    cstartup_M.o                      12
    data_init.o                       40
    iarEdom.o                         12
    memchr.o                          88
    memcmp_unaligned.o                98
    memmove.o                         12
    packbits_init_single.o            56
    strchr.o                          22
    strlen.o                          54
    zero_init3.o                      64
    ------------------------------------------------------
    Total:                         1 266

shb_l.a: [7]
    exit.o                            20
    ------------------------------------------------------
    Total:                            20

    Gaps                              52        8
    Linker created                             32   16 384
----------------------------------------------------------
    Grand Total:                  57 672    3 927   97 911


*******************************************************************************
*** ENTRY LIST
***

Entry                      Address     Size  Type      Object
-----                      -------     ----  ----      ------
.iar.init_table$$Base   0x0800ec00            --   Gb  - Linker created -
.iar.init_table$$Limit  0x0800ec20            --   Gb  - Linker created -
?main                   0x0800ec99           Code  Gb  cmain.o [6]
AHBPrescTable           0x200000b8     0x10  Data  Gb  system_stm32f4xx.o [1]
APBAHBPrescTable        0x200000a4     0x10  Data  Lc  stm32f4xx_rcc.o [1]
BusFault_Handler        0x0800e70f      0x2  Code  Gb  stm32f4xx_it.o [1]
CSTACK$$Base            0x200001d0            --   Gb  - Linker created -
CSTACK$$Limit           0x200021d0            --   Gb  - Linker created -
DebugMon_Handler        0x0800e713      0x2  Code  Gb  stm32f4xx_it.o [1]
DutyCycle               0x20017e7a      0x2  Data  Gb  stm32f4xx_it.o [1]
EXTI4_IRQHandler        0x0800e771      0xe  Code  Gb  stm32f4xx_it.o [1]
EXTI_ClearITPendingBit  0x0800e95b      0x6  Code  Gb  stm32f4xx_exti.o [1]
EXTI_Init               0x0800e8d5     0x86  Code  Gb  stm32f4xx_exti.o [1]
Frequency               0x20017e08      0x4  Data  Gb  stm32f4xx_it.o [1]
GPIO_Init               0x080031e1     0xa4  Code  Gb  stm32f4xx_gpio.o [1]
GPIO_PinAFConfig        0x08003285     0x50  Code  Gb  stm32f4xx_gpio.o [1]
Get_I2C_Retry           0x08002e2b      0x6  Code  Gb  i2c.o [1]
HEAP$$Base              0x200021d0            --   Gb  - Linker created -
HEAP$$Limit             0x200041d0            --   Gb  - Linker created -
HardFault_Handler       0x0800e70b      0x2  Code  Gb  stm32f4xx_it.o [1]
I2C_AcknowledgeConfig   0x0800346f     0x1c  Code  Gb  stm32f4xx_i2c.o [1]
I2C_ClearFlag           0x0800350b      0xc  Code  Gb  stm32f4xx_i2c.o [1]
I2C_Cmd                 0x08003405     0x1c  Code  Gb  stm32f4xx_i2c.o [1]
I2C_DeInit              0x080032d5     0x56  Code  Gb  stm32f4xx_i2c.o [1]
I2C_GenerateSTART       0x08003421     0x1c  Code  Gb  stm32f4xx_i2c.o [1]
I2C_GenerateSTOP        0x0800343d     0x1c  Code  Gb  stm32f4xx_i2c.o [1]
I2C_GetFlagStatus       0x080034c9     0x42  Code  Gb  stm32f4xx_i2c.o [1]
I2C_Init                0x0800332b     0xc0  Code  Gb  stm32f4xx_i2c.o [1]
I2C_ReadRegister        0x080034b1     0x18  Code  Gb  stm32f4xx_i2c.o [1]
I2C_ReceiveData         0x080034ab      0x6  Code  Gb  stm32f4xx_i2c.o [1]
I2C_Send7bitAddress     0x08003459     0x16  Code  Gb  stm32f4xx_i2c.o [1]
I2C_SendData            0x080034a5      0x6  Code  Gb  stm32f4xx_i2c.o [1]
I2C_SoftwareResetCmd    0x0800348b     0x1a  Code  Gb  stm32f4xx_i2c.o [1]
I2Cx_TIMEOUT_UserCallback
                        0x080027c9     0x6e  Code  Lc  i2c.o [1]
IC2Value                0x20017e78      0x2  Data  Gb  stm32f4xx_it.o [1]
LoadInt                 0x08004887     0x6e  Code  Lc  xprintflarge.o [3]
MemManage_Handler       0x0800e70d      0x2  Code  Gb  stm32f4xx_it.o [1]
NMI_Handler             0x0800e709      0x2  Code  Gb  stm32f4xx_it.o [1]
NVIC_Init               0x0800d993     0x60  Code  Gb  misc.o [1]
NVIC_PriorityGroupConfig
                        0x0800d989      0xa  Code  Gb  misc.o [1]
PWR_BackupAccessCmd     0x0800ea35      0x8  Code  Gb  stm32f4xx_pwr.o [1]
PendSV_Handler          0x0800635d           Code  Gb  portasm.o [1]
RCC_AHB1PeriphClockCmd  0x08003139     0x20  Code  Gb  stm32f4xx_rcc.o [1]
RCC_APB1PeriphClockCmd  0x08003159     0x20  Code  Gb  stm32f4xx_rcc.o [1]
RCC_APB1PeriphResetCmd  0x08003199     0x20  Code  Gb  stm32f4xx_rcc.o [1]
RCC_APB2PeriphClockCmd  0x08003179     0x20  Code  Gb  stm32f4xx_rcc.o [1]
RCC_BackupResetCmd      0x08003131      0x8  Code  Gb  stm32f4xx_rcc.o [1]
RCC_GetClocksFreq       0x08003059     0xd8  Code  Gb  stm32f4xx_rcc.o [1]
RETRY_IN_MLSEC          0x200001c8      0x2  Data  Lc  i2c.o [1]
Region$$Table$$Base     0x0800ec00            --   Gb  - Linker created -
Region$$Table$$Limit    0x0800ec20            --   Gb  - Linker created -
ST_Sensors_I2C_ReadRegister
                        0x08002a55    0x3d6  Code  Gb  i2c.o [1]
ST_Sensors_I2C_WriteRegister
                        0x080028e7    0x16e  Code  Gb  i2c.o [1]
SVC_Handler             0x080063b5           Code  Gb  portasm.o [1]
SYSCFG_EXTILineConfig   0x0800eac1     0x4e  Code  Gb  stm32f4xx_syscfg.o [1]
Sensors_I2C_ReadRegister
                        0x0800288f     0x58  Code  Gb  i2c.o [1]
Sensors_I2C_WriteRegister
                        0x08002837     0x58  Code  Gb  i2c.o [1]
SetSysClock             0x0800e5f9     0xce  Code  Lc  system_stm32f4xx.o [1]
SysTick_Handler         0x08005503     0x28  Code  Gb  port.o [1]
SystemCoreClock         0x200000b4      0x4  Data  Gb  system_stm32f4xx.o [1]
SystemCoreClockUpdate   0x0800e55f     0x9a  Code  Gb  system_stm32f4xx.o [1]
SystemInit              0x0800e50d     0x52  Code  Gb  system_stm32f4xx.o [1]
TI1_Config              0x0800cb57     0x34  Code  Lc  stm32f4xx_tim.o [1]
TI2_Config              0x0800cb8b     0x3a  Code  Lc  stm32f4xx_tim.o [1]
TIM2_IRQHandler         0x0800e77f     0x96  Code  Gb  stm32f4xx_it.o [1]
TIM4_IRQHandler         0x0800e715     0x5c  Code  Gb  stm32f4xx_it.o [1]
TIM5_IRQHandler         0x0800e815     0x8e  Code  Gb  stm32f4xx_it.o [1]
TIM_ARRPreloadConfig    0x0800c7a9     0x1c  Code  Gb  stm32f4xx_tim.o [1]
TIM_ClearITPendingBit   0x0800cb1b      0x8  Code  Gb  stm32f4xx_tim.o [1]
TIM_Cmd                 0x0800c7c5     0x1c  Code  Gb  stm32f4xx_tim.o [1]
TIM_GetCapture1         0x0800caad      0x4  Code  Gb  stm32f4xx_tim.o [1]
TIM_GetCapture2         0x0800cab1      0x4  Code  Gb  stm32f4xx_tim.o [1]
TIM_GetITStatus         0x0800caf3     0x28  Code  Gb  stm32f4xx_tim.o [1]
TIM_ITConfig            0x0800cadb     0x18  Code  Gb  stm32f4xx_tim.o [1]
TIM_OC1Init             0x0800c7e1     0x78  Code  Gb  stm32f4xx_tim.o [1]
TIM_OC1PreloadConfig    0x0800c9e5     0x10  Code  Gb  stm32f4xx_tim.o [1]
TIM_OC2Init             0x0800c859     0x86  Code  Gb  stm32f4xx_tim.o [1]
TIM_OC2PreloadConfig    0x0800c9f5     0x12  Code  Gb  stm32f4xx_tim.o [1]
TIM_OC3Init             0x0800c8df     0x84  Code  Gb  stm32f4xx_tim.o [1]
TIM_OC3PreloadConfig    0x0800ca07     0x10  Code  Gb  stm32f4xx_tim.o [1]
TIM_OC4Init             0x0800c963     0x62  Code  Gb  stm32f4xx_tim.o [1]
TIM_OC4PreloadConfig    0x0800ca17     0x12  Code  Gb  stm32f4xx_tim.o [1]
TIM_PWMIConfig          0x0800ca29     0x84  Code  Gb  stm32f4xx_tim.o [1]
TIM_SelectInputTrigger  0x0800cb23     0x10  Code  Gb  stm32f4xx_tim.o [1]
TIM_SelectMasterSlaveMode
                        0x0800cb45     0x12  Code  Gb  stm32f4xx_tim.o [1]
TIM_SelectSlaveMode     0x0800cb33     0x12  Code  Gb  stm32f4xx_tim.o [1]
TIM_SetIC1Prescaler     0x0800cab5     0x12  Code  Gb  stm32f4xx_tim.o [1]
TIM_SetIC2Prescaler     0x0800cac7     0x14  Code  Gb  stm32f4xx_tim.o [1]
TIM_TimeBaseInit        0x0800c741     0x68  Code  Gb  stm32f4xx_tim.o [1]
USART_Cmd               0x080035dd     0x1c  Code  Gb  stm32f4xx_usart.o [1]
USART_ITConfig          0x08003601     0x52  Code  Gb  stm32f4xx_usart.o [1]
USART_Init              0x08003519     0xb6  Code  Gb  stm32f4xx_usart.o [1]
USART_SendData          0x080035f9      0x8  Code  Gb  stm32f4xx_usart.o [1]
USART_putc              0x08002ef1     0x18  Code  Gb  printf2.o [1]
USART_puts              0x08002f11     0x18  Code  Gb  printf2.o [1]
UsageFault_Handler      0x0800e711      0x2  Code  Gb  stm32f4xx_it.o [1]
_EncodingSb_Mbtowc      0x08006b2b     0x30  Code  Gb  xencoding_sb.o [3]
_EncodingSb_Wctomb      0x08006b11     0x1a  Code  Gb  xencoding_sb.o [3]
_GenldLarge             0x08004f5f    0x236  Code  Lc  xprintflarge.o [3]
_IsdstStr               0x20000158      0x4  Data  Gb  setlocale.o [3]
_LdtobLarge             0x08004d51    0x208  Code  Lc  xprintflarge.o [3]
_LitobLarge             0x08004c01    0x106  Code  Lc  xprintflarge.o [3]
_LocaleEncoding         0x08006afd      0xe  Code  Gb  setlocale.o [3]
_LocaleReturnString     0x20000178     0x50  Data  Lc  setlocale.o [3]
_Locale_Profile         0x2000015c     0x1c  Data  Gb  setlocale.o [3]
_Locale_aeabi_lconv     0x2000011c     0x38  Data  Gb  localeconv.o [3]
_Locale_lconv           0x200000cc     0x50  Data  Gb  localeconv.o [3]
_Mbtowc                 0x080059d5     0x20  Code  Gb  xmbtowc.o [3]
_PrintfLarge            0x08004245    0x62c  Code  Gb  xprintflarge.o [3]
_PutcharsLarge          0x08005195     0x2e  Code  Lc  xprintflarge.o [3]
_PutstrLarge            0x080048f5    0x306  Code  Lc  xprintflarge.o [3]
_SNProut                0x0800167f     0x1a  Code  Gb  xsnprout.o [3]
_SProut                 0x08002f83      0xa  Code  Gb  xsprout.o [3]
_TzoneStr               0x20000154      0x4  Data  Gb  setlocale.o [3]
_Wctomb                 0x08005aa7     0x1a  Code  Gb  xwctomb.o [3]
__aeabi_cdcmpeq         0x0800ba7d           Code  Gb  DblCmpEq.o [5]
__aeabi_cdcmple         0x08005e51           Code  Gb  DblCmpLe.o [5]
__aeabi_cdrcmple        0x08008d99           Code  Gb  DblCmpGe.o [5]
__aeabi_cfcmpeq         0x0800c611           Code  Gb  FltCmpEq.o [5]
__aeabi_cfcmple         0x080094ad           Code  Gb  FltCmpLe.o [5]
__aeabi_cfrcmple        0x080094fd           Code  Gb  FltCmpGe.o [5]
__aeabi_d2f             0x0800c62d           Code  Gb  DblToFlt.o [5]
__aeabi_d2iz            0x080060d9           Code  Gb  DblToI32.o [5]
__aeabi_d2uiz           0x08006105           Code  Gb  DblToI32.o [5]
__aeabi_dadd            0x08006b75           Code  Gb  DblAdd.o [5]
__aeabi_ddiv            0x08005e81           Code  Gb  DblDiv.o [5]
__aeabi_dmul            0x08005c6d           Code  Gb  DblMul.o [5]
__aeabi_dsub            0x08006161           Code  Gb  DblSub.o [5]
__aeabi_errno_addr      0x0800a2b9      0x6  Code  Gb  errno.o [3]
__aeabi_f2d             0x08008d49           Code  Gb  FltToDbl.o [5]
__aeabi_f2iz            0x080094d1      0xe  Code  Gb  FltToS32.o [5]
__aeabi_f2lz            0x0800b035           Code  Gb  FltToS64.o [5]
__aeabi_fadd            0x08008d09     0x12  Code  Gb  FltAdd.o [5]
__aeabi_fdiv            0x08008dc7     0x12  Code  Gb  FltDiv.o [5]
__aeabi_fmul            0x08008cf7     0x12  Code  Gb  FltMul.o [5]
__aeabi_fsub            0x080094eb     0x12  Code  Gb  FltSub.o [5]
__aeabi_i2d             0x08006131           Code  Gb  I32ToDbl.o [5]
__aeabi_i2f             0x08008ce9      0xe  Code  Gb  S32ToFlt.o [5]
__aeabi_l2f             0x0800afd1           Code  Gb  I64ToFlt.o [5]
__aeabi_lasr            0x0800b0ad           Code  Gb  S64Shr.o [6]
__aeabi_ldiv0           0x08006b71           Code  Gb  I64DivZer.o [6]
__aeabi_ldivmod         0x08005b39           Code  Gb  I64DivMod.o [6]
__aeabi_llsl            0x0800b0d1           Code  Gb  I64Shl.o [6]
__aeabi_memclr4         0x0800d039           Code  Gb  ABImemclr4.o [6]
__aeabi_memset          0x08002f8d           Code  Gb  ABImemset.o [6]
__aeabi_ui2d            0x08006145           Code  Gb  I32ToDbl.o [5]
__aeabi_ul2f            0x0800afed           Code  Gb  I64ToFlt.o [5]
__aeabi_uldivmod        0x08005b7d           Code  Gb  I64DivMod.o [6]
__cmain                 0x0800ec99           Code  Gb  cmain.o [6]
__data_GetMemChunk      0x08001699     0x2c  Code  Gb  xgetmemchunk.o [3]
__exit                  0x080016c5     0x14  Code  Gb  exit.o [7]
__iar_Dint              0x0800ba01     0x7a  Code  Gb  xdint.o [5]
__iar_Dnorm             0x08005e0f     0x42  Code  Gb  xdnorm.o [5]
__iar_Dscale            0x0800be55    0x114  Code  Gb  xdscale.o [5]
__iar_Dtest             0x0800be13     0x30  Code  Gb  xdtest.o [5]
__iar_Errno             0x200000c8      0x4  Data  Gb  errno.o [3]
__iar_Exp               0x0800bb4d    0x2be  Code  Gb  xexp.o [5]
__iar_FDint             0x0800a455     0x4e  Code  Gb  xfdint.o [5]
__iar_FQuad             0x0800a369     0xc2  Code  Gb  xfquad.o [5]
__iar_FSin              0x0800a14d    0x12a  Code  Gb  xfsin.o [5]
__iar_Locale_lconv_init
                        0x080062e1     0x3a  Code  Gb  localeconv.o [3]
__iar_Logpoly           0x0800ba9d     0x76  Code  Gb  xlog.o [5]
__iar_Mbcurmax          0x08005a9d      0xa  Code  Gb  xmbcurmax.o [3]
__iar_Memchr            0x08005a45           Code  Gb  memchr.o [6]
__iar_Memset            0x08002f8d           Code  Gb  ABImemset.o [6]
__iar_Memset4_word      0x0800d041           Code  Gb  ABImemset48.o [6]
__iar_Memset8_word      0x0800d041           Code  Gb  ABImemset48.o [6]
__iar_Memset_word       0x08002f95           Code  Gb  ABImemset.o [6]
__iar_Strchr            0x080059f5           Code  Gb  strchr.o [6]
__iar_d2uiz             0x08006111           Code  Gb  DblToI32.o [5]
__iar_dadd              0x08006b89           Code  Gb  DblAdd.o [5]
__iar_data_init3        0x0800ebb5     0x28  Code  Gb  data_init.o [6]
__iar_dlfree            0x0800115f    0x510  Code  Gb  dlmalloc.o [3]
__iar_dlib_perthread_access
                        0x08006c5d      0x2  Code  Gb  xtls.o [3]
__iar_dlmalloc          0x08000ea9    0x2aa  Code  Gb  dlmalloc.o [3]
__iar_dsub              0x08006175           Code  Gb  DblSub.o [5]
__iar_dsubStart         0x08006187           Code  Gb  DblSub.o [5]
__iar_edom              0x0800a011           Code  Gb  iarEdom.o [6]
__iar_init_vfp          0x0800ebdd           Code  Gb  fpinit_M.o [5]
__iar_packbits_init_single3
                        0x0800eb55     0x38  Code  Gb  packbits_init_single.o [6]
__iar_program_start     0x0800ee81           Code  Gb  cstartup_M.o [6]
__iar_softfp_cosf       0x08009ce9     0x12  Code  Gb  cosf.o [5]
__iar_softfp_sinf       0x08009cfb     0x12  Code  Gb  sinf.o [5]
__iar_softfp_sqrtf      0x08008d1d           Code  Gb  sqrtf.o [5]
__iar_ui2d              0x08006149           Code  Gb  I32ToDbl.o [5]
__iar_ul2f              0x0800aff9           Code  Gb  I64ToFlt.o [5]
__iar_unaligned___aeabi_memcpy
                        0x08005ac1           Code  Gb  ABImemcpy_unaligned.o [6]
__iar_unaligned___aeabi_memcpy4
                        0x08005ae1           Code  Gb  ABImemcpy_unaligned.o [6]
__iar_unaligned___aeabi_memcpy8
                        0x08005ae1           Code  Gb  ABImemcpy_unaligned.o [6]
__iar_unaligned___aeabi_memmove
                        0x0800c6c9           Code  Gb  ABImemmove_unaligned.o [6]
__iar_unaligned___aeabi_memmove4
                        0x0800c6c9           Code  Gb  ABImemmove_unaligned.o [6]
__iar_unaligned___aeabi_memmove8
                        0x0800c6c9           Code  Gb  ABImemmove_unaligned.o [6]
__iar_unaligned_memcmp  0x08002ff5           Code  Gb  memcmp_unaligned.o [6]
__iar_vfp_fmodf         0x0800a4a5           Code  Gb  fmodf.o [5]
__iar_vfp_pow           0x0800b5c3     0x18  Code  Gb  pow.o [5]
__iar_xatanf            0x0800a2c5           Code  Gb  xatanf.o [5]
__iar_zero_init3        0x0800eb15     0x40  Code  Gb  zero_init3.o [6]
__low_level_init        0x0800ecb3      0x4  Code  Gb  low_level_init.o [3]
__print_result_location
                        0x0800e47d      0x2  Code  Lc  mpl.o [1]
__print_result_location
                        0x0800a58d      0x2  Code  Lc  fast_no_motion.o [4]
__vector_table          0x08000000           Data  Gb  startup_stm32f4xx.o [1]
_call_main              0x0800eca5           Code  Gb  cmain.o [6]
_exit                   0x0800ecbd           Code  Gb  cexit.o [6]
_gm_                    0x20017030    0x1d8  Data  Lc  dlmalloc.o [3]
_main                   0x0800ecaf           Code  Gb  cmain.o [6]
abort                   0x08001679      0x6  Code  Gb  abort.o [3]
abs                     0x0800b0f3      0x8  Code  Gb  abs.o [3]
accel_fusion            0x080082a1    0x1f2  Code  Lc  quaternion_supervisor.o [4]
atan2f                  0x0800a01d           Code  Gb  atan2f.o [5]
decode_gesture          0x08007ffb     0x58  Code  Lc  inv_mpu_dmp_motion_driver.o [1]
delay_ms                0x08002f61      0xe  Code  Gb  freertos_time.o [1]
div                     0x0800634d      0xe  Code  Gb  div.o [3]
dmp                     0x20017d80     0x10  Data  Lc  inv_mpu_dmp_motion_driver.o [1]
dmp_enable_6x_lp_quat   0x08007fb9     0x42  Code  Gb  inv_mpu_dmp_motion_driver.o [1]
dmp_enable_feature      0x08007d05    0x230  Code  Gb  inv_mpu_dmp_motion_driver.o [1]
dmp_enable_gyro_cal     0x08007f35     0x42  Code  Gb  inv_mpu_dmp_motion_driver.o [1]
dmp_enable_lp_quat      0x08007f77     0x42  Code  Gb  inv_mpu_dmp_motion_driver.o [1]
dmp_load_motion_driver_firmware
                        0x08007859     0x18  Code  Gb  inv_mpu_dmp_motion_driver.o [1]
dmp_memory              0x08006c60    0xbf8  Data  Lc  inv_mpu_dmp_motion_driver.o [1]
dmp_read_fifo           0x08008059    0x220  Code  Gb  inv_mpu_dmp_motion_driver.o [1]
dmp_set_fifo_rate       0x080079c3     0x70  Code  Gb  inv_mpu_dmp_motion_driver.o [1]
dmp_set_orientation     0x08007871    0x152  Code  Gb  inv_mpu_dmp_motion_driver.o [1]
dmp_set_shake_reject_thresh
                        0x08007c87     0x32  Code  Gb  inv_mpu_dmp_motion_driver.o [1]
dmp_set_shake_reject_time
                        0x08007cb9     0x26  Code  Gb  inv_mpu_dmp_motion_driver.o [1]
dmp_set_shake_reject_timeout
                        0x08007cdf     0x26  Code  Gb  inv_mpu_dmp_motion_driver.o [1]
dmp_set_tap_axes        0x08007bcd     0x46  Code  Gb  inv_mpu_dmp_motion_driver.o [1]
dmp_set_tap_count       0x08007c13     0x28  Code  Gb  inv_mpu_dmp_motion_driver.o [1]
dmp_set_tap_thresh      0x08007a35    0x184  Code  Gb  inv_mpu_dmp_motion_driver.o [1]
dmp_set_tap_time        0x08007c3b     0x26  Code  Gb  inv_mpu_dmp_motion_driver.o [1]
dmp_set_tap_time_multi  0x08007c61     0x26  Code  Gb  inv_mpu_dmp_motion_driver.o [1]
ds                      0x20017564    0x198  Data  Lc  storage_manager.o [1]
eMPL_out                0x20017c58     0x28  Data  Lc  eMPL_outputs.o [1]
esc1                    0x20017d90     0x10  Data  Lc  motors.o [1]
esc2                    0x20017da0     0x10  Data  Lc  motors.o [1]
esc3                    0x20017db0     0x10  Data  Lc  motors.o [1]
esc4                    0x20017dc0     0x10  Data  Lc  motors.o [1]
esc_check_bondaries     0x0800d529     0x2e  Code  Gb  esc.o [1]
esc_init                0x0800d483     0xa4  Code  Gb  esc.o [1]
esc_set_speed           0x0800d455     0x2e  Code  Gb  esc.o [1]
exit                    0x0800ecb7      0x4  Code  Gb  exit.o [3]
fmodf                   0x0800a4a9           Code  Gb  fmodf.o [5]
fnm                     0x20016dd0    0x260  Data  Gb  fast_no_motion.o [4]
fnm_user                0x20017c18     0x40  Data  Lc  fast_no_motion.o [4]
get_tick_count          0x08002f6f     0x14  Code  Gb  freertos_time.o [1]
gpio_init               0x0800ea41     0x7a  Code  Gb  gpio.o [1]
gyro_data_ready_cb      0x0800e1db      0x8  Code  Gb  imu.o [1]
gyro_new                0x20017de8      0x4  Data  Gb  imu.o [1]
gyro_pdata              0x20000008      0xc  Data  Lc  imu.o [1]
hal                     0x20017c80     0x24  Data  Lc  imu.o [1]
heapSTRUCT_SIZE         0x08002ff2      0x2  Data  Lc  heap_2.o [1]
hw                      0x0800ee08      0xc  Data  Gb  inv_mpu.o [1]
i2c_init                0x08002719     0xb0  Code  Gb  i2c.o [1]
ic1_duty                0x20017e14      0x4  Data  Gb  stm32f4xx_it.o [1]
ic1_freq                0x20017e1c      0x4  Data  Gb  stm32f4xx_it.o [1]
ic1_val                 0x20017e0c      0x4  Data  Gb  stm32f4xx_it.o [1]
ic2_duty                0x20017e18      0x4  Data  Gb  stm32f4xx_it.o [1]
ic2_freq                0x20017e20      0x4  Data  Gb  stm32f4xx_it.o [1]
ic2_val                 0x20017e10      0x4  Data  Gb  stm32f4xx_it.o [1]
imu                     0x20017ca4     0x1c  Data  Gb  imu.o [1]
imu                     0x20017cc0     0x1c  Data  Lc  motors.o [1]
imu_data                0x20017dec      0x4  Data  Gb  imu.o [1]
imu_done                0x20017de4      0x4  Data  Gb  imu.o [1]
imu_task                0x0800e1e3    0x25a  Code  Gb  imu.o [1]
init_hardware           0x0800e975     0x4a  Code  Lc  main.o [1]
init_mparams            0x080001a3     0x32  Code  Lc  dlmalloc.o [3]
init_top                0x080001d5     0x34  Code  Lc  dlmalloc.o [3]
internal_Pow            0x0800b141    0x478  Code  Lc  pow.o [5]
inv_9x_fusion_enable_jitter_reduction
                        0x0800c58b      0xa  Code  Gb  fusion_9axis.o [4]
inv_9x_fusion_use_timestamps
                        0x0800c595      0xa  Code  Gb  fusion_9axis.o [4]
inv_apply_calibration   0x080096e1     0x6a  Code  Gb  data_builder.o [1]
inv_build_accel         0x08009811     0xaa  Code  Gb  data_builder.o [1]
inv_build_gyro          0x080098bb     0x44  Code  Gb  data_builder.o [1]
inv_build_quat          0x08009937     0x4a  Code  Gb  data_builder.o [1]
inv_build_temp          0x080098ff     0x38  Code  Gb  data_builder.o [1]
inv_compass_angle       0x08008ded     0xa6  Code  Gb  ml_math_func.o [1]
inv_compute_quat_from_accel
                        0x08008493    0x142  Code  Lc  quaternion_supervisor.o [4]
inv_convert_to_body_with_scale
                        0x08009439     0x72  Code  Gb  ml_math_func.o [1]
inv_data_builder        0x200176fc    0x140  Data  Lc  data_builder.o [1]
inv_db_load_func        0x08009521     0x52  Code  Lc  data_builder.o [1]
inv_db_save_func        0x08009573     0x14  Code  Lc  data_builder.o [1]
inv_detect_motion_by_gyro_accel
                        0x0800ab15     0xa4  Code  Gb  fast_no_motion.o [4]
inv_disable_compass_soft_iron_matrix
                        0x08009cb9      0xa  Code  Gb  data_builder.o [1]
inv_enable_9x_sensor_fusion
                        0x0800c5ab     0x1c  Code  Gb  fusion_9axis.o [4]
inv_enable_eMPL_outputs
                        0x0800e131     0x12  Code  Gb  eMPL_outputs.o [1]
inv_enable_fast_nomot   0x0800af25     0x40  Code  Gb  fast_no_motion.o [4]
inv_enable_gyro_tc      0x0800cfe7     0x36  Code  Gb  gyro_tc.o [4]
inv_enable_quaternion   0x08008c3d     0x18  Code  Gb  quaternion_supervisor.o [4]
inv_enable_results_holder
                        0x08009f21     0x12  Code  Gb  results_holder.o [1]
inv_execute_mpl_start_notification
                        0x08009fe1     0x2a  Code  Gb  start_manager.o [1]
inv_execute_on_data     0x08009a6b     0x8e  Code  Gb  data_builder.o [1]
inv_fast_nomot_get_time_elaps
                        0x0800a9b1      0xc  Code  Gb  fast_no_motion.o [4]
inv_fast_nomot_parameter
                        0x0800a5f3    0x17a  Code  Gb  fast_no_motion.o [4]
inv_fast_nomot_parameter_compass
                        0x0800a9bd     0x16  Code  Gb  fast_no_motion.o [4]
inv_fast_nomot_reset_data_compass
                        0x0800a989     0x28  Code  Gb  fast_no_motion.o [4]
inv_fast_nomot_set_gyro_bias
                        0x0800a79f     0xfc  Code  Gb  fast_no_motion.o [4]
inv_fast_nomot_store_data
                        0x0800a89b     0x8e  Code  Gb  fast_no_motion.o [4]
inv_fast_nomot_store_data_compass
                        0x0800a929     0x60  Code  Gb  fast_no_motion.o [4]
inv_filter_correction_angle
                        0x0800c027    0x184  Code  Gb  fusion_9axis.o [4]
inv_find_synchronized_compass_angle
                        0x0800bf69     0xbe  Code  Lc  fusion_9axis.o [4]
inv_generate_accel_gyro_quaternion
                        0x08008991    0x234  Code  Gb  quaternion_supervisor.o [4]
inv_generate_eMPL_outputs
                        0x0800e019     0xf6  Code  Lc  eMPL_outputs.o [1]
inv_generate_fast_nomot
                        0x0800ac45    0x228  Code  Gb  fast_no_motion.o [4]
inv_generate_gyro_quaternion
                        0x080086af    0x10e  Code  Gb  quaternion_supervisor.o [4]
inv_generate_quaternion
                        0x08008bc5     0x58  Code  Lc  quaternion_supervisor.o [4]
inv_generate_results    0x08009ebb      0xa  Code  Gb  results_holder.o [1]
inv_get_6axis_quaternion
                        0x08009e2f     0x12  Code  Gb  results_holder.o [1]
inv_get_accel_accuracy  0x08009c51      0x6  Code  Gb  data_builder.o [1]
inv_get_accel_on        0x08009655      0xe  Code  Gb  data_builder.o [1]
inv_get_accel_set       0x08009bff     0x2c  Code  Gb  data_builder.o [1]
inv_get_compass_on      0x08009637     0x10  Code  Gb  data_builder.o [1]
inv_get_gravity         0x08009dc9     0x66  Code  Gb  results_holder.o [1]
inv_get_gyro_accuracy   0x08009c35      0x6  Code  Gb  data_builder.o [1]
inv_get_gyro_bias       0x080097eb     0x26  Code  Gb  data_builder.o [1]
inv_get_gyro_bias_tc_set
                        0x080097cd     0x1e  Code  Gb  data_builder.o [1]
inv_get_gyro_on         0x08009647      0xe  Code  Gb  data_builder.o [1]
inv_get_gyro_sum_of_sqr
                        0x08008e93     0x1a  Code  Gb  ml_math_func.o [1]
inv_get_last_timestamp  0x08009663     0x6e  Code  Gb  data_builder.o [1]
inv_get_linear_accel    0x08009f39     0x42  Code  Gb  results_holder.o [1]
inv_get_mag_accuracy    0x08009c3b     0x16  Code  Gb  data_builder.o [1]
inv_get_magnetic_disturbance_state
                        0x0800c6bd      0x6  Code  Gb  mag_disturb.o [4]
inv_get_motion_state    0x08009d61     0x12  Code  Gb  results_holder.o [1]
inv_get_quaternion      0x08009e41     0x34  Code  Gb  results_holder.o [1]
inv_get_quaternion_set  0x08009e75     0x46  Code  Gb  results_holder.o [1]
inv_get_sensor_type_euler_float
                        0x0800dddd    0x230  Code  Gb  eMPL_outputs.o [1]
inv_gtc                 0x20017208    0x1c4  Data  Lc  gyro_tc.o [4]
inv_gtc_add_data        0x0800cd0b     0xaa  Code  Lc  gyro_tc.o [4]
inv_gtc_compute_slope   0x0800cdb5    0x1fa  Code  Lc  gyro_tc.o [4]
inv_gtc_data_cb         0x0800cc1d     0xc0  Code  Lc  gyro_tc.o [4]
inv_gtc_get_bin         0x0800ccdd     0x2e  Code  Lc  gyro_tc.o [4]
inv_gtc_load            0x0800cbc5     0x2a  Code  Lc  gyro_tc.o [4]
inv_gtc_store           0x0800cbef     0x2e  Code  Lc  gyro_tc.o [4]
inv_if_enough_data      0x0800a76d     0x32  Code  Lc  fast_no_motion.o [4]
inv_init_9x_fusion      0x0800c555     0x36  Code  Gb  fusion_9axis.o [4]
inv_init_data_builder   0x08009587     0x3a  Code  Gb  data_builder.o [1]
inv_init_eMPL_outputs   0x0800e11f     0x12  Code  Lc  eMPL_outputs.o [1]
inv_init_fast_nomot     0x0800ae9d     0x52  Code  Gb  fast_no_motion.o [4]
inv_init_gyro_ts        0x0800cfaf     0x2e  Code  Gb  gyro_tc.o [4]
inv_init_maxmin         0x0800a58f     0x64  Code  Gb  fast_no_motion.o [4]
inv_init_mpl            0x0800e47f     0x5e  Code  Gb  mpl.o [1]
inv_init_quaternion     0x08008c1d     0x20  Code  Gb  quaternion_supervisor.o [4]
inv_init_results_holder
                        0x08009ed7     0x4a  Code  Gb  results_holder.o [1]
inv_init_start_manager  0x08009fa9     0x12  Code  Gb  start_manager.o [1]
inv_init_storage_manager
                        0x0800a089     0x18  Code  Gb  storage_manager.o [1]
inv_max_change          0x0800a9d3     0x22  Code  Lc  fast_no_motion.o [4]
inv_normalize_quat      0x080085d5     0xda  Code  Lc  quaternion_supervisor.o [4]
inv_orientation_matrix_to_scalar
                        0x08009413     0x26  Code  Gb  ml_math_func.o [1]
inv_perform_9x_fusion   0x0800c1ab    0x32c  Code  Gb  fusion_9axis.o [4]
inv_process_9x_sensor_fusion_cb
                        0x0800c4d7     0x7e  Code  Gb  fusion_9axis.o [4]
inv_process_dmp_quaternion
                        0x080087bd    0x1d4  Code  Lc  quaternion_supervisor.o [4]
inv_q29_mult            0x08008ead      0xe  Code  Gb  ml_math_func.o [1]
inv_q30_mult            0x08008ebb      0xe  Code  Gb  ml_math_func.o [1]
inv_q30_to_float        0x08008dd9     0x12  Code  Lc  ml_math_func.o [1]
inv_q_add               0x08008f8f     0x26  Code  Gb  ml_math_func.o [1]
inv_q_addf              0x080090ef     0x42  Code  Gb  ml_math_func.o [1]
inv_q_invert            0x08008fbd     0x18  Code  Gb  ml_math_func.o [1]
inv_q_invertf           0x080092c1     0x2a  Code  Gb  ml_math_func.o [1]
inv_q_mult              0x08008ec9     0xc6  Code  Gb  ml_math_func.o [1]
inv_q_multf             0x0800901d     0xd2  Code  Gb  ml_math_func.o [1]
inv_q_norm4             0x08009239     0x88  Code  Gb  ml_math_func.o [1]
inv_q_normalizef        0x08009131    0x104  Code  Gb  ml_math_func.o [1]
inv_q_rotate            0x08008fdd     0x40  Code  Gb  ml_math_func.o [1]
inv_quat_data           0x20017ab4     0x6c  Data  Lc  quaternion_supervisor.o [4]
inv_quaternion_to_rotation
                        0x080092eb     0xda  Code  Gb  ml_math_func.o [1]
inv_record_max_moment_in_no_motion_accel
                        0x0800aa85     0x30  Code  Gb  fast_no_motion.o [4]
inv_record_max_moment_in_no_motion_gyro
                        0x0800aa55     0x30  Code  Gb  fast_no_motion.o [4]
inv_record_min_moment_in_motion_accel
                        0x0800aae5     0x30  Code  Gb  fast_no_motion.o [4]
inv_record_min_moment_in_motion_gyro
                        0x0800aab5     0x30  Code  Gb  fast_no_motion.o [4]
inv_register_data_cb    0x08009981     0xea  Code  Gb  data_builder.o [1]
inv_register_load_store
                        0x0800a0a1     0x86  Code  Gb  storage_manager.o [1]
inv_register_mpl_start_notification
                        0x08009fbb     0x26  Code  Gb  start_manager.o [1]
inv_reset_compass_soft_iron_matrix
                        0x08009c69     0x50  Code  Gb  data_builder.o [1]
inv_reset_min_max_gyro_accel_statistics
                        0x0800a9f5     0x3a  Code  Gb  fast_no_motion.o [4]
inv_reset_packet        0x0800aa2f     0x26  Code  Lc  fast_no_motion.o [4]
inv_row_2_scale         0x080093c5     0x4e  Code  Lc  ml_math_func.o [1]
inv_sensor_data_preprocess
                        0x0800abb9     0x8a  Code  Gb  fast_no_motion.o [4]
inv_set_accel_orientation_and_scale
                        0x080096d1     0x10  Code  Gb  data_builder.o [1]
inv_set_accel_sample_rate
                        0x08009605     0x32  Code  Gb  data_builder.o [1]
inv_set_compass_bias_found
                        0x08009f33      0x6  Code  Gb  results_holder.o [1]
inv_set_compass_correction
                        0x08009d37     0x2a  Code  Gb  results_holder.o [1]
inv_set_contiguous      0x08009af9    0x106  Code  Lc  data_builder.o [1]
inv_set_default_number_of_samples
                        0x0800ae6d     0x30  Code  Gb  fast_no_motion.o [4]
inv_set_gyro_bias       0x0800974b     0x82  Code  Gb  data_builder.o [1]
inv_set_gyro_orientation_and_scale
                        0x080095c7     0x10  Code  Gb  data_builder.o [1]
inv_set_gyro_sample_rate
                        0x080095d7     0x2e  Code  Gb  data_builder.o [1]
inv_set_message         0x0800a12d     0x1c  Code  Gb  message_layer.o [1]
inv_set_motion_state    0x08009d73     0x56  Code  Gb  results_holder.o [1]
inv_start_9x_sensor_fusion
                        0x0800c59f      0xc  Code  Gb  fusion_9axis.o [4]
inv_start_cb            0x20017b84     0x54  Data  Lc  start_manager.o [1]
inv_start_eMPL_outputs  0x0800e10f     0x10  Code  Lc  eMPL_outputs.o [1]
inv_start_fast_nomot    0x0800aeef     0x36  Code  Gb  fast_no_motion.o [4]
inv_start_gyro_tc       0x0800cfdd      0xa  Code  Gb  gyro_tc.o [4]
inv_start_mpl           0x0800e4dd     0x22  Code  Gb  mpl.o [1]
inv_start_quaternion    0x08008c59     0x26  Code  Gb  quaternion_supervisor.o [4]
inv_start_results_holder
                        0x08009ec5     0x12  Code  Gb  results_holder.o [1]
inv_store_gaming_quaternion
                        0x08009d0d     0x2a  Code  Gb  results_holder.o [1]
kinda                   0x0800d075     0x38  Code  Lc  motors.o [1]
lnbias                  0x0800b5e0    0x420  Data  Lc  pow.o [5]
localeconv              0x0800631b     0x16  Code  Gb  localeconv.o [3]
mag_disturb             0x20017974     0xb8  Data  Gb  mag_disturb.o [4]
main                    0x0800e9bf     0x56  Code  Gb  main.o [1]
memchr                  0x08005a45           Code  Gb  memchr.o [6]
memcpy                  0x080094df      0xc  Code  Gb  memcpy.o [3]
memmove                 0x0800c605      0xc  Code  Gb  memmove.o [6]
memset                  0x08009f95     0x14  Code  Gb  memset.o [3]
mh                      0x20017df4      0x4  Data  Lc  message_layer.o [1]
motors_set              0x0800d1fd     0x8a  Code  Lc  motors.o [1]
motors_task             0x0800d28d     0x92  Code  Gb  motors.o [1]
mparams                 0x20017cdc     0x18  Data  Lc  dlmalloc.o [3]
mpl_key                 0x20000004      0x4  Data  Gb  imu.o [1]
mpu_configure_fifo      0x08002005     0x7e  Code  Gb  inv_mpu.o [1]
mpu_get_accel_fsr       0x08001db1     0x46  Code  Gb  inv_mpu.o [1]
mpu_get_gyro_fsr        0x08001ce5     0x3c  Code  Gb  inv_mpu.o [1]
mpu_get_sample_rate     0x08001f31     0x1e  Code  Gb  inv_mpu.o [1]
mpu_get_temperature     0x08001a1d     0x98  Code  Gb  inv_mpu.o [1]
mpu_init                0x08001791    0x17a  Code  Gb  inv_mpu.o [1]
mpu_load_firmware       0x08002597     0xe8  Code  Gb  inv_mpu.o [1]
mpu_lp_accel_mode       0x0800190b     0xfe  Code  Gb  inv_mpu.o [1]
mpu_read_fifo_stream    0x08002171     0xe4  Code  Gb  inv_mpu.o [1]
mpu_read_mem            0x0800250f     0x88  Code  Gb  inv_mpu.o [1]
mpu_reset_fifo          0x08001ab9    0x22c  Code  Gb  inv_mpu.o [1]
mpu_set_accel_fsr       0x08001df7     0x94  Code  Gb  inv_mpu.o [1]
mpu_set_bypass          0x08002255    0x196  Code  Gb  inv_mpu.o [1]
mpu_set_dmp_state       0x0800267f     0x94  Code  Gb  inv_mpu.o [1]
mpu_set_gyro_fsr        0x08001d21     0x90  Code  Gb  inv_mpu.o [1]
mpu_set_int_latched     0x080023eb     0x88  Code  Gb  inv_mpu.o [1]
mpu_set_lpf             0x08001e91     0xa0  Code  Gb  inv_mpu.o [1]
mpu_set_sample_rate     0x08001f4f     0xb0  Code  Gb  inv_mpu.o [1]
mpu_set_sensors         0x08002083     0xe8  Code  Gb  inv_mpu.o [1]
mpu_write_mem           0x0800247d     0x92  Code  Gb  inv_mpu.o [1]
pcInterruptPriorityRegisters
                        0x0800eeb4      0x4  Data  Lc  port.o [1]
pid_calc                0x0800d569     0xbc  Code  Gb  pid.o [1]
pitch                   0x20000060     0x20  Data  Gb  motors.o [1]
prepend_alloc           0x08000209    0x36c  Code  Lc  dlmalloc.o [3]
print_task              0x0800d32d     0xaa  Code  Gb  motors.o [1]
printf2                 0x08002f29     0x38  Code  Gb  printf2.o [1]
printf2_init            0x08002e5d     0x94  Code  Gb  printf2.o [1]
prvAddCurrentTaskToDelayedList
                        0x08004185     0x80  Code  Lc  tasks.o [1]
prvAddNewTaskToReadyList
                        0x080037e3     0xc0  Code  Lc  tasks.o [1]
prvCheckForValidListAndQueue
                        0x0800593b     0x4c  Code  Lc  timers.o [1]
prvCheckTasksWaitingTermination
                        0x08003f29     0x64  Code  Lc  tasks.o [1]
prvCopyDataFromQueue    0x080069b1     0x2a  Code  Lc  queue.o [1]
prvCopyDataToQueue      0x0800692f     0x82  Code  Lc  queue.o [1]
prvDeleteTCB            0x08003f8d     0x12  Code  Lc  tasks.o [1]
prvGetNextExpireTime    0x08005759     0x28  Code  Lc  timers.o [1]
prvHeapInit             0x080052d1     0x26  Code  Lc  heap_2.o [1]
prvIdleTask             0x08003e9d     0x28  Code  Lc  tasks.o [1]
prvInitialiseNewQueue   0x080064e1     0x22  Code  Lc  queue.o [1]
prvInitialiseNewTask    0x08003733     0xb0  Code  Lc  tasks.o [1]
prvInitialiseTaskLists  0x08003ec9     0x54  Code  Lc  tasks.o [1]
prvInsertTimerInActiveList
                        0x080057a9     0x3e  Code  Lc  timers.o [1]
prvIsQueueEmpty         0x08006a49     0x1c  Code  Lc  queue.o [1]
prvIsQueueFull          0x08006a65     0x1e  Code  Lc  queue.o [1]
prvProcessExpiredTimer  0x08005677     0x5a  Code  Lc  timers.o [1]
prvProcessReceivedCommands
                        0x080057e7     0xd6  Code  Lc  timers.o [1]
prvProcessTimerOrBlockTask
                        0x080056e9     0x70  Code  Lc  timers.o [1]
prvResetNextTaskUnblockTime
                        0x08003f9f     0x28  Code  Lc  tasks.o [1]
prvSampleTimeNow        0x08005781     0x28  Code  Lc  timers.o [1]
prvSwitchTimerLists     0x080058bd     0x7e  Code  Lc  timers.o [1]
prvTaskExitError        0x080053d5     0x2a  Code  Lc  port.o [1]
prvTimerTask            0x080056d5     0x14  Code  Lc  timers.o [1]
prvUnlockQueue          0x080069db     0x6e  Code  Lc  queue.o [1]
pvPortMalloc            0x080051e1     0xb6  Code  Gb  heap_2.o [1]
pvTaskIncrementMutexHeldCount
                        0x08004147     0x1e  Code  Gb  tasks.o [1]
pwm_get_prescaler       0x0800d915     0x36  Code  Gb  pwm.o [1]
pwm_gpio_init           0x0800d7e3     0x5c  Code  Lc  pwm.o [1]
pwm_init                0x0800d79d     0x10  Code  Gb  pwm.o [1]
pwm_input_init_tim2     0x0800d625     0xc4  Code  Gb  pwm.o [1]
pwm_input_init_tim5     0x0800d6e9     0xb4  Code  Gb  pwm.o [1]
pwm_output_compare_init
                        0x0800d8a5     0x6e  Code  Lc  pwm.o [1]
pwm_set_duty_cycle      0x0800d7ad     0x36  Code  Gb  pwm.o [1]
pwm_timebase_init       0x0800d83f     0x66  Code  Lc  pwm.o [1]
pxCurrentTCB            0x20017e24      0x4  Data  Gb  tasks.o [1]
pxCurrentTimerList      0x20017e60      0x4  Data  Lc  timers.o [1]
pxDelayedTaskList       0x20017e28      0x4  Data  Lc  tasks.o [1]
pxOverflowDelayedTaskList
                        0x20017e2c      0x4  Data  Lc  tasks.o [1]
pxOverflowTimerList     0x20017e64      0x4  Data  Lc  timers.o [1]
pxPortInitialiseStack   0x080053ad     0x28  Code  Gb  port.o [1]
pxReadyTasksLists       0x20017b20     0x64  Data  Lc  tasks.o [1]
read_from_mpl_float     0x0800e161     0x7a  Code  Lc  imu.o [1]
reg                     0x0800ec40     0x20  Data  Gb  inv_mpu.o [1]
rh                      0x20017a2c     0x88  Data  Lc  results_holder.o [1]
roll                    0x20000040     0x20  Data  Gb  motors.o [1]
s9axis                  0x2001783c    0x138  Data  Gb  fusion_9axis.o [4]
sStartAddress           0x08003056      0x2  Data  Lc  inv_mpu_dmp_motion_driver.o [1]
scale                   0x08004d07     0x46  Code  Lc  xprintflarge.o [3]
segment_holding         0x08000189     0x1a  Code  Lc  dlmalloc.o [3]
sensors                 0x200173cc    0x198  Data  Lc  data_builder.o [1]
set_int_enable          0x080016d9     0xb8  Code  Lc  inv_mpu.o [1]
set_sensor_orientation_and_scale
                        0x080095c1      0x6  Code  Gb  data_builder.o [1]
set_setpoint            0x0800d0ad    0x150  Code  Lc  motors.o [1]
sqrtf                   0x08008d2d           Code  Gb  sqrtf.o [5]
st                      0x20000014     0x2c  Data  Lc  inv_mpu.o [1]
strchr                  0x080059f5           Code  Gb  strchr.o [6]
strlen                  0x08005a0d           Code  Gb  strlen.o [6]
sys_alloc               0x08000575    0x386  Code  Lc  dlmalloc.o [3]
test                    0x0800eb8c     0x28  Data  Gb  inv_mpu.o [1]
thrust                  0x20017df8      0x4  Data  Lc  motors.o [1]
tmalloc_large           0x08000909    0x390  Code  Lc  dlmalloc.o [3]
tmalloc_small           0x08000c99    0x210  Code  Lc  dlmalloc.o [3]
ts2                     0x20017df0      0x4  Data  Gb  imu.o [1]
ucHeap                  0x200041d0  0x12c00  Data  Lc  heap_2.o [1]
ucMaxSysCallPriority    0x20017e7c      0x1  Data  Lc  port.o [1]
ulMaxPRIGROUPValue      0x20017dfc      0x4  Data  Lc  port.o [1]
ulRegTest1LoopCounter   0x20017e00      0x4  Data  Gb  reg_test.o [1]
ulRegTest2LoopCounter   0x20017e04      0x4  Data  Gb  reg_test.o [1]
ulRegTestCheckFlopRegistersContainParameterValue
                        0x0800dd47           Code  Gb  RegTest.o [1]
uxCriticalNesting       0x200000a0      0x4  Data  Lc  port.o [1]
uxCurrentNumberOfTasks  0x20017e34      0x4  Data  Lc  tasks.o [1]
uxDeletedTasksWaitingCleanUp
                        0x20017e30      0x4  Data  Lc  tasks.o [1]
uxListRemove            0x08005387     0x26  Code  Gb  list.o [1]
uxPendedTicks           0x20017e44      0x4  Data  Lc  tasks.o [1]
uxSchedulerSuspended    0x20017e5c      0x4  Data  Lc  tasks.o [1]
uxTaskNumber            0x20017e50      0x4  Data  Lc  tasks.o [1]
uxTopReadyPriority      0x20017e3c      0x4  Data  Lc  tasks.o [1]
vApplicationIdleHook    0x080059c3      0x2  Code  Gb  application_hooks.o [1]
vApplicationMallocFailedHook
                        0x080059b3     0x10  Code  Gb  application_hooks.o [1]
vApplicationStackOverflowHook
                        0x080059c5     0x10  Code  Gb  application_hooks.o [1]
vApplicationTickHook    0x080059b1      0x2  Code  Gb  application_hooks.o [1]
vListInitialise         0x08005315     0x1e  Code  Gb  list.o [1]
vListInitialiseItem     0x08005333      0x6  Code  Gb  list.o [1]
vListInsert             0x08005351     0x36  Code  Gb  list.o [1]
vListInsertEnd          0x08005339     0x18  Code  Gb  list.o [1]
vPortEnableVFP          0x080063e9           Code  Gb  portasm.o [1]
vPortEnterCritical      0x08005497     0x3a  Code  Gb  port.o [1]
vPortExitCritical       0x080054d1     0x32  Code  Gb  port.o [1]
vPortFree               0x08005297     0x3a  Code  Gb  heap_2.o [1]
vPortSetupTimerInterrupt
                        0x0800552b     0x1a  Code  Wk  port.o [1]
vPortStartFirstTask     0x080063d1           Code  Gb  portasm.o [1]
vPortValidateInterruptPriority
                        0x08005545     0x4a  Code  Gb  port.o [1]
vQueueAddToRegistry     0x08006a83     0x24  Code  Gb  queue.o [1]
vQueueWaitForMessageRestricted
                        0x08006ab1     0x4a  Code  Gb  queue.o [1]
vRegTest1Task           0x0800da09           Code  Gb  RegTest.o [1]
vRegTest2Task           0x0800db93           Code  Gb  RegTest.o [1]
vRegTestClearFlopRegistersToParameterValue
                        0x0800dd25           Code  Gb  RegTest.o [1]
vTaskDelay              0x08003945     0x4c  Code  Gb  tasks.o [1]
vTaskDelayUntil         0x080038a3     0xa2  Code  Gb  tasks.o [1]
vTaskMissedYield        0x08003e8d      0xa  Code  Gb  tasks.o [1]
vTaskPlaceOnEventList   0x08003cdb     0x2e  Code  Gb  tasks.o [1]
vTaskPlaceOnEventListRestricted
                        0x08003d09     0x38  Code  Gb  tasks.o [1]
vTaskPriorityInherit    0x08003fe9     0xaa  Code  Gb  tasks.o [1]
vTaskSetTimeOutState    0x08003ddf     0x26  Code  Gb  tasks.o [1]
vTaskStartScheduler     0x08003991     0x6e  Code  Gb  tasks.o [1]
vTaskSuspendAll         0x080039ff     0x10  Code  Gb  tasks.o [1]
vTaskSwitchContext      0x08003c3b     0xa0  Code  Gb  tasks.o [1]
vsnprintf               0x08003655     0x3c  Code  Gb  vsnprint.o [3]
vsprintf                0x08003691     0x2c  Code  Gb  vsprintf.o [3]
xActiveTimerList1       0x20017d58     0x14  Data  Lc  timers.o [1]
xActiveTimerList2       0x20017d6c     0x14  Data  Lc  timers.o [1]
xDelayedTaskList1       0x20017cf4     0x14  Data  Lc  tasks.o [1]
xDelayedTaskList2       0x20017d08     0x14  Data  Lc  tasks.o [1]
xEnd                    0x20017dd8      0x8  Data  Lc  heap_2.o [1]
xFreeBytesRemaining     0x20000000      0x4  Data  Lc  heap_2.o [1]
xIdleTaskHandle         0x20017e58      0x4  Data  Lc  tasks.o [1]
xNextTaskUnblockTime    0x20017e54      0x4  Data  Lc  tasks.o [1]
xNumOfOverflows         0x20017e4c      0x4  Data  Lc  tasks.o [1]
xPendingReadyList       0x20017d1c     0x14  Data  Lc  tasks.o [1]
xPortStartScheduler     0x080053ff     0x98  Code  Gb  port.o [1]
xQueueGenericCreate     0x08006497     0x4a  Code  Gb  queue.o [1]
xQueueGenericReceive    0x08006771    0x1be  Code  Gb  queue.o [1]
xQueueGenericReset      0x08006405     0x92  Code  Gb  queue.o [1]
xQueueGenericSend       0x08006503    0x196  Code  Gb  queue.o [1]
xQueueGenericSendFromISR
                        0x08006699     0xd8  Code  Gb  queue.o [1]
xQueueRegistry          0x20017bd8     0x40  Data  Gb  queue.o [1]
xSchedulerRunning       0x20017e40      0x4  Data  Lc  tasks.o [1]
xStart                  0x20017dd0      0x8  Data  Lc  heap_2.o [1]
xSuspendedTaskList      0x20017d44     0x14  Data  Lc  tasks.o [1]
xTaskCheckForTimeOut    0x08003e0d     0x80  Code  Gb  tasks.o [1]
xTaskCreate             0x080036bd     0x76  Code  Gb  tasks.o [1]
xTaskGetSchedulerState  0x08003fc7     0x20  Code  Gb  tasks.o [1]
xTaskGetTickCount       0x08003b09      0x8  Code  Gb  tasks.o [1]
xTaskIncrementTick      0x08003b11    0x12a  Code  Gb  tasks.o [1]
xTaskPriorityDisinherit
                        0x08004093     0xb4  Code  Gb  tasks.o [1]
xTaskRemoveFromEventList
                        0x08003d5d     0x82  Code  Gb  tasks.o [1]
xTaskResumeAll          0x08003a0f     0xfa  Code  Gb  tasks.o [1]
xTasksWaitingTermination
                        0x20017d30     0x14  Data  Lc  tasks.o [1]
xTickCount              0x20017e38      0x4  Data  Lc  tasks.o [1]
xTimerCreateTimerTask   0x080055c1     0x48  Code  Gb  timers.o [1]
xTimerGenericCommand    0x08005609     0x6e  Code  Gb  timers.o [1]
xTimerQueue             0x20017e68      0x4  Data  Lc  timers.o [1]
xTimerTaskHandle        0x20017e6c      0x4  Data  Lc  timers.o [1]
xYieldPending           0x20017e48      0x4  Data  Lc  tasks.o [1]
yaw                     0x20000080     0x20  Data  Gb  motors.o [1]


[1] = C:\Users\klasl\Desktop\freertos_dmp2\Flash Debug\Obj
[2] = command line
[3] = dl7M_tlf.a
[4] = libmpllib.a
[5] = m7M_tls.a
[6] = rt7M_tl.a
[7] = shb_l.a

  57 672 bytes of readonly  code memory
   3 927 bytes of readonly  data memory
  97 911 bytes of readwrite data memory

Errors: none
Warnings: 7
