###############################################################################
#
# IAR ELF Linker V7.50.2.10312/W32 for ARM                24/May/2017  21:08:00
# Copyright 2007-2015 IAR Systems AB.
#
#    Output file  =  
#        C:\Users\klasl\Desktop\freertos_dmp2\Flash Debug\Exe\RTOSDemo.out
#    Map file     =  
#        C:\Users\klasl\Desktop\freertos_dmp2\Flash Debug\List\RTOSDemo.map
#    Command line =  
#        "C:\Users\klasl\Desktop\freertos_dmp2\Flash Debug\Obj\altitude.o"
#        "C:\Users\klasl\Desktop\freertos_dmp2\Flash
#        Debug\Obj\application_hooks.o"
#        "C:\Users\klasl\Desktop\freertos_dmp2\Flash Debug\Obj\arm.o"
#        "C:\Users\klasl\Desktop\freertos_dmp2\Flash Debug\Obj\barometer.o"
#        "C:\Users\klasl\Desktop\freertos_dmp2\Flash Debug\Obj\buzzer.o"
#        "C:\Users\klasl\Desktop\freertos_dmp2\Flash Debug\Obj\data_builder.o"
#        "C:\Users\klasl\Desktop\freertos_dmp2\Flash Debug\Obj\eMPL_outputs.o"
#        "C:\Users\klasl\Desktop\freertos_dmp2\Flash Debug\Obj\esc.o"
#        "C:\Users\klasl\Desktop\freertos_dmp2\Flash Debug\Obj\event_groups.o"
#        "C:\Users\klasl\Desktop\freertos_dmp2\Flash Debug\Obj\filter.o"
#        "C:\Users\klasl\Desktop\freertos_dmp2\Flash Debug\Obj\freertos_time.o"
#        "C:\Users\klasl\Desktop\freertos_dmp2\Flash Debug\Obj\gpio.o"
#        "C:\Users\klasl\Desktop\freertos_dmp2\Flash Debug\Obj\hal_outputs.o"
#        "C:\Users\klasl\Desktop\freertos_dmp2\Flash Debug\Obj\hardware.o"
#        "C:\Users\klasl\Desktop\freertos_dmp2\Flash Debug\Obj\heap_2.o"
#        "C:\Users\klasl\Desktop\freertos_dmp2\Flash Debug\Obj\i2c.o"
#        "C:\Users\klasl\Desktop\freertos_dmp2\Flash Debug\Obj\i2c_1.o"
#        "C:\Users\klasl\Desktop\freertos_dmp2\Flash Debug\Obj\imu.o"
#        "C:\Users\klasl\Desktop\freertos_dmp2\Flash Debug\Obj\inv_mpu.o"
#        "C:\Users\klasl\Desktop\freertos_dmp2\Flash
#        Debug\Obj\inv_mpu_dmp_motion_driver.o"
#        "C:\Users\klasl\Desktop\freertos_dmp2\Flash Debug\Obj\joystick.o"
#        "C:\Users\klasl\Desktop\freertos_dmp2\Flash Debug\Obj\kalman.o"
#        "C:\Users\klasl\Desktop\freertos_dmp2\Flash Debug\Obj\laser.o"
#        C:\Users\klasl\Desktop\freertos_dmp2\invensense_dmp\mpl\libmpllib.a
#        "C:\Users\klasl\Desktop\freertos_dmp2\Flash Debug\Obj\lidar.o"
#        "C:\Users\klasl\Desktop\freertos_dmp2\Flash Debug\Obj\list.o"
#        "C:\Users\klasl\Desktop\freertos_dmp2\Flash Debug\Obj\main.o"
#        "C:\Users\klasl\Desktop\freertos_dmp2\Flash Debug\Obj\message_layer.o"
#        "C:\Users\klasl\Desktop\freertos_dmp2\Flash Debug\Obj\misc.o"
#        "C:\Users\klasl\Desktop\freertos_dmp2\Flash Debug\Obj\ml_math_func.o"
#        "C:\Users\klasl\Desktop\freertos_dmp2\Flash Debug\Obj\mlmath.o"
#        "C:\Users\klasl\Desktop\freertos_dmp2\Flash Debug\Obj\mpl.o"
#        "C:\Users\klasl\Desktop\freertos_dmp2\Flash Debug\Obj\pid.o"
#        "C:\Users\klasl\Desktop\freertos_dmp2\Flash Debug\Obj\port.o"
#        "C:\Users\klasl\Desktop\freertos_dmp2\Flash Debug\Obj\portasm.o"
#        "C:\Users\klasl\Desktop\freertos_dmp2\Flash Debug\Obj\pwm.o"
#        "C:\Users\klasl\Desktop\freertos_dmp2\Flash Debug\Obj\queue.o"
#        "C:\Users\klasl\Desktop\freertos_dmp2\Flash Debug\Obj\reg_test.o"
#        "C:\Users\klasl\Desktop\freertos_dmp2\Flash Debug\Obj\RegTest.o"
#        "C:\Users\klasl\Desktop\freertos_dmp2\Flash
#        Debug\Obj\results_holder.o"
#        "C:\Users\klasl\Desktop\freertos_dmp2\Flash Debug\Obj\start_manager.o"
#        "C:\Users\klasl\Desktop\freertos_dmp2\Flash
#        Debug\Obj\startup_stm32f4xx.o"
#        "C:\Users\klasl\Desktop\freertos_dmp2\Flash Debug\Obj\stm32f4xx_adc.o"
#        "C:\Users\klasl\Desktop\freertos_dmp2\Flash Debug\Obj\stm32f4xx_can.o"
#        "C:\Users\klasl\Desktop\freertos_dmp2\Flash Debug\Obj\stm32f4xx_crc.o"
#        "C:\Users\klasl\Desktop\freertos_dmp2\Flash
#        Debug\Obj\stm32f4xx_cryp.o"
#        "C:\Users\klasl\Desktop\freertos_dmp2\Flash
#        Debug\Obj\stm32f4xx_cryp_aes.o"
#        "C:\Users\klasl\Desktop\freertos_dmp2\Flash
#        Debug\Obj\stm32f4xx_cryp_des.o"
#        "C:\Users\klasl\Desktop\freertos_dmp2\Flash
#        Debug\Obj\stm32f4xx_cryp_tdes.o"
#        "C:\Users\klasl\Desktop\freertos_dmp2\Flash Debug\Obj\stm32f4xx_dac.o"
#        "C:\Users\klasl\Desktop\freertos_dmp2\Flash
#        Debug\Obj\stm32f4xx_dbgmcu.o"
#        "C:\Users\klasl\Desktop\freertos_dmp2\Flash
#        Debug\Obj\stm32f4xx_dcmi.o"
#        "C:\Users\klasl\Desktop\freertos_dmp2\Flash Debug\Obj\stm32f4xx_dma.o"
#        "C:\Users\klasl\Desktop\freertos_dmp2\Flash
#        Debug\Obj\stm32f4xx_exti.o"
#        "C:\Users\klasl\Desktop\freertos_dmp2\Flash
#        Debug\Obj\stm32f4xx_flash.o"
#        "C:\Users\klasl\Desktop\freertos_dmp2\Flash
#        Debug\Obj\stm32f4xx_fsmc.o"
#        "C:\Users\klasl\Desktop\freertos_dmp2\Flash
#        Debug\Obj\stm32f4xx_gpio.o"
#        "C:\Users\klasl\Desktop\freertos_dmp2\Flash
#        Debug\Obj\stm32f4xx_hash.o"
#        "C:\Users\klasl\Desktop\freertos_dmp2\Flash
#        Debug\Obj\stm32f4xx_hash_md5.o"
#        "C:\Users\klasl\Desktop\freertos_dmp2\Flash
#        Debug\Obj\stm32f4xx_hash_sha1.o"
#        "C:\Users\klasl\Desktop\freertos_dmp2\Flash Debug\Obj\stm32f4xx_i2c.o"
#        "C:\Users\klasl\Desktop\freertos_dmp2\Flash Debug\Obj\stm32f4xx_it.o"
#        "C:\Users\klasl\Desktop\freertos_dmp2\Flash
#        Debug\Obj\stm32f4xx_iwdg.o"
#        "C:\Users\klasl\Desktop\freertos_dmp2\Flash Debug\Obj\stm32f4xx_pwr.o"
#        "C:\Users\klasl\Desktop\freertos_dmp2\Flash Debug\Obj\stm32f4xx_rcc.o"
#        "C:\Users\klasl\Desktop\freertos_dmp2\Flash Debug\Obj\stm32f4xx_rng.o"
#        "C:\Users\klasl\Desktop\freertos_dmp2\Flash Debug\Obj\stm32f4xx_rtc.o"
#        "C:\Users\klasl\Desktop\freertos_dmp2\Flash
#        Debug\Obj\stm32f4xx_sdio.o"
#        "C:\Users\klasl\Desktop\freertos_dmp2\Flash Debug\Obj\stm32f4xx_spi.o"
#        "C:\Users\klasl\Desktop\freertos_dmp2\Flash
#        Debug\Obj\stm32f4xx_syscfg.o"
#        "C:\Users\klasl\Desktop\freertos_dmp2\Flash Debug\Obj\stm32f4xx_tim.o"
#        "C:\Users\klasl\Desktop\freertos_dmp2\Flash
#        Debug\Obj\stm32f4xx_usart.o"
#        "C:\Users\klasl\Desktop\freertos_dmp2\Flash
#        Debug\Obj\stm32f4xx_wwdg.o"
#        "C:\Users\klasl\Desktop\freertos_dmp2\Flash
#        Debug\Obj\storage_manager.o"
#        "C:\Users\klasl\Desktop\freertos_dmp2\Flash
#        Debug\Obj\system_stm32f4xx.o"
#        "C:\Users\klasl\Desktop\freertos_dmp2\Flash Debug\Obj\tasks.o"
#        "C:\Users\klasl\Desktop\freertos_dmp2\Flash Debug\Obj\timers.o"
#        "C:\Users\klasl\Desktop\freertos_dmp2\Flash Debug\Obj\tiny_ekf.o"
#        "C:\Users\klasl\Desktop\freertos_dmp2\Flash Debug\Obj\uart.o"
#        "C:\Users\klasl\Desktop\freertos_dmp2\Flash Debug\Obj\ultrasonic.o"
#        "C:\Users\klasl\Desktop\freertos_dmp2\Flash Debug\Obj\vl53l0x.o"
#        "C:\Users\klasl\Desktop\freertos_dmp2\Flash Debug\Obj\vl53l0x_api.o"
#        "C:\Users\klasl\Desktop\freertos_dmp2\Flash
#        Debug\Obj\vl53l0x_api_calibration.o"
#        "C:\Users\klasl\Desktop\freertos_dmp2\Flash
#        Debug\Obj\vl53l0x_api_core.o"
#        "C:\Users\klasl\Desktop\freertos_dmp2\Flash
#        Debug\Obj\vl53l0x_api_ranging.o"
#        "C:\Users\klasl\Desktop\freertos_dmp2\Flash
#        Debug\Obj\vl53l0x_api_strings.o"
#        "C:\Users\klasl\Desktop\freertos_dmp2\Flash
#        Debug\Obj\vl53l0x_i2c_comms.o"
#        "C:\Users\klasl\Desktop\freertos_dmp2\Flash
#        Debug\Obj\vl53l0x_platform.o" --redirect _Printf=_PrintfLarge
#        --redirect _Scanf=_ScanfSmall -o
#        "C:\Users\klasl\Desktop\freertos_dmp2\Flash Debug\Exe\RTOSDemo.out"
#        --map "C:\Users\klasl\Desktop\freertos_dmp2\Flash
#        Debug\List\RTOSDemo.map" --config "C:\Program Files (x86)\IAR
#        Systems\Embedded Workbench 7.3_2\arm\config\linker\ST\stm32f407xG.icf"
#        --semihosting --entry __iar_program_start --redirect
#        __iar_sh_stdout=__iar_sh_stdout_swo --vfe
#
###############################################################################

*******************************************************************************
*** MESSAGES
***

Warning[Lt049]: Potential floating point parameter passing conflict. The first
          module below references the second and they have been built with
          different settings.
          AAPCS, VFP variant: C:\Users\klasl\Desktop\freertos_dmp2\Flash
                    Debug\Obj\imu.o
          AAPCS, base variant: quaternion_supervisor.o(libmpllib.a)
Warning[Lt049]: Potential floating point parameter passing conflict. The first
          module below references the second and they have been built with
          different settings.
          AAPCS, VFP variant: C:\Users\klasl\Desktop\freertos_dmp2\Flash
                    Debug\Obj\imu.o
          AAPCS, base variant: fusion_9axis.o(libmpllib.a)
Warning[Lt049]: Potential floating point parameter passing conflict. The first
          module below references the second and they have been built with
          different settings.
          AAPCS, VFP variant: C:\Users\klasl\Desktop\freertos_dmp2\Flash
                    Debug\Obj\imu.o
          AAPCS, base variant: fast_no_motion.o(libmpllib.a)
Warning[Lt049]: Potential floating point parameter passing conflict. The first
          module below references the second and they have been built with
          different settings.
          AAPCS, VFP variant: C:\Users\klasl\Desktop\freertos_dmp2\Flash
                    Debug\Obj\imu.o
          AAPCS, base variant: gyro_tc.o(libmpllib.a)
Warning[Lt049]: Potential floating point parameter passing conflict. The first
          module below references the second and they have been built with
          different settings.
          AAPCS, base variant: fusion_9axis.o(libmpllib.a)
          AAPCS, VFP variant: C:\Users\klasl\Desktop\freertos_dmp2\Flash
                    Debug\Obj\ml_math_func.o
Warning[Lt049]: Potential floating point parameter passing conflict. The first
          module below references the second and they have been built with
          different settings.
          AAPCS, base variant: fusion_9axis.o(libmpllib.a)
          AAPCS, VFP variant: C:\Users\klasl\Desktop\freertos_dmp2\Flash
                    Debug\Obj\results_holder.o
Warning[Lt049]: Potential floating point parameter passing conflict. The first
          module below references the second and they have been built with
          different settings.
          AAPCS, base variant: fast_no_motion.o(libmpllib.a)
          AAPCS, VFP variant: C:\Users\klasl\Desktop\freertos_dmp2\Flash
                    Debug\Obj\ml_math_func.o
Warning[Lt049]: Potential floating point parameter passing conflict. The first
          module below references the second and they have been built with
          different settings.
          AAPCS, base variant: fast_no_motion.o(libmpllib.a)
          AAPCS, VFP variant: C:\Users\klasl\Desktop\freertos_dmp2\Flash
                    Debug\Obj\results_holder.o
Warning[Lt049]: Potential floating point parameter passing conflict. The first
          module below references the second and they have been built with
          different settings.
          AAPCS, base variant: gyro_tc.o(libmpllib.a)
          AAPCS, VFP variant: C:\Users\klasl\Desktop\freertos_dmp2\Flash
                    Debug\Obj\results_holder.o
Warning[Lt049]: Potential floating point parameter passing conflict. The first
          module below references the second and they have been built with
          different settings.
          AAPCS, base variant: quaternion_supervisor.o(libmpllib.a)
          AAPCS, VFP variant: C:\Users\klasl\Desktop\freertos_dmp2\Flash
                    Debug\Obj\ml_math_func.o
Warning[Lt049]: Potential floating point parameter passing conflict. The first
          module below references the second and they have been built with
          different settings.
          AAPCS, base variant: quaternion_supervisor.o(libmpllib.a)
          AAPCS, VFP variant: C:\Users\klasl\Desktop\freertos_dmp2\Flash
                    Debug\Obj\results_holder.o
Warning[Lt049]: Potential floating point parameter passing conflict. The first
          module below references the second and they have been built with
          different settings.
          AAPCS, base variant: quaternion_supervisor.o(libmpllib.a)
          AAPCS, VFP variant: C:\Users\klasl\Desktop\freertos_dmp2\Flash
                    Debug\Obj\imu.o


*******************************************************************************
*** RUNTIME MODEL ATTRIBUTES
***

CppFlavor                     = *
__Heap_Handler                = DLMalloc
__SystemLibrary               = DLib
__dlib_dynamic_initialization = normal


*******************************************************************************
*** PLACEMENT SUMMARY
***

"A1":  place at 0x08000000 { ro section .intvec };
"P1":  place in [from 0x08000000 to 0x080fffff] { ro };
"P2":  place in [from 0x20000000 to 0x2001ffff] { rw, block CSTACK, block HEAP };

  Section             Kind        Address     Size  Object
  -------             ----        -------     ----  ------
"A1":                                        0x188
  .intvec             ro code  0x08000000    0x188  startup_stm32f4xx.o [1]
                             - 0x08000188    0x188

"P1":                                       0xf79f
  .text               ro code  0x08000188   0x14f0  dlmalloc.o [3]
  .text               ro code  0x08001678      0x6  abort.o [3]
  .text               ro code  0x0800167e     0x76  lz77_init_single.o [6]
  .text               ro code  0x080016f4     0x2c  xgetmemchunk.o [3]
  .text               ro code  0x08001720     0x14  exit.o [7]
  .text               ro code  0x08001734   0x1010  inv_mpu.o [1]
  .text               ro code  0x08002744    0x744  i2c.o [1]
  .text               ro code  0x08002e88     0x22  freertos_time.o [1]
  .text               ro code  0x08002eaa     0x1a  xsnprout.o [3]
  .text               ro code  0x08002ec4     0x66  ABImemset.o [6]
  .text               ro code  0x08002f2a      0xa  xsprout.o [3]
  .text               ro code  0x08002f34     0x62  memcmp_unaligned.o [6]
  .rodata             const    0x08002f96      0x2  heap_2.o [1]
  .text               ro code  0x08002f98    0x188  stm32f4xx_rcc.o [1]
  .text               ro code  0x08003120     0xf4  stm32f4xx_gpio.o [1]
  .text               ro code  0x08003214    0x242  stm32f4xx_i2c.o [1]
  .rodata             const    0x08003456      0x2  inv_mpu_dmp_motion_driver.o [1]
  .text               ro code  0x08003458    0xbb0  tasks.o [1]
  .text               ro code  0x08004008    0x134  heap_2.o [1]
  .text               ro code  0x0800413c     0x98  list.o [1]
  .text               ro code  0x080041d4    0x214  port.o [1]
  .text               ro code  0x080043e8    0x3f0  timers.o [1]
  .text               ro code  0x080047d8     0x24  application_hooks.o [1]
  CODE                ro code  0x080047fc     0xa8  portasm.o [1]
  .text               ro code  0x080048a4    0x6f6  queue.o [1]
  .text               ro code  0x08004f9c     0x76  ABImemcpy_unaligned.o [6]
  .text               ro code  0x08005014    0xf9a  xprintflarge.o [3]
  .text               ro code  0x08005fae     0x20  xmbtowc.o [3]
  .text               ro code  0x08005fd0     0x16  strchr.o [6]
  .text               ro code  0x08005fe8     0x36  strlen.o [6]
  .text               ro code  0x08006020     0x58  memchr.o [6]
  .text               ro code  0x08006078      0xa  xmbcurmax.o [3]
  .text               ro code  0x08006082     0x1a  xwctomb.o [3]
  .text               ro code  0x0800609c    0x132  I64DivMod.o [6]
  .text               ro code  0x080061d0    0x1a2  DblMul.o [5]
  .text               ro code  0x08006372     0x42  xdnorm.o [5]
  .text               ro code  0x080063b4     0x2e  DblCmpLe.o [5]
  .text               ro code  0x080063e4    0x256  DblDiv.o [5]
  .text               ro code  0x0800663c     0x58  DblToI32.o [5]
  .text               ro code  0x08006694     0x30  I32ToDbl.o [5]
  .text               ro code  0x080066c4    0x180  DblSub.o [5]
  .text               ro code  0x08006844     0x6c  localeconv.o [3]
  .text               ro code  0x080068b0      0xe  div.o [3]
  .text               ro code  0x080068c0     0x14  setlocale.o [3]
  .text               ro code  0x080068d4     0x60  xencoding_sb.o [3]
  .text               ro code  0x08006934      0x2  I64DivZer.o [6]
  .text               ro code  0x08006938     0xe8  DblAdd.o [5]
  .text               ro code  0x08006a20      0x2  xtls.o [3]
  .rodata             const    0x08006a24    0xbf8  inv_mpu_dmp_motion_driver.o [1]
  .text               ro code  0x0800761c    0xa48  inv_mpu_dmp_motion_driver.o [1]
  .text               ro code  0x08008064    0xa48  quaternion_supervisor.o [4]
  .text               ro code  0x08008aac      0xe  S32ToFlt.o [5]
  .text               ro code  0x08008aba     0x12  FltMul.o [5]
  .text               ro code  0x08008acc     0x12  FltAdd.o [5]
  .text               ro code  0x08008ae0     0x2c  sqrtf.o [5]
  .text               ro code  0x08008b0c     0x4e  FltToDbl.o [5]
  .text               ro code  0x08008b5c     0x2e  DblCmpGe.o [5]
  .text               ro code  0x08008b8a     0x12  FltDiv.o [5]
  .text               ro code  0x08008b9c    0x6d2  ml_math_func.o [1]
  .text               ro code  0x08009270     0x24  FltCmpLe.o [5]
  .text               ro code  0x08009294      0xe  FltToS32.o [5]
  .text               ro code  0x080092a2      0xc  memcpy.o [3]
  .text               ro code  0x080092ae     0x12  FltSub.o [5]
  .text               ro code  0x080092c0     0x24  FltCmpGe.o [5]
  .text               ro code  0x080092e4    0x7f4  data_builder.o [1]
  .text               ro code  0x08009ad8     0x12  cosf.o [5]
  .text               ro code  0x08009aea     0x12  sinf.o [5]
  .text               ro code  0x08009afc    0x288  results_holder.o [1]
  .text               ro code  0x08009d84     0x14  memset.o [3]
  .text               ro code  0x08009d98     0x68  start_manager.o [1]
  .text               ro code  0x08009e00      0xc  iarEdom.o [6]
  .text               ro code  0x08009e0c     0x6a  atan2f.o [5]
  .text               ro code  0x08009e78     0xa4  storage_manager.o [1]
  .text               ro code  0x08009f1c     0x20  message_layer.o [1]
  .text               ro code  0x08009f3c    0x16c  xfsin.o [5]
  .text               ro code  0x0800a0a8      0xc  errno.o [3]
  .text               ro code  0x0800a0b4     0xa4  xatanf.o [5]
  .text               ro code  0x0800a158     0xec  xfquad.o [5]
  .text               ro code  0x0800a244     0x4e  xfdint.o [5]
  .text               ro code  0x0800a294     0xe6  fmodf.o [5]
  .text               ro code  0x0800a37c    0xa44  fast_no_motion.o [4]
  .text               ro code  0x0800adc0     0x62  I64ToFlt.o [5]
  .text               ro code  0x0800ae24     0x76  FltToS64.o [5]
  .text               ro code  0x0800ae9c     0x22  S64Shr.o [6]
  .text               ro code  0x0800aec0     0x22  I64Shl.o [6]
  .text               ro code  0x0800aee2      0x8  abs.o [3]
  .rodata             const    0x0800aeec     0x44  mpl.o [1]
  .text               ro code  0x0800af30    0x8c0  pow.o [5]
  .text               ro code  0x0800b7f0     0x7a  xdint.o [5]
  .text               ro code  0x0800b86c     0x20  DblCmpEq.o [5]
  .text               ro code  0x0800b88c     0xb0  xlog.o [5]
  .text               ro code  0x0800b93c    0x2c6  xexp.o [5]
  .text               ro code  0x0800bc02     0x40  xdtest.o [5]
  .text               ro code  0x0800bc44    0x114  xdscale.o [5]
  .text               ro code  0x0800bd58    0x69c  fusion_9axis.o [4]
  .text               ro code  0x0800c3f4      0xc  memmove.o [6]
  .text               ro code  0x0800c400     0x1c  FltCmpEq.o [5]
  .text               ro code  0x0800c41c     0x90  DblToFlt.o [5]
  .text               ro code  0x0800c4ac      0xc  mag_disturb.o [4]
  .text               ro code  0x0800c4b8     0x78  ABImemmove_unaligned.o [6]
  .text               ro code  0x0800c530    0x508  stm32f4xx_tim.o [1]
  .text               ro code  0x0800ca38    0x474  stm32f4xx_it.o [1]
  .text               ro code  0x0800ceac    0x38c  imu.o [1]
  .text               ro code  0x0800d238     0xa0  stm32f4xx_exti.o [1]
  .text               ro code  0x0800d2d8    0x440  eMPL_outputs.o [1]
  .text               ro code  0x0800d718    0x104  uart.o [1]
  .text               ro code  0x0800d81c     0x90  mpl.o [1]
  .text               ro code  0x0800d8ac    0x474  gyro_tc.o [4]
  .text               ro code  0x0800dd20    0x13a  stm32f4xx_usart.o [1]
  .text               ro code  0x0800de5c     0x3c  vsnprint.o [3]
  .text               ro code  0x0800de98     0x2c  vsprintf.o [3]
  .text               ro code  0x0800dec4      0x6  ABImemclr4.o [6]
  .text               ro code  0x0800decc     0x32  ABImemset48.o [6]
  CODE                ro code  0x0800df00    0x3d4  RegTest.o [1]
  .text               ro code  0x0800e2d4    0x3a0  pwm.o [1]
  .text               ro code  0x0800e674     0x80  misc.o [1]
  .text               ro code  0x0800e6f4    0x2c0  main.o [1]
  .text               ro code  0x0800e9b4    0x11c  esc.o [1]
  .text               ro code  0x0800ead0     0xa6  pid.o [1]
  .text               ro code  0x0800eb78    0x230  joystick.o [1]
  .text               ro code  0x0800eda8     0xec  arm.o [1]
  .text               ro code  0x0800ee94     0xb0  hardware.o [1]
  .text               ro code  0x0800ef44    0x108  buzzer.o [1]
  .text               ro code  0x0800f04c    0x1fc  system_stm32f4xx.o [1]
  .text               ro code  0x0800f248      0xc  stm32f4xx_pwr.o [1]
  .text               ro code  0x0800f254     0x80  gpio.o [1]
  .text               ro code  0x0800f2d4     0xb8  i2c_1.o [1]
  .text               ro code  0x0800f38c     0x54  stm32f4xx_syscfg.o [1]
  .text               ro code  0x0800f3e0     0x40  zero_init3.o [6]
  .rodata             const    0x0800f420     0x28  inv_mpu.o [1]
  .text               ro code  0x0800f448     0x28  data_init.o [6]
  .text               ro code  0x0800f470     0x22  fpinit_M.o [5]
  .iar.init_table     const    0x0800f494     0x20  - Linker created -
  .rodata             const    0x0800f4b4     0x20  imu.o [1]
  .rodata             const    0x0800f4d4     0x20  inv_mpu.o [1]
  .rodata             const    0x0800f4f4     0x1c  imu.o [1]
  .rodata             const    0x0800f510     0x1c  imu.o [1]
  .text               ro code  0x0800f52c     0x1a  cmain.o [6]
  .text               ro code  0x0800f546      0x4  low_level_init.o [3]
  .text               ro code  0x0800f54a      0x4  exit.o [3]
  .text               ro code  0x0800f550      0xa  cexit.o [6]
  .rodata             const    0x0800f55c     0x18  main.o [1]
  .rodata             const    0x0800f574     0x14  esc.o [1]
  .rodata             const    0x0800f588     0x14  imu.o [1]
  .rodata             const    0x0800f59c     0x14  imu.o [1]
  .rodata             const    0x0800f5b0     0x14  main.o [1]
  .rodata             const    0x0800f5c4     0x10  hardware.o [1]
  .rodata             const    0x0800f5d4     0x10  imu.o [1]
  .rodata             const    0x0800f5e4     0x10  main.o [1]
  .rodata             const    0x0800f5f4     0x10  main.o [1]
  .rodata             const    0x0800f604     0x10  mpl.o [1]
  .rodata             const    0x0800f614     0x10  mpl.o [1]
  .rodata             const    0x0800f624     0x10  pwm.o [1]
  .rodata             const    0x0800f634     0x10  pwm.o [1]
  .text               ro code  0x0800f644     0x10  startup_stm32f4xx.o [1]
  .rodata             const    0x0800f654      0xc  imu.o [1]
  .rodata             const    0x0800f660      0xc  imu.o [1]
  .rodata             const    0x0800f66c      0xc  inv_mpu.o [1]
  .rodata             const    0x0800f678      0xc  inv_mpu_dmp_motion_driver.o [1]
  .rodata             const    0x0800f684      0xc  inv_mpu_dmp_motion_driver.o [1]
  .rodata             const    0x0800f690      0xc  inv_mpu_dmp_motion_driver.o [1]
  .rodata             const    0x0800f69c      0xc  main.o [1]
  .rodata             const    0x0800f6a8      0xc  main.o [1]
  .text               ro code  0x0800f6b4      0xc  cstartup_M.o [6]
  .rodata             const    0x0800f6c0      0x8  tasks.o [1]
  .rodata             const    0x0800f6c8      0x8  timers.o [1]
  .rodata             const    0x0800f6d0      0x8  timers.o [1]
  .rodata             const    0x0800f6d8      0x4  inv_mpu_dmp_motion_driver.o [1]
  .rodata             const    0x0800f6dc      0x4  inv_mpu_dmp_motion_driver.o [1]
  .rodata             const    0x0800f6e0      0x4  inv_mpu_dmp_motion_driver.o [1]
  .rodata             const    0x0800f6e4      0x4  inv_mpu_dmp_motion_driver.o [1]
  .rodata             const    0x0800f6e8      0x4  port.o [1]
  .text               ro code  0x0800f6ec      0x4  startup_stm32f4xx.o [1]
  .text               ro code  0x0800f6f0      0x4  startup_stm32f4xx.o [1]
  .text               ro code  0x0800f6f4      0x4  startup_stm32f4xx.o [1]
  .text               ro code  0x0800f6f8      0x4  startup_stm32f4xx.o [1]
  .text               ro code  0x0800f6fc      0x4  startup_stm32f4xx.o [1]
  .text               ro code  0x0800f700      0x4  startup_stm32f4xx.o [1]
  .text               ro code  0x0800f704      0x4  startup_stm32f4xx.o [1]
  .text               ro code  0x0800f708      0x4  startup_stm32f4xx.o [1]
  .text               ro code  0x0800f70c      0x4  startup_stm32f4xx.o [1]
  .text               ro code  0x0800f710      0x4  startup_stm32f4xx.o [1]
  .text               ro code  0x0800f714      0x4  startup_stm32f4xx.o [1]
  .text               ro code  0x0800f718      0x4  startup_stm32f4xx.o [1]
  .text               ro code  0x0800f71c      0x4  startup_stm32f4xx.o [1]
  .text               ro code  0x0800f720      0x4  startup_stm32f4xx.o [1]
  .text               ro code  0x0800f724      0x4  startup_stm32f4xx.o [1]
  .text               ro code  0x0800f728      0x4  startup_stm32f4xx.o [1]
  .text               ro code  0x0800f72c      0x4  startup_stm32f4xx.o [1]
  .text               ro code  0x0800f730      0x4  startup_stm32f4xx.o [1]
  .text               ro code  0x0800f734      0x4  startup_stm32f4xx.o [1]
  .text               ro code  0x0800f738      0x4  startup_stm32f4xx.o [1]
  .text               ro code  0x0800f73c      0x4  startup_stm32f4xx.o [1]
  .text               ro code  0x0800f740      0x4  startup_stm32f4xx.o [1]
  .text               ro code  0x0800f744      0x4  startup_stm32f4xx.o [1]
  .text               ro code  0x0800f748      0x4  startup_stm32f4xx.o [1]
  .text               ro code  0x0800f74c      0x4  startup_stm32f4xx.o [1]
  .text               ro code  0x0800f750      0x4  startup_stm32f4xx.o [1]
  .text               ro code  0x0800f754      0x4  startup_stm32f4xx.o [1]
  .text               ro code  0x0800f758      0x4  startup_stm32f4xx.o [1]
  .text               ro code  0x0800f75c      0x4  startup_stm32f4xx.o [1]
  .text               ro code  0x0800f760      0x4  startup_stm32f4xx.o [1]
  .text               ro code  0x0800f764      0x4  startup_stm32f4xx.o [1]
  .text               ro code  0x0800f768      0x4  startup_stm32f4xx.o [1]
  .text               ro code  0x0800f76c      0x4  startup_stm32f4xx.o [1]
  .text               ro code  0x0800f770      0x4  startup_stm32f4xx.o [1]
  .text               ro code  0x0800f774      0x4  startup_stm32f4xx.o [1]
  .text               ro code  0x0800f778      0x4  startup_stm32f4xx.o [1]
  .text               ro code  0x0800f77c      0x4  startup_stm32f4xx.o [1]
  .text               ro code  0x0800f780      0x4  startup_stm32f4xx.o [1]
  .text               ro code  0x0800f784      0x4  startup_stm32f4xx.o [1]
  .text               ro code  0x0800f788      0x4  startup_stm32f4xx.o [1]
  .text               ro code  0x0800f78c      0x4  startup_stm32f4xx.o [1]
  .text               ro code  0x0800f790      0x4  startup_stm32f4xx.o [1]
  .text               ro code  0x0800f794      0x4  startup_stm32f4xx.o [1]
  .text               ro code  0x0800f798      0x4  startup_stm32f4xx.o [1]
  .text               ro code  0x0800f79c      0x4  startup_stm32f4xx.o [1]
  .text               ro code  0x0800f7a0      0x4  startup_stm32f4xx.o [1]
  .text               ro code  0x0800f7a4      0x4  startup_stm32f4xx.o [1]
  .text               ro code  0x0800f7a8      0x4  startup_stm32f4xx.o [1]
  .text               ro code  0x0800f7ac      0x4  startup_stm32f4xx.o [1]
  .text               ro code  0x0800f7b0      0x4  startup_stm32f4xx.o [1]
  .text               ro code  0x0800f7b4      0x4  startup_stm32f4xx.o [1]
  .text               ro code  0x0800f7b8      0x4  startup_stm32f4xx.o [1]
  .text               ro code  0x0800f7bc      0x4  startup_stm32f4xx.o [1]
  .text               ro code  0x0800f7c0      0x4  startup_stm32f4xx.o [1]
  .text               ro code  0x0800f7c4      0x4  startup_stm32f4xx.o [1]
  .text               ro code  0x0800f7c8      0x4  startup_stm32f4xx.o [1]
  .text               ro code  0x0800f7cc      0x4  startup_stm32f4xx.o [1]
  .text               ro code  0x0800f7d0      0x4  startup_stm32f4xx.o [1]
  .text               ro code  0x0800f7d4      0x4  startup_stm32f4xx.o [1]
  .text               ro code  0x0800f7d8      0x4  startup_stm32f4xx.o [1]
  .text               ro code  0x0800f7dc      0x4  startup_stm32f4xx.o [1]
  .text               ro code  0x0800f7e0      0x4  startup_stm32f4xx.o [1]
  .text               ro code  0x0800f7e4      0x4  startup_stm32f4xx.o [1]
  .text               ro code  0x0800f7e8      0x4  startup_stm32f4xx.o [1]
  .text               ro code  0x0800f7ec      0x4  startup_stm32f4xx.o [1]
  .text               ro code  0x0800f7f0      0x4  startup_stm32f4xx.o [1]
  .text               ro code  0x0800f7f4      0x4  startup_stm32f4xx.o [1]
  .text               ro code  0x0800f7f8      0x4  startup_stm32f4xx.o [1]
  .text               ro code  0x0800f7fc      0x4  startup_stm32f4xx.o [1]
  .text               ro code  0x0800f800      0x4  startup_stm32f4xx.o [1]
  .text               ro code  0x0800f804      0x4  startup_stm32f4xx.o [1]
  .text               ro code  0x0800f808      0x4  startup_stm32f4xx.o [1]
  .text               ro code  0x0800f80c      0x4  startup_stm32f4xx.o [1]
  .text               ro code  0x0800f810      0x4  startup_stm32f4xx.o [1]
  .text               ro code  0x0800f814      0x4  startup_stm32f4xx.o [1]
  .text               ro code  0x0800f818      0x4  startup_stm32f4xx.o [1]
  .text               ro code  0x0800f81c      0x4  startup_stm32f4xx.o [1]
  .text               ro code  0x0800f820      0x4  startup_stm32f4xx.o [1]
  .text               ro code  0x0800f824      0x4  startup_stm32f4xx.o [1]
  .text               ro code  0x0800f828      0x4  startup_stm32f4xx.o [1]
  .text               ro code  0x0800f82c      0x4  startup_stm32f4xx.o [1]
  .text               ro code  0x0800f830      0x4  startup_stm32f4xx.o [1]
  .text               ro code  0x0800f834      0x4  startup_stm32f4xx.o [1]
  .text               ro code  0x0800f838      0x4  startup_stm32f4xx.o [1]
  .text               ro code  0x0800f83c      0x4  startup_stm32f4xx.o [1]
  .text               ro code  0x0800f840      0x4  startup_stm32f4xx.o [1]
  .text               ro code  0x0800f844      0x4  startup_stm32f4xx.o [1]
  .text               ro code  0x0800f848      0x4  startup_stm32f4xx.o [1]
  .text               ro code  0x0800f84c      0x4  startup_stm32f4xx.o [1]
  .text               ro code  0x0800f850      0x4  startup_stm32f4xx.o [1]
  .text               ro code  0x0800f854      0x4  startup_stm32f4xx.o [1]
  .rodata             const    0x0800f858      0x0  zero_init3.o [6]
  .rodata             const    0x0800f858      0x0  lz77_init_single.o [6]
  Initializer bytes   const    0x0800f858     0xcf  <for P2-1>
                             - 0x0800f927   0xf79f

"P2", part 1 of 3:                           0x312
  P2-1                         0x20000000    0x312  <Init block>
    .data             inited   0x20000000      0x4  heap_2.o [1]
    .data             inited   0x20000004      0x4  imu.o [1]
    .data             inited   0x20000008      0xc  imu.o [1]
    .data             inited   0x20000014     0x2c  inv_mpu.o [1]
    .data             inited   0x20000040     0x18  main.o [1]
    .data             inited   0x20000058     0x18  main.o [1]
    .data             inited   0x20000070     0x18  main.o [1]
    .data             inited   0x20000088     0x18  main.o [1]
    .data             inited   0x200000a0     0x2c  main.o [1]
    .data             inited   0x200000cc     0x2c  main.o [1]
    .data             inited   0x200000f8     0x2c  main.o [1]
    .data             inited   0x20000124     0x2c  main.o [1]
    .data             inited   0x20000150     0x4c  main.o [1]
    .data             inited   0x2000019c     0x4c  main.o [1]
    .data             inited   0x200001e8      0x4  port.o [1]
    .data             inited   0x200001ec     0x10  stm32f4xx_rcc.o [1]
    .data             inited   0x200001fc      0x4  system_stm32f4xx.o [1]
    .data             inited   0x20000200     0x10  system_stm32f4xx.o [1]
    __DLIB_PERTHREAD  inited   0x20000210      0x4  errno.o [3]
    __DLIB_PERTHREAD  inited   0x20000214     0x88  localeconv.o [3]
    __DLIB_PERTHREAD  inited   0x2000029c     0x74  setlocale.o [3]
    .data             inited   0x20000310      0x2  i2c.o [1]
                             - 0x20000312    0x312

"P2", part 2 of 3:                          0x4000
  CSTACK                       0x20000318   0x2000  <Block>
    CSTACK            uninit   0x20000318   0x2000  <Block tail>
  HEAP                         0x20002318   0x2000  <Block>
    HEAP              uninit   0x20002318   0x2000  <Block tail>
                             - 0x20004318   0x4000

"P2", part 3 of 3:                         0x13cd0
  .bss                zero     0x20004318  0x12c00  heap_2.o [1]
  .bss                zero     0x20016f18    0x260  fast_no_motion.o [4]
  .bss                zero     0x20017178    0x1d8  dlmalloc.o [3]
  .bss                zero     0x20017350    0x1c4  gyro_tc.o [4]
  .bss                zero     0x20017514    0x198  data_builder.o [1]
  .bss                zero     0x200176ac    0x198  storage_manager.o [1]
  .bss                zero     0x20017844    0x140  data_builder.o [1]
  .bss                zero     0x20017984    0x138  fusion_9axis.o [4]
  .bss                zero     0x20017abc     0xb8  mag_disturb.o [4]
  .bss                zero     0x20017b74     0x88  results_holder.o [1]
  .bss                zero     0x20017bfc     0x6c  quaternion_supervisor.o [4]
  .bss                zero     0x20017c68     0x64  tasks.o [1]
  .bss                zero     0x20017ccc     0x54  start_manager.o [1]
  .bss                zero     0x20017d20     0x40  queue.o [1]
  .bss                zero     0x20017d60     0x40  fast_no_motion.o [4]
  .bss                zero     0x20017da0     0x30  imu.o [1]
  .bss                zero     0x20017dd0     0x30  main.o [1]
  .bss                zero     0x20017e00     0x28  eMPL_outputs.o [1]
  .bss                zero     0x20017e28     0x24  imu.o [1]
  .bss                zero     0x20017e4c     0x18  dlmalloc.o [3]
  .bss                zero     0x20017e64     0x14  tasks.o [1]
  .bss                zero     0x20017e78     0x14  tasks.o [1]
  .bss                zero     0x20017e8c     0x14  tasks.o [1]
  .bss                zero     0x20017ea0     0x14  tasks.o [1]
  .bss                zero     0x20017eb4     0x14  tasks.o [1]
  .bss                zero     0x20017ec8     0x14  timers.o [1]
  .bss                zero     0x20017edc     0x14  timers.o [1]
  .bss                zero     0x20017ef0     0x10  inv_mpu_dmp_motion_driver.o [1]
  .bss                zero     0x20017f00     0x10  pwm.o [1]
  .bss                zero     0x20017f10      0x8  heap_2.o [1]
  .bss                zero     0x20017f18      0x8  heap_2.o [1]
  .bss                zero     0x20017f20      0x4  heap_2.o [1]
  .bss                zero     0x20017f24      0x4  imu.o [1]
  .bss                zero     0x20017f28      0x4  imu.o [1]
  .bss                zero     0x20017f2c      0x4  imu.o [1]
  .bss                zero     0x20017f30      0x4  imu.o [1]
  .bss                zero     0x20017f34      0x4  imu.o [1]
  .bss                zero     0x20017f38      0x4  main.o [1]
  .bss                zero     0x20017f3c      0x4  message_layer.o [1]
  .bss                zero     0x20017f40      0x4  port.o [1]
  .bss                zero     0x20017f44      0x4  reg_test.o [1]
  .bss                zero     0x20017f48      0x4  reg_test.o [1]
  .bss                zero     0x20017f4c      0x4  stm32f4xx_it.o [1]
  .bss                zero     0x20017f50      0x4  stm32f4xx_it.o [1]
  .bss                zero     0x20017f54      0x4  stm32f4xx_it.o [1]
  .bss                zero     0x20017f58      0x4  stm32f4xx_it.o [1]
  .bss                zero     0x20017f5c      0x4  stm32f4xx_it.o [1]
  .bss                zero     0x20017f60      0x4  stm32f4xx_it.o [1]
  .bss                zero     0x20017f64      0x4  stm32f4xx_it.o [1]
  .bss                zero     0x20017f68      0x4  stm32f4xx_it.o [1]
  .bss                zero     0x20017f6c      0x4  stm32f4xx_it.o [1]
  .bss                zero     0x20017f70      0x4  stm32f4xx_it.o [1]
  .bss                zero     0x20017f74      0x4  stm32f4xx_it.o [1]
  .bss                zero     0x20017f78      0x4  stm32f4xx_it.o [1]
  .bss                zero     0x20017f7c      0x4  stm32f4xx_it.o [1]
  .bss                zero     0x20017f80      0x4  stm32f4xx_it.o [1]
  .bss                zero     0x20017f84      0x4  stm32f4xx_it.o [1]
  .bss                zero     0x20017f88      0x4  stm32f4xx_it.o [1]
  .bss                zero     0x20017f8c      0x4  tasks.o [1]
  .bss                zero     0x20017f90      0x4  tasks.o [1]
  .bss                zero     0x20017f94      0x4  tasks.o [1]
  .bss                zero     0x20017f98      0x4  tasks.o [1]
  .bss                zero     0x20017f9c      0x4  tasks.o [1]
  .bss                zero     0x20017fa0      0x4  tasks.o [1]
  .bss                zero     0x20017fa4      0x4  tasks.o [1]
  .bss                zero     0x20017fa8      0x4  tasks.o [1]
  .bss                zero     0x20017fac      0x4  tasks.o [1]
  .bss                zero     0x20017fb0      0x4  tasks.o [1]
  .bss                zero     0x20017fb4      0x4  tasks.o [1]
  .bss                zero     0x20017fb8      0x4  tasks.o [1]
  .bss                zero     0x20017fbc      0x4  tasks.o [1]
  .bss                zero     0x20017fc0      0x4  tasks.o [1]
  .bss                zero     0x20017fc4      0x4  tasks.o [1]
  .bss                zero     0x20017fc8      0x4  timers.o [1]
  .bss                zero     0x20017fcc      0x4  timers.o [1]
  .bss                zero     0x20017fd0      0x4  timers.o [1]
  .bss                zero     0x20017fd4      0x4  timers.o [1]
  .bss                zero     0x20017fd8      0x4  timers.o [1]
  .bss                zero     0x20017fdc      0x4  xgetmemchunk.o [3]
  .bss                zero     0x20017fe0      0x2  arm.o [1]
  .bss                zero     0x20017fe2      0x2  stm32f4xx_it.o [1]
  .bss                zero     0x20017fe4      0x2  stm32f4xx_it.o [1]
  .bss                zero     0x20017fe6      0x1  arm.o [1]
  .bss                zero     0x20017fe7      0x1  port.o [1]
                             - 0x20017fe8  0x13cd0


*******************************************************************************
*** INIT TABLE
***

          Address     Size
          -------     ----
Zero (__iar_zero_init3)
    1 destination range, total size 0x13cd0:
          0x20004318  0x13cd0

Copy/lz77 (__iar_lz77_init_single3)
    1 source range, total size 0xcf (26% of destination):
          0x0800f858     0xcf
    1 destination range, total size 0x312:
          0x20000000    0x312



*******************************************************************************
*** MODULE SUMMARY
***

    Module                       ro code  ro data  rw data
    ------                       -------  -------  -------
C:\Users\klasl\Desktop\freertos_dmp2\Flash Debug\Obj: [1]
    RegTest.o                        980
    application_hooks.o               36
    arm.o                            236                 3
    buzzer.o                         264
    data_builder.o                 2 036               728
    eMPL_outputs.o                 1 088                40
    esc.o                            284       20
    freertos_time.o                   34
    gpio.o                           128
    hardware.o                       176       16
    heap_2.o                         308        3   76 824
    i2c.o                          1 860        1        2
    i2c_1.o                          184
    imu.o                            908      172      120
    inv_mpu.o                      4 112       95       44
    inv_mpu_dmp_motion_driver.o    2 632    3 118       16
    joystick.o                       560
    list.o                           152
    main.o                           704      212      476
    message_layer.o                   32                 4
    misc.o                           128
    ml_math_func.o                 1 746
    mpl.o                            144      100
    pid.o                            166
    port.o                           532        5        9
    portasm.o                        168
    pwm.o                            928       32       16
    queue.o                        1 782                64
    reg_test.o                                           8
    results_holder.o                 648               136
    start_manager.o                  104                84
    startup_stm32f4xx.o              772
    stm32f4xx_exti.o                 160
    stm32f4xx_gpio.o                 244
    stm32f4xx_i2c.o                  578
    stm32f4xx_it.o                 1 140                68
    stm32f4xx_pwr.o                   12
    stm32f4xx_rcc.o                  392        4       16
    stm32f4xx_syscfg.o                84
    stm32f4xx_tim.o                1 288
    stm32f4xx_usart.o                314
    storage_manager.o                164               408
    system_stm32f4xx.o               508        6       20
    tasks.o                        2 992        8      260
    timers.o                       1 008       16       60
    uart.o                           260
    ------------------------------------------------------
    Total:                        32 976    3 808   79 406

command line: [2]
    ------------------------------------------------------
    Total:

dl7M_tlf.a: [3]
    abort.o                            6
    abs.o                              8
    div.o                             14
    dlmalloc.o                     5 360               496
    errno.o                           12        1        4
    exit.o                             4
    localeconv.o                     108       35      136
    low_level_init.o                   4
    memcpy.o                          12
    memset.o                          20
    setlocale.o                       20       31      116
    vsnprint.o                        60
    vsprintf.o                        44
    xencoding_sb.o                    96
    xgetmemchunk.o                    44                 4
    xmbcurmax.o                       10
    xmbtowc.o                         32
    xprintflarge.o                 3 994
    xsnprout.o                        26
    xsprout.o                         10
    xtls.o                             2
    xwctomb.o                         26
    ------------------------------------------------------
    Total:                         9 912       67      756

libmpllib.a: [4]
    fast_no_motion.o               2 628               672
    fusion_9axis.o                 1 692               312
    gyro_tc.o                      1 140               452
    mag_disturb.o                     12               184
    quaternion_supervisor.o        2 632               108
    ------------------------------------------------------
    Total:                         8 104             1 728

m7M_tls.a: [5]
    DblAdd.o                         232
    DblCmpEq.o                        32
    DblCmpGe.o                        46
    DblCmpLe.o                        46
    DblDiv.o                         598
    DblMul.o                         418
    DblSub.o                         384
    DblToFlt.o                       144
    DblToI32.o                        88
    FltAdd.o                          18
    FltCmpEq.o                        28
    FltCmpGe.o                        36
    FltCmpLe.o                        36
    FltDiv.o                          18
    FltMul.o                          18
    FltSub.o                          18
    FltToDbl.o                        78
    FltToS32.o                        14
    FltToS64.o                       118
    I32ToDbl.o                        48
    I64ToFlt.o                        98
    S32ToFlt.o                        14
    atan2f.o                         106
    cosf.o                            18
    fmodf.o                          230
    fpinit_M.o                        34
    pow.o                          2 240
    sinf.o                            18
    sqrtf.o                           44
    xatanf.o                         164
    xdint.o                          122
    xdnorm.o                          66
    xdscale.o                        276
    xdtest.o                          64
    xexp.o                           710
    xfdint.o                          78
    xfquad.o                         236
    xfsin.o                          364
    xlog.o                           176
    ------------------------------------------------------
    Total:                         7 476

rt7M_tl.a: [6]
    ABImemclr4.o                       6
    ABImemcpy_unaligned.o            118
    ABImemmove_unaligned.o           120
    ABImemset.o                      102
    ABImemset48.o                     50
    I64DivMod.o                      306
    I64DivZer.o                        2
    I64Shl.o                          34
    S64Shr.o                          34
    cexit.o                           10
    cmain.o                           26
    cstartup_M.o                      12
    data_init.o                       40
    iarEdom.o                         12
    lz77_init_single.o               118
    memchr.o                          88
    memcmp_unaligned.o                98
    memmove.o                         12
    strchr.o                          22
    strlen.o                          54
    zero_init3.o                      64
    ------------------------------------------------------
    Total:                         1 328

shb_l.a: [7]
    exit.o                            20
    ------------------------------------------------------
    Total:                            20

    Gaps                              52        8
    Linker created                             32   16 384
----------------------------------------------------------
    Grand Total:                  59 868    3 915   98 274


*******************************************************************************
*** ENTRY LIST
***

Entry                      Address     Size  Type      Object
-----                      -------     ----  ----      ------
.iar.init_table$$Base   0x0800f494            --   Gb  - Linker created -
.iar.init_table$$Limit  0x0800f4b4            --   Gb  - Linker created -
?main                   0x0800f52d           Code  Gb  cmain.o [6]
AHBPrescTable           0x20000200     0x10  Data  Gb  system_stm32f4xx.o [1]
APBAHBPrescTable        0x200001ec     0x10  Data  Lc  stm32f4xx_rcc.o [1]
BusFault_Handler        0x0800cae7      0x2  Code  Gb  stm32f4xx_it.o [1]
CSTACK$$Base            0x20000318            --   Gb  - Linker created -
CSTACK$$Limit           0x20002318            --   Gb  - Linker created -
DebugMon_Handler        0x0800caeb      0x2  Code  Gb  stm32f4xx_it.o [1]
DutyCycle               0x20017fe4      0x2  Data  Gb  stm32f4xx_it.o [1]
EXTI4_IRQHandler        0x0800cb57      0xe  Code  Gb  stm32f4xx_it.o [1]
EXTI_ClearITPendingBit  0x0800d2bf      0x6  Code  Gb  stm32f4xx_exti.o [1]
EXTI_Init               0x0800d239     0x86  Code  Gb  stm32f4xx_exti.o [1]
Frequency               0x20017f4c      0x4  Data  Gb  stm32f4xx_it.o [1]
GPIO_Init               0x08003121     0xa4  Code  Gb  stm32f4xx_gpio.o [1]
GPIO_PinAFConfig        0x080031c5     0x50  Code  Gb  stm32f4xx_gpio.o [1]
Get_I2C_Retry           0x08002e57      0x6  Code  Gb  i2c.o [1]
HEAP$$Base              0x20002318            --   Gb  - Linker created -
HEAP$$Limit             0x20004318            --   Gb  - Linker created -
HardFault_Handler       0x0800cae3      0x2  Code  Gb  stm32f4xx_it.o [1]
I2C_AcknowledgeConfig   0x080033af     0x1c  Code  Gb  stm32f4xx_i2c.o [1]
I2C_ClearFlag           0x0800344b      0xc  Code  Gb  stm32f4xx_i2c.o [1]
I2C_Cmd                 0x08003345     0x1c  Code  Gb  stm32f4xx_i2c.o [1]
I2C_DeInit              0x08003215     0x56  Code  Gb  stm32f4xx_i2c.o [1]
I2C_GenerateSTART       0x08003361     0x1c  Code  Gb  stm32f4xx_i2c.o [1]
I2C_GenerateSTOP        0x0800337d     0x1c  Code  Gb  stm32f4xx_i2c.o [1]
I2C_GetFlagStatus       0x08003409     0x42  Code  Gb  stm32f4xx_i2c.o [1]
I2C_Init                0x0800326b     0xc0  Code  Gb  stm32f4xx_i2c.o [1]
I2C_ReadRegister        0x080033f1     0x18  Code  Gb  stm32f4xx_i2c.o [1]
I2C_ReceiveData         0x080033eb      0x6  Code  Gb  stm32f4xx_i2c.o [1]
I2C_Send7bitAddress     0x08003399     0x16  Code  Gb  stm32f4xx_i2c.o [1]
I2C_SendData            0x080033e5      0x6  Code  Gb  stm32f4xx_i2c.o [1]
I2C_SoftwareResetCmd    0x080033cb     0x1a  Code  Gb  stm32f4xx_i2c.o [1]
I2Cx_TIMEOUT_UserCallback
                        0x080027f5     0x6e  Code  Lc  i2c.o [1]
IC2Value                0x20017fe2      0x2  Data  Gb  stm32f4xx_it.o [1]
LoadInt                 0x08005657     0x6e  Code  Lc  xprintflarge.o [3]
MemManage_Handler       0x0800cae5      0x2  Code  Gb  stm32f4xx_it.o [1]
NMI_Handler             0x0800cae1      0x2  Code  Gb  stm32f4xx_it.o [1]
NVIC_Init               0x0800e67f     0x60  Code  Gb  misc.o [1]
NVIC_PriorityGroupConfig
                        0x0800e675      0xa  Code  Gb  misc.o [1]
PWR_BackupAccessCmd     0x0800f249      0x8  Code  Gb  stm32f4xx_pwr.o [1]
PendSV_Handler          0x080047fd           Code  Gb  portasm.o [1]
RCC_AHB1PeriphClockCmd  0x08003079     0x20  Code  Gb  stm32f4xx_rcc.o [1]
RCC_APB1PeriphClockCmd  0x08003099     0x20  Code  Gb  stm32f4xx_rcc.o [1]
RCC_APB1PeriphResetCmd  0x080030d9     0x20  Code  Gb  stm32f4xx_rcc.o [1]
RCC_APB2PeriphClockCmd  0x080030b9     0x20  Code  Gb  stm32f4xx_rcc.o [1]
RCC_BackupResetCmd      0x08003071      0x8  Code  Gb  stm32f4xx_rcc.o [1]
RCC_Clocks              0x20017f00     0x10  Data  Gb  pwm.o [1]
RCC_GetClocksFreq       0x08002f99     0xd8  Code  Gb  stm32f4xx_rcc.o [1]
RETRY_IN_MLSEC          0x20000310      0x2  Data  Lc  i2c.o [1]
Region$$Table$$Base     0x0800f494            --   Gb  - Linker created -
Region$$Table$$Limit    0x0800f4b4            --   Gb  - Linker created -
ST_Sensors_I2C_ReadRegister
                        0x08002a81    0x3d6  Code  Gb  i2c.o [1]
ST_Sensors_I2C_WriteRegister
                        0x08002913    0x16e  Code  Gb  i2c.o [1]
SVC_Handler             0x08004855           Code  Gb  portasm.o [1]
SYSCFG_EXTILineConfig   0x0800f38d     0x4e  Code  Gb  stm32f4xx_syscfg.o [1]
Sensors_I2C_ReadRegister
                        0x080028bb     0x58  Code  Gb  i2c.o [1]
Sensors_I2C_WriteRegister
                        0x08002863     0x58  Code  Gb  i2c.o [1]
SetSysClock             0x0800f139     0xce  Code  Lc  system_stm32f4xx.o [1]
SysTick_Handler         0x0800432b     0x28  Code  Gb  port.o [1]
SystemCoreClock         0x200001fc      0x4  Data  Gb  system_stm32f4xx.o [1]
SystemCoreClockUpdate   0x0800f09f     0x9a  Code  Gb  system_stm32f4xx.o [1]
SystemInit              0x0800f04d     0x52  Code  Gb  system_stm32f4xx.o [1]
TI1_Config              0x0800c959     0x34  Code  Lc  stm32f4xx_tim.o [1]
TI2_Config              0x0800c98d     0x3a  Code  Lc  stm32f4xx_tim.o [1]
TI3_Config              0x0800c9c7     0x38  Code  Lc  stm32f4xx_tim.o [1]
TI4_Config              0x0800c9ff     0x3a  Code  Lc  stm32f4xx_tim.o [1]
TIM1_BRK_TIM9_IRQHandler
                        0x0800cdb9     0x8e  Code  Gb  stm32f4xx_it.o [1]
TIM2_IRQHandler         0x0800cb69     0x96  Code  Gb  stm32f4xx_it.o [1]
TIM3_IRQHandler         0x0800cc01     0x8e  Code  Gb  stm32f4xx_it.o [1]
TIM4_IRQHandler         0x0800caed     0x6a  Code  Gb  stm32f4xx_it.o [1]
TIM5_IRQHandler         0x0800cc91     0x8e  Code  Gb  stm32f4xx_it.o [1]
TIM8_BRK_TIM12_IRQHandler
                        0x0800cd25     0x8e  Code  Gb  stm32f4xx_it.o [1]
TIM_ARRPreloadConfig    0x0800c599     0x1c  Code  Gb  stm32f4xx_tim.o [1]
TIM_ClearITPendingBit   0x0800c91d      0x8  Code  Gb  stm32f4xx_tim.o [1]
TIM_Cmd                 0x0800c5b5     0x1c  Code  Gb  stm32f4xx_tim.o [1]
TIM_GetCapture1         0x0800c889      0x4  Code  Gb  stm32f4xx_tim.o [1]
TIM_GetCapture2         0x0800c88d      0x4  Code  Gb  stm32f4xx_tim.o [1]
TIM_GetITStatus         0x0800c8f5     0x28  Code  Gb  stm32f4xx_tim.o [1]
TIM_ICInit              0x0800c819     0x70  Code  Gb  stm32f4xx_tim.o [1]
TIM_ITConfig            0x0800c8dd     0x18  Code  Gb  stm32f4xx_tim.o [1]
TIM_OC1Init             0x0800c5d1     0x78  Code  Gb  stm32f4xx_tim.o [1]
TIM_OC1PreloadConfig    0x0800c7d5     0x10  Code  Gb  stm32f4xx_tim.o [1]
TIM_OC2Init             0x0800c649     0x86  Code  Gb  stm32f4xx_tim.o [1]
TIM_OC2PreloadConfig    0x0800c7e5     0x12  Code  Gb  stm32f4xx_tim.o [1]
TIM_OC3Init             0x0800c6cf     0x84  Code  Gb  stm32f4xx_tim.o [1]
TIM_OC3PreloadConfig    0x0800c7f7     0x10  Code  Gb  stm32f4xx_tim.o [1]
TIM_OC4Init             0x0800c753     0x62  Code  Gb  stm32f4xx_tim.o [1]
TIM_OC4PreloadConfig    0x0800c807     0x12  Code  Gb  stm32f4xx_tim.o [1]
TIM_SelectInputTrigger  0x0800c925     0x10  Code  Gb  stm32f4xx_tim.o [1]
TIM_SelectMasterSlaveMode
                        0x0800c947     0x12  Code  Gb  stm32f4xx_tim.o [1]
TIM_SelectSlaveMode     0x0800c935     0x12  Code  Gb  stm32f4xx_tim.o [1]
TIM_SetIC1Prescaler     0x0800c891     0x12  Code  Gb  stm32f4xx_tim.o [1]
TIM_SetIC2Prescaler     0x0800c8a3     0x14  Code  Gb  stm32f4xx_tim.o [1]
TIM_SetIC3Prescaler     0x0800c8b7     0x12  Code  Gb  stm32f4xx_tim.o [1]
TIM_SetIC4Prescaler     0x0800c8c9     0x14  Code  Gb  stm32f4xx_tim.o [1]
TIM_TimeBaseInit        0x0800c531     0x68  Code  Gb  stm32f4xx_tim.o [1]
USART_Cmd               0x0800dde5     0x1c  Code  Gb  stm32f4xx_usart.o [1]
USART_ITConfig          0x0800de09     0x52  Code  Gb  stm32f4xx_usart.o [1]
USART_Init              0x0800dd21     0xb6  Code  Gb  stm32f4xx_usart.o [1]
USART_SendData          0x0800de01      0x8  Code  Gb  stm32f4xx_usart.o [1]
USART_putc              0x0800d7ad     0x18  Code  Gb  uart.o [1]
USART_puts              0x0800d7cd     0x18  Code  Gb  uart.o [1]
UsageFault_Handler      0x0800cae9      0x2  Code  Gb  stm32f4xx_it.o [1]
_EncodingSb_Mbtowc      0x080068ef     0x30  Code  Gb  xencoding_sb.o [3]
_EncodingSb_Wctomb      0x080068d5     0x1a  Code  Gb  xencoding_sb.o [3]
_GenldLarge             0x08005d2f    0x236  Code  Lc  xprintflarge.o [3]
_IsdstStr               0x200002a0      0x4  Data  Gb  setlocale.o [3]
_LdtobLarge             0x08005b21    0x208  Code  Lc  xprintflarge.o [3]
_LitobLarge             0x080059d1    0x106  Code  Lc  xprintflarge.o [3]
_LocaleEncoding         0x080068c1      0xe  Code  Gb  setlocale.o [3]
_LocaleReturnString     0x200002c0     0x50  Data  Lc  setlocale.o [3]
_Locale_Profile         0x200002a4     0x1c  Data  Gb  setlocale.o [3]
_Locale_aeabi_lconv     0x20000264     0x38  Data  Gb  localeconv.o [3]
_Locale_lconv           0x20000214     0x50  Data  Gb  localeconv.o [3]
_Mbtowc                 0x08005faf     0x20  Code  Gb  xmbtowc.o [3]
_PrintfLarge            0x08005015    0x62c  Code  Gb  xprintflarge.o [3]
_PutcharsLarge          0x08005f65     0x2e  Code  Lc  xprintflarge.o [3]
_PutstrLarge            0x080056c5    0x306  Code  Lc  xprintflarge.o [3]
_SNProut                0x08002eab     0x1a  Code  Gb  xsnprout.o [3]
_SProut                 0x08002f2b      0xa  Code  Gb  xsprout.o [3]
_TzoneStr               0x2000029c      0x4  Data  Gb  setlocale.o [3]
_Wctomb                 0x08006083     0x1a  Code  Gb  xwctomb.o [3]
__aeabi_cdcmpeq         0x0800b86d           Code  Gb  DblCmpEq.o [5]
__aeabi_cdcmple         0x080063b5           Code  Gb  DblCmpLe.o [5]
__aeabi_cdrcmple        0x08008b5d           Code  Gb  DblCmpGe.o [5]
__aeabi_cfcmpeq         0x0800c401           Code  Gb  FltCmpEq.o [5]
__aeabi_cfcmple         0x08009271           Code  Gb  FltCmpLe.o [5]
__aeabi_cfrcmple        0x080092c1           Code  Gb  FltCmpGe.o [5]
__aeabi_d2f             0x0800c41d           Code  Gb  DblToFlt.o [5]
__aeabi_d2iz            0x0800663d           Code  Gb  DblToI32.o [5]
__aeabi_d2uiz           0x08006669           Code  Gb  DblToI32.o [5]
__aeabi_dadd            0x08006939           Code  Gb  DblAdd.o [5]
__aeabi_ddiv            0x080063e5           Code  Gb  DblDiv.o [5]
__aeabi_dmul            0x080061d1           Code  Gb  DblMul.o [5]
__aeabi_dsub            0x080066c5           Code  Gb  DblSub.o [5]
__aeabi_errno_addr      0x0800a0a9      0x6  Code  Gb  errno.o [3]
__aeabi_f2d             0x08008b0d           Code  Gb  FltToDbl.o [5]
__aeabi_f2iz            0x08009295      0xe  Code  Gb  FltToS32.o [5]
__aeabi_f2lz            0x0800ae25           Code  Gb  FltToS64.o [5]
__aeabi_fadd            0x08008acd     0x12  Code  Gb  FltAdd.o [5]
__aeabi_fdiv            0x08008b8b     0x12  Code  Gb  FltDiv.o [5]
__aeabi_fmul            0x08008abb     0x12  Code  Gb  FltMul.o [5]
__aeabi_fsub            0x080092af     0x12  Code  Gb  FltSub.o [5]
__aeabi_i2d             0x08006695           Code  Gb  I32ToDbl.o [5]
__aeabi_i2f             0x08008aad      0xe  Code  Gb  S32ToFlt.o [5]
__aeabi_l2f             0x0800adc1           Code  Gb  I64ToFlt.o [5]
__aeabi_lasr            0x0800ae9d           Code  Gb  S64Shr.o [6]
__aeabi_ldiv0           0x08006935           Code  Gb  I64DivZer.o [6]
__aeabi_ldivmod         0x0800609d           Code  Gb  I64DivMod.o [6]
__aeabi_llsl            0x0800aec1           Code  Gb  I64Shl.o [6]
__aeabi_memclr4         0x0800dec5           Code  Gb  ABImemclr4.o [6]
__aeabi_memset          0x08002ec5           Code  Gb  ABImemset.o [6]
__aeabi_ui2d            0x080066a9           Code  Gb  I32ToDbl.o [5]
__aeabi_ul2f            0x0800addd           Code  Gb  I64ToFlt.o [5]
__aeabi_uldivmod        0x080060e1           Code  Gb  I64DivMod.o [6]
__cmain                 0x0800f52d           Code  Gb  cmain.o [6]
__data_GetMemChunk      0x080016f5     0x2c  Code  Gb  xgetmemchunk.o [3]
__exit                  0x08001721     0x14  Code  Gb  exit.o [7]
__iar_Dint              0x0800b7f1     0x7a  Code  Gb  xdint.o [5]
__iar_Dnorm             0x08006373     0x42  Code  Gb  xdnorm.o [5]
__iar_Dscale            0x0800bc45    0x114  Code  Gb  xdscale.o [5]
__iar_Dtest             0x0800bc03     0x30  Code  Gb  xdtest.o [5]
__iar_Errno             0x20000210      0x4  Data  Gb  errno.o [3]
__iar_Exp               0x0800b93d    0x2be  Code  Gb  xexp.o [5]
__iar_FDint             0x0800a245     0x4e  Code  Gb  xfdint.o [5]
__iar_FQuad             0x0800a159     0xc2  Code  Gb  xfquad.o [5]
__iar_FSin              0x08009f3d    0x12a  Code  Gb  xfsin.o [5]
__iar_Locale_lconv_init
                        0x08006845     0x3a  Code  Gb  localeconv.o [3]
__iar_Logpoly           0x0800b88d     0x76  Code  Gb  xlog.o [5]
__iar_Mbcurmax          0x08006079      0xa  Code  Gb  xmbcurmax.o [3]
__iar_Memchr            0x08006021           Code  Gb  memchr.o [6]
__iar_Memset            0x08002ec5           Code  Gb  ABImemset.o [6]
__iar_Memset4_word      0x0800decd           Code  Gb  ABImemset48.o [6]
__iar_Memset8_word      0x0800decd           Code  Gb  ABImemset48.o [6]
__iar_Memset_word       0x08002ecd           Code  Gb  ABImemset.o [6]
__iar_Strchr            0x08005fd1           Code  Gb  strchr.o [6]
__iar_d2uiz             0x08006675           Code  Gb  DblToI32.o [5]
__iar_dadd              0x0800694d           Code  Gb  DblAdd.o [5]
__iar_data_init3        0x0800f449     0x28  Code  Gb  data_init.o [6]
__iar_dlfree            0x0800115f    0x510  Code  Gb  dlmalloc.o [3]
__iar_dlib_perthread_access
                        0x08006a21      0x2  Code  Gb  xtls.o [3]
__iar_dlmalloc          0x08000ea9    0x2aa  Code  Gb  dlmalloc.o [3]
__iar_dsub              0x080066d9           Code  Gb  DblSub.o [5]
__iar_dsubStart         0x080066eb           Code  Gb  DblSub.o [5]
__iar_edom              0x08009e01           Code  Gb  iarEdom.o [6]
__iar_init_vfp          0x0800f471           Code  Gb  fpinit_M.o [5]
__iar_lz77_init_single3
                        0x0800167f     0x76  Code  Gb  lz77_init_single.o [6]
__iar_program_start     0x0800f6b5           Code  Gb  cstartup_M.o [6]
__iar_softfp_cosf       0x08009ad9     0x12  Code  Gb  cosf.o [5]
__iar_softfp_sinf       0x08009aeb     0x12  Code  Gb  sinf.o [5]
__iar_softfp_sqrtf      0x08008ae1           Code  Gb  sqrtf.o [5]
__iar_ui2d              0x080066ad           Code  Gb  I32ToDbl.o [5]
__iar_ul2f              0x0800ade9           Code  Gb  I64ToFlt.o [5]
__iar_unaligned___aeabi_memcpy
                        0x08004f9d           Code  Gb  ABImemcpy_unaligned.o [6]
__iar_unaligned___aeabi_memcpy4
                        0x08004fbd           Code  Gb  ABImemcpy_unaligned.o [6]
__iar_unaligned___aeabi_memcpy8
                        0x08004fbd           Code  Gb  ABImemcpy_unaligned.o [6]
__iar_unaligned___aeabi_memmove
                        0x0800c4b9           Code  Gb  ABImemmove_unaligned.o [6]
__iar_unaligned___aeabi_memmove4
                        0x0800c4b9           Code  Gb  ABImemmove_unaligned.o [6]
__iar_unaligned___aeabi_memmove8
                        0x0800c4b9           Code  Gb  ABImemmove_unaligned.o [6]
__iar_unaligned_memcmp  0x08002f35           Code  Gb  memcmp_unaligned.o [6]
__iar_vfp_fmodf         0x0800a295           Code  Gb  fmodf.o [5]
__iar_vfp_pow           0x0800b3b3     0x18  Code  Gb  pow.o [5]
__iar_xatanf            0x0800a0b5           Code  Gb  xatanf.o [5]
__iar_zero_init3        0x0800f3e1     0x40  Code  Gb  zero_init3.o [6]
__low_level_init        0x0800f547      0x4  Code  Gb  low_level_init.o [3]
__print_result_location
                        0x0800d81d      0x2  Code  Lc  mpl.o [1]
__print_result_location
                        0x0800a37d      0x2  Code  Lc  fast_no_motion.o [4]
__vector_table          0x08000000           Data  Gb  startup_stm32f4xx.o [1]
_call_main              0x0800f539           Code  Gb  cmain.o [6]
_exit                   0x0800f551           Code  Gb  cexit.o [6]
_gm_                    0x20017178    0x1d8  Data  Lc  dlmalloc.o [3]
_main                   0x0800f543           Code  Gb  cmain.o [6]
abort                   0x08001679      0x6  Code  Gb  abort.o [3]
abs                     0x0800aee3      0x8  Code  Gb  abs.o [3]
accel_fusion            0x08008065    0x1f2  Code  Lc  quaternion_supervisor.o [4]
arm                     0x0800ee01     0x86  Code  Gb  arm.o [1]
arm_off_alert           0x0800eda9     0x2c  Code  Lc  arm.o [1]
arm_on_alert            0x0800edd5     0x2a  Code  Lc  arm.o [1]
atan2f                  0x08009e0d           Code  Gb  atan2f.o [5]
buzzer_init             0x0800ef4d     0xee  Code  Gb  buzzer.o [1]
buzzer_set              0x0800ef45      0x8  Code  Gb  buzzer.o [1]
counter                 0x20017fe0      0x2  Data  Lc  arm.o [1]
decode_gesture          0x08007dbf     0x58  Code  Lc  inv_mpu_dmp_motion_driver.o [1]
delay_ms                0x08002e89      0xe  Code  Gb  freertos_time.o [1]
div                     0x080068b1      0xe  Code  Gb  div.o [3]
dmp                     0x20017ef0     0x10  Data  Lc  inv_mpu_dmp_motion_driver.o [1]
dmp_enable_6x_lp_quat   0x08007d7d     0x42  Code  Gb  inv_mpu_dmp_motion_driver.o [1]
dmp_enable_feature      0x08007ac9    0x230  Code  Gb  inv_mpu_dmp_motion_driver.o [1]
dmp_enable_gyro_cal     0x08007cf9     0x42  Code  Gb  inv_mpu_dmp_motion_driver.o [1]
dmp_enable_lp_quat      0x08007d3b     0x42  Code  Gb  inv_mpu_dmp_motion_driver.o [1]
dmp_load_motion_driver_firmware
                        0x0800761d     0x18  Code  Gb  inv_mpu_dmp_motion_driver.o [1]
dmp_memory              0x08006a24    0xbf8  Data  Lc  inv_mpu_dmp_motion_driver.o [1]
dmp_read_fifo           0x08007e1d    0x220  Code  Gb  inv_mpu_dmp_motion_driver.o [1]
dmp_set_fifo_rate       0x08007787     0x70  Code  Gb  inv_mpu_dmp_motion_driver.o [1]
dmp_set_orientation     0x08007635    0x152  Code  Gb  inv_mpu_dmp_motion_driver.o [1]
dmp_set_shake_reject_thresh
                        0x08007a4b     0x32  Code  Gb  inv_mpu_dmp_motion_driver.o [1]
dmp_set_shake_reject_time
                        0x08007a7d     0x26  Code  Gb  inv_mpu_dmp_motion_driver.o [1]
dmp_set_shake_reject_timeout
                        0x08007aa3     0x26  Code  Gb  inv_mpu_dmp_motion_driver.o [1]
dmp_set_tap_axes        0x08007991     0x46  Code  Gb  inv_mpu_dmp_motion_driver.o [1]
dmp_set_tap_count       0x080079d7     0x28  Code  Gb  inv_mpu_dmp_motion_driver.o [1]
dmp_set_tap_thresh      0x080077f9    0x184  Code  Gb  inv_mpu_dmp_motion_driver.o [1]
dmp_set_tap_time        0x080079ff     0x26  Code  Gb  inv_mpu_dmp_motion_driver.o [1]
dmp_set_tap_time_multi  0x08007a25     0x26  Code  Gb  inv_mpu_dmp_motion_driver.o [1]
ds                      0x200176ac    0x198  Data  Lc  storage_manager.o [1]
eMPL_out                0x20017e00     0x28  Data  Lc  eMPL_outputs.o [1]
esc1                    0x20000040     0x18  Data  Gb  main.o [1]
esc2                    0x20000058     0x18  Data  Gb  main.o [1]
esc3                    0x20000070     0x18  Data  Gb  main.o [1]
esc4                    0x20000088     0x18  Data  Gb  main.o [1]
esc_init                0x0800ea15     0xac  Code  Gb  esc.o [1]
esc_set_speed           0x0800e9b5     0x60  Code  Gb  esc.o [1]
exit                    0x0800f54b      0x4  Code  Gb  exit.o [3]
fmodf                   0x0800a299           Code  Gb  fmodf.o [5]
fnm                     0x20016f18    0x260  Data  Gb  fast_no_motion.o [4]
fnm_user                0x20017d60     0x40  Data  Lc  fast_no_motion.o [4]
get_ms_count            0x08002e97     0x14  Code  Gb  freertos_time.o [1]
gpio_init               0x0800f255     0x7a  Code  Gb  gpio.o [1]
gyro_data_ready_cb      0x0800cf77      0x8  Code  Gb  imu.o [1]
gyro_pdata              0x20000008      0xc  Data  Lc  imu.o [1]
hal                     0x20017e28     0x24  Data  Lc  imu.o [1]
hardware_init           0x0800ee95     0xb0  Code  Gb  hardware.o [1]
heapSTRUCT_SIZE         0x08002f96      0x2  Data  Lc  heap_2.o [1]
hw                      0x0800f66c      0xc  Data  Gb  inv_mpu.o [1]
i2c1_init               0x0800f2d5     0xac  Code  Gb  i2c_1.o [1]
i2c2_init               0x08002745     0xb0  Code  Gb  i2c.o [1]
imu                     0x20017da0     0x30  Data  Gb  imu.o [1]
imu                     0x20017dd0     0x30  Data  Lc  main.o [1]
imu_altitude_queue      0x20017f30      0x4  Data  Gb  imu.o [1]
imu_altitude_sem        0x20017f28      0x4  Data  Gb  imu.o [1]
imu_attitude_queue      0x20017f2c      0x4  Data  Gb  imu.o [1]
imu_attitude_sem        0x20017f24      0x4  Data  Gb  imu.o [1]
imu_task                0x0800cf7f    0x278  Code  Gb  imu.o [1]
init_mparams            0x080001a3     0x32  Code  Lc  dlmalloc.o [3]
init_top                0x080001d5     0x34  Code  Lc  dlmalloc.o [3]
internal_Pow            0x0800af31    0x478  Code  Lc  pow.o [5]
inv_9x_fusion_enable_jitter_reduction
                        0x0800c37b      0xa  Code  Gb  fusion_9axis.o [4]
inv_9x_fusion_use_timestamps
                        0x0800c385      0xa  Code  Gb  fusion_9axis.o [4]
inv_apply_calibration   0x080094a5     0x6a  Code  Gb  data_builder.o [1]
inv_build_accel         0x080095d5     0xaa  Code  Gb  data_builder.o [1]
inv_build_gyro          0x0800967f     0x44  Code  Gb  data_builder.o [1]
inv_build_quat          0x080096fb     0x4a  Code  Gb  data_builder.o [1]
inv_build_temp          0x080096c3     0x38  Code  Gb  data_builder.o [1]
inv_compass_angle       0x08008bb1     0xa6  Code  Gb  ml_math_func.o [1]
inv_compute_quat_from_accel
                        0x08008257    0x142  Code  Lc  quaternion_supervisor.o [4]
inv_convert_to_body_with_scale
                        0x080091fd     0x72  Code  Gb  ml_math_func.o [1]
inv_data_builder        0x20017844    0x140  Data  Lc  data_builder.o [1]
inv_db_load_func        0x080092e5     0x52  Code  Lc  data_builder.o [1]
inv_db_save_func        0x08009337     0x14  Code  Lc  data_builder.o [1]
inv_detect_motion_by_gyro_accel
                        0x0800a905     0xa4  Code  Gb  fast_no_motion.o [4]
inv_disable_compass_soft_iron_matrix
                        0x08009aa5      0xa  Code  Gb  data_builder.o [1]
inv_enable_9x_sensor_fusion
                        0x0800c39b     0x1c  Code  Gb  fusion_9axis.o [4]
inv_enable_eMPL_outputs
                        0x0800d6e9     0x12  Code  Gb  eMPL_outputs.o [1]
inv_enable_fast_nomot   0x0800ad15     0x40  Code  Gb  fast_no_motion.o [4]
inv_enable_gyro_tc      0x0800dccf     0x36  Code  Gb  gyro_tc.o [4]
inv_enable_quaternion   0x08008a01     0x18  Code  Gb  quaternion_supervisor.o [4]
inv_enable_results_holder
                        0x08009d11     0x12  Code  Gb  results_holder.o [1]
inv_execute_mpl_start_notification
                        0x08009dd1     0x2a  Code  Gb  start_manager.o [1]
inv_execute_on_data     0x0800982f     0x8e  Code  Gb  data_builder.o [1]
inv_fast_nomot_get_time_elaps
                        0x0800a7a1      0xc  Code  Gb  fast_no_motion.o [4]
inv_fast_nomot_parameter
                        0x0800a3e3    0x17a  Code  Gb  fast_no_motion.o [4]
inv_fast_nomot_parameter_compass
                        0x0800a7ad     0x16  Code  Gb  fast_no_motion.o [4]
inv_fast_nomot_reset_data_compass
                        0x0800a779     0x28  Code  Gb  fast_no_motion.o [4]
inv_fast_nomot_set_gyro_bias
                        0x0800a58f     0xfc  Code  Gb  fast_no_motion.o [4]
inv_fast_nomot_store_data
                        0x0800a68b     0x8e  Code  Gb  fast_no_motion.o [4]
inv_fast_nomot_store_data_compass
                        0x0800a719     0x60  Code  Gb  fast_no_motion.o [4]
inv_filter_correction_angle
                        0x0800be17    0x184  Code  Gb  fusion_9axis.o [4]
inv_find_synchronized_compass_angle
                        0x0800bd59     0xbe  Code  Lc  fusion_9axis.o [4]
inv_generate_accel_gyro_quaternion
                        0x08008755    0x234  Code  Gb  quaternion_supervisor.o [4]
inv_generate_eMPL_outputs
                        0x0800d5d1     0xf6  Code  Lc  eMPL_outputs.o [1]
inv_generate_fast_nomot
                        0x0800aa35    0x228  Code  Gb  fast_no_motion.o [4]
inv_generate_gyro_quaternion
                        0x08008473    0x10e  Code  Gb  quaternion_supervisor.o [4]
inv_generate_quaternion
                        0x08008989     0x58  Code  Lc  quaternion_supervisor.o [4]
inv_generate_results    0x08009cab      0xa  Code  Gb  results_holder.o [1]
inv_get_6axis_quaternion
                        0x08009c1f     0x12  Code  Gb  results_holder.o [1]
inv_get_accel_accuracy  0x08009a3d      0x6  Code  Gb  data_builder.o [1]
inv_get_accel_on        0x08009419      0xe  Code  Gb  data_builder.o [1]
inv_get_accel_set       0x080099c3     0x2c  Code  Gb  data_builder.o [1]
inv_get_compass_on      0x080093fb     0x10  Code  Gb  data_builder.o [1]
inv_get_gravity         0x08009bb9     0x66  Code  Gb  results_holder.o [1]
inv_get_gyro_accuracy   0x08009a21      0x6  Code  Gb  data_builder.o [1]
inv_get_gyro_bias       0x080095af     0x26  Code  Gb  data_builder.o [1]
inv_get_gyro_bias_tc_set
                        0x08009591     0x1e  Code  Gb  data_builder.o [1]
inv_get_gyro_on         0x0800940b      0xe  Code  Gb  data_builder.o [1]
inv_get_gyro_set        0x080099ef     0x28  Code  Gb  data_builder.o [1]
inv_get_gyro_sum_of_sqr
                        0x08008c57     0x1a  Code  Gb  ml_math_func.o [1]
inv_get_last_timestamp  0x08009427     0x6e  Code  Gb  data_builder.o [1]
inv_get_linear_accel    0x08009d29     0x42  Code  Gb  results_holder.o [1]
inv_get_mag_accuracy    0x08009a27     0x16  Code  Gb  data_builder.o [1]
inv_get_magnetic_disturbance_state
                        0x0800c4ad      0x6  Code  Gb  mag_disturb.o [4]
inv_get_motion_state    0x08009b51     0x12  Code  Gb  results_holder.o [1]
inv_get_quaternion      0x08009c31     0x34  Code  Gb  results_holder.o [1]
inv_get_quaternion_set  0x08009c65     0x46  Code  Gb  results_holder.o [1]
inv_get_sensor_type_accel_float
                        0x0800d2d9     0x5c  Code  Gb  eMPL_outputs.o [1]
inv_get_sensor_type_euler_float
                        0x0800d395    0x230  Code  Gb  eMPL_outputs.o [1]
inv_get_sensor_type_gyro_float
                        0x0800d335     0x5c  Code  Gb  eMPL_outputs.o [1]
inv_gtc                 0x20017350    0x1c4  Data  Lc  gyro_tc.o [4]
inv_gtc_add_data        0x0800d9f3     0xaa  Code  Lc  gyro_tc.o [4]
inv_gtc_compute_slope   0x0800da9d    0x1fa  Code  Lc  gyro_tc.o [4]
inv_gtc_data_cb         0x0800d905     0xc0  Code  Lc  gyro_tc.o [4]
inv_gtc_get_bin         0x0800d9c5     0x2e  Code  Lc  gyro_tc.o [4]
inv_gtc_load            0x0800d8ad     0x2a  Code  Lc  gyro_tc.o [4]
inv_gtc_store           0x0800d8d7     0x2e  Code  Lc  gyro_tc.o [4]
inv_if_enough_data      0x0800a55d     0x32  Code  Lc  fast_no_motion.o [4]
inv_init_9x_fusion      0x0800c345     0x36  Code  Gb  fusion_9axis.o [4]
inv_init_data_builder   0x0800934b     0x3a  Code  Gb  data_builder.o [1]
inv_init_eMPL_outputs   0x0800d6d7     0x12  Code  Lc  eMPL_outputs.o [1]
inv_init_fast_nomot     0x0800ac8d     0x52  Code  Gb  fast_no_motion.o [4]
inv_init_gyro_ts        0x0800dc97     0x2e  Code  Gb  gyro_tc.o [4]
inv_init_maxmin         0x0800a37f     0x64  Code  Gb  fast_no_motion.o [4]
inv_init_mpl            0x0800d81f     0x5e  Code  Gb  mpl.o [1]
inv_init_quaternion     0x080089e1     0x20  Code  Gb  quaternion_supervisor.o [4]
inv_init_results_holder
                        0x08009cc7     0x4a  Code  Gb  results_holder.o [1]
inv_init_start_manager  0x08009d99     0x12  Code  Gb  start_manager.o [1]
inv_init_storage_manager
                        0x08009e79     0x18  Code  Gb  storage_manager.o [1]
inv_max_change          0x0800a7c3     0x22  Code  Lc  fast_no_motion.o [4]
inv_normalize_quat      0x08008399     0xda  Code  Lc  quaternion_supervisor.o [4]
inv_orientation_matrix_to_scalar
                        0x080091d7     0x26  Code  Gb  ml_math_func.o [1]
inv_perform_9x_fusion   0x0800bf9b    0x32c  Code  Gb  fusion_9axis.o [4]
inv_process_9x_sensor_fusion_cb
                        0x0800c2c7     0x7e  Code  Gb  fusion_9axis.o [4]
inv_process_dmp_quaternion
                        0x08008581    0x1d4  Code  Lc  quaternion_supervisor.o [4]
inv_q29_mult            0x08008c71      0xe  Code  Gb  ml_math_func.o [1]
inv_q30_mult            0x08008c7f      0xe  Code  Gb  ml_math_func.o [1]
inv_q30_to_float        0x08008b9d     0x12  Code  Lc  ml_math_func.o [1]
inv_q_add               0x08008d53     0x26  Code  Gb  ml_math_func.o [1]
inv_q_addf              0x08008eb3     0x42  Code  Gb  ml_math_func.o [1]
inv_q_invert            0x08008d81     0x18  Code  Gb  ml_math_func.o [1]
inv_q_invertf           0x08009085     0x2a  Code  Gb  ml_math_func.o [1]
inv_q_mult              0x08008c8d     0xc6  Code  Gb  ml_math_func.o [1]
inv_q_multf             0x08008de1     0xd2  Code  Gb  ml_math_func.o [1]
inv_q_norm4             0x08008ffd     0x88  Code  Gb  ml_math_func.o [1]
inv_q_normalizef        0x08008ef5    0x104  Code  Gb  ml_math_func.o [1]
inv_q_rotate            0x08008da1     0x40  Code  Gb  ml_math_func.o [1]
inv_quat_data           0x20017bfc     0x6c  Data  Lc  quaternion_supervisor.o [4]
inv_quaternion_to_rotation
                        0x080090af     0xda  Code  Gb  ml_math_func.o [1]
inv_record_max_moment_in_no_motion_accel
                        0x0800a875     0x30  Code  Gb  fast_no_motion.o [4]
inv_record_max_moment_in_no_motion_gyro
                        0x0800a845     0x30  Code  Gb  fast_no_motion.o [4]
inv_record_min_moment_in_motion_accel
                        0x0800a8d5     0x30  Code  Gb  fast_no_motion.o [4]
inv_record_min_moment_in_motion_gyro
                        0x0800a8a5     0x30  Code  Gb  fast_no_motion.o [4]
inv_register_data_cb    0x08009745     0xea  Code  Gb  data_builder.o [1]
inv_register_load_store
                        0x08009e91     0x86  Code  Gb  storage_manager.o [1]
inv_register_mpl_start_notification
                        0x08009dab     0x26  Code  Gb  start_manager.o [1]
inv_reset_compass_soft_iron_matrix
                        0x08009a55     0x50  Code  Gb  data_builder.o [1]
inv_reset_min_max_gyro_accel_statistics
                        0x0800a7e5     0x3a  Code  Gb  fast_no_motion.o [4]
inv_reset_packet        0x0800a81f     0x26  Code  Lc  fast_no_motion.o [4]
inv_row_2_scale         0x08009189     0x4e  Code  Lc  ml_math_func.o [1]
inv_sensor_data_preprocess
                        0x0800a9a9     0x8a  Code  Gb  fast_no_motion.o [4]
inv_set_accel_orientation_and_scale
                        0x08009495     0x10  Code  Gb  data_builder.o [1]
inv_set_accel_sample_rate
                        0x080093c9     0x32  Code  Gb  data_builder.o [1]
inv_set_compass_bias_found
                        0x08009d23      0x6  Code  Gb  results_holder.o [1]
inv_set_compass_correction
                        0x08009b27     0x2a  Code  Gb  results_holder.o [1]
inv_set_contiguous      0x080098bd    0x106  Code  Lc  data_builder.o [1]
inv_set_default_number_of_samples
                        0x0800ac5d     0x30  Code  Gb  fast_no_motion.o [4]
inv_set_gyro_bias       0x0800950f     0x82  Code  Gb  data_builder.o [1]
inv_set_gyro_orientation_and_scale
                        0x0800938b     0x10  Code  Gb  data_builder.o [1]
inv_set_gyro_sample_rate
                        0x0800939b     0x2e  Code  Gb  data_builder.o [1]
inv_set_message         0x08009f1d     0x1c  Code  Gb  message_layer.o [1]
inv_set_motion_state    0x08009b63     0x56  Code  Gb  results_holder.o [1]
inv_start_9x_sensor_fusion
                        0x0800c38f      0xc  Code  Gb  fusion_9axis.o [4]
inv_start_cb            0x20017ccc     0x54  Data  Lc  start_manager.o [1]
inv_start_eMPL_outputs  0x0800d6c7     0x10  Code  Lc  eMPL_outputs.o [1]
inv_start_fast_nomot    0x0800acdf     0x36  Code  Gb  fast_no_motion.o [4]
inv_start_gyro_tc       0x0800dcc5      0xa  Code  Gb  gyro_tc.o [4]
inv_start_mpl           0x0800d87d     0x22  Code  Gb  mpl.o [1]
inv_start_quaternion    0x08008a1d     0x26  Code  Gb  quaternion_supervisor.o [4]
inv_start_results_holder
                        0x08009cb5     0x12  Code  Gb  results_holder.o [1]
inv_store_gaming_quaternion
                        0x08009afd     0x2a  Code  Gb  results_holder.o [1]
isr_read_duty           0x0800ca8d     0x54  Code  Gb  stm32f4xx_it.o [1]
isr_read_freq           0x0800ca39     0x54  Code  Gb  stm32f4xx_it.o [1]
joystick_accuracy       0x0800ec13     0x38  Code  Lc  joystick.o [1]
joystick_filter         0x0800eb79     0x9a  Code  Lc  joystick.o [1]
joystick_read_setpoint  0x0800ec4d     0xca  Code  Gb  joystick.o [1]
joystick_read_thrust    0x0800ed19     0x86  Code  Gb  joystick.o [1]
joystick_thrust         0x2000019c     0x4c  Data  Gb  main.o [1]
joystick_yaw            0x20000150     0x4c  Data  Gb  main.o [1]
lnbias                  0x0800b3d0    0x420  Data  Lc  pow.o [5]
localeconv              0x0800687f     0x16  Code  Gb  localeconv.o [3]
mag_disturb             0x20017abc     0xb8  Data  Gb  mag_disturb.o [4]
main                    0x0800e8fd     0x4e  Code  Gb  main.o [1]
main_task               0x0800e6f5    0x1b8  Code  Lc  main.o [1]
memchr                  0x08006021           Code  Gb  memchr.o [6]
memcpy                  0x080092a3      0xc  Code  Gb  memcpy.o [3]
memmove                 0x0800c3f5      0xc  Code  Gb  memmove.o [6]
memset                  0x08009d85     0x14  Code  Gb  memset.o [3]
mh                      0x20017f3c      0x4  Data  Lc  message_layer.o [1]
mparams                 0x20017e4c     0x18  Data  Lc  dlmalloc.o [3]
mpl_key                 0x20000004      0x4  Data  Gb  imu.o [1]
mpu_configure_fifo      0x08002031     0x7e  Code  Gb  inv_mpu.o [1]
mpu_get_accel_fsr       0x08001ddd     0x46  Code  Gb  inv_mpu.o [1]
mpu_get_gyro_fsr        0x08001d11     0x3c  Code  Gb  inv_mpu.o [1]
mpu_get_sample_rate     0x08001f5d     0x1e  Code  Gb  inv_mpu.o [1]
mpu_get_temperature     0x08001a49     0x98  Code  Gb  inv_mpu.o [1]
mpu_init                0x080017ed    0x15c  Code  Gb  inv_mpu.o [1]
mpu_load_firmware       0x080025c3     0xe8  Code  Gb  inv_mpu.o [1]
mpu_lp_accel_mode       0x08001949     0xfe  Code  Gb  inv_mpu.o [1]
mpu_read_fifo_stream    0x0800219d     0xe4  Code  Gb  inv_mpu.o [1]
mpu_read_mem            0x0800253b     0x88  Code  Gb  inv_mpu.o [1]
mpu_reset_fifo          0x08001ae5    0x22c  Code  Gb  inv_mpu.o [1]
mpu_set_accel_fsr       0x08001e23     0x94  Code  Gb  inv_mpu.o [1]
mpu_set_bypass          0x08002281    0x196  Code  Gb  inv_mpu.o [1]
mpu_set_dmp_state       0x080026ab     0x94  Code  Gb  inv_mpu.o [1]
mpu_set_gyro_fsr        0x08001d4d     0x90  Code  Gb  inv_mpu.o [1]
mpu_set_int_latched     0x08002417     0x88  Code  Gb  inv_mpu.o [1]
mpu_set_lpf             0x08001ebd     0xa0  Code  Gb  inv_mpu.o [1]
mpu_set_sample_rate     0x08001f7b     0xb0  Code  Gb  inv_mpu.o [1]
mpu_set_sensors         0x080020af     0xe8  Code  Gb  inv_mpu.o [1]
mpu_write_mem           0x080024a9     0x92  Code  Gb  inv_mpu.o [1]
pcInterruptPriorityRegisters
                        0x0800f6e8      0x4  Data  Lc  port.o [1]
pid_altitude            0x20000124     0x2c  Data  Gb  main.o [1]
pid_calc                0x0800ead1     0xa6  Code  Gb  pid.o [1]
pid_pitch               0x200000cc     0x2c  Data  Gb  main.o [1]
pid_roll                0x200000a0     0x2c  Data  Gb  main.o [1]
pid_yaw                 0x200000f8     0x2c  Data  Gb  main.o [1]
prepend_alloc           0x08000209    0x36c  Code  Lc  dlmalloc.o [3]
prvAddCurrentTaskToDelayedList
                        0x08003f49     0x80  Code  Lc  tasks.o [1]
prvAddNewTaskToReadyList
                        0x0800357f     0xc0  Code  Lc  tasks.o [1]
prvCheckForValidListAndQueue
                        0x08004763     0x4c  Code  Lc  timers.o [1]
prvCheckTasksWaitingTermination
                        0x08003cc1     0x64  Code  Lc  tasks.o [1]
prvCopyDataFromQueue    0x08004e51     0x2a  Code  Lc  queue.o [1]
prvCopyDataToQueue      0x08004dcf     0x82  Code  Lc  queue.o [1]
prvDeleteTCB            0x08003d51     0x12  Code  Lc  tasks.o [1]
prvGetNextExpireTime    0x08004581     0x28  Code  Lc  timers.o [1]
prvHeapInit             0x080040f9     0x26  Code  Lc  heap_2.o [1]
prvIdleTask             0x08003c35     0x28  Code  Lc  tasks.o [1]
prvInitialiseNewQueue   0x08004981     0x22  Code  Lc  queue.o [1]
prvInitialiseNewTask    0x080034cf     0xb0  Code  Lc  tasks.o [1]
prvInitialiseTaskLists  0x08003c61     0x54  Code  Lc  tasks.o [1]
prvInsertTimerInActiveList
                        0x080045d1     0x3e  Code  Lc  timers.o [1]
prvIsQueueEmpty         0x08004ee9     0x1c  Code  Lc  queue.o [1]
prvIsQueueFull          0x08004f05     0x1e  Code  Lc  queue.o [1]
prvProcessExpiredTimer  0x0800449f     0x5a  Code  Lc  timers.o [1]
prvProcessReceivedCommands
                        0x0800460f     0xd6  Code  Lc  timers.o [1]
prvProcessTimerOrBlockTask
                        0x08004511     0x70  Code  Lc  timers.o [1]
prvResetNextTaskUnblockTime
                        0x08003d63     0x28  Code  Lc  tasks.o [1]
prvSampleTimeNow        0x080045a9     0x28  Code  Lc  timers.o [1]
prvSwitchTimerLists     0x080046e5     0x7e  Code  Lc  timers.o [1]
prvTaskCheckFreeStackSpace
                        0x08003d25     0x16  Code  Lc  tasks.o [1]
prvTaskExitError        0x080041fd     0x2a  Code  Lc  port.o [1]
prvTimerTask            0x080044fd     0x14  Code  Lc  timers.o [1]
prvUnlockQueue          0x08004e7b     0x6e  Code  Lc  queue.o [1]
pvPortMalloc            0x08004009     0xb6  Code  Gb  heap_2.o [1]
pvTaskIncrementMutexHeldCount
                        0x08003f09     0x1e  Code  Gb  tasks.o [1]
pwm_get_prescaler       0x0800e5f5     0x36  Code  Gb  pwm.o [1]
pwm_gpio_init           0x0800e4c3     0x5c  Code  Lc  pwm.o [1]
pwm_input_init          0x0800e2d5    0x1a8  Code  Gb  pwm.o [1]
pwm_output_compare_init
                        0x0800e585     0x6e  Code  Lc  pwm.o [1]
pwm_output_init         0x0800e47d     0x10  Code  Gb  pwm.o [1]
pwm_set_duty_cycle      0x0800e48d     0x36  Code  Gb  pwm.o [1]
pwm_timebase_init       0x0800e51f     0x66  Code  Lc  pwm.o [1]
pxCurrentTCB            0x20017f8c      0x4  Data  Gb  tasks.o [1]
pxCurrentTimerList      0x20017fc8      0x4  Data  Lc  timers.o [1]
pxDelayedTaskList       0x20017f90      0x4  Data  Lc  tasks.o [1]
pxOverflowDelayedTaskList
                        0x20017f94      0x4  Data  Lc  tasks.o [1]
pxOverflowTimerList     0x20017fcc      0x4  Data  Lc  timers.o [1]
pxPortInitialiseStack   0x080041d5     0x28  Code  Gb  port.o [1]
pxReadyTasksLists       0x20017c68     0x64  Data  Lc  tasks.o [1]
read_from_mpl_float     0x0800cead     0xca  Code  Lc  imu.o [1]
reg                     0x0800f4d4     0x20  Data  Gb  inv_mpu.o [1]
rh                      0x20017b74     0x88  Data  Lc  results_holder.o [1]
s9axis                  0x20017984    0x138  Data  Gb  fusion_9axis.o [4]
sStartAddress           0x08003456      0x2  Data  Lc  inv_mpu_dmp_motion_driver.o [1]
scale                   0x08005ad7     0x46  Code  Lc  xprintflarge.o [3]
segment_holding         0x08000189     0x1a  Code  Lc  dlmalloc.o [3]
sensors                 0x20017514    0x198  Data  Lc  data_builder.o [1]
set_int_enable          0x08001735     0xb8  Code  Lc  inv_mpu.o [1]
set_sensor_orientation_and_scale
                        0x08009385      0x6  Code  Gb  data_builder.o [1]
sqrtf                   0x08008af1           Code  Gb  sqrtf.o [5]
st                      0x20000014     0x2c  Data  Lc  inv_mpu.o [1]
stack_size_main         0x20017f38      0x4  Data  Gb  main.o [1]
strchr                  0x08005fd1           Code  Gb  strchr.o [6]
strlen                  0x08005fe9           Code  Gb  strlen.o [6]
sys_alloc               0x08000575    0x386  Code  Lc  dlmalloc.o [3]
telemetry_task          0x0800e8ad     0x50  Code  Lc  main.o [1]
test                    0x0800f420     0x28  Data  Gb  inv_mpu.o [1]
tim12_duty              0x20017f74      0x4  Data  Gb  stm32f4xx_it.o [1]
tim12_freq              0x20017f88      0x4  Data  Gb  stm32f4xx_it.o [1]
tim12_val               0x20017f60      0x4  Data  Gb  stm32f4xx_it.o [1]
tim2_duty               0x20017f64      0x4  Data  Gb  stm32f4xx_it.o [1]
tim2_freq               0x20017f78      0x4  Data  Gb  stm32f4xx_it.o [1]
tim2_val                0x20017f50      0x4  Data  Gb  stm32f4xx_it.o [1]
tim3_duty               0x20017f68      0x4  Data  Gb  stm32f4xx_it.o [1]
tim3_freq               0x20017f7c      0x4  Data  Gb  stm32f4xx_it.o [1]
tim3_val                0x20017f54      0x4  Data  Gb  stm32f4xx_it.o [1]
tim5_duty               0x20017f6c      0x4  Data  Gb  stm32f4xx_it.o [1]
tim5_freq               0x20017f80      0x4  Data  Gb  stm32f4xx_it.o [1]
tim5_val                0x20017f58      0x4  Data  Gb  stm32f4xx_it.o [1]
tim9_duty               0x20017f70      0x4  Data  Gb  stm32f4xx_it.o [1]
tim9_freq               0x20017f84      0x4  Data  Gb  stm32f4xx_it.o [1]
tim9_val                0x20017f5c      0x4  Data  Gb  stm32f4xx_it.o [1]
tmalloc_large           0x08000909    0x390  Code  Lc  dlmalloc.o [3]
tmalloc_small           0x08000c99    0x210  Code  Lc  dlmalloc.o [3]
toggle                  0x20017fe6      0x1  Data  Lc  arm.o [1]
ts2                     0x20017f34      0x4  Data  Gb  imu.o [1]
uart_init               0x0800d719     0x94  Code  Gb  uart.o [1]
uart_printf             0x0800d7e5     0x38  Code  Gb  uart.o [1]
ucHeap                  0x20004318  0x12c00  Data  Lc  heap_2.o [1]
ucMaxSysCallPriority    0x20017fe7      0x1  Data  Lc  port.o [1]
ulMaxPRIGROUPValue      0x20017f40      0x4  Data  Lc  port.o [1]
ulRegTest1LoopCounter   0x20017f44      0x4  Data  Gb  reg_test.o [1]
ulRegTest2LoopCounter   0x20017f48      0x4  Data  Gb  reg_test.o [1]
ulRegTestCheckFlopRegistersContainParameterValue
                        0x0800e23f           Code  Gb  RegTest.o [1]
uxCriticalNesting       0x200001e8      0x4  Data  Lc  port.o [1]
uxCurrentNumberOfTasks  0x20017f9c      0x4  Data  Lc  tasks.o [1]
uxDeletedTasksWaitingCleanUp
                        0x20017f98      0x4  Data  Lc  tasks.o [1]
uxListRemove            0x080041af     0x26  Code  Gb  list.o [1]
uxPendedTicks           0x20017fac      0x4  Data  Lc  tasks.o [1]
uxSchedulerSuspended    0x20017fc4      0x4  Data  Lc  tasks.o [1]
uxTaskGetStackHighWaterMark
                        0x08003d3b     0x16  Code  Gb  tasks.o [1]
uxTaskNumber            0x20017fb8      0x4  Data  Lc  tasks.o [1]
uxTopReadyPriority      0x20017fa4      0x4  Data  Lc  tasks.o [1]
vApplicationIdleHook    0x080047eb      0x2  Code  Gb  application_hooks.o [1]
vApplicationMallocFailedHook
                        0x080047db     0x10  Code  Gb  application_hooks.o [1]
vApplicationStackOverflowHook
                        0x080047ed     0x10  Code  Gb  application_hooks.o [1]
vApplicationTickHook    0x080047d9      0x2  Code  Gb  application_hooks.o [1]
vListInitialise         0x0800413d     0x1e  Code  Gb  list.o [1]
vListInitialiseItem     0x0800415b      0x6  Code  Gb  list.o [1]
vListInsert             0x08004179     0x36  Code  Gb  list.o [1]
vListInsertEnd          0x08004161     0x18  Code  Gb  list.o [1]
vPortEnableVFP          0x08004889           Code  Gb  portasm.o [1]
vPortEnterCritical      0x080042bf     0x3a  Code  Gb  port.o [1]
vPortExitCritical       0x080042f9     0x32  Code  Gb  port.o [1]
vPortFree               0x080040bf     0x3a  Code  Gb  heap_2.o [1]
vPortSetupTimerInterrupt
                        0x08004353     0x1a  Code  Wk  port.o [1]
vPortStartFirstTask     0x08004871           Code  Gb  portasm.o [1]
vPortValidateInterruptPriority
                        0x0800436d     0x4a  Code  Gb  port.o [1]
vQueueAddToRegistry     0x08004f23     0x24  Code  Gb  queue.o [1]
vQueueWaitForMessageRestricted
                        0x08004f51     0x4a  Code  Gb  queue.o [1]
vRegTest1Task           0x0800df01           Code  Gb  RegTest.o [1]
vRegTest2Task           0x0800e08b           Code  Gb  RegTest.o [1]
vRegTestClearFlopRegistersToParameterValue
                        0x0800e21d           Code  Gb  RegTest.o [1]
vTaskDelay              0x080036e1     0x4c  Code  Gb  tasks.o [1]
vTaskDelayUntil         0x0800363f     0xa2  Code  Gb  tasks.o [1]
vTaskMissedYield        0x08003c25      0xa  Code  Gb  tasks.o [1]
vTaskPlaceOnEventList   0x08003a77     0x2e  Code  Gb  tasks.o [1]
vTaskPlaceOnEventListRestricted
                        0x08003aa9     0x38  Code  Gb  tasks.o [1]
vTaskPriorityInherit    0x08003dab     0xaa  Code  Gb  tasks.o [1]
vTaskSetTimeOutState    0x08003b79     0x26  Code  Gb  tasks.o [1]
vTaskStartScheduler     0x0800372d     0x6e  Code  Gb  tasks.o [1]
vTaskSuspendAll         0x0800379b     0x10  Code  Gb  tasks.o [1]
vTaskSwitchContext      0x080039d7     0xa0  Code  Gb  tasks.o [1]
vsnprintf               0x0800de5d     0x3c  Code  Gb  vsnprint.o [3]
vsprintf                0x0800de99     0x2c  Code  Gb  vsprintf.o [3]
xActiveTimerList1       0x20017ec8     0x14  Data  Lc  timers.o [1]
xActiveTimerList2       0x20017edc     0x14  Data  Lc  timers.o [1]
xDelayedTaskList1       0x20017e64     0x14  Data  Lc  tasks.o [1]
xDelayedTaskList2       0x20017e78     0x14  Data  Lc  tasks.o [1]
xEnd                    0x20017f18      0x8  Data  Lc  heap_2.o [1]
xFreeBytesRemaining     0x20000000      0x4  Data  Lc  heap_2.o [1]
xIdleTaskHandle         0x20017fc0      0x4  Data  Lc  tasks.o [1]
xNextTaskUnblockTime    0x20017fbc      0x4  Data  Lc  tasks.o [1]
xNumOfOverflows         0x20017fb4      0x4  Data  Lc  tasks.o [1]
xPendingReadyList       0x20017e8c     0x14  Data  Lc  tasks.o [1]
xPortStartScheduler     0x08004227     0x98  Code  Gb  port.o [1]
xQueueGenericCreate     0x08004937     0x4a  Code  Gb  queue.o [1]
xQueueGenericReceive    0x08004c11    0x1be  Code  Gb  queue.o [1]
xQueueGenericReset      0x080048a5     0x92  Code  Gb  queue.o [1]
xQueueGenericSend       0x080049a3    0x196  Code  Gb  queue.o [1]
xQueueGenericSendFromISR
                        0x08004b39     0xd8  Code  Gb  queue.o [1]
xQueueRegistry          0x20017d20     0x40  Data  Gb  queue.o [1]
xSchedulerRunning       0x20017fa8      0x4  Data  Lc  tasks.o [1]
xStart                  0x20017f10      0x8  Data  Lc  heap_2.o [1]
xSuspendedTaskList      0x20017eb4     0x14  Data  Lc  tasks.o [1]
xTaskCheckForTimeOut    0x08003ba5     0x80  Code  Gb  tasks.o [1]
xTaskCreate             0x08003459     0x76  Code  Gb  tasks.o [1]
xTaskGetSchedulerState  0x08003d8b     0x20  Code  Gb  tasks.o [1]
xTaskGetTickCount       0x080038a5      0x8  Code  Gb  tasks.o [1]
xTaskIncrementTick      0x080038ad    0x12a  Code  Gb  tasks.o [1]
xTaskPriorityDisinherit
                        0x08003e55     0xb4  Code  Gb  tasks.o [1]
xTaskRemoveFromEventList
                        0x08003af5     0x82  Code  Gb  tasks.o [1]
xTaskResumeAll          0x080037ab     0xfa  Code  Gb  tasks.o [1]
xTasksWaitingTermination
                        0x20017ea0     0x14  Data  Lc  tasks.o [1]
xTickCount              0x20017fa0      0x4  Data  Lc  tasks.o [1]
xTimerCreateTimerTask   0x080043e9     0x48  Code  Gb  timers.o [1]
xTimerGenericCommand    0x08004431     0x6e  Code  Gb  timers.o [1]
xTimerQueue             0x20017fd0      0x4  Data  Lc  timers.o [1]
xTimerTaskHandle        0x20017fd4      0x4  Data  Lc  timers.o [1]
xYieldPending           0x20017fb0      0x4  Data  Lc  tasks.o [1]


[1] = C:\Users\klasl\Desktop\freertos_dmp2\Flash Debug\Obj
[2] = command line
[3] = dl7M_tlf.a
[4] = libmpllib.a
[5] = m7M_tls.a
[6] = rt7M_tl.a
[7] = shb_l.a

  59 868 bytes of readonly  code memory
   3 915 bytes of readonly  data memory
  98 274 bytes of readwrite data memory

Errors: none
Warnings: 12
